 BELLHOP/BELLHOP3D

 BELLHOP- Deep Ocean Environment ARR Mode                                        
 frequency =   949.8     Hz

 Dummy parameter NMedia =            1

     Spline approximation to SSP
     Attenuation units: dB/mkHz
     VACUUM

 Depth =    5232.00 m

 Sound speed profile:
   z (m)     alphaR (m/s)   betaR  rho (g/cm^3)  alphaI     betaI

      0.00      1495.66      0.00     1.00       0.0000    0.0000
    100.60      1496.10      0.00     1.00       0.0000    0.0000
    201.20      1492.28      0.00     1.00       0.0000    0.0000
    301.80      1492.71      0.00     1.00       0.0000    0.0000
    402.50      1486.87      0.00     1.00       0.0000    0.0000
    503.10      1482.58      0.00     1.00       0.0000    0.0000
    603.70      1483.07      0.00     1.00       0.0000    0.0000
    704.30      1478.14      0.00     1.00       0.0000    0.0000
    804.90      1478.97      0.00     1.00       0.0000    0.0000
    905.50      1474.97      0.00     1.00       0.0000    0.0000
   1006.20      1474.60      0.00     1.00       0.0000    0.0000
   1106.80      1477.46      0.00     1.00       0.0000    0.0000
   1207.40      1478.84      0.00     1.00       0.0000    0.0000
   1308.00      1478.57      0.00     1.00       0.0000    0.0000
   1408.60      1478.71      0.00     1.00       0.0000    0.0000
   1509.20      1479.00      0.00     1.00       0.0000    0.0000
   1609.80      1477.80      0.00     1.00       0.0000    0.0000
   1710.50      1479.51      0.00     1.00       0.0000    0.0000
   1811.10      1480.47      0.00     1.00       0.0000    0.0000
   1911.70      1483.32      0.00     1.00       0.0000    0.0000
   2012.30      1482.82      0.00     1.00       0.0000    0.0000
   2112.90      1480.23      0.00     1.00       0.0000    0.0000
   2213.50      1483.93      0.00     1.00       0.0000    0.0000
   2314.20      1483.44      0.00     1.00       0.0000    0.0000
   2414.80      1483.57      0.00     1.00       0.0000    0.0000
   2515.40      1486.08      0.00     1.00       0.0000    0.0000
   2616.00      1487.28      0.00     1.00       0.0000    0.0000
   2716.60      1487.70      0.00     1.00       0.0000    0.0000
   2817.20      1485.62      0.00     1.00       0.0000    0.0000
   2917.80      1486.98      0.00     1.00       0.0000    0.0000
   3018.50      1488.51      0.00     1.00       0.0000    0.0000
   3119.10      1490.05      0.00     1.00       0.0000    0.0000
   3219.70      1488.44      0.00     1.00       0.0000    0.0000
   3320.30      1489.45      0.00     1.00       0.0000    0.0000
   3420.90      1488.64      0.00     1.00       0.0000    0.0000
   3521.50      1489.08      0.00     1.00       0.0000    0.0000
   3622.10      1492.66      0.00     1.00       0.0000    0.0000
   3722.80      1494.05      0.00     1.00       0.0000    0.0000
   3823.40      1492.48      0.00     1.00       0.0000    0.0000
   3924.00      1494.66      0.00     1.00       0.0000    0.0000
   4024.60      1494.27      0.00     1.00       0.0000    0.0000
   4125.20      1493.33      0.00     1.00       0.0000    0.0000
   4225.80      1495.41      0.00     1.00       0.0000    0.0000
   4326.50      1497.75      0.00     1.00       0.0000    0.0000
   4427.10      1495.96      0.00     1.00       0.0000    0.0000
   4527.70      1498.93      0.00     1.00       0.0000    0.0000
   4628.30      1493.22      0.00     1.00       0.0000    0.0000
   4728.90      1498.96      0.00     1.00       0.0000    0.0000
   4829.50      1498.43      0.00     1.00       0.0000    0.0000
   4930.10      1498.42      0.00     1.00       0.0000    0.0000
   5030.80      1499.58      0.00     1.00       0.0000    0.0000
   5131.40      1497.03      0.00     1.00       0.0000    0.0000
   5232.00      1500.25      0.00     1.00       0.0000    0.0000

                                 ( RMS roughness =   0.00     )
     ACOUSTO-ELASTIC half-space
   5432.00      1600.00      0.00     1.80       0.0000    0.0000

 __________________________________________________________________________

 Number of Source   depths, Sz =            1
 Source   depths, Sz (m)
   94.3000    


 __________________________________________________________________________

 Number of Receiver depths, Rz =           44
 Receiver depths, Rz (m)
   0.00000       141.442       282.884       424.326       565.767    
   707.209       848.651       990.093       1131.53       1272.98    
          ... 
   6082.00    

 Warning in ReadSzRz : Receiver below or too near the bottom bdry has been moved up

 __________________________________________________________________________

 Number of Receiver ranges, Rr =          201
 Receiver ranges, Rr (km)
   0.00000      0.220500      0.441000      0.661500      0.882000    
   1.10250       1.32300       1.54350       1.76400       1.98450    
          ... 
   44.1000    


 Arrivals calculation, ASCII  file output
 Geometric hat beams in Cartesian coordinates
 Point source (cylindrical coordinates)
 Rectilinear receiver grid: Receivers at Rr( : ) x Rz( : )
 __________________________________________________________________________

 Number of beams in elevation   =           30
 Beam take-off angles (degrees)
  -11.6000      -10.8000      -10.0000      -9.20000      -8.40000    
  -7.60000      -6.80000      -6.00000      -5.20000      -4.40000    
          ... 
   11.6000    

 __________________________________________________________________________


 Step length,       deltas =   0.000     m

 Maximum ray depth, Box%z  =   6082.     m
 Maximum ray range, Box%r  =   50.00    km
 No beam shift in effect


 Step length,       deltas =   523.2     m (automatically selected)

 ( Maximum # of arrivals =         2261 )

Tracing beam       1    -11.60

 Geometric hat beams                     
 halfwidth  =    35.915712828694097     
 epsilonOpt =  (  0.0000000000000000     ,  3849027.5423005531     )
 EpsMult    =    1.0000000000000000     

Tracing beam       2    -10.80
Tracing beam       3    -10.00
Tracing beam       4     -9.20
Tracing beam       5     -8.40
Tracing beam       6     -7.60
Tracing beam       7     -6.80
Tracing beam       8     -6.00
Tracing beam       9     -5.20
Tracing beam      10     -4.40
Tracing beam      11     -3.60
Tracing beam      12     -2.80
Tracing beam      13     -2.00
Tracing beam      14     -1.20
Tracing beam      15     -0.40
Tracing beam      16      0.40
Tracing beam      17      1.20
Tracing beam      18      2.00
Tracing beam      19      2.80
Tracing beam      20      3.60
Tracing beam      21      4.40
Tracing beam      22      5.20
Tracing beam      23      6.00
Tracing beam      24      6.80
Tracing beam      25      7.60
Tracing beam      26      8.40
Tracing beam      27      9.20
Tracing beam      28     10.00
Tracing beam      29     10.80
Tracing beam      30     11.60

 CPU Time =       0.469E-01s
