 BELLHOP/BELLHOP3D

 BELLHOP- Deep Ocean Environment SHD Mode                                        
 frequency =   949.8     Hz

 Dummy parameter NMedia =            1

     Spline approximation to SSP
     Attenuation units: dB/mkHz
     VACUUM

 Depth =    5232.00 m

 Sound speed profile:
   z (m)     alphaR (m/s)   betaR  rho (g/cm^3)  alphaI     betaI

      0.00      1495.66      0.00     1.00       0.0000    0.0000
    100.60      1496.10      0.00     1.00       0.0000    0.0000
    201.20      1492.28      0.00     1.00       0.0000    0.0000
    301.80      1492.71      0.00     1.00       0.0000    0.0000
    402.50      1486.87      0.00     1.00       0.0000    0.0000
    503.10      1482.58      0.00     1.00       0.0000    0.0000
    603.70      1483.07      0.00     1.00       0.0000    0.0000
    704.30      1478.14      0.00     1.00       0.0000    0.0000
    804.90      1478.97      0.00     1.00       0.0000    0.0000
    905.50      1474.97      0.00     1.00       0.0000    0.0000
   1006.20      1474.60      0.00     1.00       0.0000    0.0000
   1106.80      1477.46      0.00     1.00       0.0000    0.0000
   1207.40      1478.84      0.00     1.00       0.0000    0.0000
   1308.00      1478.57      0.00     1.00       0.0000    0.0000
   1408.60      1478.71      0.00     1.00       0.0000    0.0000
   1509.20      1479.00      0.00     1.00       0.0000    0.0000
   1609.80      1477.80      0.00     1.00       0.0000    0.0000
   1710.50      1479.51      0.00     1.00       0.0000    0.0000
   1811.10      1480.47      0.00     1.00       0.0000    0.0000
   1911.70      1483.32      0.00     1.00       0.0000    0.0000
   2012.30      1482.82      0.00     1.00       0.0000    0.0000
   2112.90      1480.23      0.00     1.00       0.0000    0.0000
   2213.50      1483.93      0.00     1.00       0.0000    0.0000
   2314.20      1483.44      0.00     1.00       0.0000    0.0000
   2414.80      1483.57      0.00     1.00       0.0000    0.0000
   2515.40      1486.08      0.00     1.00       0.0000    0.0000
   2616.00      1487.28      0.00     1.00       0.0000    0.0000
   2716.60      1487.70      0.00     1.00       0.0000    0.0000
   2817.20      1485.62      0.00     1.00       0.0000    0.0000
   2917.80      1486.98      0.00     1.00       0.0000    0.0000
   3018.50      1488.51      0.00     1.00       0.0000    0.0000
   3119.10      1490.05      0.00     1.00       0.0000    0.0000
   3219.70      1488.44      0.00     1.00       0.0000    0.0000
   3320.30      1489.45      0.00     1.00       0.0000    0.0000
   3420.90      1488.64      0.00     1.00       0.0000    0.0000
   3521.50      1489.08      0.00     1.00       0.0000    0.0000
   3622.10      1492.66      0.00     1.00       0.0000    0.0000
   3722.80      1494.05      0.00     1.00       0.0000    0.0000
   3823.40      1492.48      0.00     1.00       0.0000    0.0000
   3924.00      1494.66      0.00     1.00       0.0000    0.0000
   4024.60      1494.27      0.00     1.00       0.0000    0.0000
   4125.20      1493.33      0.00     1.00       0.0000    0.0000
   4225.80      1495.41      0.00     1.00       0.0000    0.0000
   4326.50      1497.75      0.00     1.00       0.0000    0.0000
   4427.10      1495.96      0.00     1.00       0.0000    0.0000
   4527.70      1498.93      0.00     1.00       0.0000    0.0000
   4628.30      1493.22      0.00     1.00       0.0000    0.0000
   4728.90      1498.96      0.00     1.00       0.0000    0.0000
   4829.50      1498.43      0.00     1.00       0.0000    0.0000
   4930.10      1498.42      0.00     1.00       0.0000    0.0000
   5030.80      1499.58      0.00     1.00       0.0000    0.0000
   5131.40      1497.03      0.00     1.00       0.0000    0.0000
   5232.00      1500.25      0.00     1.00       0.0000    0.0000

                                 ( RMS roughness =   0.00     )
     ACOUSTO-ELASTIC half-space
   5432.00      1600.00      0.00     1.80       0.0000    0.0000

 __________________________________________________________________________

 Number of Source   depths, Sz =            1
 Source   depths, Sz (m)
   195.800    


 __________________________________________________________________________

 Number of Receiver depths, Rz =           83
 Receiver depths, Rz (m)
   0.00000       74.1707       148.341       222.512       296.683    
   370.854       445.024       519.195       593.366       667.537    
          ... 
   6082.00    

 Warning in ReadSzRz : Receiver below or too near the bottom bdry has been moved up

 __________________________________________________________________________

 Number of Receiver ranges, Rr =          201
 Receiver ranges, Rr (km)
   0.00000      0.294500      0.589000      0.883500       1.17800    
   1.47250       1.76700       2.06150       2.35600       2.65050    
          ... 
   58.9000    


 Coherent TL calculation
 Geometric hat beams in Cartesian coordinates
 Point source (cylindrical coordinates)
 Rectilinear receiver grid: Receivers at Rr( : ) x Rz( : )
 __________________________________________________________________________

 Number of beams in elevation   =        11188
 Beam take-off angles (degrees)
  -70.8000      -70.7870      -70.7739      -70.7609      -70.7479    
  -70.7348      -70.7218      -70.7088      -70.6957      -70.6827    
          ... 
   75.0000    

 __________________________________________________________________________


 Step length,       deltas =   0.000     m

 Maximum ray depth, Box%z  =   6082.     m
 Maximum ray range, Box%r  =   50.00    km
 No beam shift in effect


 Step length,       deltas =   523.2     m (automatically selected)

Tracing beam       1    -70.80

 Geometric hat beams                     
 halfwidth  =    2198.7038380090353     
 epsilonOpt =  (  0.0000000000000000     ,  14424989541.629427     )
 EpsMult    =    1.0000000000000000     

Tracing beam     224    -67.89
Tracing beam     447    -64.99
Tracing beam     670    -62.08
Tracing beam     893    -59.17
Tracing beam    1116    -56.27
Tracing beam    1339    -53.36
Tracing beam    1562    -50.46
Tracing beam    1785    -47.55
Tracing beam    2008    -44.64
Tracing beam    2231    -41.74
Tracing beam    2454    -38.83
Tracing beam    2677    -35.92
Tracing beam    2900    -33.02
Tracing beam    3123    -30.11
Tracing beam    3346    -27.20
Tracing beam    3569    -24.30
Tracing beam    3792    -21.39
Tracing beam    4015    -18.49
Tracing beam    4238    -15.58
Tracing beam    4461    -12.67
Tracing beam    4684     -9.77
Tracing beam    4907     -6.86
Tracing beam    5130     -3.95
Tracing beam    5353     -1.05
Tracing beam    5576      1.86
Tracing beam    5799      4.77
Tracing beam    6022      7.67
Tracing beam    6245     10.58
Tracing beam    6468     13.48
Tracing beam    6691     16.39
Tracing beam    6914     19.30
Tracing beam    7137     22.20
Tracing beam    7360     25.11
Tracing beam    7583     28.02
Tracing beam    7806     30.92
Tracing beam    8029     33.83
Tracing beam    8252     36.74
Tracing beam    8475     39.64
Tracing beam    8698     42.55
Tracing beam    8921     45.45
Tracing beam    9144     48.36
Tracing beam    9367     51.27
Tracing beam    9590     54.17
Tracing beam    9813     57.08
Tracing beam   10036     59.99
Tracing beam   10259     62.89
Tracing beam   10482     65.80
Tracing beam   10705     68.71
Tracing beam   10928     71.61
Tracing beam   11151     74.52

 CPU Time =        1.50    s
