 BELLHOP/BELLHOP3D

 BELLHOP- Deep Ocean Environment RAY Mode                                        
 frequency =   949.8     Hz

 Dummy parameter NMedia =            1

     Spline approximation to SSP
     Attenuation units: dB/mkHz
     VACUUM

 Depth =    5232.00 m

 Sound speed profile:
   z (m)     alphaR (m/s)   betaR  rho (g/cm^3)  alphaI     betaI

      0.00      1495.66      0.00     1.00       0.0000    0.0000
    100.60      1496.10      0.00     1.00       0.0000    0.0000
    201.20      1492.28      0.00     1.00       0.0000    0.0000
    301.80      1492.71      0.00     1.00       0.0000    0.0000
    402.50      1486.87      0.00     1.00       0.0000    0.0000
    503.10      1482.58      0.00     1.00       0.0000    0.0000
    603.70      1483.07      0.00     1.00       0.0000    0.0000
    704.30      1478.14      0.00     1.00       0.0000    0.0000
    804.90      1478.97      0.00     1.00       0.0000    0.0000
    905.50      1474.97      0.00     1.00       0.0000    0.0000
   1006.20      1474.60      0.00     1.00       0.0000    0.0000
   1106.80      1477.46      0.00     1.00       0.0000    0.0000
   1207.40      1478.84      0.00     1.00       0.0000    0.0000
   1308.00      1478.57      0.00     1.00       0.0000    0.0000
   1408.60      1478.71      0.00     1.00       0.0000    0.0000
   1509.20      1479.00      0.00     1.00       0.0000    0.0000
   1609.80      1477.80      0.00     1.00       0.0000    0.0000
   1710.50      1479.51      0.00     1.00       0.0000    0.0000
   1811.10      1480.47      0.00     1.00       0.0000    0.0000
   1911.70      1483.32      0.00     1.00       0.0000    0.0000
   2012.30      1482.82      0.00     1.00       0.0000    0.0000
   2112.90      1480.23      0.00     1.00       0.0000    0.0000
   2213.50      1483.93      0.00     1.00       0.0000    0.0000
   2314.20      1483.44      0.00     1.00       0.0000    0.0000
   2414.80      1483.57      0.00     1.00       0.0000    0.0000
   2515.40      1486.08      0.00     1.00       0.0000    0.0000
   2616.00      1487.28      0.00     1.00       0.0000    0.0000
   2716.60      1487.70      0.00     1.00       0.0000    0.0000
   2817.20      1485.62      0.00     1.00       0.0000    0.0000
   2917.80      1486.98      0.00     1.00       0.0000    0.0000
   3018.50      1488.51      0.00     1.00       0.0000    0.0000
   3119.10      1490.05      0.00     1.00       0.0000    0.0000
   3219.70      1488.44      0.00     1.00       0.0000    0.0000
   3320.30      1489.45      0.00     1.00       0.0000    0.0000
   3420.90      1488.64      0.00     1.00       0.0000    0.0000
   3521.50      1489.08      0.00     1.00       0.0000    0.0000
   3622.10      1492.66      0.00     1.00       0.0000    0.0000
   3722.80      1494.05      0.00     1.00       0.0000    0.0000
   3823.40      1492.48      0.00     1.00       0.0000    0.0000
   3924.00      1494.66      0.00     1.00       0.0000    0.0000
   4024.60      1494.27      0.00     1.00       0.0000    0.0000
   4125.20      1493.33      0.00     1.00       0.0000    0.0000
   4225.80      1495.41      0.00     1.00       0.0000    0.0000
   4326.50      1497.75      0.00     1.00       0.0000    0.0000
   4427.10      1495.96      0.00     1.00       0.0000    0.0000
   4527.70      1498.93      0.00     1.00       0.0000    0.0000
   4628.30      1493.22      0.00     1.00       0.0000    0.0000
   4728.90      1498.96      0.00     1.00       0.0000    0.0000
   4829.50      1498.43      0.00     1.00       0.0000    0.0000
   4930.10      1498.42      0.00     1.00       0.0000    0.0000
   5030.80      1499.58      0.00     1.00       0.0000    0.0000
   5131.40      1497.03      0.00     1.00       0.0000    0.0000
   5232.00      1500.25      0.00     1.00       0.0000    0.0000

                                 ( RMS roughness =   0.00     )
     ACOUSTO-ELASTIC half-space
   5432.00      1600.00      0.00     1.80       0.0000    0.0000

 __________________________________________________________________________

 Number of Source   depths, Sz =            2
 Source   depths, Sz (m)
   31.9000       167.900    


 __________________________________________________________________________

 Number of Receiver depths, Rz =           49
 Receiver depths, Rz (m)
   0.00000       126.708       253.417       380.125       506.833    
   633.542       760.250       886.958       1013.67       1140.38    
          ... 
   6082.00    

 Warning in ReadSzRz : Receiver below or too near the bottom bdry has been moved up

 __________________________________________________________________________

 Number of Receiver ranges, Rr =          201
 Receiver ranges, Rr (km)
   0.00000      0.286000      0.572000      0.858000       1.14400    
   1.43000       1.71600       2.00200       2.28800       2.57400    
          ... 
   57.2000    


 Ray trace run
 Geometric hat beams in Cartesian coordinates
 Point source (cylindrical coordinates)
 Rectilinear receiver grid: Receivers at Rr( : ) x Rz( : )
 __________________________________________________________________________

 Number of beams in elevation   =           32
 Beam take-off angles (degrees)
  -16.3000      -15.2484      -14.1968      -13.1452      -12.0935    
  -11.0419      -9.99032      -8.93871      -7.88710      -6.83548    
          ... 
   16.3000    

 __________________________________________________________________________


 Step length,       deltas =   0.000     m

 Maximum ray depth, Box%z  =   6082.     m
 Maximum ray range, Box%r  =   50.00    km
 No beam shift in effect


 Step length,       deltas =   523.2     m (automatically selected)

Tracing beam       1    -16.30
Tracing beam       2    -15.25
Tracing beam       3    -14.20
Tracing beam       4    -13.15
Tracing beam       5    -12.09
Tracing beam       6    -11.04
Tracing beam       7     -9.99
Tracing beam       8     -8.94
Tracing beam       9     -7.89
Tracing beam      10     -6.84
Tracing beam      11     -5.78
Tracing beam      12     -4.73
Tracing beam      13     -3.68
Tracing beam      14     -2.63
Tracing beam      15     -1.58
Tracing beam      16     -0.53
Tracing beam      17      0.53
Tracing beam      18      1.58
Tracing beam      19      2.63
Tracing beam      20      3.68
Tracing beam      21      4.73
Tracing beam      22      5.78
Tracing beam      23      6.84
Tracing beam      24      7.89
Tracing beam      25      8.94
Tracing beam      26      9.99
Tracing beam      27     11.04
Tracing beam      28     12.09
Tracing beam      29     13.15
Tracing beam      30     14.20
Tracing beam      31     15.25
Tracing beam      32     16.30
Tracing beam       1    -16.30
Tracing beam       2    -15.25
Tracing beam       3    -14.20
Tracing beam       4    -13.15
Tracing beam       5    -12.09
Tracing beam       6    -11.04
Tracing beam       7     -9.99
Tracing beam       8     -8.94
Tracing beam       9     -7.89
Tracing beam      10     -6.84
Tracing beam      11     -5.78
Tracing beam      12     -4.73
Tracing beam      13     -3.68
Tracing beam      14     -2.63
Tracing beam      15     -1.58
Tracing beam      16     -0.53
Tracing beam      17      0.53
Tracing beam      18      1.58
Tracing beam      19      2.63
Tracing beam      20      3.68
Tracing beam      21      4.73
Tracing beam      22      5.78
Tracing beam      23      6.84
Tracing beam      24      7.89
Tracing beam      25      8.94
Tracing beam      26      9.99
Tracing beam      27     11.04
Tracing beam      28     12.09
Tracing beam      29     13.15
Tracing beam      30     14.20
Tracing beam      31     15.25
Tracing beam      32     16.30

 CPU Time =       0.156E-01s
