 BELLHOP/BELLHOP3D

 BELLHOP- Shallow Water Environment ARR Mode                                     
 frequency =   1997.     Hz

 Dummy parameter NMedia =            1

     Spline approximation to SSP
     Attenuation units: dB/mkHz
     VACUUM

 Depth =     406.60 m

 Sound speed profile:
   z (m)     alphaR (m/s)   betaR  rho (g/cm^3)  alphaI     betaI

      0.00      1506.88      0.00     1.00       0.0000    0.0000
     16.90      1503.90      0.00     1.00       0.0000    0.0000
     33.90      1505.36      0.00     1.00       0.0000    0.0000
     50.80      1502.42      0.00     1.00       0.0000    0.0000
     67.80      1505.28      0.00     1.00       0.0000    0.0000
     84.70      1500.93      0.00     1.00       0.0000    0.0000
    101.70      1505.80      0.00     1.00       0.0000    0.0000
    118.60      1506.88      0.00     1.00       0.0000    0.0000
    135.50      1503.19      0.00     1.00       0.0000    0.0000
    152.50      1504.75      0.00     1.00       0.0000    0.0000
    169.40      1505.75      0.00     1.00       0.0000    0.0000
    186.40      1500.76      0.00     1.00       0.0000    0.0000
    203.30      1502.83      0.00     1.00       0.0000    0.0000
    220.20      1502.32      0.00     1.00       0.0000    0.0000
    237.20      1502.50      0.00     1.00       0.0000    0.0000
    254.10      1498.86      0.00     1.00       0.0000    0.0000
    271.10      1498.14      0.00     1.00       0.0000    0.0000
    288.00      1500.30      0.00     1.00       0.0000    0.0000
    305.00      1499.37      0.00     1.00       0.0000    0.0000
    321.90      1498.72      0.00     1.00       0.0000    0.0000
    338.80      1498.28      0.00     1.00       0.0000    0.0000
    355.80      1496.17      0.00     1.00       0.0000    0.0000
    372.70      1496.98      0.00     1.00       0.0000    0.0000
    389.70      1496.51      0.00     1.00       0.0000    0.0000
    406.60      1494.46      0.00     1.00       0.0000    0.0000

                                 ( RMS roughness =   0.00     )
     ACOUSTO-ELASTIC half-space
    606.60      1600.00      0.00     1.80       0.0000    0.0000

 __________________________________________________________________________

 Number of Source   depths, Sz =            1
 Source   depths, Sz (m)
   124.100    


 __________________________________________________________________________

 Number of Receiver depths, Rz =           47
 Receiver depths, Rz (m)
   0.00000       27.3174       54.6348       81.9522       109.270    
   136.587       163.904       191.222       218.539       245.857    
          ... 
   1256.60    

 Warning in ReadSzRz : Receiver below or too near the bottom bdry has been moved up

 __________________________________________________________________________

 Number of Receiver ranges, Rr =          201
 Receiver ranges, Rr (km)
   0.00000      0.255000      0.510000      0.765000       1.02000    
   1.27500       1.53000       1.78500       2.04000       2.29500    
          ... 
   51.0000    


 Arrivals calculation, ASCII  file output
 Geometric hat beams in Cartesian coordinates
 Point source (cylindrical coordinates)
 Rectilinear receiver grid: Receivers at Rr( : ) x Rz( : )
 __________________________________________________________________________

 Number of beams in elevation   =           33
 Beam take-off angles (degrees)
  -12.7000      -11.9062      -11.1125      -10.3187      -9.52500    
  -8.73125      -7.93750      -7.14375      -6.35000      -5.55625    
          ... 
   12.7000    

 __________________________________________________________________________


 Step length,       deltas =   0.000     m

 Maximum ray depth, Box%z  =   1257.     m
 Maximum ray range, Box%r  =   50.00    km
 No beam shift in effect


 Step length,       deltas =   40.66     m (automatically selected)

 ( Maximum # of arrivals =         2117 )

Tracing beam       1    -12.70

 Geometric hat beams                     
 halfwidth  =    17.321827975870910     
 epsilonOpt =  (  0.0000000000000000     ,  1882603.5471513213     )
 EpsMult    =    1.0000000000000000     

Tracing beam       2    -11.91
Tracing beam       3    -11.11
Tracing beam       4    -10.32
Tracing beam       5     -9.52
Tracing beam       6     -8.73
Tracing beam       7     -7.94
Tracing beam       8     -7.14
Tracing beam       9     -6.35
Tracing beam      10     -5.56
Tracing beam      11     -4.76
Tracing beam      12     -3.97
Tracing beam      13     -3.18
Tracing beam      14     -2.38
Tracing beam      15     -1.59
Tracing beam      16     -0.79
Tracing beam      17      0.00
Tracing beam      18      0.79
Tracing beam      19      1.59
Tracing beam      20      2.38
Tracing beam      21      3.18
Tracing beam      22      3.97
Tracing beam      23      4.76
Tracing beam      24      5.56
Tracing beam      25      6.35
Tracing beam      26      7.14
Tracing beam      27      7.94
Tracing beam      28      8.73
Tracing beam      29      9.52
Tracing beam      30     10.32
Tracing beam      31     11.11
Tracing beam      32     11.91
Tracing beam      33     12.70

 CPU Time =       0.438    s
