 BELLHOP/BELLHOP3D

 BELLHOP- Shallow Water Environment RAY Mode                                     
 frequency =   1997.     Hz

 Dummy parameter NMedia =            1

     Spline approximation to SSP
     Attenuation units: dB/mkHz
     VACUUM

 Depth =     406.60 m

 Sound speed profile:
   z (m)     alphaR (m/s)   betaR  rho (g/cm^3)  alphaI     betaI

      0.00      1506.88      0.00     1.00       0.0000    0.0000
     16.90      1503.90      0.00     1.00       0.0000    0.0000
     33.90      1505.36      0.00     1.00       0.0000    0.0000
     50.80      1502.42      0.00     1.00       0.0000    0.0000
     67.80      1505.28      0.00     1.00       0.0000    0.0000
     84.70      1500.93      0.00     1.00       0.0000    0.0000
    101.70      1505.80      0.00     1.00       0.0000    0.0000
    118.60      1506.88      0.00     1.00       0.0000    0.0000
    135.50      1503.19      0.00     1.00       0.0000    0.0000
    152.50      1504.75      0.00     1.00       0.0000    0.0000
    169.40      1505.75      0.00     1.00       0.0000    0.0000
    186.40      1500.76      0.00     1.00       0.0000    0.0000
    203.30      1502.83      0.00     1.00       0.0000    0.0000
    220.20      1502.32      0.00     1.00       0.0000    0.0000
    237.20      1502.50      0.00     1.00       0.0000    0.0000
    254.10      1498.86      0.00     1.00       0.0000    0.0000
    271.10      1498.14      0.00     1.00       0.0000    0.0000
    288.00      1500.30      0.00     1.00       0.0000    0.0000
    305.00      1499.37      0.00     1.00       0.0000    0.0000
    321.90      1498.72      0.00     1.00       0.0000    0.0000
    338.80      1498.28      0.00     1.00       0.0000    0.0000
    355.80      1496.17      0.00     1.00       0.0000    0.0000
    372.70      1496.98      0.00     1.00       0.0000    0.0000
    389.70      1496.51      0.00     1.00       0.0000    0.0000
    406.60      1494.46      0.00     1.00       0.0000    0.0000

                                 ( RMS roughness =   0.00     )
     ACOUSTO-ELASTIC half-space
    606.60      1600.00      0.00     1.80       0.0000    0.0000

 __________________________________________________________________________

 Number of Source   depths, Sz =            2
 Source   depths, Sz (m)
   161.400       274.600    


 __________________________________________________________________________

 Number of Receiver depths, Rz =           43
 Receiver depths, Rz (m)
   0.00000       29.9190       59.8381       89.7571       119.676    
   149.595       179.514       209.433       239.352       269.271    
          ... 
   1256.60    

 Warning in ReadSzRz : Receiver below or too near the bottom bdry has been moved up

 __________________________________________________________________________

 Number of Receiver ranges, Rr =          201
 Receiver ranges, Rr (km)
   0.00000      0.298000      0.596000      0.894000       1.19200    
   1.49000       1.78800       2.08600       2.38400       2.68200    
          ... 
   59.6000    


 Ray trace run
 Geometric hat beams in Cartesian coordinates
 Point source (cylindrical coordinates)
 Rectilinear receiver grid: Receivers at Rr( : ) x Rz( : )
 __________________________________________________________________________

 Number of beams in elevation   =           25
 Beam take-off angles (degrees)
  -16.5000      -15.1250      -13.7500      -12.3750      -11.0000    
  -9.62500      -8.25000      -6.87500      -5.50000      -4.12500    
          ... 
   16.5000    

 __________________________________________________________________________


 Step length,       deltas =   0.000     m

 Maximum ray depth, Box%z  =   1257.     m
 Maximum ray range, Box%r  =   50.00    km
 No beam shift in effect


 Step length,       deltas =   40.66     m (automatically selected)

Tracing beam       1    -16.50
Tracing beam       2    -15.12
Tracing beam       3    -13.75
Tracing beam       4    -12.38
Tracing beam       5    -11.00
Tracing beam       6     -9.62
Tracing beam       7     -8.25
Tracing beam       8     -6.88
Tracing beam       9     -5.50
Tracing beam      10     -4.12
Tracing beam      11     -2.75
Tracing beam      12     -1.38
Tracing beam      13      0.00
Tracing beam      14      1.38
Tracing beam      15      2.75
Tracing beam      16      4.12
Tracing beam      17      5.50
Tracing beam      18      6.88
Tracing beam      19      8.25
Tracing beam      20      9.62
Tracing beam      21     11.00
Tracing beam      22     12.38
Tracing beam      23     13.75
Tracing beam      24     15.12
Tracing beam      25     16.50
Tracing beam       1    -16.50
Tracing beam       2    -15.12
Tracing beam       3    -13.75
Tracing beam       4    -12.38
Tracing beam       5    -11.00
Tracing beam       6     -9.62
Tracing beam       7     -8.25
Tracing beam       8     -6.88
Tracing beam       9     -5.50
Tracing beam      10     -4.12
Tracing beam      11     -2.75
Tracing beam      12     -1.38
Tracing beam      13      0.00
Tracing beam      14      1.38
Tracing beam      15      2.75
Tracing beam      16      4.12
Tracing beam      17      5.50
Tracing beam      18      6.88
Tracing beam      19      8.25
Tracing beam      20      9.62
Tracing beam      21     11.00
Tracing beam      22     12.38
Tracing beam      23     13.75
Tracing beam      24     15.12
Tracing beam      25     16.50

 CPU Time =       0.141    s
