 BELLHOP/BELLHOP3D

 BELLHOP- Tropical Ocean Environment ARR Mode                                    
 frequency =   1368.     Hz

 Dummy parameter NMedia =            1

     Spline approximation to SSP
     Attenuation units: dB/mkHz
     VACUUM

 Depth =    2907.40 m

 Sound speed profile:
   z (m)     alphaR (m/s)   betaR  rho (g/cm^3)  alphaI     betaI

      0.00      1512.47      0.00     1.00       0.0000    0.0000
     80.80      1513.44      0.00     1.00       0.0000    0.0000
    161.50      1510.36      0.00     1.00       0.0000    0.0000
    242.30      1508.37      0.00     1.00       0.0000    0.0000
    323.00      1505.36      0.00     1.00       0.0000    0.0000
    403.80      1502.32      0.00     1.00       0.0000    0.0000
    484.60      1498.48      0.00     1.00       0.0000    0.0000
    565.30      1497.96      0.00     1.00       0.0000    0.0000
    646.10      1493.81      0.00     1.00       0.0000    0.0000
    726.80      1493.08      0.00     1.00       0.0000    0.0000
    807.60      1491.53      0.00     1.00       0.0000    0.0000
    888.40      1491.58      0.00     1.00       0.0000    0.0000
    969.10      1494.52      0.00     1.00       0.0000    0.0000
   1049.90      1478.52      0.00     1.00       0.0000    0.0000
   1130.70      1483.57      0.00     1.00       0.0000    0.0000
   1211.40      1481.34      0.00     1.00       0.0000    0.0000
   1292.20      1484.27      0.00     1.00       0.0000    0.0000
   1372.90      1487.83      0.00     1.00       0.0000    0.0000
   1453.70      1487.51      0.00     1.00       0.0000    0.0000
   1534.50      1487.02      0.00     1.00       0.0000    0.0000
   1615.20      1488.78      0.00     1.00       0.0000    0.0000
   1696.00      1492.09      0.00     1.00       0.0000    0.0000
   1776.70      1491.20      0.00     1.00       0.0000    0.0000
   1857.50      1493.84      0.00     1.00       0.0000    0.0000
   1938.30      1494.80      0.00     1.00       0.0000    0.0000
   2019.00      1494.97      0.00     1.00       0.0000    0.0000
   2099.80      1500.39      0.00     1.00       0.0000    0.0000
   2180.50      1499.34      0.00     1.00       0.0000    0.0000
   2261.30      1496.57      0.00     1.00       0.0000    0.0000
   2342.10      1501.11      0.00     1.00       0.0000    0.0000
   2422.80      1501.05      0.00     1.00       0.0000    0.0000
   2503.60      1504.54      0.00     1.00       0.0000    0.0000
   2584.30      1503.30      0.00     1.00       0.0000    0.0000
   2665.10      1505.53      0.00     1.00       0.0000    0.0000
   2745.90      1507.68      0.00     1.00       0.0000    0.0000
   2826.60      1509.44      0.00     1.00       0.0000    0.0000
   2907.40      1507.56      0.00     1.00       0.0000    0.0000

                                 ( RMS roughness =   0.00     )
     ACOUSTO-ELASTIC half-space
   3107.40      1600.00      0.00     1.80       0.0000    0.0000

 __________________________________________________________________________

 Number of Source   depths, Sz =            1
 Source   depths, Sz (m)
   148.600    


 __________________________________________________________________________

 Number of Receiver depths, Rz =           44
 Receiver depths, Rz (m)
   0.00000       87.3814       174.763       262.144       349.526    
   436.907       524.288       611.670       699.051       786.433    
          ... 
   3757.40    

 Warning in ReadSzRz : Receiver below or too near the bottom bdry has been moved up

 __________________________________________________________________________

 Number of Receiver ranges, Rr =          201
 Receiver ranges, Rr (km)
   0.00000      0.224000      0.448000      0.672000      0.896000    
   1.12000       1.34400       1.56800       1.79200       2.01600    
          ... 
   44.8000    


 Arrivals calculation, ASCII  file output
 Geometric hat beams in Cartesian coordinates
 Point source (cylindrical coordinates)
 Rectilinear receiver grid: Receivers at Rr( : ) x Rz( : )
 __________________________________________________________________________

 Number of beams in elevation   =           21
 Beam take-off angles (degrees)
  -16.5000      -14.8500      -13.2000      -11.5500      -9.90000    
  -8.25000      -6.60000      -4.95000      -3.30000      -1.65000    
          ... 
   16.5000    

 __________________________________________________________________________


 Step length,       deltas =   0.000     m

 Maximum ray depth, Box%z  =   3757.     m
 Maximum ray range, Box%r  =   50.00    km
 No beam shift in effect


 Step length,       deltas =   290.7     m (automatically selected)

 ( Maximum # of arrivals =         2261 )

Tracing beam       1    -16.50

 Geometric hat beams                     
 halfwidth  =    12.209858842382690     
 epsilonOpt =  (  0.0000000000000000     ,  640563.23064760736     )
 EpsMult    =    1.0000000000000000     

Tracing beam       2    -14.85
Tracing beam       3    -13.20
Tracing beam       4    -11.55
Tracing beam       5     -9.90
Tracing beam       6     -8.25
Tracing beam       7     -6.60
Tracing beam       8     -4.95
Tracing beam       9     -3.30
Tracing beam      10     -1.65
Tracing beam      11      0.00
Tracing beam      12      1.65
Tracing beam      13      3.30
Tracing beam      14      4.95
Tracing beam      15      6.60
Tracing beam      16      8.25
Tracing beam      17      9.90
Tracing beam      18     11.55
Tracing beam      19     13.20
Tracing beam      20     14.85
Tracing beam      21     16.50

 CPU Time =       0.781E-01s
