 BELLHOP/BELLHOP3D

 BELLHOP- Continental Shelf Environment SHD Mode                                 
 frequency =   1007.     Hz

 Dummy parameter NMedia =            1

     Spline approximation to SSP
     Attenuation units: dB/mkHz
     VACUUM

 Depth =    1039.10 m

 Sound speed profile:
   z (m)     alphaR (m/s)   betaR  rho (g/cm^3)  alphaI     betaI

      0.00      1499.22      0.00     1.00       0.0000    0.0000
     32.50      1498.39      0.00     1.00       0.0000    0.0000
     64.90      1496.08      0.00     1.00       0.0000    0.0000
     97.40      1494.90      0.00     1.00       0.0000    0.0000
    129.90      1498.05      0.00     1.00       0.0000    0.0000
    162.40      1498.68      0.00     1.00       0.0000    0.0000
    194.80      1495.27      0.00     1.00       0.0000    0.0000
    227.30      1493.66      0.00     1.00       0.0000    0.0000
    259.80      1493.71      0.00     1.00       0.0000    0.0000
    292.20      1492.24      0.00     1.00       0.0000    0.0000
    324.70      1490.33      0.00     1.00       0.0000    0.0000
    357.20      1490.79      0.00     1.00       0.0000    0.0000
    389.70      1487.74      0.00     1.00       0.0000    0.0000
    422.10      1491.81      0.00     1.00       0.0000    0.0000
    454.60      1486.00      0.00     1.00       0.0000    0.0000
    487.10      1486.33      0.00     1.00       0.0000    0.0000
    519.50      1485.80      0.00     1.00       0.0000    0.0000
    552.00      1488.07      0.00     1.00       0.0000    0.0000
    584.50      1482.14      0.00     1.00       0.0000    0.0000
    617.00      1484.19      0.00     1.00       0.0000    0.0000
    649.40      1484.82      0.00     1.00       0.0000    0.0000
    681.90      1482.14      0.00     1.00       0.0000    0.0000
    714.40      1480.24      0.00     1.00       0.0000    0.0000
    746.80      1481.28      0.00     1.00       0.0000    0.0000
    779.30      1483.25      0.00     1.00       0.0000    0.0000
    811.80      1479.60      0.00     1.00       0.0000    0.0000
    844.30      1482.31      0.00     1.00       0.0000    0.0000
    876.70      1480.23      0.00     1.00       0.0000    0.0000
    909.20      1481.45      0.00     1.00       0.0000    0.0000
    941.70      1479.74      0.00     1.00       0.0000    0.0000
    974.10      1478.57      0.00     1.00       0.0000    0.0000
   1006.60      1494.71      0.00     1.00       0.0000    0.0000
   1039.10      1497.30      0.00     1.00       0.0000    0.0000

                                 ( RMS roughness =   0.00     )
     ACOUSTO-ELASTIC half-space
   1239.10      1600.00      0.00     1.80       0.0000    0.0000

 __________________________________________________________________________

 Number of Source   depths, Sz =            1
 Source   depths, Sz (m)
   197.100    


 __________________________________________________________________________

 Number of Receiver depths, Rz =           73
 Receiver depths, Rz (m)
   0.00000       26.2375       52.4750       78.7125       104.950    
   131.188       157.425       183.662       209.900       236.137    
          ... 
   1889.10    

 Warning in ReadSzRz : Receiver below or too near the bottom bdry has been moved up

 __________________________________________________________________________

 Number of Receiver ranges, Rr =          201
 Receiver ranges, Rr (km)
   0.00000      0.270500      0.541000      0.811500       1.08200    
   1.35250       1.62300       1.89350       2.16400       2.43450    
          ... 
   54.1000    


 Coherent TL calculation
 Geometric hat beams in Cartesian coordinates
 Point source (cylindrical coordinates)
 Rectilinear receiver grid: Receivers at Rr( : ) x Rz( : )
 __________________________________________________________________________

 Number of beams in elevation   =        10893
 Beam take-off angles (degrees)
  -77.8000      -77.7853      -77.7705      -77.7558      -77.7411    
  -77.7263      -77.7116      -77.6969      -77.6821      -77.6674    
          ... 
   82.7000    

 __________________________________________________________________________


 Step length,       deltas =   0.000     m

 Maximum ray depth, Box%z  =   1889.     m
 Maximum ray range, Box%r  =   50.00    km
 No beam shift in effect


 Step length,       deltas =   103.9     m (automatically selected)

Tracing beam       1    -77.80

 Geometric hat beams                     
 halfwidth  =    1837.8868694886376     
 epsilonOpt =  (  0.0000000000000000     ,  10683920054.124271     )
 EpsMult    =    1.0000000000000000     

Tracing beam     218    -74.60
Tracing beam     435    -71.40
Tracing beam     652    -68.21
Tracing beam     869    -65.01
Tracing beam    1086    -61.81
Tracing beam    1303    -58.61
Tracing beam    1520    -55.42
Tracing beam    1737    -52.22
Tracing beam    1954    -49.02
Tracing beam    2171    -45.82
Tracing beam    2388    -42.63
Tracing beam    2605    -39.43
Tracing beam    2822    -36.23
Tracing beam    3039    -33.03
Tracing beam    3256    -29.84
Tracing beam    3473    -26.64
Tracing beam    3690    -23.44
Tracing beam    3907    -20.24
Tracing beam    4124    -17.05
Tracing beam    4341    -13.85
Tracing beam    4558    -10.65
Tracing beam    4775     -7.45
Tracing beam    4992     -4.25
Tracing beam    5209     -1.06
Tracing beam    5426      2.14
Tracing beam    5643      5.34
Tracing beam    5860      8.54
Tracing beam    6077     11.73
Tracing beam    6294     14.93
Tracing beam    6511     18.13
Tracing beam    6728     21.33
Tracing beam    6945     24.52
Tracing beam    7162     27.72
Tracing beam    7379     30.92
Tracing beam    7596     34.12
Tracing beam    7813     37.31
Tracing beam    8030     40.51
Tracing beam    8247     43.71
Tracing beam    8464     46.91
Tracing beam    8681     50.10
Tracing beam    8898     53.30
Tracing beam    9115     56.50
Tracing beam    9332     59.70
Tracing beam    9549     62.90
Tracing beam    9766     66.09
Tracing beam    9983     69.29
Tracing beam   10200     72.49
Tracing beam   10417     75.69
Tracing beam   10634     78.88
Tracing beam   10851     82.08

 CPU Time =        1.61    s
