 BELLHOP/BELLHOP3D

 BELLHOP- Continental Shelf Environment RAY Mode                                 
 frequency =   1007.     Hz

 Dummy parameter NMedia =            1

     Spline approximation to SSP
     Attenuation units: dB/mkHz
     VACUUM

 Depth =    1039.10 m

 Sound speed profile:
   z (m)     alphaR (m/s)   betaR  rho (g/cm^3)  alphaI     betaI

      0.00      1499.22      0.00     1.00       0.0000    0.0000
     32.50      1498.39      0.00     1.00       0.0000    0.0000
     64.90      1496.08      0.00     1.00       0.0000    0.0000
     97.40      1494.90      0.00     1.00       0.0000    0.0000
    129.90      1498.05      0.00     1.00       0.0000    0.0000
    162.40      1498.68      0.00     1.00       0.0000    0.0000
    194.80      1495.27      0.00     1.00       0.0000    0.0000
    227.30      1493.66      0.00     1.00       0.0000    0.0000
    259.80      1493.71      0.00     1.00       0.0000    0.0000
    292.20      1492.24      0.00     1.00       0.0000    0.0000
    324.70      1490.33      0.00     1.00       0.0000    0.0000
    357.20      1490.79      0.00     1.00       0.0000    0.0000
    389.70      1487.74      0.00     1.00       0.0000    0.0000
    422.10      1491.81      0.00     1.00       0.0000    0.0000
    454.60      1486.00      0.00     1.00       0.0000    0.0000
    487.10      1486.33      0.00     1.00       0.0000    0.0000
    519.50      1485.80      0.00     1.00       0.0000    0.0000
    552.00      1488.07      0.00     1.00       0.0000    0.0000
    584.50      1482.14      0.00     1.00       0.0000    0.0000
    617.00      1484.19      0.00     1.00       0.0000    0.0000
    649.40      1484.82      0.00     1.00       0.0000    0.0000
    681.90      1482.14      0.00     1.00       0.0000    0.0000
    714.40      1480.24      0.00     1.00       0.0000    0.0000
    746.80      1481.28      0.00     1.00       0.0000    0.0000
    779.30      1483.25      0.00     1.00       0.0000    0.0000
    811.80      1479.60      0.00     1.00       0.0000    0.0000
    844.30      1482.31      0.00     1.00       0.0000    0.0000
    876.70      1480.23      0.00     1.00       0.0000    0.0000
    909.20      1481.45      0.00     1.00       0.0000    0.0000
    941.70      1479.74      0.00     1.00       0.0000    0.0000
    974.10      1478.57      0.00     1.00       0.0000    0.0000
   1006.60      1494.71      0.00     1.00       0.0000    0.0000
   1039.10      1497.30      0.00     1.00       0.0000    0.0000

                                 ( RMS roughness =   0.00     )
     ACOUSTO-ELASTIC half-space
   1239.10      1600.00      0.00     1.80       0.0000    0.0000

 __________________________________________________________________________

 Number of Source   depths, Sz =            3
 Source   depths, Sz (m)
   53.9000       243.800       291.400    


 __________________________________________________________________________

 Number of Receiver depths, Rz =           47
 Receiver depths, Rz (m)
   0.00000       41.0674       82.1348       123.202       164.270    
   205.337       246.404       287.472       328.539       369.607    
          ... 
   1889.10    

 Warning in ReadSzRz : Receiver below or too near the bottom bdry has been moved up

 __________________________________________________________________________

 Number of Receiver ranges, Rr =          201
 Receiver ranges, Rr (km)
   0.00000      0.281500      0.563000      0.844500       1.12600    
   1.40750       1.68900       1.97050       2.25200       2.53350    
          ... 
   56.3000    


 Ray trace run
 Geometric hat beams in Cartesian coordinates
 Point source (cylindrical coordinates)
 Rectilinear receiver grid: Receivers at Rr( : ) x Rz( : )
 __________________________________________________________________________

 Number of beams in elevation   =           31
 Beam take-off angles (degrees)
  -18.8000      -17.5467      -16.2933      -15.0400      -13.7867    
  -12.5333      -11.2800      -10.0267      -8.77333      -7.52000    
          ... 
   18.8000    

 __________________________________________________________________________


 Step length,       deltas =   0.000     m

 Maximum ray depth, Box%z  =   1889.     m
 Maximum ray range, Box%r  =   50.00    km
 No beam shift in effect


 Step length,       deltas =   103.9     m (automatically selected)

Tracing beam       1    -18.80
Tracing beam       2    -17.55
Tracing beam       3    -16.29
Tracing beam       4    -15.04
Tracing beam       5    -13.79
Tracing beam       6    -12.53
Tracing beam       7    -11.28
Tracing beam       8    -10.03
Tracing beam       9     -8.77
Tracing beam      10     -7.52
Tracing beam      11     -6.27
Tracing beam      12     -5.01
Tracing beam      13     -3.76
Tracing beam      14     -2.51
Tracing beam      15     -1.25
Tracing beam      16      0.00
Tracing beam      17      1.25
Tracing beam      18      2.51
Tracing beam      19      3.76
Tracing beam      20      5.01
Tracing beam      21      6.27
Tracing beam      22      7.52
Tracing beam      23      8.77
Tracing beam      24     10.03
Tracing beam      25     11.28
Tracing beam      26     12.53
Tracing beam      27     13.79
Tracing beam      28     15.04
Tracing beam      29     16.29
Tracing beam      30     17.55
Tracing beam      31     18.80
Tracing beam       1    -18.80
Tracing beam       2    -17.55
Tracing beam       3    -16.29
Tracing beam       4    -15.04
Tracing beam       5    -13.79
Tracing beam       6    -12.53
Tracing beam       7    -11.28
Tracing beam       8    -10.03
Tracing beam       9     -8.77
Tracing beam      10     -7.52
Tracing beam      11     -6.27
Tracing beam      12     -5.01
Tracing beam      13     -3.76
Tracing beam      14     -2.51
Tracing beam      15     -1.25
Tracing beam      16      0.00
Tracing beam      17      1.25
Tracing beam      18      2.51
Tracing beam      19      3.76
Tracing beam      20      5.01
Tracing beam      21      6.27
Tracing beam      22      7.52
Tracing beam      23      8.77
Tracing beam      24     10.03
Tracing beam      25     11.28
Tracing beam      26     12.53
Tracing beam      27     13.79
Tracing beam      28     15.04
Tracing beam      29     16.29
Tracing beam      30     17.55
Tracing beam      31     18.80
Tracing beam       1    -18.80
Tracing beam       2    -17.55
Tracing beam       3    -16.29
Tracing beam       4    -15.04
Tracing beam       5    -13.79
Tracing beam       6    -12.53
Tracing beam       7    -11.28
Tracing beam       8    -10.03
Tracing beam       9     -8.77
Tracing beam      10     -7.52
Tracing beam      11     -6.27
Tracing beam      12     -5.01
Tracing beam      13     -3.76
Tracing beam      14     -2.51
Tracing beam      15     -1.25
Tracing beam      16      0.00
Tracing beam      17      1.25
Tracing beam      18      2.51
Tracing beam      19      3.76
Tracing beam      20      5.01
Tracing beam      21      6.27
Tracing beam      22      7.52
Tracing beam      23      8.77
Tracing beam      24     10.03
Tracing beam      25     11.28
Tracing beam      26     12.53
Tracing beam      27     13.79
Tracing beam      28     15.04
Tracing beam      29     16.29
Tracing beam      30     17.55
Tracing beam      31     18.80

 CPU Time =       0.172    s
