 BELLHOP/BELLHOP3D

 BELLHOP- Mixed Layer Environment ARR Mode                                       
 frequency =   1133.     Hz

 Dummy parameter NMedia =            1

     Spline approximation to SSP
     Attenuation units: dB/mkHz
     VACUUM

 Depth =    1574.90 m

 Sound speed profile:
   z (m)     alphaR (m/s)   betaR  rho (g/cm^3)  alphaI     betaI

      0.00      1509.10      0.00     1.00       0.0000    0.0000
     52.50      1506.44      0.00     1.00       0.0000    0.0000
    105.00      1510.92      0.00     1.00       0.0000    0.0000
    157.50      1508.23      0.00     1.00       0.0000    0.0000
    210.00      1503.88      0.00     1.00       0.0000    0.0000
    262.50      1506.04      0.00     1.00       0.0000    0.0000
    315.00      1501.66      0.00     1.00       0.0000    0.0000
    367.50      1500.03      0.00     1.00       0.0000    0.0000
    420.00      1500.06      0.00     1.00       0.0000    0.0000
    472.50      1497.22      0.00     1.00       0.0000    0.0000
    525.00      1497.30      0.00     1.00       0.0000    0.0000
    577.40      1498.73      0.00     1.00       0.0000    0.0000
    629.90      1493.98      0.00     1.00       0.0000    0.0000
    682.40      1491.88      0.00     1.00       0.0000    0.0000
    734.90      1492.80      0.00     1.00       0.0000    0.0000
    787.40      1490.58      0.00     1.00       0.0000    0.0000
    839.90      1491.14      0.00     1.00       0.0000    0.0000
    892.40      1491.10      0.00     1.00       0.0000    0.0000
    944.90      1490.27      0.00     1.00       0.0000    0.0000
    997.40      1490.27      0.00     1.00       0.0000    0.0000
   1049.90      1489.35      0.00     1.00       0.0000    0.0000
   1102.40      1493.37      0.00     1.00       0.0000    0.0000
   1154.90      1492.51      0.00     1.00       0.0000    0.0000
   1207.40      1495.00      0.00     1.00       0.0000    0.0000
   1259.90      1498.02      0.00     1.00       0.0000    0.0000
   1312.40      1499.35      0.00     1.00       0.0000    0.0000
   1364.90      1500.02      0.00     1.00       0.0000    0.0000
   1417.40      1503.82      0.00     1.00       0.0000    0.0000
   1469.90      1503.08      0.00     1.00       0.0000    0.0000
   1522.40      1505.96      0.00     1.00       0.0000    0.0000
   1574.90      1507.06      0.00     1.00       0.0000    0.0000

                                 ( RMS roughness =   0.00     )
     ACOUSTO-ELASTIC half-space
   1774.90      1600.00      0.00     1.80       0.0000    0.0000

 __________________________________________________________________________

 Number of Source   depths, Sz =            3
 Source   depths, Sz (m)
   53.5000       164.600       175.000    


 __________________________________________________________________________

 Number of Receiver depths, Rz =           46
 Receiver depths, Rz (m)
   0.00000       53.8867       107.773       161.660       215.547    
   269.433       323.320       377.207       431.093       484.980    
          ... 
   2424.90    

 Warning in ReadSzRz : Receiver below or too near the bottom bdry has been moved up

 __________________________________________________________________________

 Number of Receiver ranges, Rr =          201
 Receiver ranges, Rr (km)
   0.00000      0.209000      0.418000      0.627000      0.836000    
   1.04500       1.25400       1.46300       1.67200       1.88100    
          ... 
   41.8000    


 Arrivals calculation, ASCII  file output
 Geometric hat beams in Cartesian coordinates
 Point source (cylindrical coordinates)
 Rectilinear receiver grid: Receivers at Rr( : ) x Rz( : )
 __________________________________________________________________________

 Number of beams in elevation   =           26
 Beam take-off angles (degrees)
  -18.8000      -17.2960      -15.7920      -14.2880      -12.7840    
  -11.2800      -9.77600      -8.27200      -6.76800      -5.26400    
          ... 
   18.8000    

 __________________________________________________________________________


 Step length,       deltas =   0.000     m

 Maximum ray depth, Box%z  =   2425.     m
 Maximum ray range, Box%r  =   50.00    km
 No beam shift in effect


 Step length,       deltas =   157.5     m (automatically selected)

 ( Maximum # of arrivals =         2163 )

Tracing beam       1    -18.80

 Geometric hat beams                     
 halfwidth  =    16.125301426700776     
 epsilonOpt =  (  0.0000000000000000     ,  925458.89205847145     )
 EpsMult    =    1.0000000000000000     

Tracing beam       2    -17.30
Tracing beam       3    -15.79
Tracing beam       4    -14.29
Tracing beam       5    -12.78
Tracing beam       6    -11.28
Tracing beam       7     -9.78
Tracing beam       8     -8.27
Tracing beam       9     -6.77
Tracing beam      10     -5.26
Tracing beam      11     -3.76
Tracing beam      12     -2.26
Tracing beam      13     -0.75
Tracing beam      14      0.75
Tracing beam      15      2.26
Tracing beam      16      3.76
Tracing beam      17      5.26
Tracing beam      18      6.77
Tracing beam      19      8.27
Tracing beam      20      9.78
Tracing beam      21     11.28
Tracing beam      22     12.78
Tracing beam      23     14.29
Tracing beam      24     15.79
Tracing beam      25     17.30
Tracing beam      26     18.80
Tracing beam       1    -18.80
Tracing beam       2    -17.30
Tracing beam       3    -15.79
Tracing beam       4    -14.29
Tracing beam       5    -12.78
Tracing beam       6    -11.28
Tracing beam       7     -9.78
Tracing beam       8     -8.27
Tracing beam       9     -6.77
Tracing beam      10     -5.26
Tracing beam      11     -3.76
Tracing beam      12     -2.26
Tracing beam      13     -0.75
Tracing beam      14      0.75
Tracing beam      15      2.26
Tracing beam      16      3.76
Tracing beam      17      5.26
Tracing beam      18      6.77
Tracing beam      19      8.27
Tracing beam      20      9.78
Tracing beam      21     11.28
Tracing beam      22     12.78
Tracing beam      23     14.29
Tracing beam      24     15.79
Tracing beam      25     17.30
Tracing beam      26     18.80
Tracing beam       1    -18.80
Tracing beam       2    -17.30
Tracing beam       3    -15.79
Tracing beam       4    -14.29
Tracing beam       5    -12.78
Tracing beam       6    -11.28
Tracing beam       7     -9.78
Tracing beam       8     -8.27
Tracing beam       9     -6.77
Tracing beam      10     -5.26
Tracing beam      11     -3.76
Tracing beam      12     -2.26
Tracing beam      13     -0.75
Tracing beam      14      0.75
Tracing beam      15      2.26
Tracing beam      16      3.76
Tracing beam      17      5.26
Tracing beam      18      6.77
Tracing beam      19      8.27
Tracing beam      20      9.78
Tracing beam      21     11.28
Tracing beam      22     12.78
Tracing beam      23     14.29
Tracing beam      24     15.79
Tracing beam      25     17.30
Tracing beam      26     18.80

 CPU Time =       0.594    s
