 BELLHOP/BELLHOP3D

 BELLHOP- Mixed Layer Environment RAY Mode                                       
 frequency =   1133.     Hz

 Dummy parameter NMedia =            1

     Spline approximation to SSP
     Attenuation units: dB/mkHz
     VACUUM

 Depth =    1574.90 m

 Sound speed profile:
   z (m)     alphaR (m/s)   betaR  rho (g/cm^3)  alphaI     betaI

      0.00      1509.10      0.00     1.00       0.0000    0.0000
     52.50      1506.44      0.00     1.00       0.0000    0.0000
    105.00      1510.92      0.00     1.00       0.0000    0.0000
    157.50      1508.23      0.00     1.00       0.0000    0.0000
    210.00      1503.88      0.00     1.00       0.0000    0.0000
    262.50      1506.04      0.00     1.00       0.0000    0.0000
    315.00      1501.66      0.00     1.00       0.0000    0.0000
    367.50      1500.03      0.00     1.00       0.0000    0.0000
    420.00      1500.06      0.00     1.00       0.0000    0.0000
    472.50      1497.22      0.00     1.00       0.0000    0.0000
    525.00      1497.30      0.00     1.00       0.0000    0.0000
    577.40      1498.73      0.00     1.00       0.0000    0.0000
    629.90      1493.98      0.00     1.00       0.0000    0.0000
    682.40      1491.88      0.00     1.00       0.0000    0.0000
    734.90      1492.80      0.00     1.00       0.0000    0.0000
    787.40      1490.58      0.00     1.00       0.0000    0.0000
    839.90      1491.14      0.00     1.00       0.0000    0.0000
    892.40      1491.10      0.00     1.00       0.0000    0.0000
    944.90      1490.27      0.00     1.00       0.0000    0.0000
    997.40      1490.27      0.00     1.00       0.0000    0.0000
   1049.90      1489.35      0.00     1.00       0.0000    0.0000
   1102.40      1493.37      0.00     1.00       0.0000    0.0000
   1154.90      1492.51      0.00     1.00       0.0000    0.0000
   1207.40      1495.00      0.00     1.00       0.0000    0.0000
   1259.90      1498.02      0.00     1.00       0.0000    0.0000
   1312.40      1499.35      0.00     1.00       0.0000    0.0000
   1364.90      1500.02      0.00     1.00       0.0000    0.0000
   1417.40      1503.82      0.00     1.00       0.0000    0.0000
   1469.90      1503.08      0.00     1.00       0.0000    0.0000
   1522.40      1505.96      0.00     1.00       0.0000    0.0000
   1574.90      1507.06      0.00     1.00       0.0000    0.0000

                                 ( RMS roughness =   0.00     )
     ACOUSTO-ELASTIC half-space
   1774.90      1600.00      0.00     1.80       0.0000    0.0000

 __________________________________________________________________________

 Number of Source   depths, Sz =            2
 Source   depths, Sz (m)
   32.0000       282.100    


 __________________________________________________________________________

 Number of Receiver depths, Rz =           31
 Receiver depths, Rz (m)
   0.00000       80.8300       161.660       242.490       323.320    
   404.150       484.980       565.810       646.640       727.470    
          ... 
   2424.90    

 Warning in ReadSzRz : Receiver below or too near the bottom bdry has been moved up

 __________________________________________________________________________

 Number of Receiver ranges, Rr =          201
 Receiver ranges, Rr (km)
   0.00000      0.233000      0.466000      0.699000      0.932000    
   1.16500       1.39800       1.63100       1.86400       2.09700    
          ... 
   46.6000    


 Ray trace run
 Geometric hat beams in Cartesian coordinates
 Point source (cylindrical coordinates)
 Rectilinear receiver grid: Receivers at Rr( : ) x Rz( : )
 __________________________________________________________________________

 Number of beams in elevation   =           32
 Beam take-off angles (degrees)
  -13.4000      -12.5355      -11.6710      -10.8065      -9.94194    
  -9.07742      -8.21290      -7.34839      -6.48387      -5.61935    
          ... 
   13.4000    

 __________________________________________________________________________


 Step length,       deltas =   0.000     m

 Maximum ray depth, Box%z  =   2425.     m
 Maximum ray range, Box%r  =   50.00    km
 No beam shift in effect


 Step length,       deltas =   157.5     m (automatically selected)

Tracing beam       1    -13.40
Tracing beam       2    -12.54
Tracing beam       3    -11.67
Tracing beam       4    -10.81
Tracing beam       5     -9.94
Tracing beam       6     -9.08
Tracing beam       7     -8.21
Tracing beam       8     -7.35
Tracing beam       9     -6.48
Tracing beam      10     -5.62
Tracing beam      11     -4.75
Tracing beam      12     -3.89
Tracing beam      13     -3.03
Tracing beam      14     -2.16
Tracing beam      15     -1.30
Tracing beam      16     -0.43
Tracing beam      17      0.43
Tracing beam      18      1.30
Tracing beam      19      2.16
Tracing beam      20      3.03
Tracing beam      21      3.89
Tracing beam      22      4.75
Tracing beam      23      5.62
Tracing beam      24      6.48
Tracing beam      25      7.35
Tracing beam      26      8.21
Tracing beam      27      9.08
Tracing beam      28      9.94
Tracing beam      29     10.81
Tracing beam      30     11.67
Tracing beam      31     12.54
Tracing beam      32     13.40
Tracing beam       1    -13.40
Tracing beam       2    -12.54
Tracing beam       3    -11.67
Tracing beam       4    -10.81
Tracing beam       5     -9.94
Tracing beam       6     -9.08
Tracing beam       7     -8.21
Tracing beam       8     -7.35
Tracing beam       9     -6.48
Tracing beam      10     -5.62
Tracing beam      11     -4.75
Tracing beam      12     -3.89
Tracing beam      13     -3.03
Tracing beam      14     -2.16
Tracing beam      15     -1.30
Tracing beam      16     -0.43
Tracing beam      17      0.43
Tracing beam      18      1.30
Tracing beam      19      2.16
Tracing beam      20      3.03
Tracing beam      21      3.89
Tracing beam      22      4.75
Tracing beam      23      5.62
Tracing beam      24      6.48
Tracing beam      25      7.35
Tracing beam      26      8.21
Tracing beam      27      9.08
Tracing beam      28      9.94
Tracing beam      29     10.81
Tracing beam      30     11.67
Tracing beam      31     12.54
Tracing beam      32     13.40

 CPU Time =       0.469E-01s
