 BELLHOP/BELLHOP3D

 BELLHOP- Deep Ocean Environment ARR Mode                                        
 frequency =   959.1     Hz

 Dummy parameter NMedia =            1

     Spline approximation to SSP
     Attenuation units: dB/mkHz
     VACUUM

 Depth =    5365.50 m

 Sound speed profile:
   z (m)     alphaR (m/s)   betaR  rho (g/cm^3)  alphaI     betaI

      0.00      1505.61      0.00     1.00       0.0000    0.0000
    101.20      1503.81      0.00     1.00       0.0000    0.0000
    202.50      1502.42      0.00     1.00       0.0000    0.0000
    303.70      1499.62      0.00     1.00       0.0000    0.0000
    404.90      1496.01      0.00     1.00       0.0000    0.0000
    506.20      1490.98      0.00     1.00       0.0000    0.0000
    607.40      1493.33      0.00     1.00       0.0000    0.0000
    708.70      1485.13      0.00     1.00       0.0000    0.0000
    809.90      1484.88      0.00     1.00       0.0000    0.0000
    911.10      1485.92      0.00     1.00       0.0000    0.0000
   1012.40      1480.12      0.00     1.00       0.0000    0.0000
   1113.60      1481.35      0.00     1.00       0.0000    0.0000
   1214.80      1483.62      0.00     1.00       0.0000    0.0000
   1316.10      1481.71      0.00     1.00       0.0000    0.0000
   1417.30      1482.69      0.00     1.00       0.0000    0.0000
   1518.50      1482.26      0.00     1.00       0.0000    0.0000
   1619.80      1484.67      0.00     1.00       0.0000    0.0000
   1721.00      1483.94      0.00     1.00       0.0000    0.0000
   1822.20      1484.57      0.00     1.00       0.0000    0.0000
   1923.50      1486.50      0.00     1.00       0.0000    0.0000
   2024.70      1487.87      0.00     1.00       0.0000    0.0000
   2126.00      1483.64      0.00     1.00       0.0000    0.0000
   2227.20      1488.13      0.00     1.00       0.0000    0.0000
   2328.40      1487.82      0.00     1.00       0.0000    0.0000
   2429.70      1490.28      0.00     1.00       0.0000    0.0000
   2530.90      1489.11      0.00     1.00       0.0000    0.0000
   2632.10      1492.07      0.00     1.00       0.0000    0.0000
   2733.40      1489.74      0.00     1.00       0.0000    0.0000
   2834.60      1488.04      0.00     1.00       0.0000    0.0000
   2935.80      1493.60      0.00     1.00       0.0000    0.0000
   3037.10      1491.39      0.00     1.00       0.0000    0.0000
   3138.30      1490.92      0.00     1.00       0.0000    0.0000
   3239.60      1493.95      0.00     1.00       0.0000    0.0000
   3340.80      1494.20      0.00     1.00       0.0000    0.0000
   3442.00      1496.43      0.00     1.00       0.0000    0.0000
   3543.30      1497.16      0.00     1.00       0.0000    0.0000
   3644.50      1496.60      0.00     1.00       0.0000    0.0000
   3745.70      1495.76      0.00     1.00       0.0000    0.0000
   3847.00      1498.16      0.00     1.00       0.0000    0.0000
   3948.20      1498.61      0.00     1.00       0.0000    0.0000
   4049.40      1499.85      0.00     1.00       0.0000    0.0000
   4150.70      1498.31      0.00     1.00       0.0000    0.0000
   4251.90      1499.66      0.00     1.00       0.0000    0.0000
   4353.10      1501.66      0.00     1.00       0.0000    0.0000
   4454.40      1503.40      0.00     1.00       0.0000    0.0000
   4555.60      1503.61      0.00     1.00       0.0000    0.0000
   4656.90      1502.92      0.00     1.00       0.0000    0.0000
   4758.10      1502.70      0.00     1.00       0.0000    0.0000
   4859.30      1504.67      0.00     1.00       0.0000    0.0000
   4960.60      1503.06      0.00     1.00       0.0000    0.0000
   5061.80      1504.10      0.00     1.00       0.0000    0.0000
   5163.00      1508.23      0.00     1.00       0.0000    0.0000
   5264.30      1507.20      0.00     1.00       0.0000    0.0000
   5365.50      1506.71      0.00     1.00       0.0000    0.0000

                                 ( RMS roughness =   0.00     )
     ACOUSTO-ELASTIC half-space
   5565.50      1600.00      0.00     1.80       0.0000    0.0000

 __________________________________________________________________________

 Number of Source   depths, Sz =            2
 Source   depths, Sz (m)
   140.400       238.400    


 __________________________________________________________________________

 Number of Receiver depths, Rz =           42
 Receiver depths, Rz (m)
   0.00000       151.598       303.195       454.793       606.390    
   757.988       909.585       1061.18       1212.78       1364.38    
          ... 
   6215.50    

 Warning in ReadSzRz : Receiver below or too near the bottom bdry has been moved up

 __________________________________________________________________________

 Number of Receiver ranges, Rr =          201
 Receiver ranges, Rr (km)
   0.00000      0.284500      0.569000      0.853500       1.13800    
   1.42250       1.70700       1.99150       2.27600       2.56050    
          ... 
   56.9000    


 Arrivals calculation, ASCII  file output
 Geometric hat beams in Cartesian coordinates
 Point source (cylindrical coordinates)
 Rectilinear receiver grid: Receivers at Rr( : ) x Rz( : )
 __________________________________________________________________________

 Number of beams in elevation   =           34
 Beam take-off angles (degrees)
  -10.2000      -9.58182      -8.96364      -8.34545      -7.72727    
  -7.10909      -6.49091      -5.87273      -5.25455      -4.63636    
          ... 
   10.2000    

 __________________________________________________________________________


 Step length,       deltas =   0.000     m

 Maximum ray depth, Box%z  =   6216.     m
 Maximum ray range, Box%r  =   50.00    km
 No beam shift in effect


 Step length,       deltas =   536.5     m (automatically selected)

 ( Maximum # of arrivals =         2369 )

Tracing beam       1    -10.20

 Geometric hat beams                     
 halfwidth  =    46.244777051910248     
 epsilonOpt =  (  0.0000000000000000     ,  6443756.8418758716     )
 EpsMult    =    1.0000000000000000     

Tracing beam       2     -9.58
Tracing beam       3     -8.96
Tracing beam       4     -8.35
Tracing beam       5     -7.73
Tracing beam       6     -7.11
Tracing beam       7     -6.49
Tracing beam       8     -5.87
Tracing beam       9     -5.25
Tracing beam      10     -4.64
Tracing beam      11     -4.02
Tracing beam      12     -3.40
Tracing beam      13     -2.78
Tracing beam      14     -2.16
Tracing beam      15     -1.55
Tracing beam      16     -0.93
Tracing beam      17     -0.31
Tracing beam      18      0.31
Tracing beam      19      0.93
Tracing beam      20      1.55
Tracing beam      21      2.16
Tracing beam      22      2.78
Tracing beam      23      3.40
Tracing beam      24      4.02
Tracing beam      25      4.64
Tracing beam      26      5.25
Tracing beam      27      5.87
Tracing beam      28      6.49
Tracing beam      29      7.11
Tracing beam      30      7.73
Tracing beam      31      8.35
Tracing beam      32      8.96
Tracing beam      33      9.58
Tracing beam      34     10.20
Tracing beam       1    -10.20
Tracing beam       2     -9.58
Tracing beam       3     -8.96
Tracing beam       4     -8.35
Tracing beam       5     -7.73
Tracing beam       6     -7.11
Tracing beam       7     -6.49
Tracing beam       8     -5.87
Tracing beam       9     -5.25
Tracing beam      10     -4.64
Tracing beam      11     -4.02
Tracing beam      12     -3.40
Tracing beam      13     -2.78
Tracing beam      14     -2.16
Tracing beam      15     -1.55
Tracing beam      16     -0.93
Tracing beam      17     -0.31
Tracing beam      18      0.31
Tracing beam      19      0.93
Tracing beam      20      1.55
Tracing beam      21      2.16
Tracing beam      22      2.78
Tracing beam      23      3.40
Tracing beam      24      4.02
Tracing beam      25      4.64
Tracing beam      26      5.25
Tracing beam      27      5.87
Tracing beam      28      6.49
Tracing beam      29      7.11
Tracing beam      30      7.73
Tracing beam      31      8.35
Tracing beam      32      8.96
Tracing beam      33      9.58
Tracing beam      34     10.20

 CPU Time =       0.625E-01s
