 BELLHOP/BELLHOP3D

 BELLHOP- Deep Ocean Environment RAY Mode                                        
 frequency =   959.1     Hz

 Dummy parameter NMedia =            1

     Spline approximation to SSP
     Attenuation units: dB/mkHz
     VACUUM

 Depth =    5365.50 m

 Sound speed profile:
   z (m)     alphaR (m/s)   betaR  rho (g/cm^3)  alphaI     betaI

      0.00      1505.61      0.00     1.00       0.0000    0.0000
    101.20      1503.81      0.00     1.00       0.0000    0.0000
    202.50      1502.42      0.00     1.00       0.0000    0.0000
    303.70      1499.62      0.00     1.00       0.0000    0.0000
    404.90      1496.01      0.00     1.00       0.0000    0.0000
    506.20      1490.98      0.00     1.00       0.0000    0.0000
    607.40      1493.33      0.00     1.00       0.0000    0.0000
    708.70      1485.13      0.00     1.00       0.0000    0.0000
    809.90      1484.88      0.00     1.00       0.0000    0.0000
    911.10      1485.92      0.00     1.00       0.0000    0.0000
   1012.40      1480.12      0.00     1.00       0.0000    0.0000
   1113.60      1481.35      0.00     1.00       0.0000    0.0000
   1214.80      1483.62      0.00     1.00       0.0000    0.0000
   1316.10      1481.71      0.00     1.00       0.0000    0.0000
   1417.30      1482.69      0.00     1.00       0.0000    0.0000
   1518.50      1482.26      0.00     1.00       0.0000    0.0000
   1619.80      1484.67      0.00     1.00       0.0000    0.0000
   1721.00      1483.94      0.00     1.00       0.0000    0.0000
   1822.20      1484.57      0.00     1.00       0.0000    0.0000
   1923.50      1486.50      0.00     1.00       0.0000    0.0000
   2024.70      1487.87      0.00     1.00       0.0000    0.0000
   2126.00      1483.64      0.00     1.00       0.0000    0.0000
   2227.20      1488.13      0.00     1.00       0.0000    0.0000
   2328.40      1487.82      0.00     1.00       0.0000    0.0000
   2429.70      1490.28      0.00     1.00       0.0000    0.0000
   2530.90      1489.11      0.00     1.00       0.0000    0.0000
   2632.10      1492.07      0.00     1.00       0.0000    0.0000
   2733.40      1489.74      0.00     1.00       0.0000    0.0000
   2834.60      1488.04      0.00     1.00       0.0000    0.0000
   2935.80      1493.60      0.00     1.00       0.0000    0.0000
   3037.10      1491.39      0.00     1.00       0.0000    0.0000
   3138.30      1490.92      0.00     1.00       0.0000    0.0000
   3239.60      1493.95      0.00     1.00       0.0000    0.0000
   3340.80      1494.20      0.00     1.00       0.0000    0.0000
   3442.00      1496.43      0.00     1.00       0.0000    0.0000
   3543.30      1497.16      0.00     1.00       0.0000    0.0000
   3644.50      1496.60      0.00     1.00       0.0000    0.0000
   3745.70      1495.76      0.00     1.00       0.0000    0.0000
   3847.00      1498.16      0.00     1.00       0.0000    0.0000
   3948.20      1498.61      0.00     1.00       0.0000    0.0000
   4049.40      1499.85      0.00     1.00       0.0000    0.0000
   4150.70      1498.31      0.00     1.00       0.0000    0.0000
   4251.90      1499.66      0.00     1.00       0.0000    0.0000
   4353.10      1501.66      0.00     1.00       0.0000    0.0000
   4454.40      1503.40      0.00     1.00       0.0000    0.0000
   4555.60      1503.61      0.00     1.00       0.0000    0.0000
   4656.90      1502.92      0.00     1.00       0.0000    0.0000
   4758.10      1502.70      0.00     1.00       0.0000    0.0000
   4859.30      1504.67      0.00     1.00       0.0000    0.0000
   4960.60      1503.06      0.00     1.00       0.0000    0.0000
   5061.80      1504.10      0.00     1.00       0.0000    0.0000
   5163.00      1508.23      0.00     1.00       0.0000    0.0000
   5264.30      1507.20      0.00     1.00       0.0000    0.0000
   5365.50      1506.71      0.00     1.00       0.0000    0.0000

                                 ( RMS roughness =   0.00     )
     ACOUSTO-ELASTIC half-space
   5565.50      1600.00      0.00     1.80       0.0000    0.0000

 __________________________________________________________________________

 Number of Source   depths, Sz =            3
 Source   depths, Sz (m)
   138.200       154.700       285.800    


 __________________________________________________________________________

 Number of Receiver depths, Rz =           39
 Receiver depths, Rz (m)
   0.00000       163.566       327.132       490.697       654.263    
   817.829       981.395       1144.96       1308.53       1472.09    
          ... 
   6215.50    

 Warning in ReadSzRz : Receiver below or too near the bottom bdry has been moved up

 __________________________________________________________________________

 Number of Receiver ranges, Rr =          201
 Receiver ranges, Rr (km)
   0.00000      0.258500      0.517000      0.775500       1.03400    
   1.29250       1.55100       1.80950       2.06800       2.32650    
          ... 
   51.7000    


 Ray trace run
 Geometric hat beams in Cartesian coordinates
 Point source (cylindrical coordinates)
 Rectilinear receiver grid: Receivers at Rr( : ) x Rz( : )
 __________________________________________________________________________

 Number of beams in elevation   =           27
 Beam take-off angles (degrees)
  -12.3000      -11.3538      -10.4077      -9.46154      -8.51538    
  -7.56923      -6.62308      -5.67692      -4.73077      -3.78462    
          ... 
   12.3000    

 __________________________________________________________________________


 Step length,       deltas =   0.000     m

 Maximum ray depth, Box%z  =   6216.     m
 Maximum ray range, Box%r  =   50.00    km
 No beam shift in effect


 Step length,       deltas =   536.5     m (automatically selected)

Tracing beam       1    -12.30
Tracing beam       2    -11.35
Tracing beam       3    -10.41
Tracing beam       4     -9.46
Tracing beam       5     -8.52
Tracing beam       6     -7.57
Tracing beam       7     -6.62
Tracing beam       8     -5.68
Tracing beam       9     -4.73
Tracing beam      10     -3.78
Tracing beam      11     -2.84
Tracing beam      12     -1.89
Tracing beam      13     -0.95
Tracing beam      14      0.00
Tracing beam      15      0.95
Tracing beam      16      1.89
Tracing beam      17      2.84
Tracing beam      18      3.78
Tracing beam      19      4.73
Tracing beam      20      5.68
Tracing beam      21      6.62
Tracing beam      22      7.57
Tracing beam      23      8.52
Tracing beam      24      9.46
Tracing beam      25     10.41
Tracing beam      26     11.35
Tracing beam      27     12.30
Tracing beam       1    -12.30
Tracing beam       2    -11.35
Tracing beam       3    -10.41
Tracing beam       4     -9.46
Tracing beam       5     -8.52
Tracing beam       6     -7.57
Tracing beam       7     -6.62
Tracing beam       8     -5.68
Tracing beam       9     -4.73
Tracing beam      10     -3.78
Tracing beam      11     -2.84
Tracing beam      12     -1.89
Tracing beam      13     -0.95
Tracing beam      14      0.00
Tracing beam      15      0.95
Tracing beam      16      1.89
Tracing beam      17      2.84
Tracing beam      18      3.78
Tracing beam      19      4.73
Tracing beam      20      5.68
Tracing beam      21      6.62
Tracing beam      22      7.57
Tracing beam      23      8.52
Tracing beam      24      9.46
Tracing beam      25     10.41
Tracing beam      26     11.35
Tracing beam      27     12.30
Tracing beam       1    -12.30
Tracing beam       2    -11.35
Tracing beam       3    -10.41
Tracing beam       4     -9.46
Tracing beam       5     -8.52
Tracing beam       6     -7.57
Tracing beam       7     -6.62
Tracing beam       8     -5.68
Tracing beam       9     -4.73
Tracing beam      10     -3.78
Tracing beam      11     -2.84
Tracing beam      12     -1.89
Tracing beam      13     -0.95
Tracing beam      14      0.00
Tracing beam      15      0.95
Tracing beam      16      1.89
Tracing beam      17      2.84
Tracing beam      18      3.78
Tracing beam      19      4.73
Tracing beam      20      5.68
Tracing beam      21      6.62
Tracing beam      22      7.57
Tracing beam      23      8.52
Tracing beam      24      9.46
Tracing beam      25     10.41
Tracing beam      26     11.35
Tracing beam      27     12.30

 CPU Time =       0.312E-01s
