 BELLHOP/BELLHOP3D

 BELLHOP- Deep Ocean Environment SHD Mode                                        
 frequency =   959.1     Hz

 Dummy parameter NMedia =            1

     Spline approximation to SSP
     Attenuation units: dB/mkHz
     VACUUM

 Depth =    5365.50 m

 Sound speed profile:
   z (m)     alphaR (m/s)   betaR  rho (g/cm^3)  alphaI     betaI

      0.00      1505.61      0.00     1.00       0.0000    0.0000
    101.20      1503.81      0.00     1.00       0.0000    0.0000
    202.50      1502.42      0.00     1.00       0.0000    0.0000
    303.70      1499.62      0.00     1.00       0.0000    0.0000
    404.90      1496.01      0.00     1.00       0.0000    0.0000
    506.20      1490.98      0.00     1.00       0.0000    0.0000
    607.40      1493.33      0.00     1.00       0.0000    0.0000
    708.70      1485.13      0.00     1.00       0.0000    0.0000
    809.90      1484.88      0.00     1.00       0.0000    0.0000
    911.10      1485.92      0.00     1.00       0.0000    0.0000
   1012.40      1480.12      0.00     1.00       0.0000    0.0000
   1113.60      1481.35      0.00     1.00       0.0000    0.0000
   1214.80      1483.62      0.00     1.00       0.0000    0.0000
   1316.10      1481.71      0.00     1.00       0.0000    0.0000
   1417.30      1482.69      0.00     1.00       0.0000    0.0000
   1518.50      1482.26      0.00     1.00       0.0000    0.0000
   1619.80      1484.67      0.00     1.00       0.0000    0.0000
   1721.00      1483.94      0.00     1.00       0.0000    0.0000
   1822.20      1484.57      0.00     1.00       0.0000    0.0000
   1923.50      1486.50      0.00     1.00       0.0000    0.0000
   2024.70      1487.87      0.00     1.00       0.0000    0.0000
   2126.00      1483.64      0.00     1.00       0.0000    0.0000
   2227.20      1488.13      0.00     1.00       0.0000    0.0000
   2328.40      1487.82      0.00     1.00       0.0000    0.0000
   2429.70      1490.28      0.00     1.00       0.0000    0.0000
   2530.90      1489.11      0.00     1.00       0.0000    0.0000
   2632.10      1492.07      0.00     1.00       0.0000    0.0000
   2733.40      1489.74      0.00     1.00       0.0000    0.0000
   2834.60      1488.04      0.00     1.00       0.0000    0.0000
   2935.80      1493.60      0.00     1.00       0.0000    0.0000
   3037.10      1491.39      0.00     1.00       0.0000    0.0000
   3138.30      1490.92      0.00     1.00       0.0000    0.0000
   3239.60      1493.95      0.00     1.00       0.0000    0.0000
   3340.80      1494.20      0.00     1.00       0.0000    0.0000
   3442.00      1496.43      0.00     1.00       0.0000    0.0000
   3543.30      1497.16      0.00     1.00       0.0000    0.0000
   3644.50      1496.60      0.00     1.00       0.0000    0.0000
   3745.70      1495.76      0.00     1.00       0.0000    0.0000
   3847.00      1498.16      0.00     1.00       0.0000    0.0000
   3948.20      1498.61      0.00     1.00       0.0000    0.0000
   4049.40      1499.85      0.00     1.00       0.0000    0.0000
   4150.70      1498.31      0.00     1.00       0.0000    0.0000
   4251.90      1499.66      0.00     1.00       0.0000    0.0000
   4353.10      1501.66      0.00     1.00       0.0000    0.0000
   4454.40      1503.40      0.00     1.00       0.0000    0.0000
   4555.60      1503.61      0.00     1.00       0.0000    0.0000
   4656.90      1502.92      0.00     1.00       0.0000    0.0000
   4758.10      1502.70      0.00     1.00       0.0000    0.0000
   4859.30      1504.67      0.00     1.00       0.0000    0.0000
   4960.60      1503.06      0.00     1.00       0.0000    0.0000
   5061.80      1504.10      0.00     1.00       0.0000    0.0000
   5163.00      1508.23      0.00     1.00       0.0000    0.0000
   5264.30      1507.20      0.00     1.00       0.0000    0.0000
   5365.50      1506.71      0.00     1.00       0.0000    0.0000

                                 ( RMS roughness =   0.00     )
     ACOUSTO-ELASTIC half-space
   5565.50      1600.00      0.00     1.80       0.0000    0.0000

 __________________________________________________________________________

 Number of Source   depths, Sz =            1
 Source   depths, Sz (m)
   165.700    


 __________________________________________________________________________

 Number of Receiver depths, Rz =           99
 Receiver depths, Rz (m)
   0.00000       63.4235       126.847       190.270       253.694    
   317.117       380.541       443.964       507.388       570.811    
          ... 
   6215.50    

 Warning in ReadSzRz : Receiver below or too near the bottom bdry has been moved up

 __________________________________________________________________________

 Number of Receiver ranges, Rr =          201
 Receiver ranges, Rr (km)
   0.00000      0.287000      0.574000      0.861000       1.14800    
   1.43500       1.72200       2.00900       2.29600       2.58300    
          ... 
   57.4000    


 Coherent TL calculation
 Geometric hat beams in Cartesian coordinates
 Point source (cylindrical coordinates)
 Rectilinear receiver grid: Receivers at Rr( : ) x Rz( : )
 __________________________________________________________________________

 Number of beams in elevation   =        11010
 Beam take-off angles (degrees)
  -82.5000      -82.4860      -82.4720      -82.4581      -82.4441    
  -82.4301      -82.4161      -82.4021      -82.3882      -82.3742    
          ... 
   71.4000    

 __________________________________________________________________________


 Step length,       deltas =   0.000     m

 Maximum ray depth, Box%z  =   6216.     m
 Maximum ray range, Box%r  =   50.00    km
 No beam shift in effect


 Step length,       deltas =   536.5     m (automatically selected)

Tracing beam       1    -82.50

 Geometric hat beams                     
 halfwidth  =    2044.5382766999608     
 epsilonOpt =  (  0.0000000000000000     ,  12595176415.263227     )
 EpsMult    =    1.0000000000000000     

Tracing beam     221    -79.42
Tracing beam     441    -76.35
Tracing beam     661    -73.27
Tracing beam     881    -70.20
Tracing beam    1101    -67.12
Tracing beam    1321    -64.05
Tracing beam    1541    -60.97
Tracing beam    1761    -57.90
Tracing beam    1981    -54.82
Tracing beam    2201    -51.75
Tracing beam    2421    -48.67
Tracing beam    2641    -45.59
Tracing beam    2861    -42.52
Tracing beam    3081    -39.44
Tracing beam    3301    -36.37
Tracing beam    3521    -33.29
Tracing beam    3741    -30.22
Tracing beam    3961    -27.14
Tracing beam    4181    -24.07
Tracing beam    4401    -20.99
Tracing beam    4621    -17.91
Tracing beam    4841    -14.84
Tracing beam    5061    -11.76
Tracing beam    5281     -8.69
Tracing beam    5501     -5.61
Tracing beam    5721     -2.54
Tracing beam    5941      0.54
Tracing beam    6161      3.61
Tracing beam    6381      6.69
Tracing beam    6601      9.76
Tracing beam    6821     12.84
Tracing beam    7041     15.92
Tracing beam    7261     18.99
Tracing beam    7481     22.07
Tracing beam    7701     25.14
Tracing beam    7921     28.22
Tracing beam    8141     31.29
Tracing beam    8361     34.37
Tracing beam    8581     37.44
Tracing beam    8801     40.52
Tracing beam    9021     43.59
Tracing beam    9241     46.67
Tracing beam    9461     49.75
Tracing beam    9681     52.82
Tracing beam    9901     55.90
Tracing beam   10121     58.97
Tracing beam   10341     62.05
Tracing beam   10561     65.12
Tracing beam   10781     68.20
Tracing beam   11001     71.27

 CPU Time =        1.58    s
