 BELLHOP/BELLHOP3D

 BELLHOP- Shallow Water Environment RAY Mode                                     
 frequency =   1577.     Hz

 Dummy parameter NMedia =            1

     Spline approximation to SSP
     Attenuation units: dB/mkHz
     VACUUM

 Depth =     437.30 m

 Sound speed profile:
   z (m)     alphaR (m/s)   betaR  rho (g/cm^3)  alphaI     betaI

      0.00      1510.45      0.00     1.00       0.0000    0.0000
     14.60      1507.40      0.00     1.00       0.0000    0.0000
     29.20      1509.11      0.00     1.00       0.0000    0.0000
     43.70      1506.01      0.00     1.00       0.0000    0.0000
     58.30      1505.31      0.00     1.00       0.0000    0.0000
     72.90      1506.23      0.00     1.00       0.0000    0.0000
     87.50      1504.86      0.00     1.00       0.0000    0.0000
    102.00      1512.55      0.00     1.00       0.0000    0.0000
    116.60      1506.14      0.00     1.00       0.0000    0.0000
    131.20      1508.19      0.00     1.00       0.0000    0.0000
    145.80      1509.17      0.00     1.00       0.0000    0.0000
    160.30      1506.06      0.00     1.00       0.0000    0.0000
    174.90      1505.01      0.00     1.00       0.0000    0.0000
    189.50      1504.52      0.00     1.00       0.0000    0.0000
    204.10      1502.87      0.00     1.00       0.0000    0.0000
    218.60      1506.76      0.00     1.00       0.0000    0.0000
    233.20      1503.71      0.00     1.00       0.0000    0.0000
    247.80      1502.99      0.00     1.00       0.0000    0.0000
    262.40      1499.94      0.00     1.00       0.0000    0.0000
    276.90      1500.45      0.00     1.00       0.0000    0.0000
    291.50      1504.27      0.00     1.00       0.0000    0.0000
    306.10      1502.00      0.00     1.00       0.0000    0.0000
    320.70      1502.78      0.00     1.00       0.0000    0.0000
    335.20      1502.08      0.00     1.00       0.0000    0.0000
    349.80      1498.51      0.00     1.00       0.0000    0.0000
    364.40      1503.15      0.00     1.00       0.0000    0.0000
    379.00      1501.94      0.00     1.00       0.0000    0.0000
    393.50      1497.68      0.00     1.00       0.0000    0.0000
    408.10      1492.69      0.00     1.00       0.0000    0.0000
    422.70      1497.03      0.00     1.00       0.0000    0.0000
    437.30      1497.45      0.00     1.00       0.0000    0.0000

                                 ( RMS roughness =   0.00     )
     ACOUSTO-ELASTIC half-space
    637.30      1600.00      0.00     1.80       0.0000    0.0000

 __________________________________________________________________________

 Number of Source   depths, Sz =            2
 Source   depths, Sz (m)
   247.800       289.900    


 __________________________________________________________________________

 Number of Receiver depths, Rz =           32
 Receiver depths, Rz (m)
   0.00000       41.5258       83.0516       124.577       166.103    
   207.629       249.155       290.681       332.206       373.732    
          ... 
   1287.30    

 Warning in ReadSzRz : Receiver below or too near the bottom bdry has been moved up

 __________________________________________________________________________

 Number of Receiver ranges, Rr =          201
 Receiver ranges, Rr (km)
   0.00000      0.260500      0.521000      0.781500       1.04200    
   1.30250       1.56300       1.82350       2.08400       2.34450    
          ... 
   52.1000    


 Ray trace run
 Geometric hat beams in Cartesian coordinates
 Point source (cylindrical coordinates)
 Rectilinear receiver grid: Receivers at Rr( : ) x Rz( : )
 __________________________________________________________________________

 Number of beams in elevation   =           33
 Beam take-off angles (degrees)
  -24.2000      -22.6875      -21.1750      -19.6625      -18.1500    
  -16.6375      -15.1250      -13.6125      -12.1000      -10.5875    
          ... 
   24.2000    

 __________________________________________________________________________


 Step length,       deltas =   0.000     m

 Maximum ray depth, Box%z  =   1287.     m
 Maximum ray range, Box%r  =   50.00    km
 No beam shift in effect


 Step length,       deltas =   43.73     m (automatically selected)

Tracing beam       1    -24.20
Tracing beam       2    -22.69
Tracing beam       3    -21.18
Tracing beam       4    -19.66
Tracing beam       5    -18.15
Tracing beam       6    -16.64
Tracing beam       7    -15.12
Tracing beam       8    -13.61
Tracing beam       9    -12.10
Tracing beam      10    -10.59
Tracing beam      11     -9.07
Tracing beam      12     -7.56
Tracing beam      13     -6.05
Tracing beam      14     -4.54
Tracing beam      15     -3.02
Tracing beam      16     -1.51
Tracing beam      17      0.00
Tracing beam      18      1.51
Tracing beam      19      3.02
Tracing beam      20      4.54
Tracing beam      21      6.05
Tracing beam      22      7.56
Tracing beam      23      9.07
Tracing beam      24     10.59
Tracing beam      25     12.10
Tracing beam      26     13.61
Tracing beam      27     15.12
Tracing beam      28     16.64
Tracing beam      29     18.15
Tracing beam      30     19.66
Tracing beam      31     21.18
Tracing beam      32     22.69
Tracing beam      33     24.20
Tracing beam       1    -24.20
Tracing beam       2    -22.69
Tracing beam       3    -21.18
Tracing beam       4    -19.66
Tracing beam       5    -18.15
Tracing beam       6    -16.64
Tracing beam       7    -15.12
Tracing beam       8    -13.61
Tracing beam       9    -12.10
Tracing beam      10    -10.59
Tracing beam      11     -9.07
Tracing beam      12     -7.56
Tracing beam      13     -6.05
Tracing beam      14     -4.54
Tracing beam      15     -3.02
Tracing beam      16     -1.51
Tracing beam      17      0.00
Tracing beam      18      1.51
Tracing beam      19      3.02
Tracing beam      20      4.54
Tracing beam      21      6.05
Tracing beam      22      7.56
Tracing beam      23      9.07
Tracing beam      24     10.59
Tracing beam      25     12.10
Tracing beam      26     13.61
Tracing beam      27     15.12
Tracing beam      28     16.64
Tracing beam      29     18.15
Tracing beam      30     19.66
Tracing beam      31     21.18
Tracing beam      32     22.69
Tracing beam      33     24.20

 CPU Time =       0.281    s
