 BELLHOP/BELLHOP3D

 BELLHOP- Shallow Water Environment ARR Mode                                     
 frequency =   1577.     Hz

 Dummy parameter NMedia =            1

     Spline approximation to SSP
     Attenuation units: dB/mkHz
     VACUUM

 Depth =     437.30 m

 Sound speed profile:
   z (m)     alphaR (m/s)   betaR  rho (g/cm^3)  alphaI     betaI

      0.00      1510.45      0.00     1.00       0.0000    0.0000
     14.60      1507.40      0.00     1.00       0.0000    0.0000
     29.20      1509.11      0.00     1.00       0.0000    0.0000
     43.70      1506.01      0.00     1.00       0.0000    0.0000
     58.30      1505.31      0.00     1.00       0.0000    0.0000
     72.90      1506.23      0.00     1.00       0.0000    0.0000
     87.50      1504.86      0.00     1.00       0.0000    0.0000
    102.00      1512.55      0.00     1.00       0.0000    0.0000
    116.60      1506.14      0.00     1.00       0.0000    0.0000
    131.20      1508.19      0.00     1.00       0.0000    0.0000
    145.80      1509.17      0.00     1.00       0.0000    0.0000
    160.30      1506.06      0.00     1.00       0.0000    0.0000
    174.90      1505.01      0.00     1.00       0.0000    0.0000
    189.50      1504.52      0.00     1.00       0.0000    0.0000
    204.10      1502.87      0.00     1.00       0.0000    0.0000
    218.60      1506.76      0.00     1.00       0.0000    0.0000
    233.20      1503.71      0.00     1.00       0.0000    0.0000
    247.80      1502.99      0.00     1.00       0.0000    0.0000
    262.40      1499.94      0.00     1.00       0.0000    0.0000
    276.90      1500.45      0.00     1.00       0.0000    0.0000
    291.50      1504.27      0.00     1.00       0.0000    0.0000
    306.10      1502.00      0.00     1.00       0.0000    0.0000
    320.70      1502.78      0.00     1.00       0.0000    0.0000
    335.20      1502.08      0.00     1.00       0.0000    0.0000
    349.80      1498.51      0.00     1.00       0.0000    0.0000
    364.40      1503.15      0.00     1.00       0.0000    0.0000
    379.00      1501.94      0.00     1.00       0.0000    0.0000
    393.50      1497.68      0.00     1.00       0.0000    0.0000
    408.10      1492.69      0.00     1.00       0.0000    0.0000
    422.70      1497.03      0.00     1.00       0.0000    0.0000
    437.30      1497.45      0.00     1.00       0.0000    0.0000

                                 ( RMS roughness =   0.00     )
     ACOUSTO-ELASTIC half-space
    637.30      1600.00      0.00     1.80       0.0000    0.0000

 __________________________________________________________________________

 Number of Source   depths, Sz =            1
 Source   depths, Sz (m)
   111.200    


 __________________________________________________________________________

 Number of Receiver depths, Rz =           36
 Receiver depths, Rz (m)
   0.00000       36.7800       73.5600       110.340       147.120    
   183.900       220.680       257.460       294.240       331.020    
          ... 
   1287.30    

 Warning in ReadSzRz : Receiver below or too near the bottom bdry has been moved up

 __________________________________________________________________________

 Number of Receiver ranges, Rr =          201
 Receiver ranges, Rr (km)
   0.00000      0.237500      0.475000      0.712500      0.950000    
   1.18750       1.42500       1.66250       1.90000       2.13750    
          ... 
   47.5000    


 Arrivals calculation, ASCII  file output
 Geometric hat beams in Cartesian coordinates
 Point source (cylindrical coordinates)
 Rectilinear receiver grid: Receivers at Rr( : ) x Rz( : )
 __________________________________________________________________________

 Number of beams in elevation   =           22
 Beam take-off angles (degrees)
  -18.3000      -16.5571      -14.8143      -13.0714      -11.3286    
  -9.58571      -7.84286      -6.10000      -4.35714      -2.61429    
          ... 
   18.3000    

 __________________________________________________________________________


 Step length,       deltas =   0.000     m

 Maximum ray depth, Box%z  =   1287.     m
 Maximum ray range, Box%r  =   50.00    km
 No beam shift in effect


 Step length,       deltas =   43.73     m (automatically selected)

 ( Maximum # of arrivals =         2763 )

Tracing beam       1    -18.30

 Geometric hat beams                     
 halfwidth  =    10.010209771770270     
 epsilonOpt =  (  0.0000000000000000     ,  496535.76196459937     )
 EpsMult    =    1.0000000000000000     

Tracing beam       2    -16.56
Tracing beam       3    -14.81
Tracing beam       4    -13.07
Tracing beam       5    -11.33
Tracing beam       6     -9.59
Tracing beam       7     -7.84
Tracing beam       8     -6.10
Tracing beam       9     -4.36
Tracing beam      10     -2.61
Tracing beam      11     -0.87
Tracing beam      12      0.87
Tracing beam      13      2.61
Tracing beam      14      4.36
Tracing beam      15      6.10
Tracing beam      16      7.84
Tracing beam      17      9.59
Tracing beam      18     11.33
Tracing beam      19     13.07
Tracing beam      20     14.81
Tracing beam      21     16.56
Tracing beam      22     18.30

 CPU Time =       0.219    s
