 BELLHOP/BELLHOP3D

 BELLHOP- Tropical Ocean Environment RAY Mode                                    
 frequency =   1690.     Hz

 Dummy parameter NMedia =            1

     Spline approximation to SSP
     Attenuation units: dB/mkHz
     VACUUM

 Depth =    3105.40 m

 Sound speed profile:
   z (m)     alphaR (m/s)   betaR  rho (g/cm^3)  alphaI     betaI

      0.00      1511.32      0.00     1.00       0.0000    0.0000
     75.70      1509.32      0.00     1.00       0.0000    0.0000
    151.50      1509.31      0.00     1.00       0.0000    0.0000
    227.20      1508.72      0.00     1.00       0.0000    0.0000
    303.00      1503.89      0.00     1.00       0.0000    0.0000
    378.70      1500.65      0.00     1.00       0.0000    0.0000
    454.50      1502.11      0.00     1.00       0.0000    0.0000
    530.20      1497.28      0.00     1.00       0.0000    0.0000
    605.90      1494.12      0.00     1.00       0.0000    0.0000
    681.70      1492.54      0.00     1.00       0.0000    0.0000
    757.40      1491.27      0.00     1.00       0.0000    0.0000
    833.20      1492.94      0.00     1.00       0.0000    0.0000
    908.90      1490.90      0.00     1.00       0.0000    0.0000
    984.70      1494.22      0.00     1.00       0.0000    0.0000
   1060.40      1483.27      0.00     1.00       0.0000    0.0000
   1136.10      1482.93      0.00     1.00       0.0000    0.0000
   1211.90      1485.70      0.00     1.00       0.0000    0.0000
   1287.60      1483.90      0.00     1.00       0.0000    0.0000
   1363.40      1482.91      0.00     1.00       0.0000    0.0000
   1439.10      1485.26      0.00     1.00       0.0000    0.0000
   1514.80      1488.02      0.00     1.00       0.0000    0.0000
   1590.60      1488.51      0.00     1.00       0.0000    0.0000
   1666.30      1491.13      0.00     1.00       0.0000    0.0000
   1742.10      1490.76      0.00     1.00       0.0000    0.0000
   1817.80      1493.12      0.00     1.00       0.0000    0.0000
   1893.60      1495.30      0.00     1.00       0.0000    0.0000
   1969.30      1493.91      0.00     1.00       0.0000    0.0000
   2045.00      1495.98      0.00     1.00       0.0000    0.0000
   2120.80      1493.57      0.00     1.00       0.0000    0.0000
   2196.50      1497.06      0.00     1.00       0.0000    0.0000
   2272.30      1496.45      0.00     1.00       0.0000    0.0000
   2348.00      1499.57      0.00     1.00       0.0000    0.0000
   2423.80      1500.75      0.00     1.00       0.0000    0.0000
   2499.50      1501.80      0.00     1.00       0.0000    0.0000
   2575.20      1501.78      0.00     1.00       0.0000    0.0000
   2651.00      1507.00      0.00     1.00       0.0000    0.0000
   2726.70      1502.70      0.00     1.00       0.0000    0.0000
   2802.50      1503.66      0.00     1.00       0.0000    0.0000
   2878.20      1509.19      0.00     1.00       0.0000    0.0000
   2954.00      1506.70      0.00     1.00       0.0000    0.0000
   3029.70      1507.39      0.00     1.00       0.0000    0.0000
   3105.40      1513.31      0.00     1.00       0.0000    0.0000

                                 ( RMS roughness =   0.00     )
     ACOUSTO-ELASTIC half-space
   3305.40      1600.00      0.00     1.80       0.0000    0.0000

 __________________________________________________________________________

 Number of Source   depths, Sz =            1
 Source   depths, Sz (m)
   185.500    


 __________________________________________________________________________

 Number of Receiver depths, Rz =           45
 Receiver depths, Rz (m)
   0.00000       89.8955       179.791       269.686       359.582    
   449.477       539.373       629.268       719.164       809.059    
          ... 
   3955.40    

 Warning in ReadSzRz : Receiver below or too near the bottom bdry has been moved up

 __________________________________________________________________________

 Number of Receiver ranges, Rr =          201
 Receiver ranges, Rr (km)
   0.00000      0.298000      0.596000      0.894000       1.19200    
   1.49000       1.78800       2.08600       2.38400       2.68200    
          ... 
   59.6000    


 Ray trace run
 Geometric hat beams in Cartesian coordinates
 Point source (cylindrical coordinates)
 Rectilinear receiver grid: Receivers at Rr( : ) x Rz( : )
 __________________________________________________________________________

 Number of beams in elevation   =           25
 Beam take-off angles (degrees)
  -19.7000      -18.0583      -16.4167      -14.7750      -13.1333    
  -11.4917      -9.85000      -8.20833      -6.56667      -4.92500    
          ... 
   19.7000    

 __________________________________________________________________________


 Step length,       deltas =   0.000     m

 Maximum ray depth, Box%z  =   3955.     m
 Maximum ray range, Box%r  =   50.00    km
 No beam shift in effect


 Step length,       deltas =   310.5     m (automatically selected)

Tracing beam       1    -19.70
Tracing beam       2    -18.06
Tracing beam       3    -16.42
Tracing beam       4    -14.77
Tracing beam       5    -13.13
Tracing beam       6    -11.49
Tracing beam       7     -9.85
Tracing beam       8     -8.21
Tracing beam       9     -6.57
Tracing beam      10     -4.93
Tracing beam      11     -3.28
Tracing beam      12     -1.64
Tracing beam      13      0.00
Tracing beam      14      1.64
Tracing beam      15      3.28
Tracing beam      16      4.93
Tracing beam      17      6.57
Tracing beam      18      8.21
Tracing beam      19      9.85
Tracing beam      20     11.49
Tracing beam      21     13.13
Tracing beam      22     14.78
Tracing beam      23     16.42
Tracing beam      24     18.06
Tracing beam      25     19.70

 CPU Time =       0.156E-01s
