 BELLHOP/BELLHOP3D

 BELLHOP- Tropical Ocean Environment ARR Mode                                    
 frequency =   1690.     Hz

 Dummy parameter NMedia =            1

     Spline approximation to SSP
     Attenuation units: dB/mkHz
     VACUUM

 Depth =    3105.40 m

 Sound speed profile:
   z (m)     alphaR (m/s)   betaR  rho (g/cm^3)  alphaI     betaI

      0.00      1511.32      0.00     1.00       0.0000    0.0000
     75.70      1509.32      0.00     1.00       0.0000    0.0000
    151.50      1509.31      0.00     1.00       0.0000    0.0000
    227.20      1508.72      0.00     1.00       0.0000    0.0000
    303.00      1503.89      0.00     1.00       0.0000    0.0000
    378.70      1500.65      0.00     1.00       0.0000    0.0000
    454.50      1502.11      0.00     1.00       0.0000    0.0000
    530.20      1497.28      0.00     1.00       0.0000    0.0000
    605.90      1494.12      0.00     1.00       0.0000    0.0000
    681.70      1492.54      0.00     1.00       0.0000    0.0000
    757.40      1491.27      0.00     1.00       0.0000    0.0000
    833.20      1492.94      0.00     1.00       0.0000    0.0000
    908.90      1490.90      0.00     1.00       0.0000    0.0000
    984.70      1494.22      0.00     1.00       0.0000    0.0000
   1060.40      1483.27      0.00     1.00       0.0000    0.0000
   1136.10      1482.93      0.00     1.00       0.0000    0.0000
   1211.90      1485.70      0.00     1.00       0.0000    0.0000
   1287.60      1483.90      0.00     1.00       0.0000    0.0000
   1363.40      1482.91      0.00     1.00       0.0000    0.0000
   1439.10      1485.26      0.00     1.00       0.0000    0.0000
   1514.80      1488.02      0.00     1.00       0.0000    0.0000
   1590.60      1488.51      0.00     1.00       0.0000    0.0000
   1666.30      1491.13      0.00     1.00       0.0000    0.0000
   1742.10      1490.76      0.00     1.00       0.0000    0.0000
   1817.80      1493.12      0.00     1.00       0.0000    0.0000
   1893.60      1495.30      0.00     1.00       0.0000    0.0000
   1969.30      1493.91      0.00     1.00       0.0000    0.0000
   2045.00      1495.98      0.00     1.00       0.0000    0.0000
   2120.80      1493.57      0.00     1.00       0.0000    0.0000
   2196.50      1497.06      0.00     1.00       0.0000    0.0000
   2272.30      1496.45      0.00     1.00       0.0000    0.0000
   2348.00      1499.57      0.00     1.00       0.0000    0.0000
   2423.80      1500.75      0.00     1.00       0.0000    0.0000
   2499.50      1501.80      0.00     1.00       0.0000    0.0000
   2575.20      1501.78      0.00     1.00       0.0000    0.0000
   2651.00      1507.00      0.00     1.00       0.0000    0.0000
   2726.70      1502.70      0.00     1.00       0.0000    0.0000
   2802.50      1503.66      0.00     1.00       0.0000    0.0000
   2878.20      1509.19      0.00     1.00       0.0000    0.0000
   2954.00      1506.70      0.00     1.00       0.0000    0.0000
   3029.70      1507.39      0.00     1.00       0.0000    0.0000
   3105.40      1513.31      0.00     1.00       0.0000    0.0000

                                 ( RMS roughness =   0.00     )
     ACOUSTO-ELASTIC half-space
   3305.40      1600.00      0.00     1.80       0.0000    0.0000

 __________________________________________________________________________

 Number of Source   depths, Sz =            3
 Source   depths, Sz (m)
   216.500       243.300       289.800    


 __________________________________________________________________________

 Number of Receiver depths, Rz =           32
 Receiver depths, Rz (m)
   0.00000       127.594       255.187       382.781       510.374    
   637.968       765.561       893.155       1020.75       1148.34    
          ... 
   3955.40    

 Warning in ReadSzRz : Receiver below or too near the bottom bdry has been moved up

 __________________________________________________________________________

 Number of Receiver ranges, Rr =          201
 Receiver ranges, Rr (km)
   0.00000      0.280000      0.560000      0.840000       1.12000    
   1.40000       1.68000       1.96000       2.24000       2.52000    
          ... 
   56.0000    


 Arrivals calculation, ASCII  file output
 Geometric hat beams in Cartesian coordinates
 Point source (cylindrical coordinates)
 Rectilinear receiver grid: Receivers at Rr( : ) x Rz( : )
 __________________________________________________________________________

 Number of beams in elevation   =           37
 Beam take-off angles (degrees)
  -17.8000      -16.8111      -15.8222      -14.8333      -13.8444    
  -12.8556      -11.8667      -10.8778      -9.88889      -8.90000    
          ... 
   17.8000    

 __________________________________________________________________________


 Step length,       deltas =   0.000     m

 Maximum ray depth, Box%z  =   3955.     m
 Maximum ray range, Box%r  =   50.00    km
 No beam shift in effect


 Step length,       deltas =   310.5     m (automatically selected)

 ( Maximum # of arrivals =         3109 )

Tracing beam       1    -17.80

 Geometric hat beams                     
 halfwidth  =    16.463205014243368     
 epsilonOpt =  (  0.0000000000000000     ,  1439440.8409339166     )
 EpsMult    =    1.0000000000000000     

Tracing beam       2    -16.81
Tracing beam       3    -15.82
Tracing beam       4    -14.83
Tracing beam       5    -13.84
Tracing beam       6    -12.86
Tracing beam       7    -11.87
Tracing beam       8    -10.88
Tracing beam       9     -9.89
Tracing beam      10     -8.90
Tracing beam      11     -7.91
Tracing beam      12     -6.92
Tracing beam      13     -5.93
Tracing beam      14     -4.94
Tracing beam      15     -3.96
Tracing beam      16     -2.97
Tracing beam      17     -1.98
Tracing beam      18     -0.99
Tracing beam      19      0.00
Tracing beam      20      0.99
Tracing beam      21      1.98
Tracing beam      22      2.97
Tracing beam      23      3.96
Tracing beam      24      4.94
Tracing beam      25      5.93
Tracing beam      26      6.92
Tracing beam      27      7.91
Tracing beam      28      8.90
Tracing beam      29      9.89
Tracing beam      30     10.88
Tracing beam      31     11.87
Tracing beam      32     12.86
Tracing beam      33     13.84
Tracing beam      34     14.83
Tracing beam      35     15.82
Tracing beam      36     16.81
Tracing beam      37     17.80
Tracing beam       1    -17.80
Tracing beam       2    -16.81
Tracing beam       3    -15.82
Tracing beam       4    -14.83
Tracing beam       5    -13.84
Tracing beam       6    -12.86
Tracing beam       7    -11.87
Tracing beam       8    -10.88
Tracing beam       9     -9.89
Tracing beam      10     -8.90
Tracing beam      11     -7.91
Tracing beam      12     -6.92
Tracing beam      13     -5.93
Tracing beam      14     -4.94
Tracing beam      15     -3.96
Tracing beam      16     -2.97
Tracing beam      17     -1.98
Tracing beam      18     -0.99
Tracing beam      19      0.00
Tracing beam      20      0.99
Tracing beam      21      1.98
Tracing beam      22      2.97
Tracing beam      23      3.96
Tracing beam      24      4.94
Tracing beam      25      5.93
Tracing beam      26      6.92
Tracing beam      27      7.91
Tracing beam      28      8.90
Tracing beam      29      9.89
Tracing beam      30     10.88
Tracing beam      31     11.87
Tracing beam      32     12.86
Tracing beam      33     13.84
Tracing beam      34     14.83
Tracing beam      35     15.82
Tracing beam      36     16.81
Tracing beam      37     17.80
Tracing beam       1    -17.80
Tracing beam       2    -16.81
Tracing beam       3    -15.82
Tracing beam       4    -14.83
Tracing beam       5    -13.84
Tracing beam       6    -12.86
Tracing beam       7    -11.87
Tracing beam       8    -10.88
Tracing beam       9     -9.89
Tracing beam      10     -8.90
Tracing beam      11     -7.91
Tracing beam      12     -6.92
Tracing beam      13     -5.93
Tracing beam      14     -4.94
Tracing beam      15     -3.96
Tracing beam      16     -2.97
Tracing beam      17     -1.98
Tracing beam      18     -0.99
Tracing beam      19      0.00
Tracing beam      20      0.99
Tracing beam      21      1.98
Tracing beam      22      2.97
Tracing beam      23      3.96
Tracing beam      24      4.94
Tracing beam      25      5.93
Tracing beam      26      6.92
Tracing beam      27      7.91
Tracing beam      28      8.90
Tracing beam      29      9.89
Tracing beam      30     10.88
Tracing beam      31     11.87
Tracing beam      32     12.86
Tracing beam      33     13.84
Tracing beam      34     14.83
Tracing beam      35     15.82
Tracing beam      36     16.81
Tracing beam      37     17.80

 CPU Time =       0.297    s
