 BELLHOP/BELLHOP3D

 BELLHOP- Polar Ocean Environment SHD Mode                                       
 frequency =   988.4     Hz

 Dummy parameter NMedia =            1

     Spline approximation to SSP
     Attenuation units: dB/mkHz
     VACUUM

 Depth =    2621.60 m

 Sound speed profile:
   z (m)     alphaR (m/s)   betaR  rho (g/cm^3)  alphaI     betaI

      0.00      1467.87      0.00     1.00       0.0000    0.0000
     70.90      1463.53      0.00     1.00       0.0000    0.0000
    141.70      1464.16      0.00     1.00       0.0000    0.0000
    212.60      1465.17      0.00     1.00       0.0000    0.0000
    283.40      1460.92      0.00     1.00       0.0000    0.0000
    354.30      1460.00      0.00     1.00       0.0000    0.0000
    425.10      1460.00      0.00     1.00       0.0000    0.0000
    496.00      1460.00      0.00     1.00       0.0000    0.0000
    566.80      1460.00      0.00     1.00       0.0000    0.0000
    637.70      1460.00      0.00     1.00       0.0000    0.0000
    708.50      1460.00      0.00     1.00       0.0000    0.0000
    779.40      1460.00      0.00     1.00       0.0000    0.0000
    850.20      1460.00      0.00     1.00       0.0000    0.0000
    921.10      1460.00      0.00     1.00       0.0000    0.0000
    992.00      1460.00      0.00     1.00       0.0000    0.0000
   1062.80      1460.00      0.00     1.00       0.0000    0.0000
   1133.70      1460.00      0.00     1.00       0.0000    0.0000
   1204.50      1460.00      0.00     1.00       0.0000    0.0000
   1275.40      1460.00      0.00     1.00       0.0000    0.0000
   1346.20      1460.00      0.00     1.00       0.0000    0.0000
   1417.10      1460.00      0.00     1.00       0.0000    0.0000
   1487.90      1461.52      0.00     1.00       0.0000    0.0000
   1558.80      1460.99      0.00     1.00       0.0000    0.0000
   1629.60      1462.23      0.00     1.00       0.0000    0.0000
   1700.50      1464.86      0.00     1.00       0.0000    0.0000
   1771.30      1463.66      0.00     1.00       0.0000    0.0000
   1842.20      1466.10      0.00     1.00       0.0000    0.0000
   1913.10      1465.42      0.00     1.00       0.0000    0.0000
   1983.90      1466.56      0.00     1.00       0.0000    0.0000
   2054.80      1468.04      0.00     1.00       0.0000    0.0000
   2125.60      1469.98      0.00     1.00       0.0000    0.0000
   2196.50      1472.00      0.00     1.00       0.0000    0.0000
   2267.30      1471.36      0.00     1.00       0.0000    0.0000
   2338.20      1469.98      0.00     1.00       0.0000    0.0000
   2409.00      1474.18      0.00     1.00       0.0000    0.0000
   2479.90      1477.92      0.00     1.00       0.0000    0.0000
   2550.70      1475.41      0.00     1.00       0.0000    0.0000
   2621.60      1473.70      0.00     1.00       0.0000    0.0000

                                 ( RMS roughness =   0.00     )
     ACOUSTO-ELASTIC half-space
   2821.60      1600.00      0.00     1.80       0.0000    0.0000

 __________________________________________________________________________

 Number of Source   depths, Sz =            1
 Source   depths, Sz (m)
   122.100    


 __________________________________________________________________________

 Number of Receiver depths, Rz =           72
 Receiver depths, Rz (m)
   0.00000       48.8958       97.7915       146.687       195.583    
   244.479       293.375       342.270       391.166       440.062    
          ... 
   3471.60    

 Warning in ReadSzRz : Receiver below or too near the bottom bdry has been moved up

 __________________________________________________________________________

 Number of Receiver ranges, Rr =          201
 Receiver ranges, Rr (km)
   0.00000      0.289500      0.579000      0.868500       1.15800    
   1.44750       1.73700       2.02650       2.31600       2.60550    
          ... 
   57.9000    


 Coherent TL calculation
 Geometric hat beams in Cartesian coordinates
 Point source (cylindrical coordinates)
 Rectilinear receiver grid: Receivers at Rr( : ) x Rz( : )
 __________________________________________________________________________

 Number of beams in elevation   =        11445
 Beam take-off angles (degrees)
  -78.2000      -78.1856      -78.1712      -78.1568      -78.1424    
  -78.1280      -78.1136      -78.0993      -78.0849      -78.0705    
          ... 
   86.5000    

 __________________________________________________________________________


 Step length,       deltas =   0.000     m

 Maximum ray depth, Box%z  =   3472.     m
 Maximum ray range, Box%r  =   50.00    km
 No beam shift in effect


 Step length,       deltas =   262.2     m (automatically selected)

Tracing beam       1    -78.20

 Geometric hat beams                     
 halfwidth  =    1876.5751469841939     
 epsilonOpt =  (  0.0000000000000000     ,  10934892806.296919     )
 EpsMult    =    1.0000000000000000     

Tracing beam     229    -74.92
Tracing beam     457    -71.64
Tracing beam     685    -68.36
Tracing beam     913    -65.07
Tracing beam    1141    -61.79
Tracing beam    1369    -58.51
Tracing beam    1597    -55.23
Tracing beam    1825    -51.95
Tracing beam    2053    -48.67
Tracing beam    2281    -45.39
Tracing beam    2509    -42.11
Tracing beam    2737    -38.82
Tracing beam    2965    -35.54
Tracing beam    3193    -32.26
Tracing beam    3421    -28.98
Tracing beam    3649    -25.70
Tracing beam    3877    -22.42
Tracing beam    4105    -19.14
Tracing beam    4333    -15.85
Tracing beam    4561    -12.57
Tracing beam    4789     -9.29
Tracing beam    5017     -6.01
Tracing beam    5245     -2.73
Tracing beam    5473      0.55
Tracing beam    5701      3.83
Tracing beam    5929      7.11
Tracing beam    6157     10.40
Tracing beam    6385     13.68
Tracing beam    6613     16.96
Tracing beam    6841     20.24
Tracing beam    7069     23.52
Tracing beam    7297     26.80
Tracing beam    7525     30.08
Tracing beam    7753     33.37
Tracing beam    7981     36.65
Tracing beam    8209     39.93
Tracing beam    8437     43.21
Tracing beam    8665     46.49
Tracing beam    8893     49.77
Tracing beam    9121     53.05
Tracing beam    9349     56.33
Tracing beam    9577     59.62
Tracing beam    9805     62.90
Tracing beam   10033     66.18
Tracing beam   10261     69.46
Tracing beam   10489     72.74
Tracing beam   10717     76.02
Tracing beam   10945     79.30
Tracing beam   11173     82.59
Tracing beam   11401     85.87

 CPU Time =        1.23    s
