 BELLHOP/BELLHOP3D

 BELLHOP- Polar Ocean Environment RAY Mode                                       
 frequency =   988.4     Hz

 Dummy parameter NMedia =            1

     Spline approximation to SSP
     Attenuation units: dB/mkHz
     VACUUM

 Depth =    2621.60 m

 Sound speed profile:
   z (m)     alphaR (m/s)   betaR  rho (g/cm^3)  alphaI     betaI

      0.00      1467.87      0.00     1.00       0.0000    0.0000
     70.90      1463.53      0.00     1.00       0.0000    0.0000
    141.70      1464.16      0.00     1.00       0.0000    0.0000
    212.60      1465.17      0.00     1.00       0.0000    0.0000
    283.40      1460.92      0.00     1.00       0.0000    0.0000
    354.30      1460.00      0.00     1.00       0.0000    0.0000
    425.10      1460.00      0.00     1.00       0.0000    0.0000
    496.00      1460.00      0.00     1.00       0.0000    0.0000
    566.80      1460.00      0.00     1.00       0.0000    0.0000
    637.70      1460.00      0.00     1.00       0.0000    0.0000
    708.50      1460.00      0.00     1.00       0.0000    0.0000
    779.40      1460.00      0.00     1.00       0.0000    0.0000
    850.20      1460.00      0.00     1.00       0.0000    0.0000
    921.10      1460.00      0.00     1.00       0.0000    0.0000
    992.00      1460.00      0.00     1.00       0.0000    0.0000
   1062.80      1460.00      0.00     1.00       0.0000    0.0000
   1133.70      1460.00      0.00     1.00       0.0000    0.0000
   1204.50      1460.00      0.00     1.00       0.0000    0.0000
   1275.40      1460.00      0.00     1.00       0.0000    0.0000
   1346.20      1460.00      0.00     1.00       0.0000    0.0000
   1417.10      1460.00      0.00     1.00       0.0000    0.0000
   1487.90      1461.52      0.00     1.00       0.0000    0.0000
   1558.80      1460.99      0.00     1.00       0.0000    0.0000
   1629.60      1462.23      0.00     1.00       0.0000    0.0000
   1700.50      1464.86      0.00     1.00       0.0000    0.0000
   1771.30      1463.66      0.00     1.00       0.0000    0.0000
   1842.20      1466.10      0.00     1.00       0.0000    0.0000
   1913.10      1465.42      0.00     1.00       0.0000    0.0000
   1983.90      1466.56      0.00     1.00       0.0000    0.0000
   2054.80      1468.04      0.00     1.00       0.0000    0.0000
   2125.60      1469.98      0.00     1.00       0.0000    0.0000
   2196.50      1472.00      0.00     1.00       0.0000    0.0000
   2267.30      1471.36      0.00     1.00       0.0000    0.0000
   2338.20      1469.98      0.00     1.00       0.0000    0.0000
   2409.00      1474.18      0.00     1.00       0.0000    0.0000
   2479.90      1477.92      0.00     1.00       0.0000    0.0000
   2550.70      1475.41      0.00     1.00       0.0000    0.0000
   2621.60      1473.70      0.00     1.00       0.0000    0.0000

                                 ( RMS roughness =   0.00     )
     ACOUSTO-ELASTIC half-space
   2821.60      1600.00      0.00     1.80       0.0000    0.0000

 __________________________________________________________________________

 Number of Source   depths, Sz =            3
 Source   depths, Sz (m)
   31.4000       98.2000       106.000    


 __________________________________________________________________________

 Number of Receiver depths, Rz =           37
 Receiver depths, Rz (m)
   0.00000       96.4333       192.867       289.300       385.733    
   482.167       578.600       675.033       771.467       867.900    
          ... 
   3471.60    

 Warning in ReadSzRz : Receiver below or too near the bottom bdry has been moved up

 __________________________________________________________________________

 Number of Receiver ranges, Rr =          201
 Receiver ranges, Rr (km)
   0.00000      0.273500      0.547000      0.820500       1.09400    
   1.36750       1.64100       1.91450       2.18800       2.46150    
          ... 
   54.7000    


 Ray trace run
 Geometric hat beams in Cartesian coordinates
 Point source (cylindrical coordinates)
 Rectilinear receiver grid: Receivers at Rr( : ) x Rz( : )
 __________________________________________________________________________

 Number of beams in elevation   =           24
 Beam take-off angles (degrees)
  -20.4000      -18.6261      -16.8522      -15.0783      -13.3043    
  -11.5304      -9.75652      -7.98261      -6.20870      -4.43478    
          ... 
   20.4000    

 __________________________________________________________________________


 Step length,       deltas =   0.000     m

 Maximum ray depth, Box%z  =   3472.     m
 Maximum ray range, Box%r  =   50.00    km
 No beam shift in effect


 Step length,       deltas =   262.2     m (automatically selected)

Tracing beam       1    -20.40
Tracing beam       2    -18.63
Tracing beam       3    -16.85
Tracing beam       4    -15.08
Tracing beam       5    -13.30
Tracing beam       6    -11.53
Tracing beam       7     -9.76
Tracing beam       8     -7.98
Tracing beam       9     -6.21
Tracing beam      10     -4.43
Tracing beam      11     -2.66
Tracing beam      12     -0.89
Tracing beam      13      0.89
Tracing beam      14      2.66
Tracing beam      15      4.43
Tracing beam      16      6.21
Tracing beam      17      7.98
Tracing beam      18      9.76
Tracing beam      19     11.53
Tracing beam      20     13.30
Tracing beam      21     15.08
Tracing beam      22     16.85
Tracing beam      23     18.63
Tracing beam      24     20.40
Tracing beam       1    -20.40
Tracing beam       2    -18.63
Tracing beam       3    -16.85
Tracing beam       4    -15.08
Tracing beam       5    -13.30
Tracing beam       6    -11.53
Tracing beam       7     -9.76
Tracing beam       8     -7.98
Tracing beam       9     -6.21
Tracing beam      10     -4.43
Tracing beam      11     -2.66
Tracing beam      12     -0.89
Tracing beam      13      0.89
Tracing beam      14      2.66
Tracing beam      15      4.43
Tracing beam      16      6.21
Tracing beam      17      7.98
Tracing beam      18      9.76
Tracing beam      19     11.53
Tracing beam      20     13.30
Tracing beam      21     15.08
Tracing beam      22     16.85
Tracing beam      23     18.63
Tracing beam      24     20.40
Tracing beam       1    -20.40
Tracing beam       2    -18.63
Tracing beam       3    -16.85
Tracing beam       4    -15.08
Tracing beam       5    -13.30
Tracing beam       6    -11.53
Tracing beam       7     -9.76
Tracing beam       8     -7.98
Tracing beam       9     -6.21
Tracing beam      10     -4.43
Tracing beam      11     -2.66
Tracing beam      12     -0.89
Tracing beam      13      0.89
Tracing beam      14      2.66
Tracing beam      15      4.43
Tracing beam      16      6.21
Tracing beam      17      7.98
Tracing beam      18      9.76
Tracing beam      19     11.53
Tracing beam      20     13.30
Tracing beam      21     15.08
Tracing beam      22     16.85
Tracing beam      23     18.63
Tracing beam      24     20.40

 CPU Time =       0.469E-01s
