 BELLHOP/BELLHOP3D

 BELLHOP- Continental Shelf Environment ARR Mode                                 
 frequency =   1209.     Hz

 Dummy parameter NMedia =            1

     Spline approximation to SSP
     Attenuation units: dB/mkHz
     VACUUM

 Depth =    1081.70 m

 Sound speed profile:
   z (m)     alphaR (m/s)   betaR  rho (g/cm^3)  alphaI     betaI

      0.00      1502.59      0.00     1.00       0.0000    0.0000
     43.30      1500.01      0.00     1.00       0.0000    0.0000
     86.50      1498.78      0.00     1.00       0.0000    0.0000
    129.80      1501.56      0.00     1.00       0.0000    0.0000
    173.10      1499.91      0.00     1.00       0.0000    0.0000
    216.30      1500.49      0.00     1.00       0.0000    0.0000
    259.60      1498.08      0.00     1.00       0.0000    0.0000
    302.90      1494.64      0.00     1.00       0.0000    0.0000
    346.20      1493.35      0.00     1.00       0.0000    0.0000
    389.40      1493.46      0.00     1.00       0.0000    0.0000
    432.70      1492.04      0.00     1.00       0.0000    0.0000
    476.00      1489.06      0.00     1.00       0.0000    0.0000
    519.20      1488.33      0.00     1.00       0.0000    0.0000
    562.50      1490.25      0.00     1.00       0.0000    0.0000
    605.80      1485.48      0.00     1.00       0.0000    0.0000
    649.00      1488.20      0.00     1.00       0.0000    0.0000
    692.30      1486.05      0.00     1.00       0.0000    0.0000
    735.60      1486.14      0.00     1.00       0.0000    0.0000
    778.90      1481.87      0.00     1.00       0.0000    0.0000
    822.10      1481.93      0.00     1.00       0.0000    0.0000
    865.40      1480.99      0.00     1.00       0.0000    0.0000
    908.70      1482.94      0.00     1.00       0.0000    0.0000
    951.90      1480.10      0.00     1.00       0.0000    0.0000
    995.20      1481.86      0.00     1.00       0.0000    0.0000
   1038.50      1495.16      0.00     1.00       0.0000    0.0000
   1081.70      1495.00      0.00     1.00       0.0000    0.0000

                                 ( RMS roughness =   0.00     )
     ACOUSTO-ELASTIC half-space
   1281.70      1600.00      0.00     1.80       0.0000    0.0000

 __________________________________________________________________________

 Number of Source   depths, Sz =            3
 Source   depths, Sz (m)
   65.5000       264.400       290.100    


 __________________________________________________________________________

 Number of Receiver depths, Rz =           42
 Receiver depths, Rz (m)
   0.00000       47.1146       94.2293       141.344       188.459    
   235.573       282.688       329.802       376.917       424.032    
          ... 
   1931.70    

 Warning in ReadSzRz : Receiver below or too near the bottom bdry has been moved up

 __________________________________________________________________________

 Number of Receiver ranges, Rr =          201
 Receiver ranges, Rr (km)
   0.00000      0.216500      0.433000      0.649500      0.866000    
   1.08250       1.29900       1.51550       1.73200       1.94850    
          ... 
   43.3000    


 Arrivals calculation, ASCII  file output
 Geometric hat beams in Cartesian coordinates
 Point source (cylindrical coordinates)
 Rectilinear receiver grid: Receivers at Rr( : ) x Rz( : )
 __________________________________________________________________________

 Number of beams in elevation   =           28
 Beam take-off angles (degrees)
  -10.5000      -9.72222      -8.94444      -8.16667      -7.38889    
  -6.61111      -5.83333      -5.05556      -4.27778      -3.50000    
          ... 
   10.5000    

 __________________________________________________________________________


 Step length,       deltas =   0.000     m

 Maximum ray depth, Box%z  =   1932.     m
 Maximum ray range, Box%r  =   50.00    km
 No beam shift in effect


 Step length,       deltas =   108.2     m (automatically selected)

 ( Maximum # of arrivals =         2369 )

Tracing beam       1    -10.50

 Geometric hat beams                     
 halfwidth  =    29.075952617402240     
 epsilonOpt =  (  0.0000000000000000     ,  3210231.1142815026     )
 EpsMult    =    1.0000000000000000     

Tracing beam       2     -9.72
Tracing beam       3     -8.94
Tracing beam       4     -8.17
Tracing beam       5     -7.39
Tracing beam       6     -6.61
Tracing beam       7     -5.83
Tracing beam       8     -5.06
Tracing beam       9     -4.28
Tracing beam      10     -3.50
Tracing beam      11     -2.72
Tracing beam      12     -1.94
Tracing beam      13     -1.17
Tracing beam      14     -0.39
Tracing beam      15      0.39
Tracing beam      16      1.17
Tracing beam      17      1.94
Tracing beam      18      2.72
Tracing beam      19      3.50
Tracing beam      20      4.28
Tracing beam      21      5.06
Tracing beam      22      5.83
Tracing beam      23      6.61
Tracing beam      24      7.39
Tracing beam      25      8.17
Tracing beam      26      8.94
Tracing beam      27      9.72
Tracing beam      28     10.50
Tracing beam       1    -10.50
Tracing beam       2     -9.72
Tracing beam       3     -8.94
Tracing beam       4     -8.17
Tracing beam       5     -7.39
Tracing beam       6     -6.61
Tracing beam       7     -5.83
Tracing beam       8     -5.06
Tracing beam       9     -4.28
Tracing beam      10     -3.50
Tracing beam      11     -2.72
Tracing beam      12     -1.94
Tracing beam      13     -1.17
Tracing beam      14     -0.39
Tracing beam      15      0.39
Tracing beam      16      1.17
Tracing beam      17      1.94
Tracing beam      18      2.72
Tracing beam      19      3.50
Tracing beam      20      4.28
Tracing beam      21      5.06
Tracing beam      22      5.83
Tracing beam      23      6.61
Tracing beam      24      7.39
Tracing beam      25      8.17
Tracing beam      26      8.94
Tracing beam      27      9.72
Tracing beam      28     10.50
Tracing beam       1    -10.50
Tracing beam       2     -9.72
Tracing beam       3     -8.94
Tracing beam       4     -8.17
Tracing beam       5     -7.39
Tracing beam       6     -6.61
Tracing beam       7     -5.83
Tracing beam       8     -5.06
Tracing beam       9     -4.28
Tracing beam      10     -3.50
Tracing beam      11     -2.72
Tracing beam      12     -1.94
Tracing beam      13     -1.17
Tracing beam      14     -0.39
Tracing beam      15      0.39
Tracing beam      16      1.17
Tracing beam      17      1.94
Tracing beam      18      2.72
Tracing beam      19      3.50
Tracing beam      20      4.28
Tracing beam      21      5.06
Tracing beam      22      5.83
Tracing beam      23      6.61
Tracing beam      24      7.39
Tracing beam      25      8.17
Tracing beam      26      8.94
Tracing beam      27      9.72
Tracing beam      28     10.50

 CPU Time =       0.531    s
