 BELLHOP/BELLHOP3D

 BELLHOP- Mixed Layer Environment SHD Mode                                       
 frequency =   1118.     Hz

 Dummy parameter NMedia =            1

     Spline approximation to SSP
     Attenuation units: dB/mkHz
     VACUUM

 Depth =    1539.00 m

 Sound speed profile:
   z (m)     alphaR (m/s)   betaR  rho (g/cm^3)  alphaI     betaI

      0.00      1513.60      0.00     1.00       0.0000    0.0000
     53.10      1512.53      0.00     1.00       0.0000    0.0000
    106.10      1514.54      0.00     1.00       0.0000    0.0000
    159.20      1510.95      0.00     1.00       0.0000    0.0000
    212.30      1510.34      0.00     1.00       0.0000    0.0000
    265.30      1507.86      0.00     1.00       0.0000    0.0000
    318.40      1505.64      0.00     1.00       0.0000    0.0000
    371.50      1503.02      0.00     1.00       0.0000    0.0000
    424.60      1503.10      0.00     1.00       0.0000    0.0000
    477.60      1500.19      0.00     1.00       0.0000    0.0000
    530.70      1499.12      0.00     1.00       0.0000    0.0000
    583.80      1500.01      0.00     1.00       0.0000    0.0000
    636.80      1498.06      0.00     1.00       0.0000    0.0000
    689.90      1494.48      0.00     1.00       0.0000    0.0000
    743.00      1495.47      0.00     1.00       0.0000    0.0000
    796.00      1494.29      0.00     1.00       0.0000    0.0000
    849.10      1495.95      0.00     1.00       0.0000    0.0000
    902.20      1494.94      0.00     1.00       0.0000    0.0000
    955.20      1490.21      0.00     1.00       0.0000    0.0000
   1008.30      1495.57      0.00     1.00       0.0000    0.0000
   1061.40      1497.48      0.00     1.00       0.0000    0.0000
   1114.40      1497.71      0.00     1.00       0.0000    0.0000
   1167.50      1497.67      0.00     1.00       0.0000    0.0000
   1220.60      1503.09      0.00     1.00       0.0000    0.0000
   1273.70      1501.74      0.00     1.00       0.0000    0.0000
   1326.70      1505.02      0.00     1.00       0.0000    0.0000
   1379.80      1505.38      0.00     1.00       0.0000    0.0000
   1432.90      1505.35      0.00     1.00       0.0000    0.0000
   1485.90      1505.08      0.00     1.00       0.0000    0.0000
   1539.00      1507.21      0.00     1.00       0.0000    0.0000

                                 ( RMS roughness =   0.00     )
     ACOUSTO-ELASTIC half-space
   1739.00      1600.00      0.00     1.80       0.0000    0.0000

 __________________________________________________________________________

 Number of Source   depths, Sz =            1
 Source   depths, Sz (m)
   105.700    


 __________________________________________________________________________

 Number of Receiver depths, Rz =           89
 Receiver depths, Rz (m)
   0.00000       27.1477       54.2955       81.4432       108.591    
   135.739       162.886       190.034       217.182       244.330    
          ... 
   2389.00    

 Warning in ReadSzRz : Receiver below or too near the bottom bdry has been moved up

 __________________________________________________________________________

 Number of Receiver ranges, Rr =          201
 Receiver ranges, Rr (km)
   0.00000      0.296000      0.592000      0.888000       1.18400    
   1.48000       1.77600       2.07200       2.36800       2.66400    
          ... 
   59.2000    


 Coherent TL calculation
 Geometric hat beams in Cartesian coordinates
 Point source (cylindrical coordinates)
 Rectilinear receiver grid: Receivers at Rr( : ) x Rz( : )
 __________________________________________________________________________

 Number of beams in elevation   =        13239
 Beam take-off angles (degrees)
  -70.2000      -70.1893      -70.1787      -70.1680      -70.1574    
  -70.1467      -70.1361      -70.1254      -70.1148      -70.1041    
          ... 
   70.8000    

 __________________________________________________________________________


 Step length,       deltas =   0.000     m

 Maximum ray depth, Box%z  =   2389.     m
 Maximum ray range, Box%r  =   50.00    km
 No beam shift in effect


 Step length,       deltas =   153.9     m (automatically selected)

Tracing beam       1    -70.20

 Geometric hat beams                     
 halfwidth  =    2319.2090786235635     
 epsilonOpt =  (  0.0000000000000000     ,  18895098726.499996     )
 EpsMult    =    1.0000000000000000     

Tracing beam     265    -67.39
Tracing beam     529    -64.58
Tracing beam     793    -61.76
Tracing beam    1057    -58.95
Tracing beam    1321    -56.14
Tracing beam    1585    -53.33
Tracing beam    1849    -50.52
Tracing beam    2113    -47.70
Tracing beam    2377    -44.89
Tracing beam    2641    -42.08
Tracing beam    2905    -39.27
Tracing beam    3169    -36.46
Tracing beam    3433    -33.65
Tracing beam    3697    -30.83
Tracing beam    3961    -28.02
Tracing beam    4225    -25.21
Tracing beam    4489    -22.40
Tracing beam    4753    -19.59
Tracing beam    5017    -16.77
Tracing beam    5281    -13.96
Tracing beam    5545    -11.15
Tracing beam    5809     -8.34
Tracing beam    6073     -5.53
Tracing beam    6337     -2.71
Tracing beam    6601      0.10
Tracing beam    6865      2.91
Tracing beam    7129      5.72
Tracing beam    7393      8.53
Tracing beam    7657     11.35
Tracing beam    7921     14.16
Tracing beam    8185     16.97
Tracing beam    8449     19.78
Tracing beam    8713     22.59
Tracing beam    8977     25.40
Tracing beam    9241     28.22
Tracing beam    9505     31.03
Tracing beam    9769     33.84
Tracing beam   10033     36.65
Tracing beam   10297     39.46
Tracing beam   10561     42.28
Tracing beam   10825     45.09
Tracing beam   11089     47.90
Tracing beam   11353     50.71
Tracing beam   11617     53.52
Tracing beam   11881     56.34
Tracing beam   12145     59.15
Tracing beam   12409     61.96
Tracing beam   12673     64.77
Tracing beam   12937     67.58
Tracing beam   13201     70.40

 CPU Time =        1.45    s
