 BELLHOP/BELLHOP3D

 BELLHOP- Mixed Layer Environment ARR Mode                                       
 frequency =   1118.     Hz

 Dummy parameter NMedia =            1

     Spline approximation to SSP
     Attenuation units: dB/mkHz
     VACUUM

 Depth =    1539.00 m

 Sound speed profile:
   z (m)     alphaR (m/s)   betaR  rho (g/cm^3)  alphaI     betaI

      0.00      1513.60      0.00     1.00       0.0000    0.0000
     53.10      1512.53      0.00     1.00       0.0000    0.0000
    106.10      1514.54      0.00     1.00       0.0000    0.0000
    159.20      1510.95      0.00     1.00       0.0000    0.0000
    212.30      1510.34      0.00     1.00       0.0000    0.0000
    265.30      1507.86      0.00     1.00       0.0000    0.0000
    318.40      1505.64      0.00     1.00       0.0000    0.0000
    371.50      1503.02      0.00     1.00       0.0000    0.0000
    424.60      1503.10      0.00     1.00       0.0000    0.0000
    477.60      1500.19      0.00     1.00       0.0000    0.0000
    530.70      1499.12      0.00     1.00       0.0000    0.0000
    583.80      1500.01      0.00     1.00       0.0000    0.0000
    636.80      1498.06      0.00     1.00       0.0000    0.0000
    689.90      1494.48      0.00     1.00       0.0000    0.0000
    743.00      1495.47      0.00     1.00       0.0000    0.0000
    796.00      1494.29      0.00     1.00       0.0000    0.0000
    849.10      1495.95      0.00     1.00       0.0000    0.0000
    902.20      1494.94      0.00     1.00       0.0000    0.0000
    955.20      1490.21      0.00     1.00       0.0000    0.0000
   1008.30      1495.57      0.00     1.00       0.0000    0.0000
   1061.40      1497.48      0.00     1.00       0.0000    0.0000
   1114.40      1497.71      0.00     1.00       0.0000    0.0000
   1167.50      1497.67      0.00     1.00       0.0000    0.0000
   1220.60      1503.09      0.00     1.00       0.0000    0.0000
   1273.70      1501.74      0.00     1.00       0.0000    0.0000
   1326.70      1505.02      0.00     1.00       0.0000    0.0000
   1379.80      1505.38      0.00     1.00       0.0000    0.0000
   1432.90      1505.35      0.00     1.00       0.0000    0.0000
   1485.90      1505.08      0.00     1.00       0.0000    0.0000
   1539.00      1507.21      0.00     1.00       0.0000    0.0000

                                 ( RMS roughness =   0.00     )
     ACOUSTO-ELASTIC half-space
   1739.00      1600.00      0.00     1.80       0.0000    0.0000

 __________________________________________________________________________

 Number of Source   depths, Sz =            2
 Source   depths, Sz (m)
   121.000       293.500    


 __________________________________________________________________________

 Number of Receiver depths, Rz =           43
 Receiver depths, Rz (m)
   0.00000       56.8810       113.762       170.643       227.524    
   284.405       341.286       398.167       455.048       511.929    
          ... 
   2389.00    

 Warning in ReadSzRz : Receiver below or too near the bottom bdry has been moved up

 __________________________________________________________________________

 Number of Receiver ranges, Rr =          201
 Receiver ranges, Rr (km)
   0.00000      0.272500      0.545000      0.817500       1.09000    
   1.36250       1.63500       1.90750       2.18000       2.45250    
          ... 
   54.5000    


 Arrivals calculation, ASCII  file output
 Geometric hat beams in Cartesian coordinates
 Point source (cylindrical coordinates)
 Rectilinear receiver grid: Receivers at Rr( : ) x Rz( : )
 __________________________________________________________________________

 Number of beams in elevation   =           30
 Beam take-off angles (degrees)
  -12.7000      -11.8241      -10.9483      -10.0724      -9.19655    
  -8.32069      -7.44483      -6.56897      -5.69310      -4.81724    
          ... 
   12.7000    

 __________________________________________________________________________


 Step length,       deltas =   0.000     m

 Maximum ray depth, Box%z  =   2389.     m
 Maximum ray range, Box%r  =   50.00    km
 No beam shift in effect


 Step length,       deltas =   153.9     m (automatically selected)

 ( Maximum # of arrivals =         2314 )

Tracing beam       1    -12.70

 Geometric hat beams                     
 halfwidth  =    28.189682879902428     
 epsilonOpt =  (  0.0000000000000000     ,  2791577.8338822024     )
 EpsMult    =    1.0000000000000000     

Tracing beam       2    -11.82
Tracing beam       3    -10.95
Tracing beam       4    -10.07
Tracing beam       5     -9.20
Tracing beam       6     -8.32
Tracing beam       7     -7.44
Tracing beam       8     -6.57
Tracing beam       9     -5.69
Tracing beam      10     -4.82
Tracing beam      11     -3.94
Tracing beam      12     -3.07
Tracing beam      13     -2.19
Tracing beam      14     -1.31
Tracing beam      15     -0.44
Tracing beam      16      0.44
Tracing beam      17      1.31
Tracing beam      18      2.19
Tracing beam      19      3.07
Tracing beam      20      3.94
Tracing beam      21      4.82
Tracing beam      22      5.69
Tracing beam      23      6.57
Tracing beam      24      7.44
Tracing beam      25      8.32
Tracing beam      26      9.20
Tracing beam      27     10.07
Tracing beam      28     10.95
Tracing beam      29     11.82
Tracing beam      30     12.70
Tracing beam       1    -12.70
Tracing beam       2    -11.82
Tracing beam       3    -10.95
Tracing beam       4    -10.07
Tracing beam       5     -9.20
Tracing beam       6     -8.32
Tracing beam       7     -7.44
Tracing beam       8     -6.57
Tracing beam       9     -5.69
Tracing beam      10     -4.82
Tracing beam      11     -3.94
Tracing beam      12     -3.07
Tracing beam      13     -2.19
Tracing beam      14     -1.31
Tracing beam      15     -0.44
Tracing beam      16      0.44
Tracing beam      17      1.31
Tracing beam      18      2.19
Tracing beam      19      3.07
Tracing beam      20      3.94
Tracing beam      21      4.82
Tracing beam      22      5.69
Tracing beam      23      6.57
Tracing beam      24      7.44
Tracing beam      25      8.32
Tracing beam      26      9.20
Tracing beam      27     10.07
Tracing beam      28     10.95
Tracing beam      29     11.82
Tracing beam      30     12.70

 CPU Time =       0.359    s
