 BELLHOP/BELLHOP3D

 BELLHOP- Deep Ocean Environment ARR Mode                                        
 frequency =   1147.     Hz

 Dummy parameter NMedia =            1

     Spline approximation to SSP
     Attenuation units: dB/mkHz
     VACUUM

 Depth =    4938.60 m

 Sound speed profile:
   z (m)     alphaR (m/s)   betaR  rho (g/cm^3)  alphaI     betaI

      0.00      1496.97      0.00     1.00       0.0000    0.0000
    100.80      1500.54      0.00     1.00       0.0000    0.0000
    201.60      1497.24      0.00     1.00       0.0000    0.0000
    302.40      1492.07      0.00     1.00       0.0000    0.0000
    403.20      1489.59      0.00     1.00       0.0000    0.0000
    503.90      1486.80      0.00     1.00       0.0000    0.0000
    604.70      1482.28      0.00     1.00       0.0000    0.0000
    705.50      1485.28      0.00     1.00       0.0000    0.0000
    806.30      1480.59      0.00     1.00       0.0000    0.0000
    907.10      1479.97      0.00     1.00       0.0000    0.0000
   1007.90      1480.89      0.00     1.00       0.0000    0.0000
   1108.70      1483.24      0.00     1.00       0.0000    0.0000
   1209.50      1481.50      0.00     1.00       0.0000    0.0000
   1310.20      1480.10      0.00     1.00       0.0000    0.0000
   1411.00      1482.33      0.00     1.00       0.0000    0.0000
   1511.80      1484.94      0.00     1.00       0.0000    0.0000
   1612.60      1488.22      0.00     1.00       0.0000    0.0000
   1713.40      1483.68      0.00     1.00       0.0000    0.0000
   1814.20      1484.27      0.00     1.00       0.0000    0.0000
   1915.00      1484.58      0.00     1.00       0.0000    0.0000
   2015.80      1485.03      0.00     1.00       0.0000    0.0000
   2116.50      1489.93      0.00     1.00       0.0000    0.0000
   2217.30      1491.00      0.00     1.00       0.0000    0.0000
   2318.10      1489.67      0.00     1.00       0.0000    0.0000
   2418.90      1489.34      0.00     1.00       0.0000    0.0000
   2519.70      1493.36      0.00     1.00       0.0000    0.0000
   2620.50      1491.57      0.00     1.00       0.0000    0.0000
   2721.30      1493.58      0.00     1.00       0.0000    0.0000
   2822.10      1491.81      0.00     1.00       0.0000    0.0000
   2922.90      1493.29      0.00     1.00       0.0000    0.0000
   3023.60      1492.01      0.00     1.00       0.0000    0.0000
   3124.40      1495.44      0.00     1.00       0.0000    0.0000
   3225.20      1495.42      0.00     1.00       0.0000    0.0000
   3326.00      1494.43      0.00     1.00       0.0000    0.0000
   3426.80      1495.09      0.00     1.00       0.0000    0.0000
   3527.60      1499.48      0.00     1.00       0.0000    0.0000
   3628.40      1500.65      0.00     1.00       0.0000    0.0000
   3729.20      1498.01      0.00     1.00       0.0000    0.0000
   3829.90      1499.07      0.00     1.00       0.0000    0.0000
   3930.70      1500.20      0.00     1.00       0.0000    0.0000
   4031.50      1500.46      0.00     1.00       0.0000    0.0000
   4132.30      1498.37      0.00     1.00       0.0000    0.0000
   4233.10      1502.16      0.00     1.00       0.0000    0.0000
   4333.90      1499.02      0.00     1.00       0.0000    0.0000
   4434.70      1501.69      0.00     1.00       0.0000    0.0000
   4535.50      1504.19      0.00     1.00       0.0000    0.0000
   4636.30      1504.96      0.00     1.00       0.0000    0.0000
   4737.00      1503.49      0.00     1.00       0.0000    0.0000
   4837.80      1504.65      0.00     1.00       0.0000    0.0000
   4938.60      1505.09      0.00     1.00       0.0000    0.0000

                                 ( RMS roughness =   0.00     )
     ACOUSTO-ELASTIC half-space
   5138.60      1600.00      0.00     1.80       0.0000    0.0000

 __________________________________________________________________________

 Number of Source   depths, Sz =            3
 Source   depths, Sz (m)
   38.2000       184.100       264.600    


 __________________________________________________________________________

 Number of Receiver depths, Rz =           44
 Receiver depths, Rz (m)
   0.00000       134.619       269.237       403.856       538.474    
   673.093       807.712       942.330       1076.95       1211.57    
          ... 
   5788.60    

 Warning in ReadSzRz : Receiver below or too near the bottom bdry has been moved up

 __________________________________________________________________________

 Number of Receiver ranges, Rr =          201
 Receiver ranges, Rr (km)
   0.00000      0.266000      0.532000      0.798000       1.06400    
   1.33000       1.59600       1.86200       2.12800       2.39400    
          ... 
   53.2000    


 Arrivals calculation, ASCII  file output
 Geometric hat beams in Cartesian coordinates
 Point source (cylindrical coordinates)
 Rectilinear receiver grid: Receivers at Rr( : ) x Rz( : )
 __________________________________________________________________________

 Number of beams in elevation   =           21
 Beam take-off angles (degrees)
  -24.0000      -21.6000      -19.2000      -16.8000      -14.4000    
  -12.0000      -9.60000      -7.20000      -4.80000      -2.40000    
          ... 
   24.0000    

 __________________________________________________________________________


 Step length,       deltas =   0.000     m

 Maximum ray depth, Box%z  =   5789.     m
 Maximum ray range, Box%r  =   50.00    km
 No beam shift in effect


 Step length,       deltas =   493.9     m (automatically selected)

 ( Maximum # of arrivals =         2261 )

Tracing beam       1    -24.00

 Geometric hat beams                     
 halfwidth  =    9.9357136446769587     
 epsilonOpt =  (  0.0000000000000000     ,  355660.54492568655     )
 EpsMult    =    1.0000000000000000     

Tracing beam       2    -21.60
Tracing beam       3    -19.20
Tracing beam       4    -16.80
Tracing beam       5    -14.40
Tracing beam       6    -12.00
Tracing beam       7     -9.60
Tracing beam       8     -7.20
Tracing beam       9     -4.80
Tracing beam      10     -2.40
Tracing beam      11      0.00
Tracing beam      12      2.40
Tracing beam      13      4.80
Tracing beam      14      7.20
Tracing beam      15      9.60
Tracing beam      16     12.00
Tracing beam      17     14.40
Tracing beam      18     16.80
Tracing beam      19     19.20
Tracing beam      20     21.60
Tracing beam      21     24.00
Tracing beam       1    -24.00
Tracing beam       2    -21.60
Tracing beam       3    -19.20
Tracing beam       4    -16.80
Tracing beam       5    -14.40
Tracing beam       6    -12.00
Tracing beam       7     -9.60
Tracing beam       8     -7.20
Tracing beam       9     -4.80
Tracing beam      10     -2.40
Tracing beam      11      0.00
Tracing beam      12      2.40
Tracing beam      13      4.80
Tracing beam      14      7.20
Tracing beam      15      9.60
Tracing beam      16     12.00
Tracing beam      17     14.40
Tracing beam      18     16.80
Tracing beam      19     19.20
Tracing beam      20     21.60
Tracing beam      21     24.00
Tracing beam       1    -24.00
Tracing beam       2    -21.60
Tracing beam       3    -19.20
Tracing beam       4    -16.80
Tracing beam       5    -14.40
Tracing beam       6    -12.00
Tracing beam       7     -9.60
Tracing beam       8     -7.20
Tracing beam       9     -4.80
Tracing beam      10     -2.40
Tracing beam      11      0.00
Tracing beam      12      2.40
Tracing beam      13      4.80
Tracing beam      14      7.20
Tracing beam      15      9.60
Tracing beam      16     12.00
Tracing beam      17     14.40
Tracing beam      18     16.80
Tracing beam      19     19.20
Tracing beam      20     21.60
Tracing beam      21     24.00

 CPU Time =       0.406    s
