 BELLHOP/BELLHOP3D

 BELLHOP- Deep Ocean Environment SHD Mode                                        
 frequency =   1147.     Hz

 Dummy parameter NMedia =            1

     Spline approximation to SSP
     Attenuation units: dB/mkHz
     VACUUM

 Depth =    4938.60 m

 Sound speed profile:
   z (m)     alphaR (m/s)   betaR  rho (g/cm^3)  alphaI     betaI

      0.00      1496.97      0.00     1.00       0.0000    0.0000
    100.80      1500.54      0.00     1.00       0.0000    0.0000
    201.60      1497.24      0.00     1.00       0.0000    0.0000
    302.40      1492.07      0.00     1.00       0.0000    0.0000
    403.20      1489.59      0.00     1.00       0.0000    0.0000
    503.90      1486.80      0.00     1.00       0.0000    0.0000
    604.70      1482.28      0.00     1.00       0.0000    0.0000
    705.50      1485.28      0.00     1.00       0.0000    0.0000
    806.30      1480.59      0.00     1.00       0.0000    0.0000
    907.10      1479.97      0.00     1.00       0.0000    0.0000
   1007.90      1480.89      0.00     1.00       0.0000    0.0000
   1108.70      1483.24      0.00     1.00       0.0000    0.0000
   1209.50      1481.50      0.00     1.00       0.0000    0.0000
   1310.20      1480.10      0.00     1.00       0.0000    0.0000
   1411.00      1482.33      0.00     1.00       0.0000    0.0000
   1511.80      1484.94      0.00     1.00       0.0000    0.0000
   1612.60      1488.22      0.00     1.00       0.0000    0.0000
   1713.40      1483.68      0.00     1.00       0.0000    0.0000
   1814.20      1484.27      0.00     1.00       0.0000    0.0000
   1915.00      1484.58      0.00     1.00       0.0000    0.0000
   2015.80      1485.03      0.00     1.00       0.0000    0.0000
   2116.50      1489.93      0.00     1.00       0.0000    0.0000
   2217.30      1491.00      0.00     1.00       0.0000    0.0000
   2318.10      1489.67      0.00     1.00       0.0000    0.0000
   2418.90      1489.34      0.00     1.00       0.0000    0.0000
   2519.70      1493.36      0.00     1.00       0.0000    0.0000
   2620.50      1491.57      0.00     1.00       0.0000    0.0000
   2721.30      1493.58      0.00     1.00       0.0000    0.0000
   2822.10      1491.81      0.00     1.00       0.0000    0.0000
   2922.90      1493.29      0.00     1.00       0.0000    0.0000
   3023.60      1492.01      0.00     1.00       0.0000    0.0000
   3124.40      1495.44      0.00     1.00       0.0000    0.0000
   3225.20      1495.42      0.00     1.00       0.0000    0.0000
   3326.00      1494.43      0.00     1.00       0.0000    0.0000
   3426.80      1495.09      0.00     1.00       0.0000    0.0000
   3527.60      1499.48      0.00     1.00       0.0000    0.0000
   3628.40      1500.65      0.00     1.00       0.0000    0.0000
   3729.20      1498.01      0.00     1.00       0.0000    0.0000
   3829.90      1499.07      0.00     1.00       0.0000    0.0000
   3930.70      1500.20      0.00     1.00       0.0000    0.0000
   4031.50      1500.46      0.00     1.00       0.0000    0.0000
   4132.30      1498.37      0.00     1.00       0.0000    0.0000
   4233.10      1502.16      0.00     1.00       0.0000    0.0000
   4333.90      1499.02      0.00     1.00       0.0000    0.0000
   4434.70      1501.69      0.00     1.00       0.0000    0.0000
   4535.50      1504.19      0.00     1.00       0.0000    0.0000
   4636.30      1504.96      0.00     1.00       0.0000    0.0000
   4737.00      1503.49      0.00     1.00       0.0000    0.0000
   4837.80      1504.65      0.00     1.00       0.0000    0.0000
   4938.60      1505.09      0.00     1.00       0.0000    0.0000

                                 ( RMS roughness =   0.00     )
     ACOUSTO-ELASTIC half-space
   5138.60      1600.00      0.00     1.80       0.0000    0.0000

 __________________________________________________________________________

 Number of Source   depths, Sz =            1
 Source   depths, Sz (m)
   110.600    


 __________________________________________________________________________

 Number of Receiver depths, Rz =           72
 Receiver depths, Rz (m)
   0.00000       81.5296       163.059       244.589       326.118    
   407.648       489.177       570.707       652.237       733.766    
          ... 
   5788.60    

 Warning in ReadSzRz : Receiver below or too near the bottom bdry has been moved up

 __________________________________________________________________________

 Number of Receiver ranges, Rr =          201
 Receiver ranges, Rr (km)
   0.00000      0.278000      0.556000      0.834000       1.11200    
   1.39000       1.66800       1.94600       2.22400       2.50200    
          ... 
   55.6000    


 Coherent TL calculation
 Geometric hat beams in Cartesian coordinates
 Point source (cylindrical coordinates)
 Rectilinear receiver grid: Receivers at Rr( : ) x Rz( : )
 __________________________________________________________________________

 Number of beams in elevation   =        12752
 Beam take-off angles (degrees)
  -83.5000      -83.4869      -83.4738      -83.4607      -83.4476    
  -83.4346      -83.4215      -83.4084      -83.3953      -83.3822    
          ... 
   83.4000    

 __________________________________________________________________________


 Step length,       deltas =   0.000     m

 Maximum ray depth, Box%z  =   5789.     m
 Maximum ray range, Box%r  =   50.00    km
 No beam shift in effect


 Step length,       deltas =   493.9     m (automatically selected)

Tracing beam       1    -83.50

 Geometric hat beams                     
 halfwidth  =    1823.0281977812726     
 epsilonOpt =  (  0.0000000000000000     ,  11973588521.844265     )
 EpsMult    =    1.0000000000000000     

Tracing beam     256    -80.16
Tracing beam     511    -76.82
Tracing beam     766    -73.49
Tracing beam    1021    -70.15
Tracing beam    1276    -66.81
Tracing beam    1531    -63.47
Tracing beam    1786    -60.14
Tracing beam    2041    -56.80
Tracing beam    2296    -53.46
Tracing beam    2551    -50.12
Tracing beam    2806    -46.78
Tracing beam    3061    -43.45
Tracing beam    3316    -40.11
Tracing beam    3571    -36.77
Tracing beam    3826    -33.43
Tracing beam    4081    -30.10
Tracing beam    4336    -26.76
Tracing beam    4591    -23.42
Tracing beam    4846    -20.08
Tracing beam    5101    -16.75
Tracing beam    5356    -13.41
Tracing beam    5611    -10.07
Tracing beam    5866     -6.73
Tracing beam    6121     -3.39
Tracing beam    6376     -0.06
Tracing beam    6631      3.28
Tracing beam    6886      6.62
Tracing beam    7141      9.96
Tracing beam    7396     13.29
Tracing beam    7651     16.63
Tracing beam    7906     19.97
Tracing beam    8161     23.31
Tracing beam    8416     26.65
Tracing beam    8671     29.98
Tracing beam    8926     33.32
Tracing beam    9181     36.66
Tracing beam    9436     40.00
Tracing beam    9691     43.33
Tracing beam    9946     46.67
Tracing beam   10201     50.01
Tracing beam   10456     53.35
Tracing beam   10711     56.69
Tracing beam   10966     60.02
Tracing beam   11221     63.36
Tracing beam   11476     66.70
Tracing beam   11731     70.04
Tracing beam   11986     73.37
Tracing beam   12241     76.71
Tracing beam   12496     80.05
Tracing beam   12751     83.39

 CPU Time =        1.70    s
