 BELLHOP/BELLHOP3D

 BELLHOP- Shallow Water Environment SHD Mode                                     
 frequency =   2308.     Hz

 Dummy parameter NMedia =            1

     Spline approximation to SSP
     Attenuation units: dB/mkHz
     VACUUM

 Depth =     529.80 m

 Sound speed profile:
   z (m)     alphaR (m/s)   betaR  rho (g/cm^3)  alphaI     betaI

      0.00      1503.02      0.00     1.00       0.0000    0.0000
     18.90      1499.85      0.00     1.00       0.0000    0.0000
     37.80      1502.89      0.00     1.00       0.0000    0.0000
     56.80      1497.13      0.00     1.00       0.0000    0.0000
     75.70      1500.74      0.00     1.00       0.0000    0.0000
     94.60      1499.98      0.00     1.00       0.0000    0.0000
    113.50      1504.73      0.00     1.00       0.0000    0.0000
    132.50      1502.20      0.00     1.00       0.0000    0.0000
    151.40      1502.76      0.00     1.00       0.0000    0.0000
    170.30      1500.46      0.00     1.00       0.0000    0.0000
    189.20      1498.24      0.00     1.00       0.0000    0.0000
    208.10      1501.64      0.00     1.00       0.0000    0.0000
    227.10      1498.52      0.00     1.00       0.0000    0.0000
    246.00      1495.88      0.00     1.00       0.0000    0.0000
    264.90      1496.63      0.00     1.00       0.0000    0.0000
    283.80      1496.04      0.00     1.00       0.0000    0.0000
    302.80      1496.72      0.00     1.00       0.0000    0.0000
    321.70      1498.90      0.00     1.00       0.0000    0.0000
    340.60      1495.53      0.00     1.00       0.0000    0.0000
    359.50      1494.43      0.00     1.00       0.0000    0.0000
    378.40      1497.19      0.00     1.00       0.0000    0.0000
    397.40      1494.37      0.00     1.00       0.0000    0.0000
    416.30      1492.69      0.00     1.00       0.0000    0.0000
    435.20      1491.00      0.00     1.00       0.0000    0.0000
    454.10      1491.63      0.00     1.00       0.0000    0.0000
    473.00      1490.49      0.00     1.00       0.0000    0.0000
    492.00      1490.18      0.00     1.00       0.0000    0.0000
    510.90      1491.49      0.00     1.00       0.0000    0.0000
    529.80      1488.19      0.00     1.00       0.0000    0.0000

                                 ( RMS roughness =   0.00     )
     ACOUSTO-ELASTIC half-space
    729.80      1600.00      0.00     1.80       0.0000    0.0000

 __________________________________________________________________________

 Number of Source   depths, Sz =            1
 Source   depths, Sz (m)
   138.000    


 __________________________________________________________________________

 Number of Receiver depths, Rz =           69
 Receiver depths, Rz (m)
   0.00000       20.2912       40.5824       60.8735       81.1647    
   101.456       121.747       142.038       162.329       182.621    
          ... 
   1379.80    

 Warning in ReadSzRz : Receiver below or too near the bottom bdry has been moved up

 __________________________________________________________________________

 Number of Receiver ranges, Rr =          201
 Receiver ranges, Rr (km)
   0.00000      0.281000      0.562000      0.843000       1.12400    
   1.40500       1.68600       1.96700       2.24800       2.52900    
          ... 
   56.2000    


 Coherent TL calculation
 Geometric hat beams in Cartesian coordinates
 Point source (cylindrical coordinates)
 Rectilinear receiver grid: Receivers at Rr( : ) x Rz( : )
 __________________________________________________________________________

 Number of beams in elevation   =        25939
 Beam take-off angles (degrees)
  -86.6000      -86.5934      -86.5868      -86.5802      -86.5736    
  -86.5670      -86.5604      -86.5538      -86.5472      -86.5406    
          ... 
   84.7000    

 __________________________________________________________________________


 Step length,       deltas =   0.000     m

 Maximum ray depth, Box%z  =   1380.     m
 Maximum ray range, Box%r  =   50.00    km
 No beam shift in effect


 Step length,       deltas =   52.98     m (automatically selected)

Tracing beam       1    -86.60

 Geometric hat beams                     
 halfwidth  =    1797.3473140239159     
 epsilonOpt =  (  0.0000000000000000     ,  23421357097.864197     )
 EpsMult    =    1.0000000000000000     

Tracing beam     519    -83.18
Tracing beam    1037    -79.76
Tracing beam    1555    -76.34
Tracing beam    2073    -72.92
Tracing beam    2591    -69.50
Tracing beam    3109    -66.07
Tracing beam    3627    -62.65
Tracing beam    4145    -59.23
Tracing beam    4663    -55.81
Tracing beam    5181    -52.39
Tracing beam    5699    -48.97
Tracing beam    6217    -45.55
Tracing beam    6735    -42.13
Tracing beam    7253    -38.71
Tracing beam    7771    -35.29
Tracing beam    8289    -31.86
Tracing beam    8807    -28.44
Tracing beam    9325    -25.02
Tracing beam    9843    -21.60
Tracing beam   10361    -18.18
Tracing beam   10879    -14.76
Tracing beam   11397    -11.34
Tracing beam   11915     -7.92
Tracing beam   12433     -4.50
Tracing beam   12951     -1.08
Tracing beam   13469      2.35
Tracing beam   13987      5.77
Tracing beam   14505      9.19
Tracing beam   15023     12.61
Tracing beam   15541     16.03
Tracing beam   16059     19.45
Tracing beam   16577     22.87
Tracing beam   17095     26.29
Tracing beam   17613     29.71
Tracing beam   18131     33.13
Tracing beam   18649     36.56
Tracing beam   19167     39.98
Tracing beam   19685     43.40
Tracing beam   20203     46.82
Tracing beam   20721     50.24
Tracing beam   21239     53.66
Tracing beam   21757     57.08
Tracing beam   22275     60.50
Tracing beam   22793     63.92
Tracing beam   23311     67.34
Tracing beam   23829     70.77
Tracing beam   24347     74.19
Tracing beam   24865     77.61
Tracing beam   25383     81.03
Tracing beam   25901     84.45

 CPU Time =        4.14    s
