 BELLHOP/BELLHOP3D

 BELLHOP- Shallow Water Environment ARR Mode                                     
 frequency =   2308.     Hz

 Dummy parameter NMedia =            1

     Spline approximation to SSP
     Attenuation units: dB/mkHz
     VACUUM

 Depth =     529.80 m

 Sound speed profile:
   z (m)     alphaR (m/s)   betaR  rho (g/cm^3)  alphaI     betaI

      0.00      1503.02      0.00     1.00       0.0000    0.0000
     18.90      1499.85      0.00     1.00       0.0000    0.0000
     37.80      1502.89      0.00     1.00       0.0000    0.0000
     56.80      1497.13      0.00     1.00       0.0000    0.0000
     75.70      1500.74      0.00     1.00       0.0000    0.0000
     94.60      1499.98      0.00     1.00       0.0000    0.0000
    113.50      1504.73      0.00     1.00       0.0000    0.0000
    132.50      1502.20      0.00     1.00       0.0000    0.0000
    151.40      1502.76      0.00     1.00       0.0000    0.0000
    170.30      1500.46      0.00     1.00       0.0000    0.0000
    189.20      1498.24      0.00     1.00       0.0000    0.0000
    208.10      1501.64      0.00     1.00       0.0000    0.0000
    227.10      1498.52      0.00     1.00       0.0000    0.0000
    246.00      1495.88      0.00     1.00       0.0000    0.0000
    264.90      1496.63      0.00     1.00       0.0000    0.0000
    283.80      1496.04      0.00     1.00       0.0000    0.0000
    302.80      1496.72      0.00     1.00       0.0000    0.0000
    321.70      1498.90      0.00     1.00       0.0000    0.0000
    340.60      1495.53      0.00     1.00       0.0000    0.0000
    359.50      1494.43      0.00     1.00       0.0000    0.0000
    378.40      1497.19      0.00     1.00       0.0000    0.0000
    397.40      1494.37      0.00     1.00       0.0000    0.0000
    416.30      1492.69      0.00     1.00       0.0000    0.0000
    435.20      1491.00      0.00     1.00       0.0000    0.0000
    454.10      1491.63      0.00     1.00       0.0000    0.0000
    473.00      1490.49      0.00     1.00       0.0000    0.0000
    492.00      1490.18      0.00     1.00       0.0000    0.0000
    510.90      1491.49      0.00     1.00       0.0000    0.0000
    529.80      1488.19      0.00     1.00       0.0000    0.0000

                                 ( RMS roughness =   0.00     )
     ACOUSTO-ELASTIC half-space
    729.80      1600.00      0.00     1.80       0.0000    0.0000

 __________________________________________________________________________

 Number of Source   depths, Sz =            3
 Source   depths, Sz (m)
   30.7000       60.3000       172.200    


 __________________________________________________________________________

 Number of Receiver depths, Rz =           46
 Receiver depths, Rz (m)
   0.00000       30.6622       61.3244       91.9867       122.649    
   153.311       183.973       214.636       245.298       275.960    
          ... 
   1379.80    

 Warning in ReadSzRz : Receiver below or too near the bottom bdry has been moved up

 __________________________________________________________________________

 Number of Receiver ranges, Rr =          201
 Receiver ranges, Rr (km)
   0.00000      0.218500      0.437000      0.655500      0.874000    
   1.09250       1.31100       1.52950       1.74800       1.96650    
          ... 
   43.7000    


 Arrivals calculation, ASCII  file output
 Geometric hat beams in Cartesian coordinates
 Point source (cylindrical coordinates)
 Rectilinear receiver grid: Receivers at Rr( : ) x Rz( : )
 __________________________________________________________________________

 Number of beams in elevation   =           29
 Beam take-off angles (degrees)
  -19.6000      -18.2000      -16.8000      -15.4000      -14.0000    
  -12.6000      -11.2000      -9.80000      -8.40000      -7.00000    
          ... 
   19.6000    

 __________________________________________________________________________


 Step length,       deltas =   0.000     m

 Maximum ray depth, Box%z  =   1380.     m
 Maximum ray range, Box%r  =   50.00    km
 No beam shift in effect


 Step length,       deltas =   52.98     m (automatically selected)

 ( Maximum # of arrivals =         2163 )

Tracing beam       1    -19.60

 Geometric hat beams                     
 halfwidth  =    8.4824884463518497     
 epsilonOpt =  (  0.0000000000000000     ,  521668.47818778409     )
 EpsMult    =    1.0000000000000000     

Tracing beam       2    -18.20
Tracing beam       3    -16.80
Tracing beam       4    -15.40
Tracing beam       5    -14.00
Tracing beam       6    -12.60
Tracing beam       7    -11.20
Tracing beam       8     -9.80
Tracing beam       9     -8.40
Tracing beam      10     -7.00
Tracing beam      11     -5.60
Tracing beam      12     -4.20
Tracing beam      13     -2.80
Tracing beam      14     -1.40
Tracing beam      15      0.00
Tracing beam      16      1.40
Tracing beam      17      2.80
Tracing beam      18      4.20
Tracing beam      19      5.60
Tracing beam      20      7.00
Tracing beam      21      8.40
Tracing beam      22      9.80
Tracing beam      23     11.20
Tracing beam      24     12.60
Tracing beam      25     14.00
Tracing beam      26     15.40
Tracing beam      27     16.80
Tracing beam      28     18.20
Tracing beam      29     19.60
Tracing beam       1    -19.60
Tracing beam       2    -18.20
Tracing beam       3    -16.80
Tracing beam       4    -15.40
Tracing beam       5    -14.00
Tracing beam       6    -12.60
Tracing beam       7    -11.20
Tracing beam       8     -9.80
Tracing beam       9     -8.40
Tracing beam      10     -7.00
Tracing beam      11     -5.60
Tracing beam      12     -4.20
Tracing beam      13     -2.80
Tracing beam      14     -1.40
Tracing beam      15      0.00
Tracing beam      16      1.40
Tracing beam      17      2.80
Tracing beam      18      4.20
Tracing beam      19      5.60
Tracing beam      20      7.00
Tracing beam      21      8.40
Tracing beam      22      9.80
Tracing beam      23     11.20
Tracing beam      24     12.60
Tracing beam      25     14.00
Tracing beam      26     15.40
Tracing beam      27     16.80
Tracing beam      28     18.20
Tracing beam      29     19.60
Tracing beam       1    -19.60
Tracing beam       2    -18.20
Tracing beam       3    -16.80
Tracing beam       4    -15.40
Tracing beam       5    -14.00
Tracing beam       6    -12.60
Tracing beam       7    -11.20
Tracing beam       8     -9.80
Tracing beam       9     -8.40
Tracing beam      10     -7.00
Tracing beam      11     -5.60
Tracing beam      12     -4.20
Tracing beam      13     -2.80
Tracing beam      14     -1.40
Tracing beam      15      0.00
Tracing beam      16      1.40
Tracing beam      17      2.80
Tracing beam      18      4.20
Tracing beam      19      5.60
Tracing beam      20      7.00
Tracing beam      21      8.40
Tracing beam      22      9.80
Tracing beam      23     11.20
Tracing beam      24     12.60
Tracing beam      25     14.00
Tracing beam      26     15.40
Tracing beam      27     16.80
Tracing beam      28     18.20
Tracing beam      29     19.60

 CPU Time =       0.781    s
