 BELLHOP/BELLHOP3D

 BELLHOP- Shallow Water Environment RAY Mode                                     
 frequency =   2308.     Hz

 Dummy parameter NMedia =            1

     Spline approximation to SSP
     Attenuation units: dB/mkHz
     VACUUM

 Depth =     529.80 m

 Sound speed profile:
   z (m)     alphaR (m/s)   betaR  rho (g/cm^3)  alphaI     betaI

      0.00      1503.02      0.00     1.00       0.0000    0.0000
     18.90      1499.85      0.00     1.00       0.0000    0.0000
     37.80      1502.89      0.00     1.00       0.0000    0.0000
     56.80      1497.13      0.00     1.00       0.0000    0.0000
     75.70      1500.74      0.00     1.00       0.0000    0.0000
     94.60      1499.98      0.00     1.00       0.0000    0.0000
    113.50      1504.73      0.00     1.00       0.0000    0.0000
    132.50      1502.20      0.00     1.00       0.0000    0.0000
    151.40      1502.76      0.00     1.00       0.0000    0.0000
    170.30      1500.46      0.00     1.00       0.0000    0.0000
    189.20      1498.24      0.00     1.00       0.0000    0.0000
    208.10      1501.64      0.00     1.00       0.0000    0.0000
    227.10      1498.52      0.00     1.00       0.0000    0.0000
    246.00      1495.88      0.00     1.00       0.0000    0.0000
    264.90      1496.63      0.00     1.00       0.0000    0.0000
    283.80      1496.04      0.00     1.00       0.0000    0.0000
    302.80      1496.72      0.00     1.00       0.0000    0.0000
    321.70      1498.90      0.00     1.00       0.0000    0.0000
    340.60      1495.53      0.00     1.00       0.0000    0.0000
    359.50      1494.43      0.00     1.00       0.0000    0.0000
    378.40      1497.19      0.00     1.00       0.0000    0.0000
    397.40      1494.37      0.00     1.00       0.0000    0.0000
    416.30      1492.69      0.00     1.00       0.0000    0.0000
    435.20      1491.00      0.00     1.00       0.0000    0.0000
    454.10      1491.63      0.00     1.00       0.0000    0.0000
    473.00      1490.49      0.00     1.00       0.0000    0.0000
    492.00      1490.18      0.00     1.00       0.0000    0.0000
    510.90      1491.49      0.00     1.00       0.0000    0.0000
    529.80      1488.19      0.00     1.00       0.0000    0.0000

                                 ( RMS roughness =   0.00     )
     ACOUSTO-ELASTIC half-space
    729.80      1600.00      0.00     1.80       0.0000    0.0000

 __________________________________________________________________________

 Number of Source   depths, Sz =            1
 Source   depths, Sz (m)
   133.500    


 __________________________________________________________________________

 Number of Receiver depths, Rz =           39
 Receiver depths, Rz (m)
   0.00000       36.3105       72.6211       108.932       145.242    
   181.553       217.863       254.174       290.484       326.795    
          ... 
   1379.80    

 Warning in ReadSzRz : Receiver below or too near the bottom bdry has been moved up

 __________________________________________________________________________

 Number of Receiver ranges, Rr =          201
 Receiver ranges, Rr (km)
   0.00000      0.277000      0.554000      0.831000       1.10800    
   1.38500       1.66200       1.93900       2.21600       2.49300    
          ... 
   55.4000    


 Ray trace run
 Geometric hat beams in Cartesian coordinates
 Point source (cylindrical coordinates)
 Rectilinear receiver grid: Receivers at Rr( : ) x Rz( : )
 __________________________________________________________________________

 Number of beams in elevation   =           27
 Beam take-off angles (degrees)
  -13.8000      -12.7385      -11.6769      -10.6154      -9.55385    
  -8.49231      -7.43077      -6.36923      -5.30769      -4.24615    
          ... 
   13.8000    

 __________________________________________________________________________


 Step length,       deltas =   0.000     m

 Maximum ray depth, Box%z  =   1380.     m
 Maximum ray range, Box%r  =   50.00    km
 No beam shift in effect


 Step length,       deltas =   52.98     m (automatically selected)

Tracing beam       1    -13.80
Tracing beam       2    -12.74
Tracing beam       3    -11.68
Tracing beam       4    -10.62
Tracing beam       5     -9.55
Tracing beam       6     -8.49
Tracing beam       7     -7.43
Tracing beam       8     -6.37
Tracing beam       9     -5.31
Tracing beam      10     -4.25
Tracing beam      11     -3.18
Tracing beam      12     -2.12
Tracing beam      13     -1.06
Tracing beam      14      0.00
Tracing beam      15      1.06
Tracing beam      16      2.12
Tracing beam      17      3.18
Tracing beam      18      4.25
Tracing beam      19      5.31
Tracing beam      20      6.37
Tracing beam      21      7.43
Tracing beam      22      8.49
Tracing beam      23      9.55
Tracing beam      24     10.62
Tracing beam      25     11.68
Tracing beam      26     12.74
Tracing beam      27     13.80

 CPU Time =       0.781E-01s
