 BELLHOP/BELLHOP3D

 BELLHOP- Tropical Ocean Environment SHD Mode                                    
 frequency =   1718.     Hz

 Dummy parameter NMedia =            1

     Spline approximation to SSP
     Attenuation units: dB/mkHz
     VACUUM

 Depth =    3078.10 m

 Sound speed profile:
   z (m)     alphaR (m/s)   betaR  rho (g/cm^3)  alphaI     betaI

      0.00      1515.20      0.00     1.00       0.0000    0.0000
     85.50      1510.20      0.00     1.00       0.0000    0.0000
    171.00      1510.63      0.00     1.00       0.0000    0.0000
    256.50      1509.01      0.00     1.00       0.0000    0.0000
    342.00      1503.32      0.00     1.00       0.0000    0.0000
    427.50      1503.32      0.00     1.00       0.0000    0.0000
    513.00      1501.49      0.00     1.00       0.0000    0.0000
    598.50      1494.96      0.00     1.00       0.0000    0.0000
    684.00      1496.56      0.00     1.00       0.0000    0.0000
    769.50      1496.26      0.00     1.00       0.0000    0.0000
    855.00      1491.44      0.00     1.00       0.0000    0.0000
    940.50      1495.03      0.00     1.00       0.0000    0.0000
   1026.00      1480.43      0.00     1.00       0.0000    0.0000
   1111.50      1479.89      0.00     1.00       0.0000    0.0000
   1197.00      1482.01      0.00     1.00       0.0000    0.0000
   1282.50      1484.07      0.00     1.00       0.0000    0.0000
   1368.00      1484.49      0.00     1.00       0.0000    0.0000
   1453.50      1486.33      0.00     1.00       0.0000    0.0000
   1539.00      1485.28      0.00     1.00       0.0000    0.0000
   1624.50      1488.06      0.00     1.00       0.0000    0.0000
   1710.00      1486.83      0.00     1.00       0.0000    0.0000
   1795.50      1489.93      0.00     1.00       0.0000    0.0000
   1881.00      1489.88      0.00     1.00       0.0000    0.0000
   1966.50      1491.28      0.00     1.00       0.0000    0.0000
   2052.00      1495.38      0.00     1.00       0.0000    0.0000
   2137.50      1496.31      0.00     1.00       0.0000    0.0000
   2223.00      1496.73      0.00     1.00       0.0000    0.0000
   2308.50      1495.32      0.00     1.00       0.0000    0.0000
   2394.00      1497.62      0.00     1.00       0.0000    0.0000
   2479.50      1501.06      0.00     1.00       0.0000    0.0000
   2565.00      1500.60      0.00     1.00       0.0000    0.0000
   2650.50      1505.01      0.00     1.00       0.0000    0.0000
   2736.10      1503.26      0.00     1.00       0.0000    0.0000
   2821.60      1504.10      0.00     1.00       0.0000    0.0000
   2907.10      1504.49      0.00     1.00       0.0000    0.0000
   2992.60      1506.30      0.00     1.00       0.0000    0.0000
   3078.10      1507.02      0.00     1.00       0.0000    0.0000

                                 ( RMS roughness =   0.00     )
     ACOUSTO-ELASTIC half-space
   3278.10      1600.00      0.00     1.80       0.0000    0.0000

 __________________________________________________________________________

 Number of Source   depths, Sz =            1
 Source   depths, Sz (m)
   76.0000    


 __________________________________________________________________________

 Number of Receiver depths, Rz =           75
 Receiver depths, Rz (m)
   0.00000       53.0824       106.165       159.247       212.330    
   265.412       318.495       371.577       424.659       477.742    
          ... 
   3928.10    

 Warning in ReadSzRz : Receiver below or too near the bottom bdry has been moved up

 __________________________________________________________________________

 Number of Receiver ranges, Rr =          201
 Receiver ranges, Rr (km)
   0.00000      0.221000      0.442000      0.663000      0.884000    
   1.10500       1.32600       1.54700       1.76800       1.98900    
          ... 
   44.2000    


 Coherent TL calculation
 Geometric hat beams in Cartesian coordinates
 Point source (cylindrical coordinates)
 Rectilinear receiver grid: Receivers at Rr( : ) x Rz( : )
 __________________________________________________________________________

 Number of beams in elevation   =        15184
 Beam take-off angles (degrees)
  -76.1000      -76.0899      -76.0798      -76.0698      -76.0597    
  -76.0496      -76.0395      -76.0295      -76.0194      -76.0093    
          ... 
   76.9000    

 __________________________________________________________________________


 Step length,       deltas =   0.000     m

 Maximum ray depth, Box%z  =   3928.     m
 Maximum ray range, Box%r  =   50.00    km
 No beam shift in effect


 Step length,       deltas =   307.8     m (automatically selected)

Tracing beam       1    -76.10

 Geometric hat beams                     
 halfwidth  =    1591.3578382433311     
 epsilonOpt =  (  0.0000000000000000     ,  13665731498.144852     )
 EpsMult    =    1.0000000000000000     

Tracing beam     304    -73.05
Tracing beam     607    -69.99
Tracing beam     910    -66.94
Tracing beam    1213    -63.89
Tracing beam    1516    -60.83
Tracing beam    1819    -57.78
Tracing beam    2122    -54.73
Tracing beam    2425    -51.67
Tracing beam    2728    -48.62
Tracing beam    3031    -45.57
Tracing beam    3334    -42.51
Tracing beam    3637    -39.46
Tracing beam    3940    -36.41
Tracing beam    4243    -33.35
Tracing beam    4546    -30.30
Tracing beam    4849    -27.25
Tracing beam    5152    -24.19
Tracing beam    5455    -21.14
Tracing beam    5758    -18.09
Tracing beam    6061    -15.03
Tracing beam    6364    -11.98
Tracing beam    6667     -8.93
Tracing beam    6970     -5.87
Tracing beam    7273     -2.82
Tracing beam    7576      0.23
Tracing beam    7879      3.29
Tracing beam    8182      6.34
Tracing beam    8485      9.39
Tracing beam    8788     12.45
Tracing beam    9091     15.50
Tracing beam    9394     18.55
Tracing beam    9697     21.61
Tracing beam   10000     24.66
Tracing beam   10303     27.71
Tracing beam   10606     30.77
Tracing beam   10909     33.82
Tracing beam   11212     36.87
Tracing beam   11515     39.93
Tracing beam   11818     42.98
Tracing beam   12121     46.03
Tracing beam   12424     49.09
Tracing beam   12727     52.14
Tracing beam   13030     55.19
Tracing beam   13333     58.25
Tracing beam   13636     61.30
Tracing beam   13939     64.35
Tracing beam   14242     67.41
Tracing beam   14545     70.46
Tracing beam   14848     73.51
Tracing beam   15151     76.57

 CPU Time =        1.67    s
