 BELLHOP/BELLHOP3D

 BELLHOP- Polar Ocean Environment RAY Mode                                       
 frequency =   990.2     Hz

 Dummy parameter NMedia =            1

     Spline approximation to SSP
     Attenuation units: dB/mkHz
     VACUUM

 Depth =    2393.00 m

 Sound speed profile:
   z (m)     alphaR (m/s)   betaR  rho (g/cm^3)  alphaI     betaI

      0.00      1462.15      0.00     1.00       0.0000    0.0000
     64.70      1462.48      0.00     1.00       0.0000    0.0000
    129.40      1461.64      0.00     1.00       0.0000    0.0000
    194.00      1461.11      0.00     1.00       0.0000    0.0000
    258.70      1460.00      0.00     1.00       0.0000    0.0000
    323.40      1460.00      0.00     1.00       0.0000    0.0000
    388.10      1460.00      0.00     1.00       0.0000    0.0000
    452.70      1460.00      0.00     1.00       0.0000    0.0000
    517.40      1460.00      0.00     1.00       0.0000    0.0000
    582.10      1460.00      0.00     1.00       0.0000    0.0000
    646.80      1460.00      0.00     1.00       0.0000    0.0000
    711.40      1460.00      0.00     1.00       0.0000    0.0000
    776.10      1460.00      0.00     1.00       0.0000    0.0000
    840.80      1460.00      0.00     1.00       0.0000    0.0000
    905.50      1460.00      0.00     1.00       0.0000    0.0000
    970.10      1460.00      0.00     1.00       0.0000    0.0000
   1034.80      1460.00      0.00     1.00       0.0000    0.0000
   1099.50      1460.00      0.00     1.00       0.0000    0.0000
   1164.20      1460.00      0.00     1.00       0.0000    0.0000
   1228.80      1460.00      0.00     1.00       0.0000    0.0000
   1293.50      1460.00      0.00     1.00       0.0000    0.0000
   1358.20      1461.63      0.00     1.00       0.0000    0.0000
   1422.90      1460.00      0.00     1.00       0.0000    0.0000
   1487.60      1460.00      0.00     1.00       0.0000    0.0000
   1552.20      1460.76      0.00     1.00       0.0000    0.0000
   1616.90      1460.71      0.00     1.00       0.0000    0.0000
   1681.60      1464.04      0.00     1.00       0.0000    0.0000
   1746.30      1466.69      0.00     1.00       0.0000    0.0000
   1810.90      1464.32      0.00     1.00       0.0000    0.0000
   1875.60      1467.86      0.00     1.00       0.0000    0.0000
   1940.30      1465.87      0.00     1.00       0.0000    0.0000
   2005.00      1470.90      0.00     1.00       0.0000    0.0000
   2069.60      1471.15      0.00     1.00       0.0000    0.0000
   2134.30      1473.31      0.00     1.00       0.0000    0.0000
   2199.00      1472.69      0.00     1.00       0.0000    0.0000
   2263.70      1473.40      0.00     1.00       0.0000    0.0000
   2328.30      1476.46      0.00     1.00       0.0000    0.0000
   2393.00      1474.45      0.00     1.00       0.0000    0.0000

                                 ( RMS roughness =   0.00     )
     ACOUSTO-ELASTIC half-space
   2593.00      1600.00      0.00     1.80       0.0000    0.0000

 __________________________________________________________________________

 Number of Source   depths, Sz =            2
 Source   depths, Sz (m)
   134.300       151.500    


 __________________________________________________________________________

 Number of Receiver depths, Rz =           37
 Receiver depths, Rz (m)
   0.00000       90.0833       180.167       270.250       360.333    
   450.417       540.500       630.583       720.667       810.750    
          ... 
   3243.00    

 Warning in ReadSzRz : Receiver below or too near the bottom bdry has been moved up

 __________________________________________________________________________

 Number of Receiver ranges, Rr =          201
 Receiver ranges, Rr (km)
   0.00000      0.249500      0.499000      0.748500      0.998000    
   1.24750       1.49700       1.74650       1.99600       2.24550    
          ... 
   49.9000    


 Ray trace run
 Geometric hat beams in Cartesian coordinates
 Point source (cylindrical coordinates)
 Rectilinear receiver grid: Receivers at Rr( : ) x Rz( : )
 __________________________________________________________________________

 Number of beams in elevation   =           30
 Beam take-off angles (degrees)
  -13.4000      -12.4759      -11.5517      -10.6276      -9.70345    
  -8.77931      -7.85517      -6.93103      -6.00690      -5.08276    
          ... 
   13.4000    

 __________________________________________________________________________


 Step length,       deltas =   0.000     m

 Maximum ray depth, Box%z  =   3243.     m
 Maximum ray range, Box%r  =   50.00    km
 No beam shift in effect


 Step length,       deltas =   239.3     m (automatically selected)

Tracing beam       1    -13.40
Tracing beam       2    -12.48
Tracing beam       3    -11.55
Tracing beam       4    -10.63
Tracing beam       5     -9.70
Tracing beam       6     -8.78
Tracing beam       7     -7.86
Tracing beam       8     -6.93
Tracing beam       9     -6.01
Tracing beam      10     -5.08
Tracing beam      11     -4.16
Tracing beam      12     -3.23
Tracing beam      13     -2.31
Tracing beam      14     -1.39
Tracing beam      15     -0.46
Tracing beam      16      0.46
Tracing beam      17      1.39
Tracing beam      18      2.31
Tracing beam      19      3.23
Tracing beam      20      4.16
Tracing beam      21      5.08
Tracing beam      22      6.01
Tracing beam      23      6.93
Tracing beam      24      7.86
Tracing beam      25      8.78
Tracing beam      26      9.70
Tracing beam      27     10.63
Tracing beam      28     11.55
Tracing beam      29     12.48
Tracing beam      30     13.40
Tracing beam       1    -13.40
Tracing beam       2    -12.48
Tracing beam       3    -11.55
Tracing beam       4    -10.63
Tracing beam       5     -9.70
Tracing beam       6     -8.78
Tracing beam       7     -7.86
Tracing beam       8     -6.93
Tracing beam       9     -6.01
Tracing beam      10     -5.08
Tracing beam      11     -4.16
Tracing beam      12     -3.23
Tracing beam      13     -2.31
Tracing beam      14     -1.39
Tracing beam      15     -0.46
Tracing beam      16      0.46
Tracing beam      17      1.39
Tracing beam      18      2.31
Tracing beam      19      3.23
Tracing beam      20      4.16
Tracing beam      21      5.08
Tracing beam      22      6.01
Tracing beam      23      6.93
Tracing beam      24      7.86
Tracing beam      25      8.78
Tracing beam      26      9.70
Tracing beam      27     10.63
Tracing beam      28     11.55
Tracing beam      29     12.48
Tracing beam      30     13.40

 CPU Time =       0.312E-01s
