 BELLHOP/BELLHOP3D

 BELLHOP- Polar Ocean Environment SHD Mode                                       
 frequency =   990.2     Hz

 Dummy parameter NMedia =            1

     Spline approximation to SSP
     Attenuation units: dB/mkHz
     VACUUM

 Depth =    2393.00 m

 Sound speed profile:
   z (m)     alphaR (m/s)   betaR  rho (g/cm^3)  alphaI     betaI

      0.00      1462.15      0.00     1.00       0.0000    0.0000
     64.70      1462.48      0.00     1.00       0.0000    0.0000
    129.40      1461.64      0.00     1.00       0.0000    0.0000
    194.00      1461.11      0.00     1.00       0.0000    0.0000
    258.70      1460.00      0.00     1.00       0.0000    0.0000
    323.40      1460.00      0.00     1.00       0.0000    0.0000
    388.10      1460.00      0.00     1.00       0.0000    0.0000
    452.70      1460.00      0.00     1.00       0.0000    0.0000
    517.40      1460.00      0.00     1.00       0.0000    0.0000
    582.10      1460.00      0.00     1.00       0.0000    0.0000
    646.80      1460.00      0.00     1.00       0.0000    0.0000
    711.40      1460.00      0.00     1.00       0.0000    0.0000
    776.10      1460.00      0.00     1.00       0.0000    0.0000
    840.80      1460.00      0.00     1.00       0.0000    0.0000
    905.50      1460.00      0.00     1.00       0.0000    0.0000
    970.10      1460.00      0.00     1.00       0.0000    0.0000
   1034.80      1460.00      0.00     1.00       0.0000    0.0000
   1099.50      1460.00      0.00     1.00       0.0000    0.0000
   1164.20      1460.00      0.00     1.00       0.0000    0.0000
   1228.80      1460.00      0.00     1.00       0.0000    0.0000
   1293.50      1460.00      0.00     1.00       0.0000    0.0000
   1358.20      1461.63      0.00     1.00       0.0000    0.0000
   1422.90      1460.00      0.00     1.00       0.0000    0.0000
   1487.60      1460.00      0.00     1.00       0.0000    0.0000
   1552.20      1460.76      0.00     1.00       0.0000    0.0000
   1616.90      1460.71      0.00     1.00       0.0000    0.0000
   1681.60      1464.04      0.00     1.00       0.0000    0.0000
   1746.30      1466.69      0.00     1.00       0.0000    0.0000
   1810.90      1464.32      0.00     1.00       0.0000    0.0000
   1875.60      1467.86      0.00     1.00       0.0000    0.0000
   1940.30      1465.87      0.00     1.00       0.0000    0.0000
   2005.00      1470.90      0.00     1.00       0.0000    0.0000
   2069.60      1471.15      0.00     1.00       0.0000    0.0000
   2134.30      1473.31      0.00     1.00       0.0000    0.0000
   2199.00      1472.69      0.00     1.00       0.0000    0.0000
   2263.70      1473.40      0.00     1.00       0.0000    0.0000
   2328.30      1476.46      0.00     1.00       0.0000    0.0000
   2393.00      1474.45      0.00     1.00       0.0000    0.0000

                                 ( RMS roughness =   0.00     )
     ACOUSTO-ELASTIC half-space
   2593.00      1600.00      0.00     1.80       0.0000    0.0000

 __________________________________________________________________________

 Number of Source   depths, Sz =            1
 Source   depths, Sz (m)
   170.300    


 __________________________________________________________________________

 Number of Receiver depths, Rz =           60
 Receiver depths, Rz (m)
   0.00000       54.9661       109.932       164.898       219.864    
   274.831       329.797       384.763       439.729       494.695    
          ... 
   3243.00    

 Warning in ReadSzRz : Receiver below or too near the bottom bdry has been moved up

 __________________________________________________________________________

 Number of Receiver ranges, Rr =          201
 Receiver ranges, Rr (km)
   0.00000      0.244500      0.489000      0.733500      0.978000    
   1.22250       1.46700       1.71150       1.95600       2.20050    
          ... 
   48.9000    


 Coherent TL calculation
 Geometric hat beams in Cartesian coordinates
 Point source (cylindrical coordinates)
 Rectilinear receiver grid: Receivers at Rr( : ) x Rz( : )
 __________________________________________________________________________

 Number of beams in elevation   =         9684
 Beam take-off angles (degrees)
  -87.9000      -87.8836      -87.8672      -87.8509      -87.8345    
  -87.8181      -87.8017      -87.7853      -87.7690      -87.7526    
          ... 
   70.7000    

 __________________________________________________________________________


 Step length,       deltas =   0.000     m

 Maximum ray depth, Box%z  =   3243.     m
 Maximum ray range, Box%r  =   50.00    km
 No beam shift in effect


 Step length,       deltas =   239.3     m (automatically selected)

Tracing beam       1    -87.90

 Geometric hat beams                     
 halfwidth  =    1643.2779859904463     
 epsilonOpt =  (  0.0000000000000000     ,  8400301411.9780331     )
 EpsMult    =    1.0000000000000000     

Tracing beam     194    -84.74
Tracing beam     387    -81.58
Tracing beam     580    -78.42
Tracing beam     773    -75.26
Tracing beam     966    -72.09
Tracing beam    1159    -68.93
Tracing beam    1352    -65.77
Tracing beam    1545    -62.61
Tracing beam    1738    -59.45
Tracing beam    1931    -56.29
Tracing beam    2124    -53.13
Tracing beam    2317    -49.97
Tracing beam    2510    -46.80
Tracing beam    2703    -43.64
Tracing beam    2896    -40.48
Tracing beam    3089    -37.32
Tracing beam    3282    -34.16
Tracing beam    3475    -31.00
Tracing beam    3668    -27.84
Tracing beam    3861    -24.68
Tracing beam    4054    -21.52
Tracing beam    4247    -18.35
Tracing beam    4440    -15.19
Tracing beam    4633    -12.03
Tracing beam    4826     -8.87
Tracing beam    5019     -5.71
Tracing beam    5212     -2.55
Tracing beam    5405      0.61
Tracing beam    5598      3.77
Tracing beam    5791      6.94
Tracing beam    5984     10.10
Tracing beam    6177     13.26
Tracing beam    6370     16.42
Tracing beam    6563     19.58
Tracing beam    6756     22.74
Tracing beam    6949     25.90
Tracing beam    7142     29.06
Tracing beam    7335     32.23
Tracing beam    7528     35.39
Tracing beam    7721     38.55
Tracing beam    7914     41.71
Tracing beam    8107     44.87
Tracing beam    8300     48.03
Tracing beam    8493     51.19
Tracing beam    8686     54.35
Tracing beam    8879     57.51
Tracing beam    9072     60.68
Tracing beam    9265     63.84
Tracing beam    9458     67.00
Tracing beam    9651     70.16

 CPU Time =        1.14    s
