 BELLHOP/BELLHOP3D

 BELLHOP- Polar Ocean Environment ARR Mode                                       
 frequency =   990.2     Hz

 Dummy parameter NMedia =            1

     Spline approximation to SSP
     Attenuation units: dB/mkHz
     VACUUM

 Depth =    2393.00 m

 Sound speed profile:
   z (m)     alphaR (m/s)   betaR  rho (g/cm^3)  alphaI     betaI

      0.00      1462.15      0.00     1.00       0.0000    0.0000
     64.70      1462.48      0.00     1.00       0.0000    0.0000
    129.40      1461.64      0.00     1.00       0.0000    0.0000
    194.00      1461.11      0.00     1.00       0.0000    0.0000
    258.70      1460.00      0.00     1.00       0.0000    0.0000
    323.40      1460.00      0.00     1.00       0.0000    0.0000
    388.10      1460.00      0.00     1.00       0.0000    0.0000
    452.70      1460.00      0.00     1.00       0.0000    0.0000
    517.40      1460.00      0.00     1.00       0.0000    0.0000
    582.10      1460.00      0.00     1.00       0.0000    0.0000
    646.80      1460.00      0.00     1.00       0.0000    0.0000
    711.40      1460.00      0.00     1.00       0.0000    0.0000
    776.10      1460.00      0.00     1.00       0.0000    0.0000
    840.80      1460.00      0.00     1.00       0.0000    0.0000
    905.50      1460.00      0.00     1.00       0.0000    0.0000
    970.10      1460.00      0.00     1.00       0.0000    0.0000
   1034.80      1460.00      0.00     1.00       0.0000    0.0000
   1099.50      1460.00      0.00     1.00       0.0000    0.0000
   1164.20      1460.00      0.00     1.00       0.0000    0.0000
   1228.80      1460.00      0.00     1.00       0.0000    0.0000
   1293.50      1460.00      0.00     1.00       0.0000    0.0000
   1358.20      1461.63      0.00     1.00       0.0000    0.0000
   1422.90      1460.00      0.00     1.00       0.0000    0.0000
   1487.60      1460.00      0.00     1.00       0.0000    0.0000
   1552.20      1460.76      0.00     1.00       0.0000    0.0000
   1616.90      1460.71      0.00     1.00       0.0000    0.0000
   1681.60      1464.04      0.00     1.00       0.0000    0.0000
   1746.30      1466.69      0.00     1.00       0.0000    0.0000
   1810.90      1464.32      0.00     1.00       0.0000    0.0000
   1875.60      1467.86      0.00     1.00       0.0000    0.0000
   1940.30      1465.87      0.00     1.00       0.0000    0.0000
   2005.00      1470.90      0.00     1.00       0.0000    0.0000
   2069.60      1471.15      0.00     1.00       0.0000    0.0000
   2134.30      1473.31      0.00     1.00       0.0000    0.0000
   2199.00      1472.69      0.00     1.00       0.0000    0.0000
   2263.70      1473.40      0.00     1.00       0.0000    0.0000
   2328.30      1476.46      0.00     1.00       0.0000    0.0000
   2393.00      1474.45      0.00     1.00       0.0000    0.0000

                                 ( RMS roughness =   0.00     )
     ACOUSTO-ELASTIC half-space
   2593.00      1600.00      0.00     1.80       0.0000    0.0000

 __________________________________________________________________________

 Number of Source   depths, Sz =            1
 Source   depths, Sz (m)
   193.400    


 __________________________________________________________________________

 Number of Receiver depths, Rz =           49
 Receiver depths, Rz (m)
   0.00000       67.5625       135.125       202.688       270.250    
   337.812       405.375       472.938       540.500       608.062    
          ... 
   3243.00    

 Warning in ReadSzRz : Receiver below or too near the bottom bdry has been moved up

 __________________________________________________________________________

 Number of Receiver ranges, Rr =          201
 Receiver ranges, Rr (km)
   0.00000      0.286500      0.573000      0.859500       1.14600    
   1.43250       1.71900       2.00550       2.29200       2.57850    
          ... 
   57.3000    


 Arrivals calculation, ASCII  file output
 Geometric hat beams in Cartesian coordinates
 Point source (cylindrical coordinates)
 Rectilinear receiver grid: Receivers at Rr( : ) x Rz( : )
 __________________________________________________________________________

 Number of beams in elevation   =           23
 Beam take-off angles (degrees)
  -12.0000      -10.9091      -9.81818      -8.72727      -7.63636    
  -6.54545      -5.45455      -4.36364      -3.27273      -2.18182    
          ... 
   12.0000    

 __________________________________________________________________________


 Step length,       deltas =   0.000     m

 Maximum ray depth, Box%z  =   3243.     m
 Maximum ray range, Box%r  =   50.00    km
 No beam shift in effect


 Step length,       deltas =   239.3     m (automatically selected)

 ( Maximum # of arrivals =         2030 )

Tracing beam       1    -12.00

 Geometric hat beams                     
 halfwidth  =    24.668723196519760     
 epsilonOpt =  (  0.0000000000000000     ,  1893067.6690888249     )
 EpsMult    =    1.0000000000000000     

Tracing beam       2    -10.91
Tracing beam       3     -9.82
Tracing beam       4     -8.73
Tracing beam       5     -7.64
Tracing beam       6     -6.55
Tracing beam       7     -5.45
Tracing beam       8     -4.36
Tracing beam       9     -3.27
Tracing beam      10     -2.18
Tracing beam      11     -1.09
Tracing beam      12      0.00
Tracing beam      13      1.09
Tracing beam      14      2.18
Tracing beam      15      3.27
Tracing beam      16      4.36
Tracing beam      17      5.45
Tracing beam      18      6.55
Tracing beam      19      7.64
Tracing beam      20      8.73
Tracing beam      21      9.82
Tracing beam      22     10.91
Tracing beam      23     12.00

 CPU Time =       0.141    s
