 BELLHOP/BELLHOP3D

 BELLHOP- Continental Shelf Environment RAY Mode                                 
 frequency =   1305.     Hz

 Dummy parameter NMedia =            1

     Spline approximation to SSP
     Attenuation units: dB/mkHz
     VACUUM

 Depth =     924.30 m

 Sound speed profile:
   z (m)     alphaR (m/s)   betaR  rho (g/cm^3)  alphaI     betaI

      0.00      1502.69      0.00     1.00       0.0000    0.0000
     34.20      1499.51      0.00     1.00       0.0000    0.0000
     68.50      1499.38      0.00     1.00       0.0000    0.0000
    102.70      1503.89      0.00     1.00       0.0000    0.0000
    136.90      1499.76      0.00     1.00       0.0000    0.0000
    171.20      1500.64      0.00     1.00       0.0000    0.0000
    205.40      1497.58      0.00     1.00       0.0000    0.0000
    239.60      1497.88      0.00     1.00       0.0000    0.0000
    273.90      1497.63      0.00     1.00       0.0000    0.0000
    308.10      1491.93      0.00     1.00       0.0000    0.0000
    342.30      1492.26      0.00     1.00       0.0000    0.0000
    376.60      1492.22      0.00     1.00       0.0000    0.0000
    410.80      1492.12      0.00     1.00       0.0000    0.0000
    445.00      1490.31      0.00     1.00       0.0000    0.0000
    479.30      1489.44      0.00     1.00       0.0000    0.0000
    513.50      1491.57      0.00     1.00       0.0000    0.0000
    547.70      1485.73      0.00     1.00       0.0000    0.0000
    582.00      1488.35      0.00     1.00       0.0000    0.0000
    616.20      1485.26      0.00     1.00       0.0000    0.0000
    650.40      1485.81      0.00     1.00       0.0000    0.0000
    684.60      1487.44      0.00     1.00       0.0000    0.0000
    718.90      1484.60      0.00     1.00       0.0000    0.0000
    753.10      1483.51      0.00     1.00       0.0000    0.0000
    787.30      1484.80      0.00     1.00       0.0000    0.0000
    821.60      1483.61      0.00     1.00       0.0000    0.0000
    855.80      1480.30      0.00     1.00       0.0000    0.0000
    890.00      1481.60      0.00     1.00       0.0000    0.0000
    924.30      1478.30      0.00     1.00       0.0000    0.0000

                                 ( RMS roughness =   0.00     )
     ACOUSTO-ELASTIC half-space
   1124.30      1600.00      0.00     1.80       0.0000    0.0000

 __________________________________________________________________________

 Number of Source   depths, Sz =            2
 Source   depths, Sz (m)
   73.2000       235.500    


 __________________________________________________________________________

 Number of Receiver depths, Rz =           36
 Receiver depths, Rz (m)
   0.00000       50.6943       101.389       152.083       202.777    
   253.471       304.166       354.860       405.554       456.249    
          ... 
   1774.30    

 Warning in ReadSzRz : Receiver below or too near the bottom bdry has been moved up

 __________________________________________________________________________

 Number of Receiver ranges, Rr =          201
 Receiver ranges, Rr (km)
   0.00000      0.263500      0.527000      0.790500       1.05400    
   1.31750       1.58100       1.84450       2.10800       2.37150    
          ... 
   52.7000    


 Ray trace run
 Geometric hat beams in Cartesian coordinates
 Point source (cylindrical coordinates)
 Rectilinear receiver grid: Receivers at Rr( : ) x Rz( : )
 __________________________________________________________________________

 Number of beams in elevation   =           31
 Beam take-off angles (degrees)
  -16.9000      -15.7733      -14.6467      -13.5200      -12.3933    
  -11.2667      -10.1400      -9.01333      -7.88667      -6.76000    
          ... 
   16.9000    

 __________________________________________________________________________


 Step length,       deltas =   0.000     m

 Maximum ray depth, Box%z  =   1774.     m
 Maximum ray range, Box%r  =   50.00    km
 No beam shift in effect


 Step length,       deltas =   92.43     m (automatically selected)

Tracing beam       1    -16.90
Tracing beam       2    -15.77
Tracing beam       3    -14.65
Tracing beam       4    -13.52
Tracing beam       5    -12.39
Tracing beam       6    -11.27
Tracing beam       7    -10.14
Tracing beam       8     -9.01
Tracing beam       9     -7.89
Tracing beam      10     -6.76
Tracing beam      11     -5.63
Tracing beam      12     -4.51
Tracing beam      13     -3.38
Tracing beam      14     -2.25
Tracing beam      15     -1.13
Tracing beam      16      0.00
Tracing beam      17      1.13
Tracing beam      18      2.25
Tracing beam      19      3.38
Tracing beam      20      4.51
Tracing beam      21      5.63
Tracing beam      22      6.76
Tracing beam      23      7.89
Tracing beam      24      9.01
Tracing beam      25     10.14
Tracing beam      26     11.27
Tracing beam      27     12.39
Tracing beam      28     13.52
Tracing beam      29     14.65
Tracing beam      30     15.77
Tracing beam      31     16.90
Tracing beam       1    -16.90
Tracing beam       2    -15.77
Tracing beam       3    -14.65
Tracing beam       4    -13.52
Tracing beam       5    -12.39
Tracing beam       6    -11.27
Tracing beam       7    -10.14
Tracing beam       8     -9.01
Tracing beam       9     -7.89
Tracing beam      10     -6.76
Tracing beam      11     -5.63
Tracing beam      12     -4.51
Tracing beam      13     -3.38
Tracing beam      14     -2.25
Tracing beam      15     -1.13
Tracing beam      16      0.00
Tracing beam      17      1.13
Tracing beam      18      2.25
Tracing beam      19      3.38
Tracing beam      20      4.51
Tracing beam      21      5.63
Tracing beam      22      6.76
Tracing beam      23      7.89
Tracing beam      24      9.01
Tracing beam      25     10.14
Tracing beam      26     11.27
Tracing beam      27     12.39
Tracing beam      28     13.52
Tracing beam      29     14.65
Tracing beam      30     15.77
Tracing beam      31     16.90

 CPU Time =       0.938E-01s
