 BELLHOP/BELLHOP3D

 BELLHOP- Mixed Layer Environment ARR Mode                                       
 frequency =   1213.     Hz

 Dummy parameter NMedia =            1

     Spline approximation to SSP
     Attenuation units: dB/mkHz
     VACUUM

 Depth =    1433.40 m

 Sound speed profile:
   z (m)     alphaR (m/s)   betaR  rho (g/cm^3)  alphaI     betaI

      0.00      1511.56      0.00     1.00       0.0000    0.0000
     38.70      1507.06      0.00     1.00       0.0000    0.0000
     77.50      1504.67      0.00     1.00       0.0000    0.0000
    116.20      1507.83      0.00     1.00       0.0000    0.0000
    155.00      1506.59      0.00     1.00       0.0000    0.0000
    193.70      1505.78      0.00     1.00       0.0000    0.0000
    232.40      1508.06      0.00     1.00       0.0000    0.0000
    271.20      1502.47      0.00     1.00       0.0000    0.0000
    309.90      1501.24      0.00     1.00       0.0000    0.0000
    348.70      1500.55      0.00     1.00       0.0000    0.0000
    387.40      1500.88      0.00     1.00       0.0000    0.0000
    426.10      1495.95      0.00     1.00       0.0000    0.0000
    464.90      1497.65      0.00     1.00       0.0000    0.0000
    503.60      1494.68      0.00     1.00       0.0000    0.0000
    542.40      1495.73      0.00     1.00       0.0000    0.0000
    581.10      1493.23      0.00     1.00       0.0000    0.0000
    619.80      1489.64      0.00     1.00       0.0000    0.0000
    658.60      1492.85      0.00     1.00       0.0000    0.0000
    697.30      1492.12      0.00     1.00       0.0000    0.0000
    736.10      1490.06      0.00     1.00       0.0000    0.0000
    774.80      1489.41      0.00     1.00       0.0000    0.0000
    813.50      1487.93      0.00     1.00       0.0000    0.0000
    852.30      1490.66      0.00     1.00       0.0000    0.0000
    891.00      1490.53      0.00     1.00       0.0000    0.0000
    929.80      1487.67      0.00     1.00       0.0000    0.0000
    968.50      1488.06      0.00     1.00       0.0000    0.0000
   1007.20      1489.26      0.00     1.00       0.0000    0.0000
   1046.00      1494.52      0.00     1.00       0.0000    0.0000
   1084.70      1493.70      0.00     1.00       0.0000    0.0000
   1123.50      1493.23      0.00     1.00       0.0000    0.0000
   1162.20      1496.86      0.00     1.00       0.0000    0.0000
   1200.90      1496.10      0.00     1.00       0.0000    0.0000
   1239.70      1501.01      0.00     1.00       0.0000    0.0000
   1278.40      1504.21      0.00     1.00       0.0000    0.0000
   1317.20      1505.97      0.00     1.00       0.0000    0.0000
   1355.90      1506.32      0.00     1.00       0.0000    0.0000
   1394.60      1506.10      0.00     1.00       0.0000    0.0000
   1433.40      1506.79      0.00     1.00       0.0000    0.0000

                                 ( RMS roughness =   0.00     )
     ACOUSTO-ELASTIC half-space
   1633.40      1600.00      0.00     1.80       0.0000    0.0000

 __________________________________________________________________________

 Number of Source   depths, Sz =            1
 Source   depths, Sz (m)
   186.400    


 __________________________________________________________________________

 Number of Receiver depths, Rz =           49
 Receiver depths, Rz (m)
   0.00000       47.5708       95.1417       142.712       190.283    
   237.854       285.425       332.996       380.567       428.137    
          ... 
   2283.40    

 Warning in ReadSzRz : Receiver below or too near the bottom bdry has been moved up

 __________________________________________________________________________

 Number of Receiver ranges, Rr =          201
 Receiver ranges, Rr (km)
   0.00000      0.243500      0.487000      0.730500      0.974000    
   1.21750       1.46100       1.70450       1.94800       2.19150    
          ... 
   48.7000    


 Arrivals calculation, ASCII  file output
 Geometric hat beams in Cartesian coordinates
 Point source (cylindrical coordinates)
 Rectilinear receiver grid: Receivers at Rr( : ) x Rz( : )
 __________________________________________________________________________

 Number of beams in elevation   =           36
 Beam take-off angles (degrees)
  -21.7000      -20.4600      -19.2200      -17.9800      -16.7400    
  -15.5000      -14.2600      -13.0200      -11.7800      -10.5400    
          ... 
   21.7000    

 __________________________________________________________________________


 Step length,       deltas =   0.000     m

 Maximum ray depth, Box%z  =   2283.     m
 Maximum ray range, Box%r  =   50.00    km
 No beam shift in effect


 Step length,       deltas =   143.3     m (automatically selected)

 ( Maximum # of arrivals =         2030 )

Tracing beam       1    -21.70

 Geometric hat beams                     
 halfwidth  =    18.259170287199375     
 epsilonOpt =  (  0.0000000000000000     ,  1270180.1695330136     )
 EpsMult    =    1.0000000000000000     

Tracing beam       2    -20.46
Tracing beam       3    -19.22
Tracing beam       4    -17.98
Tracing beam       5    -16.74
Tracing beam       6    -15.50
Tracing beam       7    -14.26
Tracing beam       8    -13.02
Tracing beam       9    -11.78
Tracing beam      10    -10.54
Tracing beam      11     -9.30
Tracing beam      12     -8.06
Tracing beam      13     -6.82
Tracing beam      14     -5.58
Tracing beam      15     -4.34
Tracing beam      16     -3.10
Tracing beam      17     -1.86
Tracing beam      18     -0.62
Tracing beam      19      0.62
Tracing beam      20      1.86
Tracing beam      21      3.10
Tracing beam      22      4.34
Tracing beam      23      5.58
Tracing beam      24      6.82
Tracing beam      25      8.06
Tracing beam      26      9.30
Tracing beam      27     10.54
Tracing beam      28     11.78
Tracing beam      29     13.02
Tracing beam      30     14.26
Tracing beam      31     15.50
Tracing beam      32     16.74
Tracing beam      33     17.98
Tracing beam      34     19.22
Tracing beam      35     20.46
Tracing beam      36     21.70

 CPU Time =       0.328    s
