 BELLHOP/BELLHOP3D

 BELLHOP- Mixed Layer Environment RAY Mode                                       
 frequency =   1213.     Hz

 Dummy parameter NMedia =            1

     Spline approximation to SSP
     Attenuation units: dB/mkHz
     VACUUM

 Depth =    1433.40 m

 Sound speed profile:
   z (m)     alphaR (m/s)   betaR  rho (g/cm^3)  alphaI     betaI

      0.00      1511.56      0.00     1.00       0.0000    0.0000
     38.70      1507.06      0.00     1.00       0.0000    0.0000
     77.50      1504.67      0.00     1.00       0.0000    0.0000
    116.20      1507.83      0.00     1.00       0.0000    0.0000
    155.00      1506.59      0.00     1.00       0.0000    0.0000
    193.70      1505.78      0.00     1.00       0.0000    0.0000
    232.40      1508.06      0.00     1.00       0.0000    0.0000
    271.20      1502.47      0.00     1.00       0.0000    0.0000
    309.90      1501.24      0.00     1.00       0.0000    0.0000
    348.70      1500.55      0.00     1.00       0.0000    0.0000
    387.40      1500.88      0.00     1.00       0.0000    0.0000
    426.10      1495.95      0.00     1.00       0.0000    0.0000
    464.90      1497.65      0.00     1.00       0.0000    0.0000
    503.60      1494.68      0.00     1.00       0.0000    0.0000
    542.40      1495.73      0.00     1.00       0.0000    0.0000
    581.10      1493.23      0.00     1.00       0.0000    0.0000
    619.80      1489.64      0.00     1.00       0.0000    0.0000
    658.60      1492.85      0.00     1.00       0.0000    0.0000
    697.30      1492.12      0.00     1.00       0.0000    0.0000
    736.10      1490.06      0.00     1.00       0.0000    0.0000
    774.80      1489.41      0.00     1.00       0.0000    0.0000
    813.50      1487.93      0.00     1.00       0.0000    0.0000
    852.30      1490.66      0.00     1.00       0.0000    0.0000
    891.00      1490.53      0.00     1.00       0.0000    0.0000
    929.80      1487.67      0.00     1.00       0.0000    0.0000
    968.50      1488.06      0.00     1.00       0.0000    0.0000
   1007.20      1489.26      0.00     1.00       0.0000    0.0000
   1046.00      1494.52      0.00     1.00       0.0000    0.0000
   1084.70      1493.70      0.00     1.00       0.0000    0.0000
   1123.50      1493.23      0.00     1.00       0.0000    0.0000
   1162.20      1496.86      0.00     1.00       0.0000    0.0000
   1200.90      1496.10      0.00     1.00       0.0000    0.0000
   1239.70      1501.01      0.00     1.00       0.0000    0.0000
   1278.40      1504.21      0.00     1.00       0.0000    0.0000
   1317.20      1505.97      0.00     1.00       0.0000    0.0000
   1355.90      1506.32      0.00     1.00       0.0000    0.0000
   1394.60      1506.10      0.00     1.00       0.0000    0.0000
   1433.40      1506.79      0.00     1.00       0.0000    0.0000

                                 ( RMS roughness =   0.00     )
     ACOUSTO-ELASTIC half-space
   1633.40      1600.00      0.00     1.80       0.0000    0.0000

 __________________________________________________________________________

 Number of Source   depths, Sz =            1
 Source   depths, Sz (m)
   55.4000    


 __________________________________________________________________________

 Number of Receiver depths, Rz =           33
 Receiver depths, Rz (m)
   0.00000       71.3562       142.712       214.069       285.425    
   356.781       428.137       499.494       570.850       642.206    
          ... 
   2283.40    

 Warning in ReadSzRz : Receiver below or too near the bottom bdry has been moved up

 __________________________________________________________________________

 Number of Receiver ranges, Rr =          201
 Receiver ranges, Rr (km)
   0.00000      0.204500      0.409000      0.613500      0.818000    
   1.02250       1.22700       1.43150       1.63600       1.84050    
          ... 
   40.9000    


 Ray trace run
 Geometric hat beams in Cartesian coordinates
 Point source (cylindrical coordinates)
 Rectilinear receiver grid: Receivers at Rr( : ) x Rz( : )
 __________________________________________________________________________

 Number of beams in elevation   =           31
 Beam take-off angles (degrees)
  -14.1000      -13.1600      -12.2200      -11.2800      -10.3400    
  -9.40000      -8.46000      -7.52000      -6.58000      -5.64000    
          ... 
   14.1000    

 __________________________________________________________________________


 Step length,       deltas =   0.000     m

 Maximum ray depth, Box%z  =   2283.     m
 Maximum ray range, Box%r  =   50.00    km
 No beam shift in effect


 Step length,       deltas =   143.3     m (automatically selected)

Tracing beam       1    -14.10
Tracing beam       2    -13.16
Tracing beam       3    -12.22
Tracing beam       4    -11.28
Tracing beam       5    -10.34
Tracing beam       6     -9.40
Tracing beam       7     -8.46
Tracing beam       8     -7.52
Tracing beam       9     -6.58
Tracing beam      10     -5.64
Tracing beam      11     -4.70
Tracing beam      12     -3.76
Tracing beam      13     -2.82
Tracing beam      14     -1.88
Tracing beam      15     -0.94
Tracing beam      16      0.00
Tracing beam      17      0.94
Tracing beam      18      1.88
Tracing beam      19      2.82
Tracing beam      20      3.76
Tracing beam      21      4.70
Tracing beam      22      5.64
Tracing beam      23      6.58
Tracing beam      24      7.52
Tracing beam      25      8.46
Tracing beam      26      9.40
Tracing beam      27     10.34
Tracing beam      28     11.28
Tracing beam      29     12.22
Tracing beam      30     13.16
Tracing beam      31     14.10

 CPU Time =       0.312E-01s
