 BELLHOP/BELLHOP3D

 BELLHOP- Deep Ocean Environment SHD Mode                                        
 frequency =   1025.     Hz

 Dummy parameter NMedia =            1

     Spline approximation to SSP
     Attenuation units: dB/mkHz
     VACUUM

 Depth =    4815.20 m

 Sound speed profile:
   z (m)     alphaR (m/s)   betaR  rho (g/cm^3)  alphaI     betaI

      0.00      1495.42      0.00     1.00       0.0000    0.0000
     96.30      1491.28      0.00     1.00       0.0000    0.0000
    192.60      1493.57      0.00     1.00       0.0000    0.0000
    288.90      1492.83      0.00     1.00       0.0000    0.0000
    385.20      1487.28      0.00     1.00       0.0000    0.0000
    481.50      1483.72      0.00     1.00       0.0000    0.0000
    577.80      1480.98      0.00     1.00       0.0000    0.0000
    674.10      1481.12      0.00     1.00       0.0000    0.0000
    770.40      1479.34      0.00     1.00       0.0000    0.0000
    866.70      1482.35      0.00     1.00       0.0000    0.0000
    963.00      1481.86      0.00     1.00       0.0000    0.0000
   1059.30      1476.28      0.00     1.00       0.0000    0.0000
   1155.60      1477.52      0.00     1.00       0.0000    0.0000
   1251.90      1479.46      0.00     1.00       0.0000    0.0000
   1348.30      1482.20      0.00     1.00       0.0000    0.0000
   1444.60      1480.94      0.00     1.00       0.0000    0.0000
   1540.90      1480.64      0.00     1.00       0.0000    0.0000
   1637.20      1482.28      0.00     1.00       0.0000    0.0000
   1733.50      1482.18      0.00     1.00       0.0000    0.0000
   1829.80      1484.79      0.00     1.00       0.0000    0.0000
   1926.10      1483.58      0.00     1.00       0.0000    0.0000
   2022.40      1484.63      0.00     1.00       0.0000    0.0000
   2118.70      1487.89      0.00     1.00       0.0000    0.0000
   2215.00      1485.76      0.00     1.00       0.0000    0.0000
   2311.30      1485.49      0.00     1.00       0.0000    0.0000
   2407.60      1488.56      0.00     1.00       0.0000    0.0000
   2503.90      1488.64      0.00     1.00       0.0000    0.0000
   2600.20      1490.70      0.00     1.00       0.0000    0.0000
   2696.50      1491.16      0.00     1.00       0.0000    0.0000
   2792.80      1491.40      0.00     1.00       0.0000    0.0000
   2889.10      1492.11      0.00     1.00       0.0000    0.0000
   2985.40      1491.85      0.00     1.00       0.0000    0.0000
   3081.70      1493.84      0.00     1.00       0.0000    0.0000
   3178.00      1495.79      0.00     1.00       0.0000    0.0000
   3274.30      1493.77      0.00     1.00       0.0000    0.0000
   3370.60      1495.97      0.00     1.00       0.0000    0.0000
   3466.90      1498.30      0.00     1.00       0.0000    0.0000
   3563.20      1498.25      0.00     1.00       0.0000    0.0000
   3659.50      1500.21      0.00     1.00       0.0000    0.0000
   3755.80      1498.15      0.00     1.00       0.0000    0.0000
   3852.20      1497.02      0.00     1.00       0.0000    0.0000
   3948.50      1500.82      0.00     1.00       0.0000    0.0000
   4044.80      1501.82      0.00     1.00       0.0000    0.0000
   4141.10      1504.08      0.00     1.00       0.0000    0.0000
   4237.40      1504.57      0.00     1.00       0.0000    0.0000
   4333.70      1504.35      0.00     1.00       0.0000    0.0000
   4430.00      1505.45      0.00     1.00       0.0000    0.0000
   4526.30      1504.77      0.00     1.00       0.0000    0.0000
   4622.60      1503.98      0.00     1.00       0.0000    0.0000
   4718.90      1506.74      0.00     1.00       0.0000    0.0000
   4815.20      1508.80      0.00     1.00       0.0000    0.0000

                                 ( RMS roughness =   0.00     )
     ACOUSTO-ELASTIC half-space
   5015.20      1600.00      0.00     1.80       0.0000    0.0000

 __________________________________________________________________________

 Number of Source   depths, Sz =            1
 Source   depths, Sz (m)
   178.700    


 __________________________________________________________________________

 Number of Receiver depths, Rz =           84
 Receiver depths, Rz (m)
   0.00000       68.2554       136.511       204.766       273.022    
   341.277       409.533       477.788       546.043       614.299    
          ... 
   5665.20    

 Warning in ReadSzRz : Receiver below or too near the bottom bdry has been moved up

 __________________________________________________________________________

 Number of Receiver ranges, Rr =          201
 Receiver ranges, Rr (km)
   0.00000      0.282500      0.565000      0.847500       1.13000    
   1.41250       1.69500       1.97750       2.26000       2.54250    
          ... 
   56.5000    


 Coherent TL calculation
 Geometric hat beams in Cartesian coordinates
 Point source (cylindrical coordinates)
 Rectilinear receiver grid: Receivers at Rr( : ) x Rz( : )
 __________________________________________________________________________

 Number of beams in elevation   =        11580
 Beam take-off angles (degrees)
  -73.6000      -73.5867      -73.5733      -73.5600      -73.5467    
  -73.5333      -73.5200      -73.5067      -73.4933      -73.4800    
          ... 
   80.8000    

 __________________________________________________________________________


 Step length,       deltas =   0.000     m

 Maximum ray depth, Box%z  =   5665.     m
 Maximum ray range, Box%r  =   50.00    km
 No beam shift in effect


 Step length,       deltas =   481.5     m (automatically selected)

Tracing beam       1    -73.60

 Geometric hat beams                     
 halfwidth  =    1992.9225856635760     
 epsilonOpt =  (  0.0000000000000000     ,  12787034810.544888     )
 EpsMult    =    1.0000000000000000     

Tracing beam     232    -70.52
Tracing beam     463    -67.44
Tracing beam     694    -64.36
Tracing beam     925    -61.28
Tracing beam    1156    -58.20
Tracing beam    1387    -55.12
Tracing beam    1618    -52.04
Tracing beam    1849    -48.96
Tracing beam    2080    -45.88
Tracing beam    2311    -42.80
Tracing beam    2542    -39.72
Tracing beam    2773    -36.64
Tracing beam    3004    -33.56
Tracing beam    3235    -30.48
Tracing beam    3466    -27.40
Tracing beam    3697    -24.32
Tracing beam    3928    -21.24
Tracing beam    4159    -18.16
Tracing beam    4390    -15.07
Tracing beam    4621    -11.99
Tracing beam    4852     -8.91
Tracing beam    5083     -5.83
Tracing beam    5314     -2.75
Tracing beam    5545      0.33
Tracing beam    5776      3.41
Tracing beam    6007      6.49
Tracing beam    6238      9.57
Tracing beam    6469     12.65
Tracing beam    6700     15.73
Tracing beam    6931     18.81
Tracing beam    7162     21.89
Tracing beam    7393     24.97
Tracing beam    7624     28.05
Tracing beam    7855     31.13
Tracing beam    8086     34.21
Tracing beam    8317     37.29
Tracing beam    8548     40.37
Tracing beam    8779     43.45
Tracing beam    9010     46.53
Tracing beam    9241     49.61
Tracing beam    9472     52.69
Tracing beam    9703     55.77
Tracing beam    9934     58.85
Tracing beam   10165     61.93
Tracing beam   10396     65.01
Tracing beam   10627     68.09
Tracing beam   10858     71.17
Tracing beam   11089     74.25
Tracing beam   11320     77.33
Tracing beam   11551     80.41

 CPU Time =        1.61    s
