 BELLHOP/BELLHOP3D

 BELLHOP- Deep Ocean Environment RAY Mode                                        
 frequency =   1025.     Hz

 Dummy parameter NMedia =            1

     Spline approximation to SSP
     Attenuation units: dB/mkHz
     VACUUM

 Depth =    4815.20 m

 Sound speed profile:
   z (m)     alphaR (m/s)   betaR  rho (g/cm^3)  alphaI     betaI

      0.00      1495.42      0.00     1.00       0.0000    0.0000
     96.30      1491.28      0.00     1.00       0.0000    0.0000
    192.60      1493.57      0.00     1.00       0.0000    0.0000
    288.90      1492.83      0.00     1.00       0.0000    0.0000
    385.20      1487.28      0.00     1.00       0.0000    0.0000
    481.50      1483.72      0.00     1.00       0.0000    0.0000
    577.80      1480.98      0.00     1.00       0.0000    0.0000
    674.10      1481.12      0.00     1.00       0.0000    0.0000
    770.40      1479.34      0.00     1.00       0.0000    0.0000
    866.70      1482.35      0.00     1.00       0.0000    0.0000
    963.00      1481.86      0.00     1.00       0.0000    0.0000
   1059.30      1476.28      0.00     1.00       0.0000    0.0000
   1155.60      1477.52      0.00     1.00       0.0000    0.0000
   1251.90      1479.46      0.00     1.00       0.0000    0.0000
   1348.30      1482.20      0.00     1.00       0.0000    0.0000
   1444.60      1480.94      0.00     1.00       0.0000    0.0000
   1540.90      1480.64      0.00     1.00       0.0000    0.0000
   1637.20      1482.28      0.00     1.00       0.0000    0.0000
   1733.50      1482.18      0.00     1.00       0.0000    0.0000
   1829.80      1484.79      0.00     1.00       0.0000    0.0000
   1926.10      1483.58      0.00     1.00       0.0000    0.0000
   2022.40      1484.63      0.00     1.00       0.0000    0.0000
   2118.70      1487.89      0.00     1.00       0.0000    0.0000
   2215.00      1485.76      0.00     1.00       0.0000    0.0000
   2311.30      1485.49      0.00     1.00       0.0000    0.0000
   2407.60      1488.56      0.00     1.00       0.0000    0.0000
   2503.90      1488.64      0.00     1.00       0.0000    0.0000
   2600.20      1490.70      0.00     1.00       0.0000    0.0000
   2696.50      1491.16      0.00     1.00       0.0000    0.0000
   2792.80      1491.40      0.00     1.00       0.0000    0.0000
   2889.10      1492.11      0.00     1.00       0.0000    0.0000
   2985.40      1491.85      0.00     1.00       0.0000    0.0000
   3081.70      1493.84      0.00     1.00       0.0000    0.0000
   3178.00      1495.79      0.00     1.00       0.0000    0.0000
   3274.30      1493.77      0.00     1.00       0.0000    0.0000
   3370.60      1495.97      0.00     1.00       0.0000    0.0000
   3466.90      1498.30      0.00     1.00       0.0000    0.0000
   3563.20      1498.25      0.00     1.00       0.0000    0.0000
   3659.50      1500.21      0.00     1.00       0.0000    0.0000
   3755.80      1498.15      0.00     1.00       0.0000    0.0000
   3852.20      1497.02      0.00     1.00       0.0000    0.0000
   3948.50      1500.82      0.00     1.00       0.0000    0.0000
   4044.80      1501.82      0.00     1.00       0.0000    0.0000
   4141.10      1504.08      0.00     1.00       0.0000    0.0000
   4237.40      1504.57      0.00     1.00       0.0000    0.0000
   4333.70      1504.35      0.00     1.00       0.0000    0.0000
   4430.00      1505.45      0.00     1.00       0.0000    0.0000
   4526.30      1504.77      0.00     1.00       0.0000    0.0000
   4622.60      1503.98      0.00     1.00       0.0000    0.0000
   4718.90      1506.74      0.00     1.00       0.0000    0.0000
   4815.20      1508.80      0.00     1.00       0.0000    0.0000

                                 ( RMS roughness =   0.00     )
     ACOUSTO-ELASTIC half-space
   5015.20      1600.00      0.00     1.80       0.0000    0.0000

 __________________________________________________________________________

 Number of Source   depths, Sz =            3
 Source   depths, Sz (m)
   63.1000       161.000       225.800    


 __________________________________________________________________________

 Number of Receiver depths, Rz =           43
 Receiver depths, Rz (m)
   0.00000       134.886       269.771       404.657       539.543    
   674.429       809.314       944.200       1079.09       1213.97    
          ... 
   5665.20    

 Warning in ReadSzRz : Receiver below or too near the bottom bdry has been moved up

 __________________________________________________________________________

 Number of Receiver ranges, Rr =          201
 Receiver ranges, Rr (km)
   0.00000      0.299000      0.598000      0.897000       1.19600    
   1.49500       1.79400       2.09300       2.39200       2.69100    
          ... 
   59.8000    


 Ray trace run
 Geometric hat beams in Cartesian coordinates
 Point source (cylindrical coordinates)
 Rectilinear receiver grid: Receivers at Rr( : ) x Rz( : )
 __________________________________________________________________________

 Number of beams in elevation   =           35
 Beam take-off angles (degrees)
  -14.8000      -13.9294      -13.0588      -12.1882      -11.3176    
  -10.4471      -9.57647      -8.70588      -7.83529      -6.96471    
          ... 
   14.8000    

 __________________________________________________________________________


 Step length,       deltas =   0.000     m

 Maximum ray depth, Box%z  =   5665.     m
 Maximum ray range, Box%r  =   50.00    km
 No beam shift in effect


 Step length,       deltas =   481.5     m (automatically selected)

Tracing beam       1    -14.80
Tracing beam       2    -13.93
Tracing beam       3    -13.06
Tracing beam       4    -12.19
Tracing beam       5    -11.32
Tracing beam       6    -10.45
Tracing beam       7     -9.58
Tracing beam       8     -8.71
Tracing beam       9     -7.84
Tracing beam      10     -6.96
Tracing beam      11     -6.09
Tracing beam      12     -5.22
Tracing beam      13     -4.35
Tracing beam      14     -3.48
Tracing beam      15     -2.61
Tracing beam      16     -1.74
Tracing beam      17     -0.87
Tracing beam      18      0.00
Tracing beam      19      0.87
Tracing beam      20      1.74
Tracing beam      21      2.61
Tracing beam      22      3.48
Tracing beam      23      4.35
Tracing beam      24      5.22
Tracing beam      25      6.09
Tracing beam      26      6.96
Tracing beam      27      7.84
Tracing beam      28      8.71
Tracing beam      29      9.58
Tracing beam      30     10.45
Tracing beam      31     11.32
Tracing beam      32     12.19
Tracing beam      33     13.06
Tracing beam      34     13.93
Tracing beam      35     14.80
Tracing beam       1    -14.80
Tracing beam       2    -13.93
Tracing beam       3    -13.06
Tracing beam       4    -12.19
Tracing beam       5    -11.32
Tracing beam       6    -10.45
Tracing beam       7     -9.58
Tracing beam       8     -8.71
Tracing beam       9     -7.84
Tracing beam      10     -6.96
Tracing beam      11     -6.09
Tracing beam      12     -5.22
Tracing beam      13     -4.35
Tracing beam      14     -3.48
Tracing beam      15     -2.61
Tracing beam      16     -1.74
Tracing beam      17     -0.87
Tracing beam      18      0.00
Tracing beam      19      0.87
Tracing beam      20      1.74
Tracing beam      21      2.61
Tracing beam      22      3.48
Tracing beam      23      4.35
Tracing beam      24      5.22
Tracing beam      25      6.09
Tracing beam      26      6.96
Tracing beam      27      7.84
Tracing beam      28      8.71
Tracing beam      29      9.58
Tracing beam      30     10.45
Tracing beam      31     11.32
Tracing beam      32     12.19
Tracing beam      33     13.06
Tracing beam      34     13.93
Tracing beam      35     14.80
Tracing beam       1    -14.80
Tracing beam       2    -13.93
Tracing beam       3    -13.06
Tracing beam       4    -12.19
Tracing beam       5    -11.32
Tracing beam       6    -10.45
Tracing beam       7     -9.58
Tracing beam       8     -8.71
Tracing beam       9     -7.84
Tracing beam      10     -6.96
Tracing beam      11     -6.09
Tracing beam      12     -5.22
Tracing beam      13     -4.35
Tracing beam      14     -3.48
Tracing beam      15     -2.61
Tracing beam      16     -1.74
Tracing beam      17     -0.87
Tracing beam      18      0.00
Tracing beam      19      0.87
Tracing beam      20      1.74
Tracing beam      21      2.61
Tracing beam      22      3.48
Tracing beam      23      4.35
Tracing beam      24      5.22
Tracing beam      25      6.09
Tracing beam      26      6.96
Tracing beam      27      7.84
Tracing beam      28      8.71
Tracing beam      29      9.58
Tracing beam      30     10.45
Tracing beam      31     11.32
Tracing beam      32     12.19
Tracing beam      33     13.06
Tracing beam      34     13.93
Tracing beam      35     14.80

 CPU Time =       0.625E-01s
