 BELLHOP/BELLHOP3D

 BELLHOP- Shallow Water Environment ARR Mode                                     
 frequency =   2210.     Hz

 Dummy parameter NMedia =            1

     Spline approximation to SSP
     Attenuation units: dB/mkHz
     VACUUM

 Depth =     467.00 m

 Sound speed profile:
   z (m)     alphaR (m/s)   betaR  rho (g/cm^3)  alphaI     betaI

      0.00      1503.43      0.00     1.00       0.0000    0.0000
     14.20      1502.62      0.00     1.00       0.0000    0.0000
     28.30      1500.32      0.00     1.00       0.0000    0.0000
     42.50      1501.63      0.00     1.00       0.0000    0.0000
     56.60      1497.59      0.00     1.00       0.0000    0.0000
     70.80      1499.09      0.00     1.00       0.0000    0.0000
     84.90      1501.11      0.00     1.00       0.0000    0.0000
     99.10      1495.99      0.00     1.00       0.0000    0.0000
    113.20      1500.94      0.00     1.00       0.0000    0.0000
    127.40      1502.20      0.00     1.00       0.0000    0.0000
    141.50      1501.17      0.00     1.00       0.0000    0.0000
    155.70      1500.91      0.00     1.00       0.0000    0.0000
    169.80      1500.59      0.00     1.00       0.0000    0.0000
    184.00      1500.29      0.00     1.00       0.0000    0.0000
    198.10      1500.48      0.00     1.00       0.0000    0.0000
    212.30      1498.92      0.00     1.00       0.0000    0.0000
    226.40      1497.43      0.00     1.00       0.0000    0.0000
    240.60      1498.29      0.00     1.00       0.0000    0.0000
    254.70      1499.62      0.00     1.00       0.0000    0.0000
    268.90      1496.06      0.00     1.00       0.0000    0.0000
    283.10      1494.30      0.00     1.00       0.0000    0.0000
    297.20      1496.92      0.00     1.00       0.0000    0.0000
    311.40      1494.59      0.00     1.00       0.0000    0.0000
    325.50      1491.02      0.00     1.00       0.0000    0.0000
    339.70      1495.07      0.00     1.00       0.0000    0.0000
    353.80      1492.51      0.00     1.00       0.0000    0.0000
    368.00      1492.70      0.00     1.00       0.0000    0.0000
    382.10      1492.87      0.00     1.00       0.0000    0.0000
    396.30      1492.19      0.00     1.00       0.0000    0.0000
    410.40      1492.51      0.00     1.00       0.0000    0.0000
    424.60      1490.35      0.00     1.00       0.0000    0.0000
    438.70      1491.32      0.00     1.00       0.0000    0.0000
    452.90      1489.73      0.00     1.00       0.0000    0.0000
    467.00      1490.79      0.00     1.00       0.0000    0.0000

                                 ( RMS roughness =   0.00     )
     ACOUSTO-ELASTIC half-space
    667.00      1600.00      0.00     1.80       0.0000    0.0000

 __________________________________________________________________________

 Number of Source   depths, Sz =            1
 Source   depths, Sz (m)
   86.3000    


 __________________________________________________________________________

 Number of Receiver depths, Rz =           36
 Receiver depths, Rz (m)
   0.00000       37.6286       75.2571       112.886       150.514    
   188.143       225.771       263.400       301.029       338.657    
          ... 
   1317.00    

 Warning in ReadSzRz : Receiver below or too near the bottom bdry has been moved up

 __________________________________________________________________________

 Number of Receiver ranges, Rr =          201
 Receiver ranges, Rr (km)
   0.00000      0.272500      0.545000      0.817500       1.09000    
   1.36250       1.63500       1.90750       2.18000       2.45250    
          ... 
   54.5000    


 Arrivals calculation, ASCII  file output
 Geometric hat beams in Cartesian coordinates
 Point source (cylindrical coordinates)
 Rectilinear receiver grid: Receivers at Rr( : ) x Rz( : )
 __________________________________________________________________________

 Number of beams in elevation   =           33
 Beam take-off angles (degrees)
  -10.2000      -9.56250      -8.92500      -8.28750      -7.65000    
  -7.01250      -6.37500      -5.73750      -5.10000      -4.46250    
          ... 
   10.2000    

 __________________________________________________________________________


 Step length,       deltas =   0.000     m

 Maximum ray depth, Box%z  =   1317.     m
 Maximum ray range, Box%r  =   50.00    km
 No beam shift in effect


 Step length,       deltas =   46.70     m (automatically selected)

 ( Maximum # of arrivals =         2763 )

Tracing beam       1    -10.20

 Geometric hat beams                     
 halfwidth  =    19.424986744600012     
 epsilonOpt =  (  0.0000000000000000     ,  2620009.7621287904     )
 EpsMult    =    1.0000000000000000     

Tracing beam       2     -9.56
Tracing beam       3     -8.92
Tracing beam       4     -8.29
Tracing beam       5     -7.65
Tracing beam       6     -7.01
Tracing beam       7     -6.37
Tracing beam       8     -5.74
Tracing beam       9     -5.10
Tracing beam      10     -4.46
Tracing beam      11     -3.82
Tracing beam      12     -3.19
Tracing beam      13     -2.55
Tracing beam      14     -1.91
Tracing beam      15     -1.28
Tracing beam      16     -0.64
Tracing beam      17      0.00
Tracing beam      18      0.64
Tracing beam      19      1.28
Tracing beam      20      1.91
Tracing beam      21      2.55
Tracing beam      22      3.19
Tracing beam      23      3.82
Tracing beam      24      4.46
Tracing beam      25      5.10
Tracing beam      26      5.74
Tracing beam      27      6.37
Tracing beam      28      7.01
Tracing beam      29      7.65
Tracing beam      30      8.29
Tracing beam      31      8.93
Tracing beam      32      9.56
Tracing beam      33     10.20

 CPU Time =       0.359    s
