 BELLHOP/BELLHOP3D

 BELLHOP- Shallow Water Environment RAY Mode                                     
 frequency =   2210.     Hz

 Dummy parameter NMedia =            1

     Spline approximation to SSP
     Attenuation units: dB/mkHz
     VACUUM

 Depth =     467.00 m

 Sound speed profile:
   z (m)     alphaR (m/s)   betaR  rho (g/cm^3)  alphaI     betaI

      0.00      1503.43      0.00     1.00       0.0000    0.0000
     14.20      1502.62      0.00     1.00       0.0000    0.0000
     28.30      1500.32      0.00     1.00       0.0000    0.0000
     42.50      1501.63      0.00     1.00       0.0000    0.0000
     56.60      1497.59      0.00     1.00       0.0000    0.0000
     70.80      1499.09      0.00     1.00       0.0000    0.0000
     84.90      1501.11      0.00     1.00       0.0000    0.0000
     99.10      1495.99      0.00     1.00       0.0000    0.0000
    113.20      1500.94      0.00     1.00       0.0000    0.0000
    127.40      1502.20      0.00     1.00       0.0000    0.0000
    141.50      1501.17      0.00     1.00       0.0000    0.0000
    155.70      1500.91      0.00     1.00       0.0000    0.0000
    169.80      1500.59      0.00     1.00       0.0000    0.0000
    184.00      1500.29      0.00     1.00       0.0000    0.0000
    198.10      1500.48      0.00     1.00       0.0000    0.0000
    212.30      1498.92      0.00     1.00       0.0000    0.0000
    226.40      1497.43      0.00     1.00       0.0000    0.0000
    240.60      1498.29      0.00     1.00       0.0000    0.0000
    254.70      1499.62      0.00     1.00       0.0000    0.0000
    268.90      1496.06      0.00     1.00       0.0000    0.0000
    283.10      1494.30      0.00     1.00       0.0000    0.0000
    297.20      1496.92      0.00     1.00       0.0000    0.0000
    311.40      1494.59      0.00     1.00       0.0000    0.0000
    325.50      1491.02      0.00     1.00       0.0000    0.0000
    339.70      1495.07      0.00     1.00       0.0000    0.0000
    353.80      1492.51      0.00     1.00       0.0000    0.0000
    368.00      1492.70      0.00     1.00       0.0000    0.0000
    382.10      1492.87      0.00     1.00       0.0000    0.0000
    396.30      1492.19      0.00     1.00       0.0000    0.0000
    410.40      1492.51      0.00     1.00       0.0000    0.0000
    424.60      1490.35      0.00     1.00       0.0000    0.0000
    438.70      1491.32      0.00     1.00       0.0000    0.0000
    452.90      1489.73      0.00     1.00       0.0000    0.0000
    467.00      1490.79      0.00     1.00       0.0000    0.0000

                                 ( RMS roughness =   0.00     )
     ACOUSTO-ELASTIC half-space
    667.00      1600.00      0.00     1.80       0.0000    0.0000

 __________________________________________________________________________

 Number of Source   depths, Sz =            3
 Source   depths, Sz (m)
   119.200       121.900       297.000    


 __________________________________________________________________________

 Number of Receiver depths, Rz =           33
 Receiver depths, Rz (m)
   0.00000       41.1562       82.3125       123.469       164.625    
   205.781       246.938       288.094       329.250       370.406    
          ... 
   1317.00    

 Warning in ReadSzRz : Receiver below or too near the bottom bdry has been moved up

 __________________________________________________________________________

 Number of Receiver ranges, Rr =          201
 Receiver ranges, Rr (km)
   0.00000      0.287500      0.575000      0.862500       1.15000    
   1.43750       1.72500       2.01250       2.30000       2.58750    
          ... 
   57.5000    


 Ray trace run
 Geometric hat beams in Cartesian coordinates
 Point source (cylindrical coordinates)
 Rectilinear receiver grid: Receivers at Rr( : ) x Rz( : )
 __________________________________________________________________________

 Number of beams in elevation   =           27
 Beam take-off angles (degrees)
  -19.4000      -17.9077      -16.4154      -14.9231      -13.4308    
  -11.9385      -10.4462      -8.95385      -7.46154      -5.96923    
          ... 
   19.4000    

 __________________________________________________________________________


 Step length,       deltas =   0.000     m

 Maximum ray depth, Box%z  =   1317.     m
 Maximum ray range, Box%r  =   50.00    km
 No beam shift in effect


 Step length,       deltas =   46.70     m (automatically selected)

Tracing beam       1    -19.40
Tracing beam       2    -17.91
Tracing beam       3    -16.42
Tracing beam       4    -14.92
Tracing beam       5    -13.43
Tracing beam       6    -11.94
Tracing beam       7    -10.45
Tracing beam       8     -8.95
Tracing beam       9     -7.46
Tracing beam      10     -5.97
Tracing beam      11     -4.48
Tracing beam      12     -2.98
Tracing beam      13     -1.49
Tracing beam      14      0.00
Tracing beam      15      1.49
Tracing beam      16      2.98
Tracing beam      17      4.48
Tracing beam      18      5.97
Tracing beam      19      7.46
Tracing beam      20      8.95
Tracing beam      21     10.45
Tracing beam      22     11.94
Tracing beam      23     13.43
Tracing beam      24     14.92
Tracing beam      25     16.42
Tracing beam      26     17.91
Tracing beam      27     19.40
Tracing beam       1    -19.40
Tracing beam       2    -17.91
Tracing beam       3    -16.42
Tracing beam       4    -14.92
Tracing beam       5    -13.43
Tracing beam       6    -11.94
Tracing beam       7    -10.45
Tracing beam       8     -8.95
Tracing beam       9     -7.46
Tracing beam      10     -5.97
Tracing beam      11     -4.48
Tracing beam      12     -2.98
Tracing beam      13     -1.49
Tracing beam      14      0.00
Tracing beam      15      1.49
Tracing beam      16      2.98
Tracing beam      17      4.48
Tracing beam      18      5.97
Tracing beam      19      7.46
Tracing beam      20      8.95
Tracing beam      21     10.45
Tracing beam      22     11.94
Tracing beam      23     13.43
Tracing beam      24     14.92
Tracing beam      25     16.42
Tracing beam      26     17.91
Tracing beam      27     19.40
Tracing beam       1    -19.40
Tracing beam       2    -17.91
Tracing beam       3    -16.42
Tracing beam       4    -14.92
Tracing beam       5    -13.43
Tracing beam       6    -11.94
Tracing beam       7    -10.45
Tracing beam       8     -8.95
Tracing beam       9     -7.46
Tracing beam      10     -5.97
Tracing beam      11     -4.48
Tracing beam      12     -2.98
Tracing beam      13     -1.49
Tracing beam      14      0.00
Tracing beam      15      1.49
Tracing beam      16      2.98
Tracing beam      17      4.48
Tracing beam      18      5.97
Tracing beam      19      7.46
Tracing beam      20      8.95
Tracing beam      21     10.45
Tracing beam      22     11.94
Tracing beam      23     13.43
Tracing beam      24     14.92
Tracing beam      25     16.42
Tracing beam      26     17.91
Tracing beam      27     19.40

 CPU Time =       0.328    s
