 BELLHOP/BELLHOP3D

 BELLHOP- Tropical Ocean Environment RAY Mode                                    
 frequency =   1515.     Hz

 Dummy parameter NMedia =            1

     Spline approximation to SSP
     Attenuation units: dB/mkHz
     VACUUM

 Depth =    3157.00 m

 Sound speed profile:
   z (m)     alphaR (m/s)   betaR  rho (g/cm^3)  alphaI     betaI

      0.00      1516.99      0.00     1.00       0.0000    0.0000
     80.90      1513.23      0.00     1.00       0.0000    0.0000
    161.90      1514.01      0.00     1.00       0.0000    0.0000
    242.80      1510.37      0.00     1.00       0.0000    0.0000
    323.80      1505.31      0.00     1.00       0.0000    0.0000
    404.70      1502.77      0.00     1.00       0.0000    0.0000
    485.70      1498.41      0.00     1.00       0.0000    0.0000
    566.60      1499.10      0.00     1.00       0.0000    0.0000
    647.60      1501.30      0.00     1.00       0.0000    0.0000
    728.50      1494.21      0.00     1.00       0.0000    0.0000
    809.50      1490.82      0.00     1.00       0.0000    0.0000
    890.40      1495.20      0.00     1.00       0.0000    0.0000
    971.40      1496.69      0.00     1.00       0.0000    0.0000
   1052.30      1482.36      0.00     1.00       0.0000    0.0000
   1133.30      1483.27      0.00     1.00       0.0000    0.0000
   1214.20      1483.29      0.00     1.00       0.0000    0.0000
   1295.20      1481.99      0.00     1.00       0.0000    0.0000
   1376.10      1483.43      0.00     1.00       0.0000    0.0000
   1457.10      1486.05      0.00     1.00       0.0000    0.0000
   1538.00      1486.69      0.00     1.00       0.0000    0.0000
   1619.00      1488.20      0.00     1.00       0.0000    0.0000
   1699.90      1490.54      0.00     1.00       0.0000    0.0000
   1780.90      1489.35      0.00     1.00       0.0000    0.0000
   1861.80      1492.42      0.00     1.00       0.0000    0.0000
   1942.80      1491.20      0.00     1.00       0.0000    0.0000
   2023.70      1494.55      0.00     1.00       0.0000    0.0000
   2104.70      1494.04      0.00     1.00       0.0000    0.0000
   2185.60      1494.18      0.00     1.00       0.0000    0.0000
   2266.60      1495.86      0.00     1.00       0.0000    0.0000
   2347.50      1496.24      0.00     1.00       0.0000    0.0000
   2428.50      1497.78      0.00     1.00       0.0000    0.0000
   2509.40      1499.67      0.00     1.00       0.0000    0.0000
   2590.40      1499.32      0.00     1.00       0.0000    0.0000
   2671.30      1499.82      0.00     1.00       0.0000    0.0000
   2752.30      1499.61      0.00     1.00       0.0000    0.0000
   2833.20      1503.09      0.00     1.00       0.0000    0.0000
   2914.20      1503.67      0.00     1.00       0.0000    0.0000
   2995.10      1502.30      0.00     1.00       0.0000    0.0000
   3076.10      1506.25      0.00     1.00       0.0000    0.0000
   3157.00      1504.12      0.00     1.00       0.0000    0.0000

                                 ( RMS roughness =   0.00     )
     ACOUSTO-ELASTIC half-space
   3357.00      1600.00      0.00     1.80       0.0000    0.0000

 __________________________________________________________________________

 Number of Source   depths, Sz =            1
 Source   depths, Sz (m)
   103.200    


 __________________________________________________________________________

 Number of Receiver depths, Rz =           30
 Receiver depths, Rz (m)
   0.00000       138.172       276.345       414.517       552.690    
   690.862       829.034       967.207       1105.38       1243.55    
          ... 
   4007.00    

 Warning in ReadSzRz : Receiver below or too near the bottom bdry has been moved up

 __________________________________________________________________________

 Number of Receiver ranges, Rr =          201
 Receiver ranges, Rr (km)
   0.00000      0.208000      0.416000      0.624000      0.832000    
   1.04000       1.24800       1.45600       1.66400       1.87200    
          ... 
   41.6000    


 Ray trace run
 Geometric hat beams in Cartesian coordinates
 Point source (cylindrical coordinates)
 Rectilinear receiver grid: Receivers at Rr( : ) x Rz( : )
 __________________________________________________________________________

 Number of beams in elevation   =           31
 Beam take-off angles (degrees)
  -24.1000      -22.4933      -20.8867      -19.2800      -17.6733    
  -16.0667      -14.4600      -12.8533      -11.2467      -9.64000    
          ... 
   24.1000    

 __________________________________________________________________________


 Step length,       deltas =   0.000     m

 Maximum ray depth, Box%z  =   4007.     m
 Maximum ray range, Box%r  =   50.00    km
 No beam shift in effect


 Step length,       deltas =   315.7     m (automatically selected)

Tracing beam       1    -24.10
Tracing beam       2    -22.49
Tracing beam       3    -20.89
Tracing beam       4    -19.28
Tracing beam       5    -17.67
Tracing beam       6    -16.07
Tracing beam       7    -14.46
Tracing beam       8    -12.85
Tracing beam       9    -11.25
Tracing beam      10     -9.64
Tracing beam      11     -8.03
Tracing beam      12     -6.43
Tracing beam      13     -4.82
Tracing beam      14     -3.21
Tracing beam      15     -1.61
Tracing beam      16      0.00
Tracing beam      17      1.61
Tracing beam      18      3.21
Tracing beam      19      4.82
Tracing beam      20      6.43
Tracing beam      21      8.03
Tracing beam      22      9.64
Tracing beam      23     11.25
Tracing beam      24     12.85
Tracing beam      25     14.46
Tracing beam      26     16.07
Tracing beam      27     17.67
Tracing beam      28     19.28
Tracing beam      29     20.89
Tracing beam      30     22.49
Tracing beam      31     24.10

 CPU Time =       0.156E-01s
