 BELLHOP/BELLHOP3D

 BELLHOP- Polar Ocean Environment SHD Mode                                       
 frequency =   648.2     Hz

 Dummy parameter NMedia =            1

     Spline approximation to SSP
     Attenuation units: dB/mkHz
     VACUUM

 Depth =    2577.00 m

 Sound speed profile:
   z (m)     alphaR (m/s)   betaR  rho (g/cm^3)  alphaI     betaI

      0.00      1465.58      0.00     1.00       0.0000    0.0000
     73.60      1462.74      0.00     1.00       0.0000    0.0000
    147.30      1463.74      0.00     1.00       0.0000    0.0000
    220.90      1460.00      0.00     1.00       0.0000    0.0000
    294.50      1460.34      0.00     1.00       0.0000    0.0000
    368.10      1460.00      0.00     1.00       0.0000    0.0000
    441.80      1460.00      0.00     1.00       0.0000    0.0000
    515.40      1460.00      0.00     1.00       0.0000    0.0000
    589.00      1460.00      0.00     1.00       0.0000    0.0000
    662.70      1460.00      0.00     1.00       0.0000    0.0000
    736.30      1460.00      0.00     1.00       0.0000    0.0000
    809.90      1460.00      0.00     1.00       0.0000    0.0000
    883.50      1460.00      0.00     1.00       0.0000    0.0000
    957.20      1460.00      0.00     1.00       0.0000    0.0000
   1030.80      1460.00      0.00     1.00       0.0000    0.0000
   1104.40      1460.00      0.00     1.00       0.0000    0.0000
   1178.10      1460.00      0.00     1.00       0.0000    0.0000
   1251.70      1460.00      0.00     1.00       0.0000    0.0000
   1325.30      1460.00      0.00     1.00       0.0000    0.0000
   1398.90      1460.00      0.00     1.00       0.0000    0.0000
   1472.60      1460.00      0.00     1.00       0.0000    0.0000
   1546.20      1460.00      0.00     1.00       0.0000    0.0000
   1619.80      1460.00      0.00     1.00       0.0000    0.0000
   1693.50      1461.62      0.00     1.00       0.0000    0.0000
   1767.10      1462.05      0.00     1.00       0.0000    0.0000
   1840.70      1463.76      0.00     1.00       0.0000    0.0000
   1914.30      1465.68      0.00     1.00       0.0000    0.0000
   1988.00      1464.57      0.00     1.00       0.0000    0.0000
   2061.60      1466.83      0.00     1.00       0.0000    0.0000
   2135.20      1465.81      0.00     1.00       0.0000    0.0000
   2208.90      1469.14      0.00     1.00       0.0000    0.0000
   2282.50      1470.68      0.00     1.00       0.0000    0.0000
   2356.10      1472.32      0.00     1.00       0.0000    0.0000
   2429.70      1473.48      0.00     1.00       0.0000    0.0000
   2503.40      1475.63      0.00     1.00       0.0000    0.0000
   2577.00      1473.12      0.00     1.00       0.0000    0.0000

                                 ( RMS roughness =   0.00     )
     ACOUSTO-ELASTIC half-space
   2777.00      1600.00      0.00     1.80       0.0000    0.0000

 __________________________________________________________________________

 Number of Source   depths, Sz =            1
 Source   depths, Sz (m)
   69.9000    


 __________________________________________________________________________

 Number of Receiver depths, Rz =           67
 Receiver depths, Rz (m)
   0.00000       51.9242       103.848       155.773       207.697    
   259.621       311.545       363.470       415.394       467.318    
          ... 
   3427.00    

 Warning in ReadSzRz : Receiver below or too near the bottom bdry has been moved up

 __________________________________________________________________________

 Number of Receiver ranges, Rr =          201
 Receiver ranges, Rr (km)
   0.00000      0.204000      0.408000      0.612000      0.816000    
   1.02000       1.22400       1.42800       1.63200       1.83600    
          ... 
   40.8000    


 Coherent TL calculation
 Geometric hat beams in Cartesian coordinates
 Point source (cylindrical coordinates)
 Rectilinear receiver grid: Receivers at Rr( : ) x Rz( : )
 __________________________________________________________________________

 Number of beams in elevation   =         5289
 Beam take-off angles (degrees)
  -78.1000      -78.0697      -78.0394      -78.0092      -77.9789    
  -77.9486      -77.9183      -77.8881      -77.8578      -77.8275    
          ... 
   82.0000    

 __________________________________________________________________________


 Step length,       deltas =   0.000     m

 Maximum ray depth, Box%z  =   3427.     m
 Maximum ray range, Box%r  =   50.00    km
 No beam shift in effect


 Step length,       deltas =   257.7     m (automatically selected)

Tracing beam       1    -78.10

 Geometric hat beams                     
 halfwidth  =    1359.2853240234904     
 epsilonOpt =  (  0.0000000000000000     ,  3762531592.5983014     )
 EpsMult    =    1.0000000000000000     

Tracing beam     106    -74.92
Tracing beam     211    -71.74
Tracing beam     316    -68.56
Tracing beam     421    -65.38
Tracing beam     526    -62.21
Tracing beam     631    -59.03
Tracing beam     736    -55.85
Tracing beam     841    -52.67
Tracing beam     946    -49.49
Tracing beam    1051    -46.31
Tracing beam    1156    -43.13
Tracing beam    1261    -39.95
Tracing beam    1366    -36.77
Tracing beam    1471    -33.59
Tracing beam    1576    -30.42
Tracing beam    1681    -27.24
Tracing beam    1786    -24.06
Tracing beam    1891    -20.88
Tracing beam    1996    -17.70
Tracing beam    2101    -14.52
Tracing beam    2206    -11.34
Tracing beam    2311     -8.16
Tracing beam    2416     -4.98
Tracing beam    2521     -1.80
Tracing beam    2626      1.37
Tracing beam    2731      4.55
Tracing beam    2836      7.73
Tracing beam    2941     10.91
Tracing beam    3046     14.09
Tracing beam    3151     17.27
Tracing beam    3256     20.45
Tracing beam    3361     23.63
Tracing beam    3466     26.81
Tracing beam    3571     29.99
Tracing beam    3676     33.16
Tracing beam    3781     36.34
Tracing beam    3886     39.52
Tracing beam    3991     42.70
Tracing beam    4096     45.88
Tracing beam    4201     49.06
Tracing beam    4306     52.24
Tracing beam    4411     55.42
Tracing beam    4516     58.60
Tracing beam    4621     61.78
Tracing beam    4726     64.95
Tracing beam    4831     68.13
Tracing beam    4936     71.31
Tracing beam    5041     74.49
Tracing beam    5146     77.67
Tracing beam    5251     80.85

 CPU Time =       0.578    s
