 BELLHOP/BELLHOP3D

 BELLHOP- Polar Ocean Environment RAY Mode                                       
 frequency =   648.2     Hz

 Dummy parameter NMedia =            1

     Spline approximation to SSP
     Attenuation units: dB/mkHz
     VACUUM

 Depth =    2577.00 m

 Sound speed profile:
   z (m)     alphaR (m/s)   betaR  rho (g/cm^3)  alphaI     betaI

      0.00      1465.58      0.00     1.00       0.0000    0.0000
     73.60      1462.74      0.00     1.00       0.0000    0.0000
    147.30      1463.74      0.00     1.00       0.0000    0.0000
    220.90      1460.00      0.00     1.00       0.0000    0.0000
    294.50      1460.34      0.00     1.00       0.0000    0.0000
    368.10      1460.00      0.00     1.00       0.0000    0.0000
    441.80      1460.00      0.00     1.00       0.0000    0.0000
    515.40      1460.00      0.00     1.00       0.0000    0.0000
    589.00      1460.00      0.00     1.00       0.0000    0.0000
    662.70      1460.00      0.00     1.00       0.0000    0.0000
    736.30      1460.00      0.00     1.00       0.0000    0.0000
    809.90      1460.00      0.00     1.00       0.0000    0.0000
    883.50      1460.00      0.00     1.00       0.0000    0.0000
    957.20      1460.00      0.00     1.00       0.0000    0.0000
   1030.80      1460.00      0.00     1.00       0.0000    0.0000
   1104.40      1460.00      0.00     1.00       0.0000    0.0000
   1178.10      1460.00      0.00     1.00       0.0000    0.0000
   1251.70      1460.00      0.00     1.00       0.0000    0.0000
   1325.30      1460.00      0.00     1.00       0.0000    0.0000
   1398.90      1460.00      0.00     1.00       0.0000    0.0000
   1472.60      1460.00      0.00     1.00       0.0000    0.0000
   1546.20      1460.00      0.00     1.00       0.0000    0.0000
   1619.80      1460.00      0.00     1.00       0.0000    0.0000
   1693.50      1461.62      0.00     1.00       0.0000    0.0000
   1767.10      1462.05      0.00     1.00       0.0000    0.0000
   1840.70      1463.76      0.00     1.00       0.0000    0.0000
   1914.30      1465.68      0.00     1.00       0.0000    0.0000
   1988.00      1464.57      0.00     1.00       0.0000    0.0000
   2061.60      1466.83      0.00     1.00       0.0000    0.0000
   2135.20      1465.81      0.00     1.00       0.0000    0.0000
   2208.90      1469.14      0.00     1.00       0.0000    0.0000
   2282.50      1470.68      0.00     1.00       0.0000    0.0000
   2356.10      1472.32      0.00     1.00       0.0000    0.0000
   2429.70      1473.48      0.00     1.00       0.0000    0.0000
   2503.40      1475.63      0.00     1.00       0.0000    0.0000
   2577.00      1473.12      0.00     1.00       0.0000    0.0000

                                 ( RMS roughness =   0.00     )
     ACOUSTO-ELASTIC half-space
   2777.00      1600.00      0.00     1.80       0.0000    0.0000

 __________________________________________________________________________

 Number of Source   depths, Sz =            3
 Source   depths, Sz (m)
   138.500       162.000       298.300    


 __________________________________________________________________________

 Number of Receiver depths, Rz =           32
 Receiver depths, Rz (m)
   0.00000       110.548       221.097       331.645       442.194    
   552.742       663.290       773.839       884.387       994.935    
          ... 
   3427.00    

 Warning in ReadSzRz : Receiver below or too near the bottom bdry has been moved up

 __________________________________________________________________________

 Number of Receiver ranges, Rr =          201
 Receiver ranges, Rr (km)
   0.00000      0.262500      0.525000      0.787500       1.05000    
   1.31250       1.57500       1.83750       2.10000       2.36250    
          ... 
   52.5000    


 Ray trace run
 Geometric hat beams in Cartesian coordinates
 Point source (cylindrical coordinates)
 Rectilinear receiver grid: Receivers at Rr( : ) x Rz( : )
 __________________________________________________________________________

 Number of beams in elevation   =           32
 Beam take-off angles (degrees)
  -23.2000      -21.7032      -20.2065      -18.7097      -17.2129    
  -15.7161      -14.2194      -12.7226      -11.2258      -9.72903    
          ... 
   23.2000    

 __________________________________________________________________________


 Step length,       deltas =   0.000     m

 Maximum ray depth, Box%z  =   3427.     m
 Maximum ray range, Box%r  =   50.00    km
 No beam shift in effect


 Step length,       deltas =   257.7     m (automatically selected)

Tracing beam       1    -23.20
Tracing beam       2    -21.70
Tracing beam       3    -20.21
Tracing beam       4    -18.71
Tracing beam       5    -17.21
Tracing beam       6    -15.72
Tracing beam       7    -14.22
Tracing beam       8    -12.72
Tracing beam       9    -11.23
Tracing beam      10     -9.73
Tracing beam      11     -8.23
Tracing beam      12     -6.74
Tracing beam      13     -5.24
Tracing beam      14     -3.74
Tracing beam      15     -2.25
Tracing beam      16     -0.75
Tracing beam      17      0.75
Tracing beam      18      2.25
Tracing beam      19      3.74
Tracing beam      20      5.24
Tracing beam      21      6.74
Tracing beam      22      8.23
Tracing beam      23      9.73
Tracing beam      24     11.23
Tracing beam      25     12.72
Tracing beam      26     14.22
Tracing beam      27     15.72
Tracing beam      28     17.21
Tracing beam      29     18.71
Tracing beam      30     20.21
Tracing beam      31     21.70
Tracing beam      32     23.20
Tracing beam       1    -23.20
Tracing beam       2    -21.70
Tracing beam       3    -20.21
Tracing beam       4    -18.71
Tracing beam       5    -17.21
Tracing beam       6    -15.72
Tracing beam       7    -14.22
Tracing beam       8    -12.72
Tracing beam       9    -11.23
Tracing beam      10     -9.73
Tracing beam      11     -8.23
Tracing beam      12     -6.74
Tracing beam      13     -5.24
Tracing beam      14     -3.74
Tracing beam      15     -2.25
Tracing beam      16     -0.75
Tracing beam      17      0.75
Tracing beam      18      2.25
Tracing beam      19      3.74
Tracing beam      20      5.24
Tracing beam      21      6.74
Tracing beam      22      8.23
Tracing beam      23      9.73
Tracing beam      24     11.23
Tracing beam      25     12.72
Tracing beam      26     14.22
Tracing beam      27     15.72
Tracing beam      28     17.21
Tracing beam      29     18.71
Tracing beam      30     20.21
Tracing beam      31     21.70
Tracing beam      32     23.20
Tracing beam       1    -23.20
Tracing beam       2    -21.70
Tracing beam       3    -20.21
Tracing beam       4    -18.71
Tracing beam       5    -17.21
Tracing beam       6    -15.72
Tracing beam       7    -14.22
Tracing beam       8    -12.72
Tracing beam       9    -11.23
Tracing beam      10     -9.73
Tracing beam      11     -8.23
Tracing beam      12     -6.74
Tracing beam      13     -5.24
Tracing beam      14     -3.74
Tracing beam      15     -2.25
Tracing beam      16     -0.75
Tracing beam      17      0.75
Tracing beam      18      2.25
Tracing beam      19      3.74
Tracing beam      20      5.24
Tracing beam      21      6.74
Tracing beam      22      8.23
Tracing beam      23      9.73
Tracing beam      24     11.23
Tracing beam      25     12.72
Tracing beam      26     14.22
Tracing beam      27     15.72
Tracing beam      28     17.21
Tracing beam      29     18.71
Tracing beam      30     20.21
Tracing beam      31     21.70
Tracing beam      32     23.20

 CPU Time =       0.625E-01s
