 BELLHOP/BELLHOP3D

 BELLHOP- Continental Shelf Environment SHD Mode                                 
 frequency =   1212.     Hz

 Dummy parameter NMedia =            1

     Spline approximation to SSP
     Attenuation units: dB/mkHz
     VACUUM

 Depth =    1083.70 m

 Sound speed profile:
   z (m)     alphaR (m/s)   betaR  rho (g/cm^3)  alphaI     betaI

      0.00      1498.54      0.00     1.00       0.0000    0.0000
     41.70      1498.93      0.00     1.00       0.0000    0.0000
     83.40      1496.59      0.00     1.00       0.0000    0.0000
    125.00      1497.81      0.00     1.00       0.0000    0.0000
    166.70      1499.87      0.00     1.00       0.0000    0.0000
    208.40      1495.80      0.00     1.00       0.0000    0.0000
    250.10      1493.93      0.00     1.00       0.0000    0.0000
    291.80      1495.47      0.00     1.00       0.0000    0.0000
    333.50      1493.96      0.00     1.00       0.0000    0.0000
    375.10      1491.56      0.00     1.00       0.0000    0.0000
    416.80      1491.79      0.00     1.00       0.0000    0.0000
    458.50      1491.08      0.00     1.00       0.0000    0.0000
    500.20      1489.75      0.00     1.00       0.0000    0.0000
    541.90      1485.90      0.00     1.00       0.0000    0.0000
    583.60      1487.19      0.00     1.00       0.0000    0.0000
    625.20      1485.05      0.00     1.00       0.0000    0.0000
    666.90      1486.46      0.00     1.00       0.0000    0.0000
    708.60      1482.92      0.00     1.00       0.0000    0.0000
    750.30      1481.90      0.00     1.00       0.0000    0.0000
    792.00      1480.93      0.00     1.00       0.0000    0.0000
    833.70      1481.66      0.00     1.00       0.0000    0.0000
    875.30      1481.69      0.00     1.00       0.0000    0.0000
    917.00      1481.45      0.00     1.00       0.0000    0.0000
    958.70      1481.07      0.00     1.00       0.0000    0.0000
   1000.40      1494.69      0.00     1.00       0.0000    0.0000
   1042.10      1496.41      0.00     1.00       0.0000    0.0000
   1083.70      1498.50      0.00     1.00       0.0000    0.0000

                                 ( RMS roughness =   0.00     )
     ACOUSTO-ELASTIC half-space
   1283.70      1600.00      0.00     1.80       0.0000    0.0000

 __________________________________________________________________________

 Number of Source   depths, Sz =            1
 Source   depths, Sz (m)
   146.100    


 __________________________________________________________________________

 Number of Receiver depths, Rz =           82
 Receiver depths, Rz (m)
   0.00000       23.8728       47.7457       71.6185       95.4914    
   119.364       143.237       167.110       190.983       214.856    
          ... 
   1933.70    

 Warning in ReadSzRz : Receiver below or too near the bottom bdry has been moved up

 __________________________________________________________________________

 Number of Receiver ranges, Rr =          201
 Receiver ranges, Rr (km)
   0.00000      0.293000      0.586000      0.879000       1.17200    
   1.46500       1.75800       2.05100       2.34400       2.63700    
          ... 
   58.6000    


 Coherent TL calculation
 Geometric hat beams in Cartesian coordinates
 Point source (cylindrical coordinates)
 Rectilinear receiver grid: Receivers at Rr( : ) x Rz( : )
 __________________________________________________________________________

 Number of beams in elevation   =        14205
 Beam take-off angles (degrees)
  -70.4000      -70.3893      -70.3785      -70.3678      -70.3571    
  -70.3463      -70.3356      -70.3248      -70.3141      -70.3034    
          ... 
   82.1000    

 __________________________________________________________________________


 Step length,       deltas =   0.000     m

 Maximum ray depth, Box%z  =   1934.     m
 Maximum ray range, Box%r  =   50.00    km
 No beam shift in effect


 Step length,       deltas =   108.4     m (automatically selected)

Tracing beam       1    -70.40

 Geometric hat beams                     
 halfwidth  =    2101.2920116586306     
 epsilonOpt =  (  0.0000000000000000     ,  16813616712.655996     )
 EpsMult    =    1.0000000000000000     

Tracing beam     285    -67.35
Tracing beam     569    -64.30
Tracing beam     853    -61.25
Tracing beam    1137    -58.20
Tracing beam    1421    -55.15
Tracing beam    1705    -52.11
Tracing beam    1989    -49.06
Tracing beam    2273    -46.01
Tracing beam    2557    -42.96
Tracing beam    2841    -39.91
Tracing beam    3125    -36.86
Tracing beam    3409    -33.81
Tracing beam    3693    -30.76
Tracing beam    3977    -27.71
Tracing beam    4261    -24.66
Tracing beam    4545    -21.61
Tracing beam    4829    -18.56
Tracing beam    5113    -15.52
Tracing beam    5397    -12.47
Tracing beam    5681     -9.42
Tracing beam    5965     -6.37
Tracing beam    6249     -3.32
Tracing beam    6533     -0.27
Tracing beam    6817      2.78
Tracing beam    7101      5.83
Tracing beam    7385      8.88
Tracing beam    7669     11.93
Tracing beam    7953     14.98
Tracing beam    8237     18.03
Tracing beam    8521     21.07
Tracing beam    8805     24.12
Tracing beam    9089     27.17
Tracing beam    9373     30.22
Tracing beam    9657     33.27
Tracing beam    9941     36.32
Tracing beam   10225     39.37
Tracing beam   10509     42.42
Tracing beam   10793     45.47
Tracing beam   11077     48.52
Tracing beam   11361     51.57
Tracing beam   11645     54.61
Tracing beam   11929     57.66
Tracing beam   12213     60.71
Tracing beam   12497     63.76
Tracing beam   12781     66.81
Tracing beam   13065     69.86
Tracing beam   13349     72.91
Tracing beam   13633     75.96
Tracing beam   13917     79.01
Tracing beam   14201     82.06

 CPU Time =        1.64    s
