 BELLHOP/BELLHOP3D

 BELLHOP- Continental Shelf Environment ARR Mode                                 
 frequency =   1212.     Hz

 Dummy parameter NMedia =            1

     Spline approximation to SSP
     Attenuation units: dB/mkHz
     VACUUM

 Depth =    1083.70 m

 Sound speed profile:
   z (m)     alphaR (m/s)   betaR  rho (g/cm^3)  alphaI     betaI

      0.00      1498.54      0.00     1.00       0.0000    0.0000
     41.70      1498.93      0.00     1.00       0.0000    0.0000
     83.40      1496.59      0.00     1.00       0.0000    0.0000
    125.00      1497.81      0.00     1.00       0.0000    0.0000
    166.70      1499.87      0.00     1.00       0.0000    0.0000
    208.40      1495.80      0.00     1.00       0.0000    0.0000
    250.10      1493.93      0.00     1.00       0.0000    0.0000
    291.80      1495.47      0.00     1.00       0.0000    0.0000
    333.50      1493.96      0.00     1.00       0.0000    0.0000
    375.10      1491.56      0.00     1.00       0.0000    0.0000
    416.80      1491.79      0.00     1.00       0.0000    0.0000
    458.50      1491.08      0.00     1.00       0.0000    0.0000
    500.20      1489.75      0.00     1.00       0.0000    0.0000
    541.90      1485.90      0.00     1.00       0.0000    0.0000
    583.60      1487.19      0.00     1.00       0.0000    0.0000
    625.20      1485.05      0.00     1.00       0.0000    0.0000
    666.90      1486.46      0.00     1.00       0.0000    0.0000
    708.60      1482.92      0.00     1.00       0.0000    0.0000
    750.30      1481.90      0.00     1.00       0.0000    0.0000
    792.00      1480.93      0.00     1.00       0.0000    0.0000
    833.70      1481.66      0.00     1.00       0.0000    0.0000
    875.30      1481.69      0.00     1.00       0.0000    0.0000
    917.00      1481.45      0.00     1.00       0.0000    0.0000
    958.70      1481.07      0.00     1.00       0.0000    0.0000
   1000.40      1494.69      0.00     1.00       0.0000    0.0000
   1042.10      1496.41      0.00     1.00       0.0000    0.0000
   1083.70      1498.50      0.00     1.00       0.0000    0.0000

                                 ( RMS roughness =   0.00     )
     ACOUSTO-ELASTIC half-space
   1283.70      1600.00      0.00     1.80       0.0000    0.0000

 __________________________________________________________________________

 Number of Source   depths, Sz =            2
 Source   depths, Sz (m)
   248.200       285.900    


 __________________________________________________________________________

 Number of Receiver depths, Rz =           43
 Receiver depths, Rz (m)
   0.00000       46.0405       92.0809       138.121       184.162    
   230.202       276.243       322.283       368.324       414.364    
          ... 
   1933.70    

 Warning in ReadSzRz : Receiver below or too near the bottom bdry has been moved up

 __________________________________________________________________________

 Number of Receiver ranges, Rr =          201
 Receiver ranges, Rr (km)
   0.00000      0.241000      0.482000      0.723000      0.964000    
   1.20500       1.44600       1.68700       1.92800       2.16900    
          ... 
   48.2000    


 Arrivals calculation, ASCII  file output
 Geometric hat beams in Cartesian coordinates
 Point source (cylindrical coordinates)
 Rectilinear receiver grid: Receivers at Rr( : ) x Rz( : )
 __________________________________________________________________________

 Number of beams in elevation   =           33
 Beam take-off angles (degrees)
  -11.1000      -10.4062      -9.71250      -9.01875      -8.32500    
  -7.63125      -6.93750      -6.24375      -5.55000      -4.85625    
          ... 
   11.1000    

 __________________________________________________________________________


 Step length,       deltas =   0.000     m

 Maximum ray depth, Box%z  =   1934.     m
 Maximum ray range, Box%r  =   50.00    km
 No beam shift in effect


 Step length,       deltas =   108.4     m (automatically selected)

 ( Maximum # of arrivals =         2314 )

Tracing beam       1    -11.10

 Geometric hat beams                     
 halfwidth  =    32.400666407986684     
 epsilonOpt =  (  0.0000000000000000     ,  3997571.2165150857     )
 EpsMult    =    1.0000000000000000     

Tracing beam       2    -10.41
Tracing beam       3     -9.71
Tracing beam       4     -9.02
Tracing beam       5     -8.32
Tracing beam       6     -7.63
Tracing beam       7     -6.94
Tracing beam       8     -6.24
Tracing beam       9     -5.55
Tracing beam      10     -4.86
Tracing beam      11     -4.16
Tracing beam      12     -3.47
Tracing beam      13     -2.77
Tracing beam      14     -2.08
Tracing beam      15     -1.39
Tracing beam      16     -0.69
Tracing beam      17      0.00
Tracing beam      18      0.69
Tracing beam      19      1.39
Tracing beam      20      2.08
Tracing beam      21      2.77
Tracing beam      22      3.47
Tracing beam      23      4.16
Tracing beam      24      4.86
Tracing beam      25      5.55
Tracing beam      26      6.24
Tracing beam      27      6.94
Tracing beam      28      7.63
Tracing beam      29      8.33
Tracing beam      30      9.02
Tracing beam      31      9.71
Tracing beam      32     10.41
Tracing beam      33     11.10
Tracing beam       1    -11.10
Tracing beam       2    -10.41
Tracing beam       3     -9.71
Tracing beam       4     -9.02
Tracing beam       5     -8.32
Tracing beam       6     -7.63
Tracing beam       7     -6.94
Tracing beam       8     -6.24
Tracing beam       9     -5.55
Tracing beam      10     -4.86
Tracing beam      11     -4.16
Tracing beam      12     -3.47
Tracing beam      13     -2.77
Tracing beam      14     -2.08
Tracing beam      15     -1.39
Tracing beam      16     -0.69
Tracing beam      17      0.00
Tracing beam      18      0.69
Tracing beam      19      1.39
Tracing beam      20      2.08
Tracing beam      21      2.77
Tracing beam      22      3.47
Tracing beam      23      4.16
Tracing beam      24      4.86
Tracing beam      25      5.55
Tracing beam      26      6.24
Tracing beam      27      6.94
Tracing beam      28      7.63
Tracing beam      29      8.33
Tracing beam      30      9.02
Tracing beam      31      9.71
Tracing beam      32     10.41
Tracing beam      33     11.10

 CPU Time =       0.484    s
