 BELLHOP/BELLHOP3D

 BELLHOP- Continental Shelf Environment RAY Mode                                 
 frequency =   1212.     Hz

 Dummy parameter NMedia =            1

     Spline approximation to SSP
     Attenuation units: dB/mkHz
     VACUUM

 Depth =    1083.70 m

 Sound speed profile:
   z (m)     alphaR (m/s)   betaR  rho (g/cm^3)  alphaI     betaI

      0.00      1498.54      0.00     1.00       0.0000    0.0000
     41.70      1498.93      0.00     1.00       0.0000    0.0000
     83.40      1496.59      0.00     1.00       0.0000    0.0000
    125.00      1497.81      0.00     1.00       0.0000    0.0000
    166.70      1499.87      0.00     1.00       0.0000    0.0000
    208.40      1495.80      0.00     1.00       0.0000    0.0000
    250.10      1493.93      0.00     1.00       0.0000    0.0000
    291.80      1495.47      0.00     1.00       0.0000    0.0000
    333.50      1493.96      0.00     1.00       0.0000    0.0000
    375.10      1491.56      0.00     1.00       0.0000    0.0000
    416.80      1491.79      0.00     1.00       0.0000    0.0000
    458.50      1491.08      0.00     1.00       0.0000    0.0000
    500.20      1489.75      0.00     1.00       0.0000    0.0000
    541.90      1485.90      0.00     1.00       0.0000    0.0000
    583.60      1487.19      0.00     1.00       0.0000    0.0000
    625.20      1485.05      0.00     1.00       0.0000    0.0000
    666.90      1486.46      0.00     1.00       0.0000    0.0000
    708.60      1482.92      0.00     1.00       0.0000    0.0000
    750.30      1481.90      0.00     1.00       0.0000    0.0000
    792.00      1480.93      0.00     1.00       0.0000    0.0000
    833.70      1481.66      0.00     1.00       0.0000    0.0000
    875.30      1481.69      0.00     1.00       0.0000    0.0000
    917.00      1481.45      0.00     1.00       0.0000    0.0000
    958.70      1481.07      0.00     1.00       0.0000    0.0000
   1000.40      1494.69      0.00     1.00       0.0000    0.0000
   1042.10      1496.41      0.00     1.00       0.0000    0.0000
   1083.70      1498.50      0.00     1.00       0.0000    0.0000

                                 ( RMS roughness =   0.00     )
     ACOUSTO-ELASTIC half-space
   1283.70      1600.00      0.00     1.80       0.0000    0.0000

 __________________________________________________________________________

 Number of Source   depths, Sz =            2
 Source   depths, Sz (m)
   69.2000       221.700    


 __________________________________________________________________________

 Number of Receiver depths, Rz =           39
 Receiver depths, Rz (m)
   0.00000       50.8868       101.774       152.661       203.547    
   254.434       305.321       356.208       407.095       457.982    
          ... 
   1933.70    

 Warning in ReadSzRz : Receiver below or too near the bottom bdry has been moved up

 __________________________________________________________________________

 Number of Receiver ranges, Rr =          201
 Receiver ranges, Rr (km)
   0.00000      0.248000      0.496000      0.744000      0.992000    
   1.24000       1.48800       1.73600       1.98400       2.23200    
          ... 
   49.6000    


 Ray trace run
 Geometric hat beams in Cartesian coordinates
 Point source (cylindrical coordinates)
 Rectilinear receiver grid: Receivers at Rr( : ) x Rz( : )
 __________________________________________________________________________

 Number of beams in elevation   =           35
 Beam take-off angles (degrees)
  -20.0000      -18.8235      -17.6471      -16.4706      -15.2941    
  -14.1176      -12.9412      -11.7647      -10.5882      -9.41176    
          ... 
   20.0000    

 __________________________________________________________________________


 Step length,       deltas =   0.000     m

 Maximum ray depth, Box%z  =   1934.     m
 Maximum ray range, Box%r  =   50.00    km
 No beam shift in effect


 Step length,       deltas =   108.4     m (automatically selected)

Tracing beam       1    -20.00
Tracing beam       2    -18.82
Tracing beam       3    -17.65
Tracing beam       4    -16.47
Tracing beam       5    -15.29
Tracing beam       6    -14.12
Tracing beam       7    -12.94
Tracing beam       8    -11.76
Tracing beam       9    -10.59
Tracing beam      10     -9.41
Tracing beam      11     -8.24
Tracing beam      12     -7.06
Tracing beam      13     -5.88
Tracing beam      14     -4.71
Tracing beam      15     -3.53
Tracing beam      16     -2.35
Tracing beam      17     -1.18
Tracing beam      18      0.00
Tracing beam      19      1.18
Tracing beam      20      2.35
Tracing beam      21      3.53
Tracing beam      22      4.71
Tracing beam      23      5.88
Tracing beam      24      7.06
Tracing beam      25      8.24
Tracing beam      26      9.41
Tracing beam      27     10.59
Tracing beam      28     11.76
Tracing beam      29     12.94
Tracing beam      30     14.12
Tracing beam      31     15.29
Tracing beam      32     16.47
Tracing beam      33     17.65
Tracing beam      34     18.82
Tracing beam      35     20.00
Tracing beam       1    -20.00
Tracing beam       2    -18.82
Tracing beam       3    -17.65
Tracing beam       4    -16.47
Tracing beam       5    -15.29
Tracing beam       6    -14.12
Tracing beam       7    -12.94
Tracing beam       8    -11.76
Tracing beam       9    -10.59
Tracing beam      10     -9.41
Tracing beam      11     -8.24
Tracing beam      12     -7.06
Tracing beam      13     -5.88
Tracing beam      14     -4.71
Tracing beam      15     -3.53
Tracing beam      16     -2.35
Tracing beam      17     -1.18
Tracing beam      18      0.00
Tracing beam      19      1.18
Tracing beam      20      2.35
Tracing beam      21      3.53
Tracing beam      22      4.71
Tracing beam      23      5.88
Tracing beam      24      7.06
Tracing beam      25      8.24
Tracing beam      26      9.41
Tracing beam      27     10.59
Tracing beam      28     11.76
Tracing beam      29     12.94
Tracing beam      30     14.12
Tracing beam      31     15.29
Tracing beam      32     16.47
Tracing beam      33     17.65
Tracing beam      34     18.82
Tracing beam      35     20.00

 CPU Time =       0.938E-01s
