 BELLHOP/BELLHOP3D

 BELLHOP- Mixed Layer Environment ARR Mode                                       
 frequency =   1015.     Hz

 Dummy parameter NMedia =            1

     Spline approximation to SSP
     Attenuation units: dB/mkHz
     VACUUM

 Depth =    1463.50 m

 Sound speed profile:
   z (m)     alphaR (m/s)   betaR  rho (g/cm^3)  alphaI     betaI

      0.00      1509.62      0.00     1.00       0.0000    0.0000
     50.50      1507.82      0.00     1.00       0.0000    0.0000
    100.90      1511.31      0.00     1.00       0.0000    0.0000
    151.40      1506.89      0.00     1.00       0.0000    0.0000
    201.90      1505.34      0.00     1.00       0.0000    0.0000
    252.30      1504.03      0.00     1.00       0.0000    0.0000
    302.80      1500.66      0.00     1.00       0.0000    0.0000
    353.30      1499.71      0.00     1.00       0.0000    0.0000
    403.70      1498.54      0.00     1.00       0.0000    0.0000
    454.20      1498.96      0.00     1.00       0.0000    0.0000
    504.70      1496.53      0.00     1.00       0.0000    0.0000
    555.10      1495.02      0.00     1.00       0.0000    0.0000
    605.60      1494.70      0.00     1.00       0.0000    0.0000
    656.10      1492.04      0.00     1.00       0.0000    0.0000
    706.50      1491.78      0.00     1.00       0.0000    0.0000
    757.00      1490.12      0.00     1.00       0.0000    0.0000
    807.50      1489.89      0.00     1.00       0.0000    0.0000
    857.90      1487.99      0.00     1.00       0.0000    0.0000
    908.40      1484.73      0.00     1.00       0.0000    0.0000
    958.90      1487.86      0.00     1.00       0.0000    0.0000
   1009.30      1487.95      0.00     1.00       0.0000    0.0000
   1059.80      1489.09      0.00     1.00       0.0000    0.0000
   1110.30      1491.03      0.00     1.00       0.0000    0.0000
   1160.70      1493.32      0.00     1.00       0.0000    0.0000
   1211.20      1493.48      0.00     1.00       0.0000    0.0000
   1261.70      1495.53      0.00     1.00       0.0000    0.0000
   1312.10      1496.19      0.00     1.00       0.0000    0.0000
   1362.60      1498.52      0.00     1.00       0.0000    0.0000
   1413.10      1501.80      0.00     1.00       0.0000    0.0000
   1463.50      1504.57      0.00     1.00       0.0000    0.0000

                                 ( RMS roughness =   0.00     )
     ACOUSTO-ELASTIC half-space
   1663.50      1600.00      0.00     1.80       0.0000    0.0000

 __________________________________________________________________________

 Number of Source   depths, Sz =            2
 Source   depths, Sz (m)
   201.300       238.100    


 __________________________________________________________________________

 Number of Receiver depths, Rz =           46
 Receiver depths, Rz (m)
   0.00000       51.4111       102.822       154.233       205.644    
   257.056       308.467       359.878       411.289       462.700    
          ... 
   2313.50    

 Warning in ReadSzRz : Receiver below or too near the bottom bdry has been moved up

 __________________________________________________________________________

 Number of Receiver ranges, Rr =          201
 Receiver ranges, Rr (km)
   0.00000      0.250000      0.500000      0.750000       1.00000    
   1.25000       1.50000       1.75000       2.00000       2.25000    
          ... 
   50.0000    


 Arrivals calculation, ASCII  file output
 Geometric hat beams in Cartesian coordinates
 Point source (cylindrical coordinates)
 Rectilinear receiver grid: Receivers at Rr( : ) x Rz( : )
 __________________________________________________________________________

 Number of beams in elevation   =           24
 Beam take-off angles (degrees)
  -10.0000      -9.13043      -8.26087      -7.39130      -6.52174    
  -5.65217      -4.78261      -3.91304      -3.04348      -2.17391    
          ... 
   10.0000    

 __________________________________________________________________________


 Step length,       deltas =   0.000     m

 Maximum ray depth, Box%z  =   2314.     m
 Maximum ray range, Box%r  =   50.00    km
 No beam shift in effect


 Step length,       deltas =   146.3     m (automatically selected)

 ( Maximum # of arrivals =         2163 )

Tracing beam       1    -10.00

 Geometric hat beams                     
 halfwidth  =    31.114931432411787     
 epsilonOpt =  (  0.0000000000000000     ,  3086208.2623463199     )
 EpsMult    =    1.0000000000000000     

Tracing beam       2     -9.13
Tracing beam       3     -8.26
Tracing beam       4     -7.39
Tracing beam       5     -6.52
Tracing beam       6     -5.65
Tracing beam       7     -4.78
Tracing beam       8     -3.91
Tracing beam       9     -3.04
Tracing beam      10     -2.17
Tracing beam      11     -1.30
Tracing beam      12     -0.43
Tracing beam      13      0.43
Tracing beam      14      1.30
Tracing beam      15      2.17
Tracing beam      16      3.04
Tracing beam      17      3.91
Tracing beam      18      4.78
Tracing beam      19      5.65
Tracing beam      20      6.52
Tracing beam      21      7.39
Tracing beam      22      8.26
Tracing beam      23      9.13
Tracing beam      24     10.00
Tracing beam       1    -10.00
Tracing beam       2     -9.13
Tracing beam       3     -8.26
Tracing beam       4     -7.39
Tracing beam       5     -6.52
Tracing beam       6     -5.65
Tracing beam       7     -4.78
Tracing beam       8     -3.91
Tracing beam       9     -3.04
Tracing beam      10     -2.17
Tracing beam      11     -1.30
Tracing beam      12     -0.43
Tracing beam      13      0.43
Tracing beam      14      1.30
Tracing beam      15      2.17
Tracing beam      16      3.04
Tracing beam      17      3.91
Tracing beam      18      4.78
Tracing beam      19      5.65
Tracing beam      20      6.52
Tracing beam      21      7.39
Tracing beam      22      8.26
Tracing beam      23      9.13
Tracing beam      24     10.00

 CPU Time =       0.344    s
