 BELLHOP/BELLHOP3D

 BELLHOP- Mixed Layer Environment SHD Mode                                       
 frequency =   1015.     Hz

 Dummy parameter NMedia =            1

     Spline approximation to SSP
     Attenuation units: dB/mkHz
     VACUUM

 Depth =    1463.50 m

 Sound speed profile:
   z (m)     alphaR (m/s)   betaR  rho (g/cm^3)  alphaI     betaI

      0.00      1509.62      0.00     1.00       0.0000    0.0000
     50.50      1507.82      0.00     1.00       0.0000    0.0000
    100.90      1511.31      0.00     1.00       0.0000    0.0000
    151.40      1506.89      0.00     1.00       0.0000    0.0000
    201.90      1505.34      0.00     1.00       0.0000    0.0000
    252.30      1504.03      0.00     1.00       0.0000    0.0000
    302.80      1500.66      0.00     1.00       0.0000    0.0000
    353.30      1499.71      0.00     1.00       0.0000    0.0000
    403.70      1498.54      0.00     1.00       0.0000    0.0000
    454.20      1498.96      0.00     1.00       0.0000    0.0000
    504.70      1496.53      0.00     1.00       0.0000    0.0000
    555.10      1495.02      0.00     1.00       0.0000    0.0000
    605.60      1494.70      0.00     1.00       0.0000    0.0000
    656.10      1492.04      0.00     1.00       0.0000    0.0000
    706.50      1491.78      0.00     1.00       0.0000    0.0000
    757.00      1490.12      0.00     1.00       0.0000    0.0000
    807.50      1489.89      0.00     1.00       0.0000    0.0000
    857.90      1487.99      0.00     1.00       0.0000    0.0000
    908.40      1484.73      0.00     1.00       0.0000    0.0000
    958.90      1487.86      0.00     1.00       0.0000    0.0000
   1009.30      1487.95      0.00     1.00       0.0000    0.0000
   1059.80      1489.09      0.00     1.00       0.0000    0.0000
   1110.30      1491.03      0.00     1.00       0.0000    0.0000
   1160.70      1493.32      0.00     1.00       0.0000    0.0000
   1211.20      1493.48      0.00     1.00       0.0000    0.0000
   1261.70      1495.53      0.00     1.00       0.0000    0.0000
   1312.10      1496.19      0.00     1.00       0.0000    0.0000
   1362.60      1498.52      0.00     1.00       0.0000    0.0000
   1413.10      1501.80      0.00     1.00       0.0000    0.0000
   1463.50      1504.57      0.00     1.00       0.0000    0.0000

                                 ( RMS roughness =   0.00     )
     ACOUSTO-ELASTIC half-space
   1663.50      1600.00      0.00     1.80       0.0000    0.0000

 __________________________________________________________________________

 Number of Source   depths, Sz =            1
 Source   depths, Sz (m)
   109.300    


 __________________________________________________________________________

 Number of Receiver depths, Rz =           83
 Receiver depths, Rz (m)
   0.00000       28.2134       56.4268       84.6402       112.854    
   141.067       169.280       197.494       225.707       253.921    
          ... 
   2313.50    

 Warning in ReadSzRz : Receiver below or too near the bottom bdry has been moved up

 __________________________________________________________________________

 Number of Receiver ranges, Rr =          201
 Receiver ranges, Rr (km)
   0.00000      0.293000      0.586000      0.879000       1.17200    
   1.46500       1.75800       2.05100       2.34400       2.63700    
          ... 
   58.6000    


 Coherent TL calculation
 Geometric hat beams in Cartesian coordinates
 Point source (cylindrical coordinates)
 Rectilinear receiver grid: Receivers at Rr( : ) x Rz( : )
 __________________________________________________________________________

 Number of beams in elevation   =        11892
 Beam take-off angles (degrees)
  -75.7000      -75.6874      -75.6748      -75.6622      -75.6496    
  -75.6371      -75.6245      -75.6119      -75.5993      -75.5867    
          ... 
   74.0000    

 __________________________________________________________________________


 Step length,       deltas =   0.000     m

 Maximum ray depth, Box%z  =   2314.     m
 Maximum ray range, Box%r  =   50.00    km
 No beam shift in effect


 Step length,       deltas =   146.3     m (automatically selected)

Tracing beam       1    -75.70

 Geometric hat beams                     
 halfwidth  =    2157.2270694630761     
 epsilonOpt =  (  0.0000000000000000     ,  14834716655.163439     )
 EpsMult    =    1.0000000000000000     

Tracing beam     238    -72.72
Tracing beam     475    -69.73
Tracing beam     712    -66.75
Tracing beam     949    -63.77
Tracing beam    1186    -60.78
Tracing beam    1423    -57.80
Tracing beam    1660    -54.81
Tracing beam    1897    -51.83
Tracing beam    2134    -48.85
Tracing beam    2371    -45.86
Tracing beam    2608    -42.88
Tracing beam    2845    -39.90
Tracing beam    3082    -36.91
Tracing beam    3319    -33.93
Tracing beam    3556    -30.94
Tracing beam    3793    -27.96
Tracing beam    4030    -24.98
Tracing beam    4267    -21.99
Tracing beam    4504    -19.01
Tracing beam    4741    -16.03
Tracing beam    4978    -13.04
Tracing beam    5215    -10.06
Tracing beam    5452     -7.08
Tracing beam    5689     -4.09
Tracing beam    5926     -1.11
Tracing beam    6163      1.88
Tracing beam    6400      4.86
Tracing beam    6637      7.84
Tracing beam    6874     10.83
Tracing beam    7111     13.81
Tracing beam    7348     16.79
Tracing beam    7585     19.78
Tracing beam    7822     22.76
Tracing beam    8059     25.75
Tracing beam    8296     28.73
Tracing beam    8533     31.71
Tracing beam    8770     34.70
Tracing beam    9007     37.68
Tracing beam    9244     40.66
Tracing beam    9481     43.65
Tracing beam    9718     46.63
Tracing beam    9955     49.61
Tracing beam   10192     52.60
Tracing beam   10429     55.58
Tracing beam   10666     58.57
Tracing beam   10903     61.55
Tracing beam   11140     64.53
Tracing beam   11377     67.52
Tracing beam   11614     70.50
Tracing beam   11851     73.48

 CPU Time =        1.33    s
