 BELLHOP/BELLHOP3D

 BELLHOP- Mixed Layer Environment RAY Mode                                       
 frequency =   1015.     Hz

 Dummy parameter NMedia =            1

     Spline approximation to SSP
     Attenuation units: dB/mkHz
     VACUUM

 Depth =    1463.50 m

 Sound speed profile:
   z (m)     alphaR (m/s)   betaR  rho (g/cm^3)  alphaI     betaI

      0.00      1509.62      0.00     1.00       0.0000    0.0000
     50.50      1507.82      0.00     1.00       0.0000    0.0000
    100.90      1511.31      0.00     1.00       0.0000    0.0000
    151.40      1506.89      0.00     1.00       0.0000    0.0000
    201.90      1505.34      0.00     1.00       0.0000    0.0000
    252.30      1504.03      0.00     1.00       0.0000    0.0000
    302.80      1500.66      0.00     1.00       0.0000    0.0000
    353.30      1499.71      0.00     1.00       0.0000    0.0000
    403.70      1498.54      0.00     1.00       0.0000    0.0000
    454.20      1498.96      0.00     1.00       0.0000    0.0000
    504.70      1496.53      0.00     1.00       0.0000    0.0000
    555.10      1495.02      0.00     1.00       0.0000    0.0000
    605.60      1494.70      0.00     1.00       0.0000    0.0000
    656.10      1492.04      0.00     1.00       0.0000    0.0000
    706.50      1491.78      0.00     1.00       0.0000    0.0000
    757.00      1490.12      0.00     1.00       0.0000    0.0000
    807.50      1489.89      0.00     1.00       0.0000    0.0000
    857.90      1487.99      0.00     1.00       0.0000    0.0000
    908.40      1484.73      0.00     1.00       0.0000    0.0000
    958.90      1487.86      0.00     1.00       0.0000    0.0000
   1009.30      1487.95      0.00     1.00       0.0000    0.0000
   1059.80      1489.09      0.00     1.00       0.0000    0.0000
   1110.30      1491.03      0.00     1.00       0.0000    0.0000
   1160.70      1493.32      0.00     1.00       0.0000    0.0000
   1211.20      1493.48      0.00     1.00       0.0000    0.0000
   1261.70      1495.53      0.00     1.00       0.0000    0.0000
   1312.10      1496.19      0.00     1.00       0.0000    0.0000
   1362.60      1498.52      0.00     1.00       0.0000    0.0000
   1413.10      1501.80      0.00     1.00       0.0000    0.0000
   1463.50      1504.57      0.00     1.00       0.0000    0.0000

                                 ( RMS roughness =   0.00     )
     ACOUSTO-ELASTIC half-space
   1663.50      1600.00      0.00     1.80       0.0000    0.0000

 __________________________________________________________________________

 Number of Source   depths, Sz =            2
 Source   depths, Sz (m)
   157.500       267.600    


 __________________________________________________________________________

 Number of Receiver depths, Rz =           45
 Receiver depths, Rz (m)
   0.00000       52.5795       105.159       157.739       210.318    
   262.898       315.477       368.057       420.636       473.216    
          ... 
   2313.50    

 Warning in ReadSzRz : Receiver below or too near the bottom bdry has been moved up

 __________________________________________________________________________

 Number of Receiver ranges, Rr =          201
 Receiver ranges, Rr (km)
   0.00000      0.265500      0.531000      0.796500       1.06200    
   1.32750       1.59300       1.85850       2.12400       2.38950    
          ... 
   53.1000    


 Ray trace run
 Geometric hat beams in Cartesian coordinates
 Point source (cylindrical coordinates)
 Rectilinear receiver grid: Receivers at Rr( : ) x Rz( : )
 __________________________________________________________________________

 Number of beams in elevation   =           28
 Beam take-off angles (degrees)
  -13.2000      -12.2222      -11.2444      -10.2667      -9.28889    
  -8.31111      -7.33333      -6.35556      -5.37778      -4.40000    
          ... 
   13.2000    

 __________________________________________________________________________


 Step length,       deltas =   0.000     m

 Maximum ray depth, Box%z  =   2314.     m
 Maximum ray range, Box%r  =   50.00    km
 No beam shift in effect


 Step length,       deltas =   146.3     m (automatically selected)

Tracing beam       1    -13.20
Tracing beam       2    -12.22
Tracing beam       3    -11.24
Tracing beam       4    -10.27
Tracing beam       5     -9.29
Tracing beam       6     -8.31
Tracing beam       7     -7.33
Tracing beam       8     -6.36
Tracing beam       9     -5.38
Tracing beam      10     -4.40
Tracing beam      11     -3.42
Tracing beam      12     -2.44
Tracing beam      13     -1.47
Tracing beam      14     -0.49
Tracing beam      15      0.49
Tracing beam      16      1.47
Tracing beam      17      2.44
Tracing beam      18      3.42
Tracing beam      19      4.40
Tracing beam      20      5.38
Tracing beam      21      6.36
Tracing beam      22      7.33
Tracing beam      23      8.31
Tracing beam      24      9.29
Tracing beam      25     10.27
Tracing beam      26     11.24
Tracing beam      27     12.22
Tracing beam      28     13.20
Tracing beam       1    -13.20
Tracing beam       2    -12.22
Tracing beam       3    -11.24
Tracing beam       4    -10.27
Tracing beam       5     -9.29
Tracing beam       6     -8.31
Tracing beam       7     -7.33
Tracing beam       8     -6.36
Tracing beam       9     -5.38
Tracing beam      10     -4.40
Tracing beam      11     -3.42
Tracing beam      12     -2.44
Tracing beam      13     -1.47
Tracing beam      14     -0.49
Tracing beam      15      0.49
Tracing beam      16      1.47
Tracing beam      17      2.44
Tracing beam      18      3.42
Tracing beam      19      4.40
Tracing beam      20      5.38
Tracing beam      21      6.36
Tracing beam      22      7.33
Tracing beam      23      8.31
Tracing beam      24      9.29
Tracing beam      25     10.27
Tracing beam      26     11.24
Tracing beam      27     12.22
Tracing beam      28     13.20

 CPU Time =       0.625E-01s
