 BELLHOP/BELLHOP3D

 BELLHOP- Deep Ocean Environment SHD Mode                                        
 frequency =   1156.     Hz

 Dummy parameter NMedia =            1

     Spline approximation to SSP
     Attenuation units: dB/mkHz
     VACUUM

 Depth =    4867.80 m

 Sound speed profile:
   z (m)     alphaR (m/s)   betaR  rho (g/cm^3)  alphaI     betaI

      0.00      1502.95      0.00     1.00       0.0000    0.0000
     93.60      1497.52      0.00     1.00       0.0000    0.0000
    187.20      1498.57      0.00     1.00       0.0000    0.0000
    280.80      1496.46      0.00     1.00       0.0000    0.0000
    374.40      1491.39      0.00     1.00       0.0000    0.0000
    468.10      1490.43      0.00     1.00       0.0000    0.0000
    561.70      1491.01      0.00     1.00       0.0000    0.0000
    655.30      1485.92      0.00     1.00       0.0000    0.0000
    748.90      1486.54      0.00     1.00       0.0000    0.0000
    842.50      1482.69      0.00     1.00       0.0000    0.0000
    936.10      1486.63      0.00     1.00       0.0000    0.0000
   1029.70      1485.75      0.00     1.00       0.0000    0.0000
   1123.30      1484.43      0.00     1.00       0.0000    0.0000
   1216.90      1487.08      0.00     1.00       0.0000    0.0000
   1310.60      1485.17      0.00     1.00       0.0000    0.0000
   1404.20      1486.34      0.00     1.00       0.0000    0.0000
   1497.80      1487.62      0.00     1.00       0.0000    0.0000
   1591.40      1486.55      0.00     1.00       0.0000    0.0000
   1685.00      1484.50      0.00     1.00       0.0000    0.0000
   1778.60      1488.56      0.00     1.00       0.0000    0.0000
   1872.20      1487.21      0.00     1.00       0.0000    0.0000
   1965.80      1487.87      0.00     1.00       0.0000    0.0000
   2059.40      1489.46      0.00     1.00       0.0000    0.0000
   2153.10      1490.41      0.00     1.00       0.0000    0.0000
   2246.70      1490.34      0.00     1.00       0.0000    0.0000
   2340.30      1491.61      0.00     1.00       0.0000    0.0000
   2433.90      1490.14      0.00     1.00       0.0000    0.0000
   2527.50      1491.69      0.00     1.00       0.0000    0.0000
   2621.10      1493.57      0.00     1.00       0.0000    0.0000
   2714.70      1495.51      0.00     1.00       0.0000    0.0000
   2808.30      1496.58      0.00     1.00       0.0000    0.0000
   2901.90      1494.59      0.00     1.00       0.0000    0.0000
   2995.60      1495.75      0.00     1.00       0.0000    0.0000
   3089.20      1498.01      0.00     1.00       0.0000    0.0000
   3182.80      1494.58      0.00     1.00       0.0000    0.0000
   3276.40      1497.08      0.00     1.00       0.0000    0.0000
   3370.00      1497.83      0.00     1.00       0.0000    0.0000
   3463.60      1499.40      0.00     1.00       0.0000    0.0000
   3557.20      1496.07      0.00     1.00       0.0000    0.0000
   3650.80      1496.91      0.00     1.00       0.0000    0.0000
   3744.50      1498.90      0.00     1.00       0.0000    0.0000
   3838.10      1499.98      0.00     1.00       0.0000    0.0000
   3931.70      1501.65      0.00     1.00       0.0000    0.0000
   4025.30      1501.29      0.00     1.00       0.0000    0.0000
   4118.90      1500.83      0.00     1.00       0.0000    0.0000
   4212.50      1502.23      0.00     1.00       0.0000    0.0000
   4306.10      1502.61      0.00     1.00       0.0000    0.0000
   4399.70      1505.32      0.00     1.00       0.0000    0.0000
   4493.30      1503.50      0.00     1.00       0.0000    0.0000
   4587.00      1503.22      0.00     1.00       0.0000    0.0000
   4680.60      1505.02      0.00     1.00       0.0000    0.0000
   4774.20      1505.19      0.00     1.00       0.0000    0.0000
   4867.80      1503.08      0.00     1.00       0.0000    0.0000

                                 ( RMS roughness =   0.00     )
     ACOUSTO-ELASTIC half-space
   5067.80      1600.00      0.00     1.80       0.0000    0.0000

 __________________________________________________________________________

 Number of Source   depths, Sz =            1
 Source   depths, Sz (m)
   187.900    


 __________________________________________________________________________

 Number of Receiver depths, Rz =           63
 Receiver depths, Rz (m)
   0.00000       92.2226       184.445       276.668       368.890    
   461.113       553.335       645.558       737.781       830.003    
          ... 
   5717.80    

 Warning in ReadSzRz : Receiver below or too near the bottom bdry has been moved up

 __________________________________________________________________________

 Number of Receiver ranges, Rr =          201
 Receiver ranges, Rr (km)
   0.00000      0.295000      0.590000      0.885000       1.18000    
   1.47500       1.77000       2.06500       2.36000       2.65500    
          ... 
   59.0000    


 Coherent TL calculation
 Geometric hat beams in Cartesian coordinates
 Point source (cylindrical coordinates)
 Rectilinear receiver grid: Receivers at Rr( : ) x Rz( : )
 __________________________________________________________________________

 Number of beams in elevation   =        13641
 Beam take-off angles (degrees)
  -86.5000      -86.4882      -86.4764      -86.4646      -86.4528    
  -86.4411      -86.4293      -86.4175      -86.4057      -86.3939    
          ... 
   74.3000    

 __________________________________________________________________________


 Step length,       deltas =   0.000     m

 Maximum ray depth, Box%z  =   5718.     m
 Maximum ray range, Box%r  =   50.00    km
 No beam shift in effect


 Step length,       deltas =   486.8     m (automatically selected)

Tracing beam       1    -86.50

 Geometric hat beams                     
 halfwidth  =    2005.3193838125364     
 epsilonOpt =  (  0.0000000000000000     ,  14605363744.950699     )
 EpsMult    =    1.0000000000000000     

Tracing beam     273    -83.29
Tracing beam     545    -80.09
Tracing beam     817    -76.88
Tracing beam    1089    -73.67
Tracing beam    1361    -70.47
Tracing beam    1633    -67.26
Tracing beam    1905    -64.05
Tracing beam    2177    -60.85
Tracing beam    2449    -57.64
Tracing beam    2721    -54.43
Tracing beam    2993    -51.23
Tracing beam    3265    -48.02
Tracing beam    3537    -44.81
Tracing beam    3809    -41.61
Tracing beam    4081    -38.40
Tracing beam    4353    -35.19
Tracing beam    4625    -31.99
Tracing beam    4897    -28.78
Tracing beam    5169    -25.58
Tracing beam    5441    -22.37
Tracing beam    5713    -19.16
Tracing beam    5985    -15.96
Tracing beam    6257    -12.75
Tracing beam    6529     -9.54
Tracing beam    6801     -6.34
Tracing beam    7073     -3.13
Tracing beam    7345      0.08
Tracing beam    7617      3.28
Tracing beam    7889      6.49
Tracing beam    8161      9.70
Tracing beam    8433     12.90
Tracing beam    8705     16.11
Tracing beam    8977     19.32
Tracing beam    9249     22.52
Tracing beam    9521     25.73
Tracing beam    9793     28.94
Tracing beam   10065     32.14
Tracing beam   10337     35.35
Tracing beam   10609     38.56
Tracing beam   10881     41.76
Tracing beam   11153     44.97
Tracing beam   11425     48.18
Tracing beam   11697     51.38
Tracing beam   11969     54.59
Tracing beam   12241     57.80
Tracing beam   12513     61.00
Tracing beam   12785     64.21
Tracing beam   13057     67.42
Tracing beam   13329     70.62
Tracing beam   13601     73.83

 CPU Time =        1.91    s
