 BELLHOP/BELLHOP3D

 BELLHOP- Deep Ocean Environment RAY Mode                                        
 frequency =   1156.     Hz

 Dummy parameter NMedia =            1

     Spline approximation to SSP
     Attenuation units: dB/mkHz
     VACUUM

 Depth =    4867.80 m

 Sound speed profile:
   z (m)     alphaR (m/s)   betaR  rho (g/cm^3)  alphaI     betaI

      0.00      1502.95      0.00     1.00       0.0000    0.0000
     93.60      1497.52      0.00     1.00       0.0000    0.0000
    187.20      1498.57      0.00     1.00       0.0000    0.0000
    280.80      1496.46      0.00     1.00       0.0000    0.0000
    374.40      1491.39      0.00     1.00       0.0000    0.0000
    468.10      1490.43      0.00     1.00       0.0000    0.0000
    561.70      1491.01      0.00     1.00       0.0000    0.0000
    655.30      1485.92      0.00     1.00       0.0000    0.0000
    748.90      1486.54      0.00     1.00       0.0000    0.0000
    842.50      1482.69      0.00     1.00       0.0000    0.0000
    936.10      1486.63      0.00     1.00       0.0000    0.0000
   1029.70      1485.75      0.00     1.00       0.0000    0.0000
   1123.30      1484.43      0.00     1.00       0.0000    0.0000
   1216.90      1487.08      0.00     1.00       0.0000    0.0000
   1310.60      1485.17      0.00     1.00       0.0000    0.0000
   1404.20      1486.34      0.00     1.00       0.0000    0.0000
   1497.80      1487.62      0.00     1.00       0.0000    0.0000
   1591.40      1486.55      0.00     1.00       0.0000    0.0000
   1685.00      1484.50      0.00     1.00       0.0000    0.0000
   1778.60      1488.56      0.00     1.00       0.0000    0.0000
   1872.20      1487.21      0.00     1.00       0.0000    0.0000
   1965.80      1487.87      0.00     1.00       0.0000    0.0000
   2059.40      1489.46      0.00     1.00       0.0000    0.0000
   2153.10      1490.41      0.00     1.00       0.0000    0.0000
   2246.70      1490.34      0.00     1.00       0.0000    0.0000
   2340.30      1491.61      0.00     1.00       0.0000    0.0000
   2433.90      1490.14      0.00     1.00       0.0000    0.0000
   2527.50      1491.69      0.00     1.00       0.0000    0.0000
   2621.10      1493.57      0.00     1.00       0.0000    0.0000
   2714.70      1495.51      0.00     1.00       0.0000    0.0000
   2808.30      1496.58      0.00     1.00       0.0000    0.0000
   2901.90      1494.59      0.00     1.00       0.0000    0.0000
   2995.60      1495.75      0.00     1.00       0.0000    0.0000
   3089.20      1498.01      0.00     1.00       0.0000    0.0000
   3182.80      1494.58      0.00     1.00       0.0000    0.0000
   3276.40      1497.08      0.00     1.00       0.0000    0.0000
   3370.00      1497.83      0.00     1.00       0.0000    0.0000
   3463.60      1499.40      0.00     1.00       0.0000    0.0000
   3557.20      1496.07      0.00     1.00       0.0000    0.0000
   3650.80      1496.91      0.00     1.00       0.0000    0.0000
   3744.50      1498.90      0.00     1.00       0.0000    0.0000
   3838.10      1499.98      0.00     1.00       0.0000    0.0000
   3931.70      1501.65      0.00     1.00       0.0000    0.0000
   4025.30      1501.29      0.00     1.00       0.0000    0.0000
   4118.90      1500.83      0.00     1.00       0.0000    0.0000
   4212.50      1502.23      0.00     1.00       0.0000    0.0000
   4306.10      1502.61      0.00     1.00       0.0000    0.0000
   4399.70      1505.32      0.00     1.00       0.0000    0.0000
   4493.30      1503.50      0.00     1.00       0.0000    0.0000
   4587.00      1503.22      0.00     1.00       0.0000    0.0000
   4680.60      1505.02      0.00     1.00       0.0000    0.0000
   4774.20      1505.19      0.00     1.00       0.0000    0.0000
   4867.80      1503.08      0.00     1.00       0.0000    0.0000

                                 ( RMS roughness =   0.00     )
     ACOUSTO-ELASTIC half-space
   5067.80      1600.00      0.00     1.80       0.0000    0.0000

 __________________________________________________________________________

 Number of Source   depths, Sz =            1
 Source   depths, Sz (m)
   197.200    


 __________________________________________________________________________

 Number of Receiver depths, Rz =           40
 Receiver depths, Rz (m)
   0.00000       146.610       293.220       439.831       586.441    
   733.051       879.661       1026.27       1172.88       1319.49    
          ... 
   5717.80    

 Warning in ReadSzRz : Receiver below or too near the bottom bdry has been moved up

 __________________________________________________________________________

 Number of Receiver ranges, Rr =          201
 Receiver ranges, Rr (km)
   0.00000      0.284500      0.569000      0.853500       1.13800    
   1.42250       1.70700       1.99150       2.27600       2.56050    
          ... 
   56.9000    


 Ray trace run
 Geometric hat beams in Cartesian coordinates
 Point source (cylindrical coordinates)
 Rectilinear receiver grid: Receivers at Rr( : ) x Rz( : )
 __________________________________________________________________________

 Number of beams in elevation   =           31
 Beam take-off angles (degrees)
  -21.9000      -20.4400      -18.9800      -17.5200      -16.0600    
  -14.6000      -13.1400      -11.6800      -10.2200      -8.76000    
          ... 
   21.9000    

 __________________________________________________________________________


 Step length,       deltas =   0.000     m

 Maximum ray depth, Box%z  =   5718.     m
 Maximum ray range, Box%r  =   50.00    km
 No beam shift in effect


 Step length,       deltas =   486.8     m (automatically selected)

Tracing beam       1    -21.90
Tracing beam       2    -20.44
Tracing beam       3    -18.98
Tracing beam       4    -17.52
Tracing beam       5    -16.06
Tracing beam       6    -14.60
Tracing beam       7    -13.14
Tracing beam       8    -11.68
Tracing beam       9    -10.22
Tracing beam      10     -8.76
Tracing beam      11     -7.30
Tracing beam      12     -5.84
Tracing beam      13     -4.38
Tracing beam      14     -2.92
Tracing beam      15     -1.46
Tracing beam      16      0.00
Tracing beam      17      1.46
Tracing beam      18      2.92
Tracing beam      19      4.38
Tracing beam      20      5.84
Tracing beam      21      7.30
Tracing beam      22      8.76
Tracing beam      23     10.22
Tracing beam      24     11.68
Tracing beam      25     13.14
Tracing beam      26     14.60
Tracing beam      27     16.06
Tracing beam      28     17.52
Tracing beam      29     18.98
Tracing beam      30     20.44
Tracing beam      31     21.90

 CPU Time =       0.312E-01s
