 BELLHOP/BELLHOP3D

 BELLHOP- Shallow Water Environment RAY Mode                                     
 frequency =   1513.     Hz

 Dummy parameter NMedia =            1

     Spline approximation to SSP
     Attenuation units: dB/mkHz
     VACUUM

 Depth =     593.40 m

 Sound speed profile:
   z (m)     alphaR (m/s)   betaR  rho (g/cm^3)  alphaI     betaI

      0.00      1501.59      0.00     1.00       0.0000    0.0000
     19.10      1500.63      0.00     1.00       0.0000    0.0000
     38.30      1498.97      0.00     1.00       0.0000    0.0000
     57.40      1497.55      0.00     1.00       0.0000    0.0000
     76.60      1498.30      0.00     1.00       0.0000    0.0000
     95.70      1495.69      0.00     1.00       0.0000    0.0000
    114.90      1498.75      0.00     1.00       0.0000    0.0000
    134.00      1498.42      0.00     1.00       0.0000    0.0000
    153.10      1497.37      0.00     1.00       0.0000    0.0000
    172.30      1499.49      0.00     1.00       0.0000    0.0000
    191.40      1498.68      0.00     1.00       0.0000    0.0000
    210.60      1497.95      0.00     1.00       0.0000    0.0000
    229.70      1498.03      0.00     1.00       0.0000    0.0000
    248.80      1498.30      0.00     1.00       0.0000    0.0000
    268.00      1494.98      0.00     1.00       0.0000    0.0000
    287.10      1495.85      0.00     1.00       0.0000    0.0000
    306.30      1492.24      0.00     1.00       0.0000    0.0000
    325.40      1496.06      0.00     1.00       0.0000    0.0000
    344.60      1491.52      0.00     1.00       0.0000    0.0000
    363.70      1491.72      0.00     1.00       0.0000    0.0000
    382.80      1491.30      0.00     1.00       0.0000    0.0000
    402.00      1489.32      0.00     1.00       0.0000    0.0000
    421.10      1491.09      0.00     1.00       0.0000    0.0000
    440.30      1490.81      0.00     1.00       0.0000    0.0000
    459.40      1489.66      0.00     1.00       0.0000    0.0000
    478.60      1487.10      0.00     1.00       0.0000    0.0000
    497.70      1491.87      0.00     1.00       0.0000    0.0000
    516.80      1489.22      0.00     1.00       0.0000    0.0000
    536.00      1491.86      0.00     1.00       0.0000    0.0000
    555.10      1486.23      0.00     1.00       0.0000    0.0000
    574.30      1488.41      0.00     1.00       0.0000    0.0000
    593.40      1487.71      0.00     1.00       0.0000    0.0000

                                 ( RMS roughness =   0.00     )
     ACOUSTO-ELASTIC half-space
    793.40      1600.00      0.00     1.80       0.0000    0.0000

 __________________________________________________________________________

 Number of Source   depths, Sz =            3
 Source   depths, Sz (m)
   70.9000       206.800       238.200    


 __________________________________________________________________________

 Number of Receiver depths, Rz =           37
 Receiver depths, Rz (m)
   0.00000       40.0944       80.1889       120.283       160.378    
   200.472       240.567       280.661       320.756       360.850    
          ... 
   1443.40    

 Warning in ReadSzRz : Receiver below or too near the bottom bdry has been moved up

 __________________________________________________________________________

 Number of Receiver ranges, Rr =          201
 Receiver ranges, Rr (km)
   0.00000      0.269500      0.539000      0.808500       1.07800    
   1.34750       1.61700       1.88650       2.15600       2.42550    
          ... 
   53.9000    


 Ray trace run
 Geometric hat beams in Cartesian coordinates
 Point source (cylindrical coordinates)
 Rectilinear receiver grid: Receivers at Rr( : ) x Rz( : )
 __________________________________________________________________________

 Number of beams in elevation   =           23
 Beam take-off angles (degrees)
  -23.1000      -21.0000      -18.9000      -16.8000      -14.7000    
  -12.6000      -10.5000      -8.40000      -6.30000      -4.20000    
          ... 
   23.1000    

 __________________________________________________________________________


 Step length,       deltas =   0.000     m

 Maximum ray depth, Box%z  =   1443.     m
 Maximum ray range, Box%r  =   50.00    km
 No beam shift in effect


 Step length,       deltas =   59.34     m (automatically selected)

Tracing beam       1    -23.10
Tracing beam       2    -21.00
Tracing beam       3    -18.90
Tracing beam       4    -16.80
Tracing beam       5    -14.70
Tracing beam       6    -12.60
Tracing beam       7    -10.50
Tracing beam       8     -8.40
Tracing beam       9     -6.30
Tracing beam      10     -4.20
Tracing beam      11     -2.10
Tracing beam      12      0.00
Tracing beam      13      2.10
Tracing beam      14      4.20
Tracing beam      15      6.30
Tracing beam      16      8.40
Tracing beam      17     10.50
Tracing beam      18     12.60
Tracing beam      19     14.70
Tracing beam      20     16.80
Tracing beam      21     18.90
Tracing beam      22     21.00
Tracing beam      23     23.10
Tracing beam       1    -23.10
Tracing beam       2    -21.00
Tracing beam       3    -18.90
Tracing beam       4    -16.80
Tracing beam       5    -14.70
Tracing beam       6    -12.60
Tracing beam       7    -10.50
Tracing beam       8     -8.40
Tracing beam       9     -6.30
Tracing beam      10     -4.20
Tracing beam      11     -2.10
Tracing beam      12      0.00
Tracing beam      13      2.10
Tracing beam      14      4.20
Tracing beam      15      6.30
Tracing beam      16      8.40
Tracing beam      17     10.50
Tracing beam      18     12.60
Tracing beam      19     14.70
Tracing beam      20     16.80
Tracing beam      21     18.90
Tracing beam      22     21.00
Tracing beam      23     23.10
Tracing beam       1    -23.10
Tracing beam       2    -21.00
Tracing beam       3    -18.90
Tracing beam       4    -16.80
Tracing beam       5    -14.70
Tracing beam       6    -12.60
Tracing beam       7    -10.50
Tracing beam       8     -8.40
Tracing beam       9     -6.30
Tracing beam      10     -4.20
Tracing beam      11     -2.10
Tracing beam      12      0.00
Tracing beam      13      2.10
Tracing beam      14      4.20
Tracing beam      15      6.30
Tracing beam      16      8.40
Tracing beam      17     10.50
Tracing beam      18     12.60
Tracing beam      19     14.70
Tracing beam      20     16.80
Tracing beam      21     18.90
Tracing beam      22     21.00
Tracing beam      23     23.10

 CPU Time =       0.203    s
