 BELLHOP/BELLHOP3D

 BELLHOP- Shallow Water Environment ARR Mode                                     
 frequency =   1513.     Hz

 Dummy parameter NMedia =            1

     Spline approximation to SSP
     Attenuation units: dB/mkHz
     VACUUM

 Depth =     593.40 m

 Sound speed profile:
   z (m)     alphaR (m/s)   betaR  rho (g/cm^3)  alphaI     betaI

      0.00      1501.59      0.00     1.00       0.0000    0.0000
     19.10      1500.63      0.00     1.00       0.0000    0.0000
     38.30      1498.97      0.00     1.00       0.0000    0.0000
     57.40      1497.55      0.00     1.00       0.0000    0.0000
     76.60      1498.30      0.00     1.00       0.0000    0.0000
     95.70      1495.69      0.00     1.00       0.0000    0.0000
    114.90      1498.75      0.00     1.00       0.0000    0.0000
    134.00      1498.42      0.00     1.00       0.0000    0.0000
    153.10      1497.37      0.00     1.00       0.0000    0.0000
    172.30      1499.49      0.00     1.00       0.0000    0.0000
    191.40      1498.68      0.00     1.00       0.0000    0.0000
    210.60      1497.95      0.00     1.00       0.0000    0.0000
    229.70      1498.03      0.00     1.00       0.0000    0.0000
    248.80      1498.30      0.00     1.00       0.0000    0.0000
    268.00      1494.98      0.00     1.00       0.0000    0.0000
    287.10      1495.85      0.00     1.00       0.0000    0.0000
    306.30      1492.24      0.00     1.00       0.0000    0.0000
    325.40      1496.06      0.00     1.00       0.0000    0.0000
    344.60      1491.52      0.00     1.00       0.0000    0.0000
    363.70      1491.72      0.00     1.00       0.0000    0.0000
    382.80      1491.30      0.00     1.00       0.0000    0.0000
    402.00      1489.32      0.00     1.00       0.0000    0.0000
    421.10      1491.09      0.00     1.00       0.0000    0.0000
    440.30      1490.81      0.00     1.00       0.0000    0.0000
    459.40      1489.66      0.00     1.00       0.0000    0.0000
    478.60      1487.10      0.00     1.00       0.0000    0.0000
    497.70      1491.87      0.00     1.00       0.0000    0.0000
    516.80      1489.22      0.00     1.00       0.0000    0.0000
    536.00      1491.86      0.00     1.00       0.0000    0.0000
    555.10      1486.23      0.00     1.00       0.0000    0.0000
    574.30      1488.41      0.00     1.00       0.0000    0.0000
    593.40      1487.71      0.00     1.00       0.0000    0.0000

                                 ( RMS roughness =   0.00     )
     ACOUSTO-ELASTIC half-space
    793.40      1600.00      0.00     1.80       0.0000    0.0000

 __________________________________________________________________________

 Number of Source   depths, Sz =            3
 Source   depths, Sz (m)
   98.9000       109.800       190.300    


 __________________________________________________________________________

 Number of Receiver depths, Rz =           37
 Receiver depths, Rz (m)
   0.00000       40.0944       80.1889       120.283       160.378    
   200.472       240.567       280.661       320.756       360.850    
          ... 
   1443.40    

 Warning in ReadSzRz : Receiver below or too near the bottom bdry has been moved up

 __________________________________________________________________________

 Number of Receiver ranges, Rr =          201
 Receiver ranges, Rr (km)
   0.00000      0.242000      0.484000      0.726000      0.968000    
   1.21000       1.45200       1.69400       1.93600       2.17800    
          ... 
   48.4000    


 Arrivals calculation, ASCII  file output
 Geometric hat beams in Cartesian coordinates
 Point source (cylindrical coordinates)
 Rectilinear receiver grid: Receivers at Rr( : ) x Rz( : )
 __________________________________________________________________________

 Number of beams in elevation   =           24
 Beam take-off angles (degrees)
  -10.5000      -9.58696      -8.67391      -7.76087      -6.84783    
  -5.93478      -5.02174      -4.10870      -3.19565      -2.28261    
          ... 
   10.5000    

 __________________________________________________________________________


 Step length,       deltas =   0.000     m

 Maximum ray depth, Box%z  =   1443.     m
 Maximum ray range, Box%r  =   50.00    km
 No beam shift in effect


 Step length,       deltas =   59.34     m (automatically selected)

 ( Maximum # of arrivals =         2689 )

Tracing beam       1    -10.50

 Geometric hat beams                     
 halfwidth  =    19.748563278676922     
 epsilonOpt =  (  0.0000000000000000     ,  1853786.9156460545     )
 EpsMult    =    1.0000000000000000     

Tracing beam       2     -9.59
Tracing beam       3     -8.67
Tracing beam       4     -7.76
Tracing beam       5     -6.85
Tracing beam       6     -5.93
Tracing beam       7     -5.02
Tracing beam       8     -4.11
Tracing beam       9     -3.20
Tracing beam      10     -2.28
Tracing beam      11     -1.37
Tracing beam      12     -0.46
Tracing beam      13      0.46
Tracing beam      14      1.37
Tracing beam      15      2.28
Tracing beam      16      3.20
Tracing beam      17      4.11
Tracing beam      18      5.02
Tracing beam      19      5.93
Tracing beam      20      6.85
Tracing beam      21      7.76
Tracing beam      22      8.67
Tracing beam      23      9.59
Tracing beam      24     10.50
Tracing beam       1    -10.50
Tracing beam       2     -9.59
Tracing beam       3     -8.67
Tracing beam       4     -7.76
Tracing beam       5     -6.85
Tracing beam       6     -5.93
Tracing beam       7     -5.02
Tracing beam       8     -4.11
Tracing beam       9     -3.20
Tracing beam      10     -2.28
Tracing beam      11     -1.37
Tracing beam      12     -0.46
Tracing beam      13      0.46
Tracing beam      14      1.37
Tracing beam      15      2.28
Tracing beam      16      3.20
Tracing beam      17      4.11
Tracing beam      18      5.02
Tracing beam      19      5.93
Tracing beam      20      6.85
Tracing beam      21      7.76
Tracing beam      22      8.67
Tracing beam      23      9.59
Tracing beam      24     10.50
Tracing beam       1    -10.50
Tracing beam       2     -9.59
Tracing beam       3     -8.67
Tracing beam       4     -7.76
Tracing beam       5     -6.85
Tracing beam       6     -5.93
Tracing beam       7     -5.02
Tracing beam       8     -4.11
Tracing beam       9     -3.20
Tracing beam      10     -2.28
Tracing beam      11     -1.37
Tracing beam      12     -0.46
Tracing beam      13      0.46
Tracing beam      14      1.37
Tracing beam      15      2.28
Tracing beam      16      3.20
Tracing beam      17      4.11
Tracing beam      18      5.02
Tracing beam      19      5.93
Tracing beam      20      6.85
Tracing beam      21      7.76
Tracing beam      22      8.67
Tracing beam      23      9.59
Tracing beam      24     10.50

 CPU Time =       0.641    s
