 BELLHOP/BELLHOP3D

 BELLHOP- Shallow Water Environment SHD Mode                                     
 frequency =   1513.     Hz

 Dummy parameter NMedia =            1

     Spline approximation to SSP
     Attenuation units: dB/mkHz
     VACUUM

 Depth =     593.40 m

 Sound speed profile:
   z (m)     alphaR (m/s)   betaR  rho (g/cm^3)  alphaI     betaI

      0.00      1501.59      0.00     1.00       0.0000    0.0000
     19.10      1500.63      0.00     1.00       0.0000    0.0000
     38.30      1498.97      0.00     1.00       0.0000    0.0000
     57.40      1497.55      0.00     1.00       0.0000    0.0000
     76.60      1498.30      0.00     1.00       0.0000    0.0000
     95.70      1495.69      0.00     1.00       0.0000    0.0000
    114.90      1498.75      0.00     1.00       0.0000    0.0000
    134.00      1498.42      0.00     1.00       0.0000    0.0000
    153.10      1497.37      0.00     1.00       0.0000    0.0000
    172.30      1499.49      0.00     1.00       0.0000    0.0000
    191.40      1498.68      0.00     1.00       0.0000    0.0000
    210.60      1497.95      0.00     1.00       0.0000    0.0000
    229.70      1498.03      0.00     1.00       0.0000    0.0000
    248.80      1498.30      0.00     1.00       0.0000    0.0000
    268.00      1494.98      0.00     1.00       0.0000    0.0000
    287.10      1495.85      0.00     1.00       0.0000    0.0000
    306.30      1492.24      0.00     1.00       0.0000    0.0000
    325.40      1496.06      0.00     1.00       0.0000    0.0000
    344.60      1491.52      0.00     1.00       0.0000    0.0000
    363.70      1491.72      0.00     1.00       0.0000    0.0000
    382.80      1491.30      0.00     1.00       0.0000    0.0000
    402.00      1489.32      0.00     1.00       0.0000    0.0000
    421.10      1491.09      0.00     1.00       0.0000    0.0000
    440.30      1490.81      0.00     1.00       0.0000    0.0000
    459.40      1489.66      0.00     1.00       0.0000    0.0000
    478.60      1487.10      0.00     1.00       0.0000    0.0000
    497.70      1491.87      0.00     1.00       0.0000    0.0000
    516.80      1489.22      0.00     1.00       0.0000    0.0000
    536.00      1491.86      0.00     1.00       0.0000    0.0000
    555.10      1486.23      0.00     1.00       0.0000    0.0000
    574.30      1488.41      0.00     1.00       0.0000    0.0000
    593.40      1487.71      0.00     1.00       0.0000    0.0000

                                 ( RMS roughness =   0.00     )
     ACOUSTO-ELASTIC half-space
    793.40      1600.00      0.00     1.80       0.0000    0.0000

 __________________________________________________________________________

 Number of Source   depths, Sz =            1
 Source   depths, Sz (m)
   51.5000    


 __________________________________________________________________________

 Number of Receiver depths, Rz =           65
 Receiver depths, Rz (m)
   0.00000       22.5531       45.1063       67.6594       90.2125    
   112.766       135.319       157.872       180.425       202.978    
          ... 
   1443.40    

 Warning in ReadSzRz : Receiver below or too near the bottom bdry has been moved up

 __________________________________________________________________________

 Number of Receiver ranges, Rr =          201
 Receiver ranges, Rr (km)
   0.00000      0.205500      0.411000      0.616500      0.822000    
   1.02750       1.23300       1.43850       1.64400       1.84950    
          ... 
   41.1000    


 Coherent TL calculation
 Geometric hat beams in Cartesian coordinates
 Point source (cylindrical coordinates)
 Rectilinear receiver grid: Receivers at Rr( : ) x Rz( : )
 __________________________________________________________________________

 Number of beams in elevation   =        12436
 Beam take-off angles (degrees)
  -81.3000      -81.2864      -81.2728      -81.2592      -81.2456    
  -81.2320      -81.2185      -81.2049      -81.1913      -81.1777    
          ... 
   87.7000    

 __________________________________________________________________________


 Step length,       deltas =   0.000     m

 Maximum ray depth, Box%z  =   1443.     m
 Maximum ray range, Box%r  =   50.00    km
 No beam shift in effect


 Step length,       deltas =   59.34     m (automatically selected)

Tracing beam       1    -81.30

 Geometric hat beams                     
 halfwidth  =    1328.3457377389732     
 epsilonOpt =  (  0.0000000000000000     ,  8387085181.8252478     )
 EpsMult    =    1.0000000000000000     

Tracing beam     249    -77.93
Tracing beam     497    -74.56
Tracing beam     745    -71.19
Tracing beam     993    -67.82
Tracing beam    1241    -64.45
Tracing beam    1489    -61.08
Tracing beam    1737    -57.71
Tracing beam    1985    -54.34
Tracing beam    2233    -50.97
Tracing beam    2481    -47.60
Tracing beam    2729    -44.22
Tracing beam    2977    -40.85
Tracing beam    3225    -37.48
Tracing beam    3473    -34.11
Tracing beam    3721    -30.74
Tracing beam    3969    -27.37
Tracing beam    4217    -24.00
Tracing beam    4465    -20.63
Tracing beam    4713    -17.26
Tracing beam    4961    -13.89
Tracing beam    5209    -10.52
Tracing beam    5457     -7.15
Tracing beam    5705     -3.78
Tracing beam    5953     -0.41
Tracing beam    6201      2.96
Tracing beam    6449      6.33
Tracing beam    6697      9.70
Tracing beam    6945     13.07
Tracing beam    7193     16.44
Tracing beam    7441     19.81
Tracing beam    7689     23.19
Tracing beam    7937     26.56
Tracing beam    8185     29.93
Tracing beam    8433     33.30
Tracing beam    8681     36.67
Tracing beam    8929     40.04
Tracing beam    9177     43.41
Tracing beam    9425     46.78
Tracing beam    9673     50.15
Tracing beam    9921     53.52
Tracing beam   10169     56.89
Tracing beam   10417     60.26
Tracing beam   10665     63.63
Tracing beam   10913     67.00
Tracing beam   11161     70.37
Tracing beam   11409     73.74
Tracing beam   11657     77.11
Tracing beam   11905     80.48
Tracing beam   12153     83.85
Tracing beam   12401     87.22

 CPU Time =        1.98    s
