 BELLHOP/BELLHOP3D

 BELLHOP- Tropical Ocean Environment RAY Mode                                    
 frequency =   1231.     Hz

 Dummy parameter NMedia =            1

     Spline approximation to SSP
     Attenuation units: dB/mkHz
     VACUUM

 Depth =    2908.60 m

 Sound speed profile:
   z (m)     alphaR (m/s)   betaR  rho (g/cm^3)  alphaI     betaI

      0.00      1513.27      0.00     1.00       0.0000    0.0000
     69.30      1510.96      0.00     1.00       0.0000    0.0000
    138.50      1512.07      0.00     1.00       0.0000    0.0000
    207.80      1508.38      0.00     1.00       0.0000    0.0000
    277.00      1507.79      0.00     1.00       0.0000    0.0000
    346.30      1507.10      0.00     1.00       0.0000    0.0000
    415.50      1503.12      0.00     1.00       0.0000    0.0000
    484.80      1499.27      0.00     1.00       0.0000    0.0000
    554.00      1499.42      0.00     1.00       0.0000    0.0000
    623.30      1496.82      0.00     1.00       0.0000    0.0000
    692.50      1496.08      0.00     1.00       0.0000    0.0000
    761.80      1493.64      0.00     1.00       0.0000    0.0000
    831.00      1492.63      0.00     1.00       0.0000    0.0000
    900.30      1491.88      0.00     1.00       0.0000    0.0000
    969.50      1493.52      0.00     1.00       0.0000    0.0000
   1038.80      1483.96      0.00     1.00       0.0000    0.0000
   1108.00      1484.69      0.00     1.00       0.0000    0.0000
   1177.30      1484.84      0.00     1.00       0.0000    0.0000
   1246.50      1487.81      0.00     1.00       0.0000    0.0000
   1315.80      1488.47      0.00     1.00       0.0000    0.0000
   1385.00      1488.20      0.00     1.00       0.0000    0.0000
   1454.30      1488.68      0.00     1.00       0.0000    0.0000
   1523.50      1493.43      0.00     1.00       0.0000    0.0000
   1592.80      1488.67      0.00     1.00       0.0000    0.0000
   1662.00      1493.10      0.00     1.00       0.0000    0.0000
   1731.30      1495.17      0.00     1.00       0.0000    0.0000
   1800.50      1489.03      0.00     1.00       0.0000    0.0000
   1869.80      1496.17      0.00     1.00       0.0000    0.0000
   1939.10      1495.52      0.00     1.00       0.0000    0.0000
   2008.30      1497.11      0.00     1.00       0.0000    0.0000
   2077.60      1497.11      0.00     1.00       0.0000    0.0000
   2146.80      1500.08      0.00     1.00       0.0000    0.0000
   2216.10      1499.89      0.00     1.00       0.0000    0.0000
   2285.30      1500.41      0.00     1.00       0.0000    0.0000
   2354.60      1499.74      0.00     1.00       0.0000    0.0000
   2423.80      1504.78      0.00     1.00       0.0000    0.0000
   2493.10      1502.85      0.00     1.00       0.0000    0.0000
   2562.30      1507.14      0.00     1.00       0.0000    0.0000
   2631.60      1507.47      0.00     1.00       0.0000    0.0000
   2700.80      1502.78      0.00     1.00       0.0000    0.0000
   2770.10      1505.34      0.00     1.00       0.0000    0.0000
   2839.30      1505.64      0.00     1.00       0.0000    0.0000
   2908.60      1507.99      0.00     1.00       0.0000    0.0000

                                 ( RMS roughness =   0.00     )
     ACOUSTO-ELASTIC half-space
   3108.60      1600.00      0.00     1.80       0.0000    0.0000

 __________________________________________________________________________

 Number of Source   depths, Sz =            1
 Source   depths, Sz (m)
   96.0000    


 __________________________________________________________________________

 Number of Receiver depths, Rz =           46
 Receiver depths, Rz (m)
   0.00000       83.5244       167.049       250.573       334.098    
   417.622       501.147       584.671       668.196       751.720    
          ... 
   3758.60    

 Warning in ReadSzRz : Receiver below or too near the bottom bdry has been moved up

 __________________________________________________________________________

 Number of Receiver ranges, Rr =          201
 Receiver ranges, Rr (km)
   0.00000      0.229000      0.458000      0.687000      0.916000    
   1.14500       1.37400       1.60300       1.83200       2.06100    
          ... 
   45.8000    


 Ray trace run
 Geometric hat beams in Cartesian coordinates
 Point source (cylindrical coordinates)
 Rectilinear receiver grid: Receivers at Rr( : ) x Rz( : )
 __________________________________________________________________________

 Number of beams in elevation   =           31
 Beam take-off angles (degrees)
  -15.3000      -14.2800      -13.2600      -12.2400      -11.2200    
  -10.2000      -9.18000      -8.16000      -7.14000      -6.12000    
          ... 
   15.3000    

 __________________________________________________________________________


 Step length,       deltas =   0.000     m

 Maximum ray depth, Box%z  =   3759.     m
 Maximum ray range, Box%r  =   50.00    km
 No beam shift in effect


 Step length,       deltas =   290.9     m (automatically selected)

Tracing beam       1    -15.30
Tracing beam       2    -14.28
Tracing beam       3    -13.26
Tracing beam       4    -12.24
Tracing beam       5    -11.22
Tracing beam       6    -10.20
Tracing beam       7     -9.18
Tracing beam       8     -8.16
Tracing beam       9     -7.14
Tracing beam      10     -6.12
Tracing beam      11     -5.10
Tracing beam      12     -4.08
Tracing beam      13     -3.06
Tracing beam      14     -2.04
Tracing beam      15     -1.02
Tracing beam      16      0.00
Tracing beam      17      1.02
Tracing beam      18      2.04
Tracing beam      19      3.06
Tracing beam      20      4.08
Tracing beam      21      5.10
Tracing beam      22      6.12
Tracing beam      23      7.14
Tracing beam      24      8.16
Tracing beam      25      9.18
Tracing beam      26     10.20
Tracing beam      27     11.22
Tracing beam      28     12.24
Tracing beam      29     13.26
Tracing beam      30     14.28
Tracing beam      31     15.30

 CPU Time =       0.156E-01s
