 BELLHOP/BELLHOP3D

 BELLHOP- Tropical Ocean Environment ARR Mode                                    
 frequency =   1231.     Hz

 Dummy parameter NMedia =            1

     Spline approximation to SSP
     Attenuation units: dB/mkHz
     VACUUM

 Depth =    2908.60 m

 Sound speed profile:
   z (m)     alphaR (m/s)   betaR  rho (g/cm^3)  alphaI     betaI

      0.00      1513.27      0.00     1.00       0.0000    0.0000
     69.30      1510.96      0.00     1.00       0.0000    0.0000
    138.50      1512.07      0.00     1.00       0.0000    0.0000
    207.80      1508.38      0.00     1.00       0.0000    0.0000
    277.00      1507.79      0.00     1.00       0.0000    0.0000
    346.30      1507.10      0.00     1.00       0.0000    0.0000
    415.50      1503.12      0.00     1.00       0.0000    0.0000
    484.80      1499.27      0.00     1.00       0.0000    0.0000
    554.00      1499.42      0.00     1.00       0.0000    0.0000
    623.30      1496.82      0.00     1.00       0.0000    0.0000
    692.50      1496.08      0.00     1.00       0.0000    0.0000
    761.80      1493.64      0.00     1.00       0.0000    0.0000
    831.00      1492.63      0.00     1.00       0.0000    0.0000
    900.30      1491.88      0.00     1.00       0.0000    0.0000
    969.50      1493.52      0.00     1.00       0.0000    0.0000
   1038.80      1483.96      0.00     1.00       0.0000    0.0000
   1108.00      1484.69      0.00     1.00       0.0000    0.0000
   1177.30      1484.84      0.00     1.00       0.0000    0.0000
   1246.50      1487.81      0.00     1.00       0.0000    0.0000
   1315.80      1488.47      0.00     1.00       0.0000    0.0000
   1385.00      1488.20      0.00     1.00       0.0000    0.0000
   1454.30      1488.68      0.00     1.00       0.0000    0.0000
   1523.50      1493.43      0.00     1.00       0.0000    0.0000
   1592.80      1488.67      0.00     1.00       0.0000    0.0000
   1662.00      1493.10      0.00     1.00       0.0000    0.0000
   1731.30      1495.17      0.00     1.00       0.0000    0.0000
   1800.50      1489.03      0.00     1.00       0.0000    0.0000
   1869.80      1496.17      0.00     1.00       0.0000    0.0000
   1939.10      1495.52      0.00     1.00       0.0000    0.0000
   2008.30      1497.11      0.00     1.00       0.0000    0.0000
   2077.60      1497.11      0.00     1.00       0.0000    0.0000
   2146.80      1500.08      0.00     1.00       0.0000    0.0000
   2216.10      1499.89      0.00     1.00       0.0000    0.0000
   2285.30      1500.41      0.00     1.00       0.0000    0.0000
   2354.60      1499.74      0.00     1.00       0.0000    0.0000
   2423.80      1504.78      0.00     1.00       0.0000    0.0000
   2493.10      1502.85      0.00     1.00       0.0000    0.0000
   2562.30      1507.14      0.00     1.00       0.0000    0.0000
   2631.60      1507.47      0.00     1.00       0.0000    0.0000
   2700.80      1502.78      0.00     1.00       0.0000    0.0000
   2770.10      1505.34      0.00     1.00       0.0000    0.0000
   2839.30      1505.64      0.00     1.00       0.0000    0.0000
   2908.60      1507.99      0.00     1.00       0.0000    0.0000

                                 ( RMS roughness =   0.00     )
     ACOUSTO-ELASTIC half-space
   3108.60      1600.00      0.00     1.80       0.0000    0.0000

 __________________________________________________________________________

 Number of Source   depths, Sz =            2
 Source   depths, Sz (m)
   211.600       265.300    


 __________________________________________________________________________

 Number of Receiver depths, Rz =           32
 Receiver depths, Rz (m)
   0.00000       121.245       242.490       363.735       484.981    
   606.226       727.471       848.716       969.961       1091.21    
          ... 
   3758.60    

 Warning in ReadSzRz : Receiver below or too near the bottom bdry has been moved up

 __________________________________________________________________________

 Number of Receiver ranges, Rr =          201
 Receiver ranges, Rr (km)
   0.00000      0.239500      0.479000      0.718500      0.958000    
   1.19750       1.43700       1.67650       1.91600       2.15550    
          ... 
   47.9000    


 Arrivals calculation, ASCII  file output
 Geometric hat beams in Cartesian coordinates
 Point source (cylindrical coordinates)
 Rectilinear receiver grid: Receivers at Rr( : ) x Rz( : )
 __________________________________________________________________________

 Number of beams in elevation   =           38
 Beam take-off angles (degrees)
  -22.0000      -20.8108      -19.6216      -18.4324      -17.2432    
  -16.0541      -14.8649      -13.6757      -12.4865      -11.2973    
          ... 
   22.0000    

 __________________________________________________________________________


 Step length,       deltas =   0.000     m

 Maximum ray depth, Box%z  =   3759.     m
 Maximum ray range, Box%r  =   50.00    km
 No beam shift in effect


 Step length,       deltas =   290.9     m (automatically selected)

 ( Maximum # of arrivals =         3109 )

Tracing beam       1    -22.00

 Geometric hat beams                     
 halfwidth  =    18.788697175059319     
 epsilonOpt =  (  0.0000000000000000     ,  1365326.5563173154     )
 EpsMult    =    1.0000000000000000     

Tracing beam       2    -20.81
Tracing beam       3    -19.62
Tracing beam       4    -18.43
Tracing beam       5    -17.24
Tracing beam       6    -16.05
Tracing beam       7    -14.86
Tracing beam       8    -13.68
Tracing beam       9    -12.49
Tracing beam      10    -11.30
Tracing beam      11    -10.11
Tracing beam      12     -8.92
Tracing beam      13     -7.73
Tracing beam      14     -6.54
Tracing beam      15     -5.35
Tracing beam      16     -4.16
Tracing beam      17     -2.97
Tracing beam      18     -1.78
Tracing beam      19     -0.59
Tracing beam      20      0.59
Tracing beam      21      1.78
Tracing beam      22      2.97
Tracing beam      23      4.16
Tracing beam      24      5.35
Tracing beam      25      6.54
Tracing beam      26      7.73
Tracing beam      27      8.92
Tracing beam      28     10.11
Tracing beam      29     11.30
Tracing beam      30     12.49
Tracing beam      31     13.68
Tracing beam      32     14.86
Tracing beam      33     16.05
Tracing beam      34     17.24
Tracing beam      35     18.43
Tracing beam      36     19.62
Tracing beam      37     20.81
Tracing beam      38     22.00
Tracing beam       1    -22.00
Tracing beam       2    -20.81
Tracing beam       3    -19.62
Tracing beam       4    -18.43
Tracing beam       5    -17.24
Tracing beam       6    -16.05
Tracing beam       7    -14.86
Tracing beam       8    -13.68
Tracing beam       9    -12.49
Tracing beam      10    -11.30
Tracing beam      11    -10.11
Tracing beam      12     -8.92
Tracing beam      13     -7.73
Tracing beam      14     -6.54
Tracing beam      15     -5.35
Tracing beam      16     -4.16
Tracing beam      17     -2.97
Tracing beam      18     -1.78
Tracing beam      19     -0.59
Tracing beam      20      0.59
Tracing beam      21      1.78
Tracing beam      22      2.97
Tracing beam      23      4.16
Tracing beam      24      5.35
Tracing beam      25      6.54
Tracing beam      26      7.73
Tracing beam      27      8.92
Tracing beam      28     10.11
Tracing beam      29     11.30
Tracing beam      30     12.49
Tracing beam      31     13.68
Tracing beam      32     14.86
Tracing beam      33     16.05
Tracing beam      34     17.24
Tracing beam      35     18.43
Tracing beam      36     19.62
Tracing beam      37     20.81
Tracing beam      38     22.00

 CPU Time =       0.250    s
