 BELLHOP/BELLHOP3D

 BELLHOP- Tropical Ocean Environment SHD Mode                                    
 frequency =   1231.     Hz

 Dummy parameter NMedia =            1

     Spline approximation to SSP
     Attenuation units: dB/mkHz
     VACUUM

 Depth =    2908.60 m

 Sound speed profile:
   z (m)     alphaR (m/s)   betaR  rho (g/cm^3)  alphaI     betaI

      0.00      1513.27      0.00     1.00       0.0000    0.0000
     69.30      1510.96      0.00     1.00       0.0000    0.0000
    138.50      1512.07      0.00     1.00       0.0000    0.0000
    207.80      1508.38      0.00     1.00       0.0000    0.0000
    277.00      1507.79      0.00     1.00       0.0000    0.0000
    346.30      1507.10      0.00     1.00       0.0000    0.0000
    415.50      1503.12      0.00     1.00       0.0000    0.0000
    484.80      1499.27      0.00     1.00       0.0000    0.0000
    554.00      1499.42      0.00     1.00       0.0000    0.0000
    623.30      1496.82      0.00     1.00       0.0000    0.0000
    692.50      1496.08      0.00     1.00       0.0000    0.0000
    761.80      1493.64      0.00     1.00       0.0000    0.0000
    831.00      1492.63      0.00     1.00       0.0000    0.0000
    900.30      1491.88      0.00     1.00       0.0000    0.0000
    969.50      1493.52      0.00     1.00       0.0000    0.0000
   1038.80      1483.96      0.00     1.00       0.0000    0.0000
   1108.00      1484.69      0.00     1.00       0.0000    0.0000
   1177.30      1484.84      0.00     1.00       0.0000    0.0000
   1246.50      1487.81      0.00     1.00       0.0000    0.0000
   1315.80      1488.47      0.00     1.00       0.0000    0.0000
   1385.00      1488.20      0.00     1.00       0.0000    0.0000
   1454.30      1488.68      0.00     1.00       0.0000    0.0000
   1523.50      1493.43      0.00     1.00       0.0000    0.0000
   1592.80      1488.67      0.00     1.00       0.0000    0.0000
   1662.00      1493.10      0.00     1.00       0.0000    0.0000
   1731.30      1495.17      0.00     1.00       0.0000    0.0000
   1800.50      1489.03      0.00     1.00       0.0000    0.0000
   1869.80      1496.17      0.00     1.00       0.0000    0.0000
   1939.10      1495.52      0.00     1.00       0.0000    0.0000
   2008.30      1497.11      0.00     1.00       0.0000    0.0000
   2077.60      1497.11      0.00     1.00       0.0000    0.0000
   2146.80      1500.08      0.00     1.00       0.0000    0.0000
   2216.10      1499.89      0.00     1.00       0.0000    0.0000
   2285.30      1500.41      0.00     1.00       0.0000    0.0000
   2354.60      1499.74      0.00     1.00       0.0000    0.0000
   2423.80      1504.78      0.00     1.00       0.0000    0.0000
   2493.10      1502.85      0.00     1.00       0.0000    0.0000
   2562.30      1507.14      0.00     1.00       0.0000    0.0000
   2631.60      1507.47      0.00     1.00       0.0000    0.0000
   2700.80      1502.78      0.00     1.00       0.0000    0.0000
   2770.10      1505.34      0.00     1.00       0.0000    0.0000
   2839.30      1505.64      0.00     1.00       0.0000    0.0000
   2908.60      1507.99      0.00     1.00       0.0000    0.0000

                                 ( RMS roughness =   0.00     )
     ACOUSTO-ELASTIC half-space
   3108.60      1600.00      0.00     1.80       0.0000    0.0000

 __________________________________________________________________________

 Number of Source   depths, Sz =            1
 Source   depths, Sz (m)
   152.800    


 __________________________________________________________________________

 Number of Receiver depths, Rz =           87
 Receiver depths, Rz (m)
   0.00000       43.7047       87.4093       131.114       174.819    
   218.523       262.228       305.933       349.637       393.342    
          ... 
   3758.60    

 Warning in ReadSzRz : Receiver below or too near the bottom bdry has been moved up

 __________________________________________________________________________

 Number of Receiver ranges, Rr =          201
 Receiver ranges, Rr (km)
   0.00000      0.240500      0.481000      0.721500      0.962000    
   1.20250       1.44300       1.68350       1.92400       2.16450    
          ... 
   48.1000    


 Coherent TL calculation
 Geometric hat beams in Cartesian coordinates
 Point source (cylindrical coordinates)
 Rectilinear receiver grid: Receivers at Rr( : ) x Rz( : )
 __________________________________________________________________________

 Number of beams in elevation   =        11843
 Beam take-off angles (degrees)
  -83.4000      -83.3870      -83.3739      -83.3609      -83.3478    
  -83.3348      -83.3217      -83.3087      -83.2956      -83.2826    
          ... 
   71.1000    

 __________________________________________________________________________


 Step length,       deltas =   0.000     m

 Maximum ray depth, Box%z  =   3759.     m
 Maximum ray range, Box%r  =   50.00    km
 No beam shift in effect


 Step length,       deltas =   290.9     m (automatically selected)

Tracing beam       1    -83.40

 Geometric hat beams                     
 halfwidth  =    1716.3227133424530     
 epsilonOpt =  (  0.0000000000000000     ,  11393078866.612177     )
 EpsMult    =    1.0000000000000000     

Tracing beam     237    -80.32
Tracing beam     473    -77.24
Tracing beam     709    -74.16
Tracing beam     945    -71.08
Tracing beam    1181    -68.00
Tracing beam    1417    -64.93
Tracing beam    1653    -61.85
Tracing beam    1889    -58.77
Tracing beam    2125    -55.69
Tracing beam    2361    -52.61
Tracing beam    2597    -49.53
Tracing beam    2833    -46.45
Tracing beam    3069    -43.37
Tracing beam    3305    -40.29
Tracing beam    3541    -37.21
Tracing beam    3777    -34.14
Tracing beam    4013    -31.06
Tracing beam    4249    -27.98
Tracing beam    4485    -24.90
Tracing beam    4721    -21.82
Tracing beam    4957    -18.74
Tracing beam    5193    -15.66
Tracing beam    5429    -12.58
Tracing beam    5665     -9.50
Tracing beam    5901     -6.42
Tracing beam    6137     -3.34
Tracing beam    6373     -0.27
Tracing beam    6609      2.81
Tracing beam    6845      5.89
Tracing beam    7081      8.97
Tracing beam    7317     12.05
Tracing beam    7553     15.13
Tracing beam    7789     18.21
Tracing beam    8025     21.29
Tracing beam    8261     24.37
Tracing beam    8497     27.45
Tracing beam    8733     30.52
Tracing beam    8969     33.60
Tracing beam    9205     36.68
Tracing beam    9441     39.76
Tracing beam    9677     42.84
Tracing beam    9913     45.92
Tracing beam   10149     49.00
Tracing beam   10385     52.08
Tracing beam   10621     55.16
Tracing beam   10857     58.24
Tracing beam   11093     61.31
Tracing beam   11329     64.39
Tracing beam   11565     67.47
Tracing beam   11801     70.55

 CPU Time =        1.52    s
