 BELLHOP/BELLHOP3D

 BELLHOP- Polar Ocean Environment SHD Mode                                       
 frequency =   749.6     Hz

 Dummy parameter NMedia =            1

     Spline approximation to SSP
     Attenuation units: dB/mkHz
     VACUUM

 Depth =    2688.30 m

 Sound speed profile:
   z (m)     alphaR (m/s)   betaR  rho (g/cm^3)  alphaI     betaI

      0.00      1468.56      0.00     1.00       0.0000    0.0000
     70.70      1466.91      0.00     1.00       0.0000    0.0000
    141.50      1466.59      0.00     1.00       0.0000    0.0000
    212.20      1466.49      0.00     1.00       0.0000    0.0000
    283.00      1466.29      0.00     1.00       0.0000    0.0000
    353.70      1460.46      0.00     1.00       0.0000    0.0000
    424.50      1460.00      0.00     1.00       0.0000    0.0000
    495.20      1460.00      0.00     1.00       0.0000    0.0000
    566.00      1460.00      0.00     1.00       0.0000    0.0000
    636.70      1460.00      0.00     1.00       0.0000    0.0000
    707.40      1460.00      0.00     1.00       0.0000    0.0000
    778.20      1460.00      0.00     1.00       0.0000    0.0000
    848.90      1460.00      0.00     1.00       0.0000    0.0000
    919.70      1460.00      0.00     1.00       0.0000    0.0000
    990.40      1460.00      0.00     1.00       0.0000    0.0000
   1061.20      1460.00      0.00     1.00       0.0000    0.0000
   1131.90      1460.00      0.00     1.00       0.0000    0.0000
   1202.60      1460.00      0.00     1.00       0.0000    0.0000
   1273.40      1460.00      0.00     1.00       0.0000    0.0000
   1344.10      1460.00      0.00     1.00       0.0000    0.0000
   1414.90      1460.00      0.00     1.00       0.0000    0.0000
   1485.60      1461.02      0.00     1.00       0.0000    0.0000
   1556.40      1461.84      0.00     1.00       0.0000    0.0000
   1627.10      1463.58      0.00     1.00       0.0000    0.0000
   1697.90      1461.56      0.00     1.00       0.0000    0.0000
   1768.60      1462.78      0.00     1.00       0.0000    0.0000
   1839.30      1461.61      0.00     1.00       0.0000    0.0000
   1910.10      1466.68      0.00     1.00       0.0000    0.0000
   1980.80      1465.15      0.00     1.00       0.0000    0.0000
   2051.60      1466.82      0.00     1.00       0.0000    0.0000
   2122.30      1467.56      0.00     1.00       0.0000    0.0000
   2193.10      1469.29      0.00     1.00       0.0000    0.0000
   2263.80      1466.54      0.00     1.00       0.0000    0.0000
   2334.60      1469.52      0.00     1.00       0.0000    0.0000
   2405.30      1469.12      0.00     1.00       0.0000    0.0000
   2476.00      1473.00      0.00     1.00       0.0000    0.0000
   2546.80      1469.28      0.00     1.00       0.0000    0.0000
   2617.50      1472.97      0.00     1.00       0.0000    0.0000
   2688.30      1472.42      0.00     1.00       0.0000    0.0000

                                 ( RMS roughness =   0.00     )
     ACOUSTO-ELASTIC half-space
   2888.30      1600.00      0.00     1.80       0.0000    0.0000

 __________________________________________________________________________

 Number of Source   depths, Sz =            1
 Source   depths, Sz (m)
   124.000    


 __________________________________________________________________________

 Number of Receiver depths, Rz =           89
 Receiver depths, Rz (m)
   0.00000       40.2080       80.4159       120.624       160.832    
   201.040       241.248       281.456       321.664       361.872    
          ... 
   3538.30    

 Warning in ReadSzRz : Receiver below or too near the bottom bdry has been moved up

 __________________________________________________________________________

 Number of Receiver ranges, Rr =          201
 Receiver ranges, Rr (km)
   0.00000      0.295000      0.590000      0.885000       1.18000    
   1.47500       1.77000       2.06500       2.36000       2.65500    
          ... 
   59.0000    


 Coherent TL calculation
 Geometric hat beams in Cartesian coordinates
 Point source (cylindrical coordinates)
 Rectilinear receiver grid: Receivers at Rr( : ) x Rz( : )
 __________________________________________________________________________

 Number of beams in elevation   =         8845
 Beam take-off angles (degrees)
  -84.3000      -84.2808      -84.2616      -84.2423      -84.2231    
  -84.2039      -84.1847      -84.1654      -84.1462      -84.1270    
          ... 
   85.7000    

 __________________________________________________________________________


 Step length,       deltas =   0.000     m

 Maximum ray depth, Box%z  =   3538.     m
 Maximum ray range, Box%r  =   50.00    km
 No beam shift in effect


 Step length,       deltas =   268.8     m (automatically selected)

Tracing beam       1    -84.30

 Geometric hat beams                     
 halfwidth  =    1856.4032714829966     
 epsilonOpt =  (  0.0000000000000000     ,  8115664792.9101782     )
 EpsMult    =    1.0000000000000000     

Tracing beam     177    -80.92
Tracing beam     353    -77.53
Tracing beam     529    -74.15
Tracing beam     705    -70.77
Tracing beam     881    -67.38
Tracing beam    1057    -64.00
Tracing beam    1233    -60.62
Tracing beam    1409    -57.24
Tracing beam    1585    -53.85
Tracing beam    1761    -50.47
Tracing beam    1937    -47.09
Tracing beam    2113    -43.70
Tracing beam    2289    -40.32
Tracing beam    2465    -36.94
Tracing beam    2641    -33.55
Tracing beam    2817    -30.17
Tracing beam    2993    -26.79
Tracing beam    3169    -23.40
Tracing beam    3345    -20.02
Tracing beam    3521    -16.64
Tracing beam    3697    -13.26
Tracing beam    3873     -9.87
Tracing beam    4049     -6.49
Tracing beam    4225     -3.11
Tracing beam    4401      0.28
Tracing beam    4577      3.66
Tracing beam    4753      7.04
Tracing beam    4929     10.43
Tracing beam    5105     13.81
Tracing beam    5281     17.19
Tracing beam    5457     20.58
Tracing beam    5633     23.96
Tracing beam    5809     27.34
Tracing beam    5985     30.72
Tracing beam    6161     34.11
Tracing beam    6337     37.49
Tracing beam    6513     40.87
Tracing beam    6689     44.26
Tracing beam    6865     47.64
Tracing beam    7041     51.02
Tracing beam    7217     54.41
Tracing beam    7393     57.79
Tracing beam    7569     61.17
Tracing beam    7745     64.56
Tracing beam    7921     67.94
Tracing beam    8097     71.32
Tracing beam    8273     74.70
Tracing beam    8449     78.09
Tracing beam    8625     81.47
Tracing beam    8801     84.85

 CPU Time =       0.953    s
