 BELLHOP/BELLHOP3D

 BELLHOP- Polar Ocean Environment RAY Mode                                       
 frequency =   749.6     Hz

 Dummy parameter NMedia =            1

     Spline approximation to SSP
     Attenuation units: dB/mkHz
     VACUUM

 Depth =    2688.30 m

 Sound speed profile:
   z (m)     alphaR (m/s)   betaR  rho (g/cm^3)  alphaI     betaI

      0.00      1468.56      0.00     1.00       0.0000    0.0000
     70.70      1466.91      0.00     1.00       0.0000    0.0000
    141.50      1466.59      0.00     1.00       0.0000    0.0000
    212.20      1466.49      0.00     1.00       0.0000    0.0000
    283.00      1466.29      0.00     1.00       0.0000    0.0000
    353.70      1460.46      0.00     1.00       0.0000    0.0000
    424.50      1460.00      0.00     1.00       0.0000    0.0000
    495.20      1460.00      0.00     1.00       0.0000    0.0000
    566.00      1460.00      0.00     1.00       0.0000    0.0000
    636.70      1460.00      0.00     1.00       0.0000    0.0000
    707.40      1460.00      0.00     1.00       0.0000    0.0000
    778.20      1460.00      0.00     1.00       0.0000    0.0000
    848.90      1460.00      0.00     1.00       0.0000    0.0000
    919.70      1460.00      0.00     1.00       0.0000    0.0000
    990.40      1460.00      0.00     1.00       0.0000    0.0000
   1061.20      1460.00      0.00     1.00       0.0000    0.0000
   1131.90      1460.00      0.00     1.00       0.0000    0.0000
   1202.60      1460.00      0.00     1.00       0.0000    0.0000
   1273.40      1460.00      0.00     1.00       0.0000    0.0000
   1344.10      1460.00      0.00     1.00       0.0000    0.0000
   1414.90      1460.00      0.00     1.00       0.0000    0.0000
   1485.60      1461.02      0.00     1.00       0.0000    0.0000
   1556.40      1461.84      0.00     1.00       0.0000    0.0000
   1627.10      1463.58      0.00     1.00       0.0000    0.0000
   1697.90      1461.56      0.00     1.00       0.0000    0.0000
   1768.60      1462.78      0.00     1.00       0.0000    0.0000
   1839.30      1461.61      0.00     1.00       0.0000    0.0000
   1910.10      1466.68      0.00     1.00       0.0000    0.0000
   1980.80      1465.15      0.00     1.00       0.0000    0.0000
   2051.60      1466.82      0.00     1.00       0.0000    0.0000
   2122.30      1467.56      0.00     1.00       0.0000    0.0000
   2193.10      1469.29      0.00     1.00       0.0000    0.0000
   2263.80      1466.54      0.00     1.00       0.0000    0.0000
   2334.60      1469.52      0.00     1.00       0.0000    0.0000
   2405.30      1469.12      0.00     1.00       0.0000    0.0000
   2476.00      1473.00      0.00     1.00       0.0000    0.0000
   2546.80      1469.28      0.00     1.00       0.0000    0.0000
   2617.50      1472.97      0.00     1.00       0.0000    0.0000
   2688.30      1472.42      0.00     1.00       0.0000    0.0000

                                 ( RMS roughness =   0.00     )
     ACOUSTO-ELASTIC half-space
   2888.30      1600.00      0.00     1.80       0.0000    0.0000

 __________________________________________________________________________

 Number of Source   depths, Sz =            1
 Source   depths, Sz (m)
   103.200    


 __________________________________________________________________________

 Number of Receiver depths, Rz =           40
 Receiver depths, Rz (m)
   0.00000       90.7256       181.451       272.177       362.903    
   453.628       544.354       635.079       725.805       816.531    
          ... 
   3538.30    

 Warning in ReadSzRz : Receiver below or too near the bottom bdry has been moved up

 __________________________________________________________________________

 Number of Receiver ranges, Rr =          201
 Receiver ranges, Rr (km)
   0.00000      0.291000      0.582000      0.873000       1.16400    
   1.45500       1.74600       2.03700       2.32800       2.61900    
          ... 
   58.2000    


 Ray trace run
 Geometric hat beams in Cartesian coordinates
 Point source (cylindrical coordinates)
 Rectilinear receiver grid: Receivers at Rr( : ) x Rz( : )
 __________________________________________________________________________

 Number of beams in elevation   =           35
 Beam take-off angles (degrees)
  -16.4000      -15.4353      -14.4706      -13.5059      -12.5412    
  -11.5765      -10.6118      -9.64706      -8.68235      -7.71765    
          ... 
   16.4000    

 __________________________________________________________________________


 Step length,       deltas =   0.000     m

 Maximum ray depth, Box%z  =   3538.     m
 Maximum ray range, Box%r  =   50.00    km
 No beam shift in effect


 Step length,       deltas =   268.8     m (automatically selected)

Tracing beam       1    -16.40
Tracing beam       2    -15.44
Tracing beam       3    -14.47
Tracing beam       4    -13.51
Tracing beam       5    -12.54
Tracing beam       6    -11.58
Tracing beam       7    -10.61
Tracing beam       8     -9.65
Tracing beam       9     -8.68
Tracing beam      10     -7.72
Tracing beam      11     -6.75
Tracing beam      12     -5.79
Tracing beam      13     -4.82
Tracing beam      14     -3.86
Tracing beam      15     -2.89
Tracing beam      16     -1.93
Tracing beam      17     -0.96
Tracing beam      18      0.00
Tracing beam      19      0.96
Tracing beam      20      1.93
Tracing beam      21      2.89
Tracing beam      22      3.86
Tracing beam      23      4.82
Tracing beam      24      5.79
Tracing beam      25      6.75
Tracing beam      26      7.72
Tracing beam      27      8.68
Tracing beam      28      9.65
Tracing beam      29     10.61
Tracing beam      30     11.58
Tracing beam      31     12.54
Tracing beam      32     13.51
Tracing beam      33     14.47
Tracing beam      34     15.44
Tracing beam      35     16.40

 CPU Time =       0.156E-01s
