 BELLHOP/BELLHOP3D

 BELLHOP- Polar Ocean Environment ARR Mode                                       
 frequency =   749.6     Hz

 Dummy parameter NMedia =            1

     Spline approximation to SSP
     Attenuation units: dB/mkHz
     VACUUM

 Depth =    2688.30 m

 Sound speed profile:
   z (m)     alphaR (m/s)   betaR  rho (g/cm^3)  alphaI     betaI

      0.00      1468.56      0.00     1.00       0.0000    0.0000
     70.70      1466.91      0.00     1.00       0.0000    0.0000
    141.50      1466.59      0.00     1.00       0.0000    0.0000
    212.20      1466.49      0.00     1.00       0.0000    0.0000
    283.00      1466.29      0.00     1.00       0.0000    0.0000
    353.70      1460.46      0.00     1.00       0.0000    0.0000
    424.50      1460.00      0.00     1.00       0.0000    0.0000
    495.20      1460.00      0.00     1.00       0.0000    0.0000
    566.00      1460.00      0.00     1.00       0.0000    0.0000
    636.70      1460.00      0.00     1.00       0.0000    0.0000
    707.40      1460.00      0.00     1.00       0.0000    0.0000
    778.20      1460.00      0.00     1.00       0.0000    0.0000
    848.90      1460.00      0.00     1.00       0.0000    0.0000
    919.70      1460.00      0.00     1.00       0.0000    0.0000
    990.40      1460.00      0.00     1.00       0.0000    0.0000
   1061.20      1460.00      0.00     1.00       0.0000    0.0000
   1131.90      1460.00      0.00     1.00       0.0000    0.0000
   1202.60      1460.00      0.00     1.00       0.0000    0.0000
   1273.40      1460.00      0.00     1.00       0.0000    0.0000
   1344.10      1460.00      0.00     1.00       0.0000    0.0000
   1414.90      1460.00      0.00     1.00       0.0000    0.0000
   1485.60      1461.02      0.00     1.00       0.0000    0.0000
   1556.40      1461.84      0.00     1.00       0.0000    0.0000
   1627.10      1463.58      0.00     1.00       0.0000    0.0000
   1697.90      1461.56      0.00     1.00       0.0000    0.0000
   1768.60      1462.78      0.00     1.00       0.0000    0.0000
   1839.30      1461.61      0.00     1.00       0.0000    0.0000
   1910.10      1466.68      0.00     1.00       0.0000    0.0000
   1980.80      1465.15      0.00     1.00       0.0000    0.0000
   2051.60      1466.82      0.00     1.00       0.0000    0.0000
   2122.30      1467.56      0.00     1.00       0.0000    0.0000
   2193.10      1469.29      0.00     1.00       0.0000    0.0000
   2263.80      1466.54      0.00     1.00       0.0000    0.0000
   2334.60      1469.52      0.00     1.00       0.0000    0.0000
   2405.30      1469.12      0.00     1.00       0.0000    0.0000
   2476.00      1473.00      0.00     1.00       0.0000    0.0000
   2546.80      1469.28      0.00     1.00       0.0000    0.0000
   2617.50      1472.97      0.00     1.00       0.0000    0.0000
   2688.30      1472.42      0.00     1.00       0.0000    0.0000

                                 ( RMS roughness =   0.00     )
     ACOUSTO-ELASTIC half-space
   2888.30      1600.00      0.00     1.80       0.0000    0.0000

 __________________________________________________________________________

 Number of Source   depths, Sz =            1
 Source   depths, Sz (m)
   63.7000    


 __________________________________________________________________________

 Number of Receiver depths, Rz =           38
 Receiver depths, Rz (m)
   0.00000       95.6297       191.259       286.889       382.519    
   478.149       573.778       669.408       765.038       860.668    
          ... 
   3538.30    

 Warning in ReadSzRz : Receiver below or too near the bottom bdry has been moved up

 __________________________________________________________________________

 Number of Receiver ranges, Rr =          201
 Receiver ranges, Rr (km)
   0.00000      0.259000      0.518000      0.777000       1.03600    
   1.29500       1.55400       1.81300       2.07200       2.33100    
          ... 
   51.8000    


 Arrivals calculation, ASCII  file output
 Geometric hat beams in Cartesian coordinates
 Point source (cylindrical coordinates)
 Rectilinear receiver grid: Receivers at Rr( : ) x Rz( : )
 __________________________________________________________________________

 Number of beams in elevation   =           38
 Beam take-off angles (degrees)
  -13.0000      -12.2973      -11.5946      -10.8919      -10.1892    
  -9.48649      -8.78378      -8.08108      -7.37838      -6.67568    
          ... 
   13.0000    

 __________________________________________________________________________


 Step length,       deltas =   0.000     m

 Maximum ray depth, Box%z  =   3538.     m
 Maximum ray range, Box%r  =   50.00    km
 No beam shift in effect


 Step length,       deltas =   268.8     m (automatically selected)

 ( Maximum # of arrivals =         2618 )

Tracing beam       1    -13.00

 Geometric hat beams                     
 halfwidth  =    50.792040897602938     
 epsilonOpt =  (  0.0000000000000000     ,  6075342.6622251458     )
 EpsMult    =    1.0000000000000000     

Tracing beam       2    -12.30
Tracing beam       3    -11.59
Tracing beam       4    -10.89
Tracing beam       5    -10.19
Tracing beam       6     -9.49
Tracing beam       7     -8.78
Tracing beam       8     -8.08
Tracing beam       9     -7.38
Tracing beam      10     -6.68
Tracing beam      11     -5.97
Tracing beam      12     -5.27
Tracing beam      13     -4.57
Tracing beam      14     -3.86
Tracing beam      15     -3.16
Tracing beam      16     -2.46
Tracing beam      17     -1.76
Tracing beam      18     -1.05
Tracing beam      19     -0.35
Tracing beam      20      0.35
Tracing beam      21      1.05
Tracing beam      22      1.76
Tracing beam      23      2.46
Tracing beam      24      3.16
Tracing beam      25      3.86
Tracing beam      26      4.57
Tracing beam      27      5.27
Tracing beam      28      5.97
Tracing beam      29      6.68
Tracing beam      30      7.38
Tracing beam      31      8.08
Tracing beam      32      8.78
Tracing beam      33      9.49
Tracing beam      34     10.19
Tracing beam      35     10.89
Tracing beam      36     11.59
Tracing beam      37     12.30
Tracing beam      38     13.00

 CPU Time =       0.125    s
