 BELLHOP/BELLHOP3D

 BELLHOP- Continental Shelf Environment RAY Mode                                 
 frequency =   1238.     Hz

 Dummy parameter NMedia =            1

     Spline approximation to SSP
     Attenuation units: dB/mkHz
     VACUUM

 Depth =    1087.30 m

 Sound speed profile:
   z (m)     alphaR (m/s)   betaR  rho (g/cm^3)  alphaI     betaI

      0.00      1503.69      0.00     1.00       0.0000    0.0000
     43.50      1502.54      0.00     1.00       0.0000    0.0000
     87.00      1497.39      0.00     1.00       0.0000    0.0000
    130.50      1502.05      0.00     1.00       0.0000    0.0000
    174.00      1500.23      0.00     1.00       0.0000    0.0000
    217.50      1501.06      0.00     1.00       0.0000    0.0000
    260.90      1497.36      0.00     1.00       0.0000    0.0000
    304.40      1496.87      0.00     1.00       0.0000    0.0000
    347.90      1494.95      0.00     1.00       0.0000    0.0000
    391.40      1494.69      0.00     1.00       0.0000    0.0000
    434.90      1490.87      0.00     1.00       0.0000    0.0000
    478.40      1492.67      0.00     1.00       0.0000    0.0000
    521.90      1485.60      0.00     1.00       0.0000    0.0000
    565.40      1488.65      0.00     1.00       0.0000    0.0000
    608.90      1484.94      0.00     1.00       0.0000    0.0000
    652.40      1484.46      0.00     1.00       0.0000    0.0000
    695.80      1485.10      0.00     1.00       0.0000    0.0000
    739.30      1484.25      0.00     1.00       0.0000    0.0000
    782.80      1483.57      0.00     1.00       0.0000    0.0000
    826.30      1479.95      0.00     1.00       0.0000    0.0000
    869.80      1483.67      0.00     1.00       0.0000    0.0000
    913.30      1479.74      0.00     1.00       0.0000    0.0000
    956.80      1479.64      0.00     1.00       0.0000    0.0000
   1000.30      1488.90      0.00     1.00       0.0000    0.0000
   1043.80      1490.76      0.00     1.00       0.0000    0.0000
   1087.30      1494.90      0.00     1.00       0.0000    0.0000

                                 ( RMS roughness =   0.00     )
     ACOUSTO-ELASTIC half-space
   1287.30      1600.00      0.00     1.80       0.0000    0.0000

 __________________________________________________________________________

 Number of Source   depths, Sz =            1
 Source   depths, Sz (m)
   74.2000    


 __________________________________________________________________________

 Number of Receiver depths, Rz =           35
 Receiver depths, Rz (m)
   0.00000       56.9794       113.959       170.938       227.918    
   284.897       341.876       398.856       455.835       512.815    
          ... 
   1937.30    

 Warning in ReadSzRz : Receiver below or too near the bottom bdry has been moved up

 __________________________________________________________________________

 Number of Receiver ranges, Rr =          201
 Receiver ranges, Rr (km)
   0.00000      0.251500      0.503000      0.754500       1.00600    
   1.25750       1.50900       1.76050       2.01200       2.26350    
          ... 
   50.3000    


 Ray trace run
 Geometric hat beams in Cartesian coordinates
 Point source (cylindrical coordinates)
 Rectilinear receiver grid: Receivers at Rr( : ) x Rz( : )
 __________________________________________________________________________

 Number of beams in elevation   =           31
 Beam take-off angles (degrees)
  -11.3000      -10.5467      -9.79333      -9.04000      -8.28667    
  -7.53333      -6.78000      -6.02667      -5.27333      -4.52000    
          ... 
   11.3000    

 __________________________________________________________________________


 Step length,       deltas =   0.000     m

 Maximum ray depth, Box%z  =   1937.     m
 Maximum ray range, Box%r  =   50.00    km
 No beam shift in effect


 Step length,       deltas =   108.7     m (automatically selected)

Tracing beam       1    -11.30
Tracing beam       2    -10.55
Tracing beam       3     -9.79
Tracing beam       4     -9.04
Tracing beam       5     -8.29
Tracing beam       6     -7.53
Tracing beam       7     -6.78
Tracing beam       8     -6.03
Tracing beam       9     -5.27
Tracing beam      10     -4.52
Tracing beam      11     -3.77
Tracing beam      12     -3.01
Tracing beam      13     -2.26
Tracing beam      14     -1.51
Tracing beam      15     -0.75
Tracing beam      16      0.00
Tracing beam      17      0.75
Tracing beam      18      1.51
Tracing beam      19      2.26
Tracing beam      20      3.01
Tracing beam      21      3.77
Tracing beam      22      4.52
Tracing beam      23      5.27
Tracing beam      24      6.03
Tracing beam      25      6.78
Tracing beam      26      7.53
Tracing beam      27      8.29
Tracing beam      28      9.04
Tracing beam      29      9.79
Tracing beam      30     10.55
Tracing beam      31     11.30

 CPU Time =       0.469E-01s
