 BELLHOP/BELLHOP3D

 BELLHOP- Continental Shelf Environment SHD Mode                                 
 frequency =   1238.     Hz

 Dummy parameter NMedia =            1

     Spline approximation to SSP
     Attenuation units: dB/mkHz
     VACUUM

 Depth =    1087.30 m

 Sound speed profile:
   z (m)     alphaR (m/s)   betaR  rho (g/cm^3)  alphaI     betaI

      0.00      1503.69      0.00     1.00       0.0000    0.0000
     43.50      1502.54      0.00     1.00       0.0000    0.0000
     87.00      1497.39      0.00     1.00       0.0000    0.0000
    130.50      1502.05      0.00     1.00       0.0000    0.0000
    174.00      1500.23      0.00     1.00       0.0000    0.0000
    217.50      1501.06      0.00     1.00       0.0000    0.0000
    260.90      1497.36      0.00     1.00       0.0000    0.0000
    304.40      1496.87      0.00     1.00       0.0000    0.0000
    347.90      1494.95      0.00     1.00       0.0000    0.0000
    391.40      1494.69      0.00     1.00       0.0000    0.0000
    434.90      1490.87      0.00     1.00       0.0000    0.0000
    478.40      1492.67      0.00     1.00       0.0000    0.0000
    521.90      1485.60      0.00     1.00       0.0000    0.0000
    565.40      1488.65      0.00     1.00       0.0000    0.0000
    608.90      1484.94      0.00     1.00       0.0000    0.0000
    652.40      1484.46      0.00     1.00       0.0000    0.0000
    695.80      1485.10      0.00     1.00       0.0000    0.0000
    739.30      1484.25      0.00     1.00       0.0000    0.0000
    782.80      1483.57      0.00     1.00       0.0000    0.0000
    826.30      1479.95      0.00     1.00       0.0000    0.0000
    869.80      1483.67      0.00     1.00       0.0000    0.0000
    913.30      1479.74      0.00     1.00       0.0000    0.0000
    956.80      1479.64      0.00     1.00       0.0000    0.0000
   1000.30      1488.90      0.00     1.00       0.0000    0.0000
   1043.80      1490.76      0.00     1.00       0.0000    0.0000
   1087.30      1494.90      0.00     1.00       0.0000    0.0000

                                 ( RMS roughness =   0.00     )
     ACOUSTO-ELASTIC half-space
   1287.30      1600.00      0.00     1.80       0.0000    0.0000

 __________________________________________________________________________

 Number of Source   depths, Sz =            1
 Source   depths, Sz (m)
   141.200    


 __________________________________________________________________________

 Number of Receiver depths, Rz =           69
 Receiver depths, Rz (m)
   0.00000       28.4897       56.9794       85.4691       113.959    
   142.449       170.938       199.428       227.918       256.407    
          ... 
   1937.30    

 Warning in ReadSzRz : Receiver below or too near the bottom bdry has been moved up

 __________________________________________________________________________

 Number of Receiver ranges, Rr =          201
 Receiver ranges, Rr (km)
   0.00000      0.263500      0.527000      0.790500       1.05400    
   1.31750       1.58100       1.84450       2.10800       2.37150    
          ... 
   52.7000    


 Coherent TL calculation
 Geometric hat beams in Cartesian coordinates
 Point source (cylindrical coordinates)
 Rectilinear receiver grid: Receivers at Rr( : ) x Rz( : )
 __________________________________________________________________________

 Number of beams in elevation   =        13053
 Beam take-off angles (degrees)
  -85.1000      -85.0880      -85.0760      -85.0641      -85.0521    
  -85.0401      -85.0281      -85.0162      -85.0042      -84.9922    
          ... 
   71.2000    

 __________________________________________________________________________


 Step length,       deltas =   0.000     m

 Maximum ray depth, Box%z  =   1937.     m
 Maximum ray range, Box%r  =   50.00    km
 No beam shift in effect


 Step length,       deltas =   108.7     m (automatically selected)

Tracing beam       1    -85.10

 Geometric hat beams                     
 halfwidth  =    1847.1361328893104     
 epsilonOpt =  (  0.0000000000000000     ,  13275280044.451216     )
 EpsMult    =    1.0000000000000000     

Tracing beam     262    -81.97
