 BELLHOP/BELLHOP3D

 BELLHOP- Continental Shelf Environment ARR Mode                                 
 frequency =   1238.     Hz

 Dummy parameter NMedia =            1

     Spline approximation to SSP
     Attenuation units: dB/mkHz
     VACUUM

 Depth =    1087.30 m

 Sound speed profile:
   z (m)     alphaR (m/s)   betaR  rho (g/cm^3)  alphaI     betaI

      0.00      1503.69      0.00     1.00       0.0000    0.0000
     43.50      1502.54      0.00     1.00       0.0000    0.0000
     87.00      1497.39      0.00     1.00       0.0000    0.0000
    130.50      1502.05      0.00     1.00       0.0000    0.0000
    174.00      1500.23      0.00     1.00       0.0000    0.0000
    217.50      1501.06      0.00     1.00       0.0000    0.0000
    260.90      1497.36      0.00     1.00       0.0000    0.0000
    304.40      1496.87      0.00     1.00       0.0000    0.0000
    347.90      1494.95      0.00     1.00       0.0000    0.0000
    391.40      1494.69      0.00     1.00       0.0000    0.0000
    434.90      1490.87      0.00     1.00       0.0000    0.0000
    478.40      1492.67      0.00     1.00       0.0000    0.0000
    521.90      1485.60      0.00     1.00       0.0000    0.0000
    565.40      1488.65      0.00     1.00       0.0000    0.0000
    608.90      1484.94      0.00     1.00       0.0000    0.0000
    652.40      1484.46      0.00     1.00       0.0000    0.0000
    695.80      1485.10      0.00     1.00       0.0000    0.0000
    739.30      1484.25      0.00     1.00       0.0000    0.0000
    782.80      1483.57      0.00     1.00       0.0000    0.0000
    826.30      1479.95      0.00     1.00       0.0000    0.0000
    869.80      1483.67      0.00     1.00       0.0000    0.0000
    913.30      1479.74      0.00     1.00       0.0000    0.0000
    956.80      1479.64      0.00     1.00       0.0000    0.0000
   1000.30      1488.90      0.00     1.00       0.0000    0.0000
   1043.80      1490.76      0.00     1.00       0.0000    0.0000
   1087.30      1494.90      0.00     1.00       0.0000    0.0000

                                 ( RMS roughness =   0.00     )
     ACOUSTO-ELASTIC half-space
   1287.30      1600.00      0.00     1.80       0.0000    0.0000

 __________________________________________________________________________

 Number of Source   depths, Sz =            1
 Source   depths, Sz (m)
   76.9000    


 __________________________________________________________________________

 Number of Receiver depths, Rz =           39
 Receiver depths, Rz (m)
   0.00000       50.9816       101.963       152.945       203.926    
   254.908       305.889       356.871       407.853       458.834    
          ... 
   1937.30    

 Warning in ReadSzRz : Receiver below or too near the bottom bdry has been moved up

 __________________________________________________________________________

 Number of Receiver ranges, Rr =          201
 Receiver ranges, Rr (km)
   0.00000      0.234500      0.469000      0.703500      0.938000    
   1.17250       1.40700       1.64150       1.87600       2.11050    
          ... 
   46.9000    


 Arrivals calculation, ASCII  file output
 Geometric hat beams in Cartesian coordinates
 Point source (cylindrical coordinates)
 Rectilinear receiver grid: Receivers at Rr( : ) x Rz( : )
 __________________________________________________________________________

 Number of beams in elevation   =           36
 Beam take-off angles (degrees)
  -20.4000      -19.2343      -18.0686      -16.9029      -15.7371    
  -14.5714      -13.4057      -12.2400      -11.0743      -9.90857    
          ... 
   20.4000    

 __________________________________________________________________________


 Step length,       deltas =   0.000     m

 Maximum ray depth, Box%z  =   1937.     m
 Maximum ray range, Box%r  =   50.00    km
 No beam shift in effect


 Step length,       deltas =   108.7     m (automatically selected)

 ( Maximum # of arrivals =         2551 )

Tracing beam       1    -20.40

 Geometric hat beams                     
 halfwidth  =    18.919184991051189     
 epsilonOpt =  (  0.0000000000000000     ,  1392678.0511702860     )
 EpsMult    =    1.0000000000000000     

Tracing beam       2    -19.23
Tracing beam       3    -18.07
Tracing beam       4    -16.90
Tracing beam       5    -15.74
Tracing beam       6    -14.57
Tracing beam       7    -13.41
Tracing beam       8    -12.24
Tracing beam       9    -11.07
Tracing beam      10     -9.91
Tracing beam      11     -8.74
Tracing beam      12     -7.58
Tracing beam      13     -6.41
Tracing beam      14     -5.25
Tracing beam      15     -4.08
Tracing beam      16     -2.91
Tracing beam      17     -1.75
Tracing beam      18     -0.58
Tracing beam      19      0.58
Tracing beam      20      1.75
Tracing beam      21      2.91
Tracing beam      22      4.08
Tracing beam      23      5.25
Tracing beam      24      6.41
Tracing beam      25      7.58
Tracing beam      26      8.74
Tracing beam      27      9.91
Tracing beam      28     11.07
Tracing beam      29     12.24
Tracing beam      30     13.41
Tracing beam      31     14.57
Tracing beam      32     15.74
Tracing beam      33     16.90
Tracing beam      34     18.07
Tracing beam      35     19.23
Tracing beam      36     20.40

 CPU Time =       0.219    s
