 BELLHOP/BELLHOP3D

 BELLHOP- Mixed Layer Environment ARR Mode                                       
 frequency =   1035.     Hz

 Dummy parameter NMedia =            1

     Spline approximation to SSP
     Attenuation units: dB/mkHz
     VACUUM

 Depth =    1440.90 m

 Sound speed profile:
   z (m)     alphaR (m/s)   betaR  rho (g/cm^3)  alphaI     betaI

      0.00      1511.28      0.00     1.00       0.0000    0.0000
     49.70      1512.66      0.00     1.00       0.0000    0.0000
     99.40      1510.84      0.00     1.00       0.0000    0.0000
    149.10      1514.07      0.00     1.00       0.0000    0.0000
    198.70      1510.47      0.00     1.00       0.0000    0.0000
    248.40      1510.06      0.00     1.00       0.0000    0.0000
    298.10      1505.77      0.00     1.00       0.0000    0.0000
    347.80      1505.96      0.00     1.00       0.0000    0.0000
    397.50      1504.62      0.00     1.00       0.0000    0.0000
    447.20      1503.73      0.00     1.00       0.0000    0.0000
    496.80      1501.86      0.00     1.00       0.0000    0.0000
    546.50      1500.80      0.00     1.00       0.0000    0.0000
    596.20      1497.74      0.00     1.00       0.0000    0.0000
    645.90      1496.17      0.00     1.00       0.0000    0.0000
    695.60      1495.19      0.00     1.00       0.0000    0.0000
    745.30      1495.05      0.00     1.00       0.0000    0.0000
    795.00      1491.12      0.00     1.00       0.0000    0.0000
    844.60      1495.16      0.00     1.00       0.0000    0.0000
    894.30      1492.70      0.00     1.00       0.0000    0.0000
    944.00      1491.62      0.00     1.00       0.0000    0.0000
    993.70      1488.22      0.00     1.00       0.0000    0.0000
   1043.40      1494.02      0.00     1.00       0.0000    0.0000
   1093.10      1495.29      0.00     1.00       0.0000    0.0000
   1142.80      1495.74      0.00     1.00       0.0000    0.0000
   1192.40      1497.58      0.00     1.00       0.0000    0.0000
   1242.10      1500.06      0.00     1.00       0.0000    0.0000
   1291.80      1500.72      0.00     1.00       0.0000    0.0000
   1341.50      1503.96      0.00     1.00       0.0000    0.0000
   1391.20      1503.49      0.00     1.00       0.0000    0.0000
   1440.90      1506.35      0.00     1.00       0.0000    0.0000

                                 ( RMS roughness =   0.00     )
     ACOUSTO-ELASTIC half-space
   1640.90      1600.00      0.00     1.80       0.0000    0.0000

 __________________________________________________________________________

 Number of Source   depths, Sz =            1
 Source   depths, Sz (m)
   102.600    


 __________________________________________________________________________

 Number of Receiver depths, Rz =           42
 Receiver depths, Rz (m)
   0.00000       55.8756       111.751       167.627       223.502    
   279.378       335.254       391.129       447.005       502.880    
          ... 
   2290.90    

 Warning in ReadSzRz : Receiver below or too near the bottom bdry has been moved up

 __________________________________________________________________________

 Number of Receiver ranges, Rr =          201
 Receiver ranges, Rr (km)
   0.00000      0.237500      0.475000      0.712500      0.950000    
   1.18750       1.42500       1.66250       1.90000       2.13750    
          ... 
   47.5000    


 Arrivals calculation, ASCII  file output
 Geometric hat beams in Cartesian coordinates
 Point source (cylindrical coordinates)
 Rectilinear receiver grid: Receivers at Rr( : ) x Rz( : )
 __________________________________________________________________________

 Number of beams in elevation   =           37
 Beam take-off angles (degrees)
  -15.6000      -14.7333      -13.8667      -13.0000      -12.1333    
  -11.2667      -10.4000      -9.53333      -8.66667      -7.80000    
          ... 
   15.6000    

 __________________________________________________________________________


 Step length,       deltas =   0.000     m

 Maximum ray depth, Box%z  =   2291.     m
 Maximum ray range, Box%r  =   50.00    km
 No beam shift in effect


 Step length,       deltas =   144.1     m (automatically selected)

 ( Maximum # of arrivals =         2369 )

Tracing beam       1    -15.60

 Geometric hat beams                     
 halfwidth  =    30.733144765614604     
 epsilonOpt =  (  0.0000000000000000     ,  3069985.6827461710     )
 EpsMult    =    1.0000000000000000     

Tracing beam       2    -14.73
Tracing beam       3    -13.87
Tracing beam       4    -13.00
Tracing beam       5    -12.13
Tracing beam       6    -11.27
Tracing beam       7    -10.40
Tracing beam       8     -9.53
Tracing beam       9     -8.67
Tracing beam      10     -7.80
Tracing beam      11     -6.93
Tracing beam      12     -6.07
Tracing beam      13     -5.20
Tracing beam      14     -4.33
Tracing beam      15     -3.47
Tracing beam      16     -2.60
Tracing beam      17     -1.73
Tracing beam      18     -0.87
Tracing beam      19      0.00
Tracing beam      20      0.87
Tracing beam      21      1.73
Tracing beam      22      2.60
Tracing beam      23      3.47
Tracing beam      24      4.33
Tracing beam      25      5.20
Tracing beam      26      6.07
Tracing beam      27      6.93
Tracing beam      28      7.80
Tracing beam      29      8.67
Tracing beam      30      9.53
Tracing beam      31     10.40
Tracing beam      32     11.27
Tracing beam      33     12.13
Tracing beam      34     13.00
Tracing beam      35     13.87
Tracing beam      36     14.73
Tracing beam      37     15.60

 CPU Time =       0.188    s
