 BELLHOP/BELLHOP3D

 BELLHOP- Mixed Layer Environment SHD Mode                                       
 frequency =   1035.     Hz

 Dummy parameter NMedia =            1

     Spline approximation to SSP
     Attenuation units: dB/mkHz
     VACUUM

 Depth =    1440.90 m

 Sound speed profile:
   z (m)     alphaR (m/s)   betaR  rho (g/cm^3)  alphaI     betaI

      0.00      1511.28      0.00     1.00       0.0000    0.0000
     49.70      1512.66      0.00     1.00       0.0000    0.0000
     99.40      1510.84      0.00     1.00       0.0000    0.0000
    149.10      1514.07      0.00     1.00       0.0000    0.0000
    198.70      1510.47      0.00     1.00       0.0000    0.0000
    248.40      1510.06      0.00     1.00       0.0000    0.0000
    298.10      1505.77      0.00     1.00       0.0000    0.0000
    347.80      1505.96      0.00     1.00       0.0000    0.0000
    397.50      1504.62      0.00     1.00       0.0000    0.0000
    447.20      1503.73      0.00     1.00       0.0000    0.0000
    496.80      1501.86      0.00     1.00       0.0000    0.0000
    546.50      1500.80      0.00     1.00       0.0000    0.0000
    596.20      1497.74      0.00     1.00       0.0000    0.0000
    645.90      1496.17      0.00     1.00       0.0000    0.0000
    695.60      1495.19      0.00     1.00       0.0000    0.0000
    745.30      1495.05      0.00     1.00       0.0000    0.0000
    795.00      1491.12      0.00     1.00       0.0000    0.0000
    844.60      1495.16      0.00     1.00       0.0000    0.0000
    894.30      1492.70      0.00     1.00       0.0000    0.0000
    944.00      1491.62      0.00     1.00       0.0000    0.0000
    993.70      1488.22      0.00     1.00       0.0000    0.0000
   1043.40      1494.02      0.00     1.00       0.0000    0.0000
   1093.10      1495.29      0.00     1.00       0.0000    0.0000
   1142.80      1495.74      0.00     1.00       0.0000    0.0000
   1192.40      1497.58      0.00     1.00       0.0000    0.0000
   1242.10      1500.06      0.00     1.00       0.0000    0.0000
   1291.80      1500.72      0.00     1.00       0.0000    0.0000
   1341.50      1503.96      0.00     1.00       0.0000    0.0000
   1391.20      1503.49      0.00     1.00       0.0000    0.0000
   1440.90      1506.35      0.00     1.00       0.0000    0.0000

                                 ( RMS roughness =   0.00     )
     ACOUSTO-ELASTIC half-space
   1640.90      1600.00      0.00     1.80       0.0000    0.0000

 __________________________________________________________________________

 Number of Source   depths, Sz =            1
 Source   depths, Sz (m)
   150.700    


 __________________________________________________________________________

 Number of Receiver depths, Rz =           96
 Receiver depths, Rz (m)
   0.00000       24.1147       48.2295       72.3442       96.4589    
   120.574       144.688       168.803       192.918       217.033    
          ... 
   2290.90    

 Warning in ReadSzRz : Receiver below or too near the bottom bdry has been moved up

 __________________________________________________________________________

 Number of Receiver ranges, Rr =          201
 Receiver ranges, Rr (km)
   0.00000      0.252000      0.504000      0.756000       1.00800    
   1.26000       1.51200       1.76400       2.01600       2.26800    
          ... 
   50.4000    


 Coherent TL calculation
 Geometric hat beams in Cartesian coordinates
 Point source (cylindrical coordinates)
 Rectilinear receiver grid: Receivers at Rr( : ) x Rz( : )
 __________________________________________________________________________

 Number of beams in elevation   =        10428
 Beam take-off angles (degrees)
  -77.6000      -77.5844      -77.5689      -77.5533      -77.5377    
  -77.5221      -77.5066      -77.4910      -77.4754      -77.4598    
          ... 
   84.8000    

 __________________________________________________________________________


 Step length,       deltas =   0.000     m

 Maximum ray depth, Box%z  =   2291.     m
 Maximum ray range, Box%r  =   50.00    km
 No beam shift in effect


 Step length,       deltas =   144.1     m (automatically selected)

Tracing beam       1    -77.60

 Geometric hat beams                     
 halfwidth  =    1713.6257068989339     
 epsilonOpt =  (  0.0000000000000000     ,  9544524211.1720505     )
 EpsMult    =    1.0000000000000000     

Tracing beam     209    -74.36
Tracing beam     417    -71.12
Tracing beam     625    -67.88
Tracing beam     833    -64.64
Tracing beam    1041    -61.40
Tracing beam    1249    -58.16
Tracing beam    1457    -54.92
Tracing beam    1665    -51.68
Tracing beam    1873    -48.44
Tracing beam    2081    -45.20
Tracing beam    2289    -41.96
Tracing beam    2497    -38.72
Tracing beam    2705    -35.49
Tracing beam    2913    -32.25
Tracing beam    3121    -29.01
Tracing beam    3329    -25.77
Tracing beam    3537    -22.53
Tracing beam    3745    -19.29
Tracing beam    3953    -16.05
Tracing beam    4161    -12.81
Tracing beam    4369     -9.57
Tracing beam    4577     -6.33
Tracing beam    4785     -3.09
Tracing beam    4993      0.15
Tracing beam    5201      3.39
Tracing beam    5409      6.63
Tracing beam    5617      9.87
Tracing beam    5825     13.11
Tracing beam    6033     16.35
Tracing beam    6241     19.59
Tracing beam    6449     22.83
Tracing beam    6657     26.07
Tracing beam    6865     29.31
Tracing beam    7073     32.55
Tracing beam    7281     35.79
Tracing beam    7489     39.03
Tracing beam    7697     42.26
Tracing beam    7905     45.50
Tracing beam    8113     48.74
Tracing beam    8321     51.98
Tracing beam    8529     55.22
Tracing beam    8737     58.46
Tracing beam    8945     61.70
Tracing beam    9153     64.94
Tracing beam    9361     68.18
Tracing beam    9569     71.42
Tracing beam    9777     74.66
Tracing beam    9985     77.90
Tracing beam   10193     81.14
Tracing beam   10401     84.38

 CPU Time =        1.17    s
