 BELLHOP/BELLHOP3D

 BELLHOP- Deep Ocean Environment RAY Mode                                        
 frequency =   868.0     Hz

 Dummy parameter NMedia =            1

     Spline approximation to SSP
     Attenuation units: dB/mkHz
     VACUUM

 Depth =    5390.40 m

 Sound speed profile:
   z (m)     alphaR (m/s)   betaR  rho (g/cm^3)  alphaI     betaI

      0.00      1505.85      0.00     1.00       0.0000    0.0000
    101.70      1504.28      0.00     1.00       0.0000    0.0000
    203.40      1501.39      0.00     1.00       0.0000    0.0000
    305.10      1495.44      0.00     1.00       0.0000    0.0000
    406.80      1492.73      0.00     1.00       0.0000    0.0000
    508.50      1492.15      0.00     1.00       0.0000    0.0000
    610.20      1487.43      0.00     1.00       0.0000    0.0000
    711.90      1487.64      0.00     1.00       0.0000    0.0000
    813.60      1483.53      0.00     1.00       0.0000    0.0000
    915.40      1486.09      0.00     1.00       0.0000    0.0000
   1017.10      1480.83      0.00     1.00       0.0000    0.0000
   1118.80      1484.05      0.00     1.00       0.0000    0.0000
   1220.50      1484.70      0.00     1.00       0.0000    0.0000
   1322.20      1483.26      0.00     1.00       0.0000    0.0000
   1423.90      1485.72      0.00     1.00       0.0000    0.0000
   1525.60      1485.78      0.00     1.00       0.0000    0.0000
   1627.30      1485.12      0.00     1.00       0.0000    0.0000
   1729.00      1484.96      0.00     1.00       0.0000    0.0000
   1830.70      1484.07      0.00     1.00       0.0000    0.0000
   1932.40      1488.08      0.00     1.00       0.0000    0.0000
   2034.10      1485.75      0.00     1.00       0.0000    0.0000
   2135.80      1488.78      0.00     1.00       0.0000    0.0000
   2237.50      1488.78      0.00     1.00       0.0000    0.0000
   2339.20      1490.74      0.00     1.00       0.0000    0.0000
   2440.90      1489.81      0.00     1.00       0.0000    0.0000
   2542.60      1490.31      0.00     1.00       0.0000    0.0000
   2644.40      1492.44      0.00     1.00       0.0000    0.0000
   2746.10      1492.39      0.00     1.00       0.0000    0.0000
   2847.80      1492.90      0.00     1.00       0.0000    0.0000
   2949.50      1493.67      0.00     1.00       0.0000    0.0000
   3051.20      1491.21      0.00     1.00       0.0000    0.0000
   3152.90      1495.19      0.00     1.00       0.0000    0.0000
   3254.60      1495.51      0.00     1.00       0.0000    0.0000
   3356.30      1493.61      0.00     1.00       0.0000    0.0000
   3458.00      1495.31      0.00     1.00       0.0000    0.0000
   3559.70      1496.16      0.00     1.00       0.0000    0.0000
   3661.40      1496.56      0.00     1.00       0.0000    0.0000
   3763.10      1497.80      0.00     1.00       0.0000    0.0000
   3864.80      1499.99      0.00     1.00       0.0000    0.0000
   3966.50      1500.01      0.00     1.00       0.0000    0.0000
   4068.20      1496.96      0.00     1.00       0.0000    0.0000
   4169.90      1500.40      0.00     1.00       0.0000    0.0000
   4271.60      1502.01      0.00     1.00       0.0000    0.0000
   4373.40      1501.13      0.00     1.00       0.0000    0.0000
   4475.10      1502.73      0.00     1.00       0.0000    0.0000
   4576.80      1504.66      0.00     1.00       0.0000    0.0000
   4678.50      1503.72      0.00     1.00       0.0000    0.0000
   4780.20      1503.10      0.00     1.00       0.0000    0.0000
   4881.90      1504.83      0.00     1.00       0.0000    0.0000
   4983.60      1504.02      0.00     1.00       0.0000    0.0000
   5085.30      1504.38      0.00     1.00       0.0000    0.0000
   5187.00      1504.36      0.00     1.00       0.0000    0.0000
   5288.70      1507.77      0.00     1.00       0.0000    0.0000
   5390.40      1504.74      0.00     1.00       0.0000    0.0000

                                 ( RMS roughness =   0.00     )
     ACOUSTO-ELASTIC half-space
   5590.40      1600.00      0.00     1.80       0.0000    0.0000

 __________________________________________________________________________

 Number of Source   depths, Sz =            2
 Source   depths, Sz (m)
   216.500       218.200    


 __________________________________________________________________________

 Number of Receiver depths, Rz =           40
 Receiver depths, Rz (m)
   0.00000       160.010       320.021       480.031       640.041    
   800.051       960.062       1120.07       1280.08       1440.09    
          ... 
   6240.40    

 Warning in ReadSzRz : Receiver below or too near the bottom bdry has been moved up

 __________________________________________________________________________

 Number of Receiver ranges, Rr =          201
 Receiver ranges, Rr (km)
   0.00000      0.250000      0.500000      0.750000       1.00000    
   1.25000       1.50000       1.75000       2.00000       2.25000    
          ... 
   50.0000    


 Ray trace run
 Geometric hat beams in Cartesian coordinates
 Point source (cylindrical coordinates)
 Rectilinear receiver grid: Receivers at Rr( : ) x Rz( : )
 __________________________________________________________________________

 Number of beams in elevation   =           31
 Beam take-off angles (degrees)
  -19.7000      -18.3867      -17.0733      -15.7600      -14.4467    
  -13.1333      -11.8200      -10.5067      -9.19333      -7.88000    
          ... 
   19.7000    

 __________________________________________________________________________


 Step length,       deltas =   0.000     m

 Maximum ray depth, Box%z  =   6240.     m
 Maximum ray range, Box%r  =   50.00    km
 No beam shift in effect


 Step length,       deltas =   539.0     m (automatically selected)

Tracing beam       1    -19.70
Tracing beam       2    -18.39
Tracing beam       3    -17.07
Tracing beam       4    -15.76
Tracing beam       5    -14.45
Tracing beam       6    -13.13
Tracing beam       7    -11.82
Tracing beam       8    -10.51
Tracing beam       9     -9.19
Tracing beam      10     -7.88
Tracing beam      11     -6.57
Tracing beam      12     -5.25
Tracing beam      13     -3.94
Tracing beam      14     -2.63
Tracing beam      15     -1.31
Tracing beam      16      0.00
Tracing beam      17      1.31
Tracing beam      18      2.63
Tracing beam      19      3.94
Tracing beam      20      5.25
Tracing beam      21      6.57
Tracing beam      22      7.88
Tracing beam      23      9.19
Tracing beam      24     10.51
Tracing beam      25     11.82
Tracing beam      26     13.13
Tracing beam      27     14.45
Tracing beam      28     15.76
Tracing beam      29     17.07
Tracing beam      30     18.39
Tracing beam      31     19.70
Tracing beam       1    -19.70
Tracing beam       2    -18.39
Tracing beam       3    -17.07
Tracing beam       4    -15.76
Tracing beam       5    -14.45
Tracing beam       6    -13.13
Tracing beam       7    -11.82
Tracing beam       8    -10.51
Tracing beam       9     -9.19
Tracing beam      10     -7.88
Tracing beam      11     -6.57
Tracing beam      12     -5.25
Tracing beam      13     -3.94
Tracing beam      14     -2.63
Tracing beam      15     -1.31
Tracing beam      16      0.00
Tracing beam      17      1.31
Tracing beam      18      2.63
Tracing beam      19      3.94
Tracing beam      20      5.25
Tracing beam      21      6.57
Tracing beam      22      7.88
Tracing beam      23      9.19
Tracing beam      24     10.51
Tracing beam      25     11.82
Tracing beam      26     13.13
Tracing beam      27     14.45
Tracing beam      28     15.76
Tracing beam      29     17.07
Tracing beam      30     18.39
Tracing beam      31     19.70

 CPU Time =       0.312E-01s
