 BELLHOP/BELLHOP3D

 BELLHOP- Deep Ocean Environment SHD Mode                                        
 frequency =   868.0     Hz

 Dummy parameter NMedia =            1

     Spline approximation to SSP
     Attenuation units: dB/mkHz
     VACUUM

 Depth =    5390.40 m

 Sound speed profile:
   z (m)     alphaR (m/s)   betaR  rho (g/cm^3)  alphaI     betaI

      0.00      1505.85      0.00     1.00       0.0000    0.0000
    101.70      1504.28      0.00     1.00       0.0000    0.0000
    203.40      1501.39      0.00     1.00       0.0000    0.0000
    305.10      1495.44      0.00     1.00       0.0000    0.0000
    406.80      1492.73      0.00     1.00       0.0000    0.0000
    508.50      1492.15      0.00     1.00       0.0000    0.0000
    610.20      1487.43      0.00     1.00       0.0000    0.0000
    711.90      1487.64      0.00     1.00       0.0000    0.0000
    813.60      1483.53      0.00     1.00       0.0000    0.0000
    915.40      1486.09      0.00     1.00       0.0000    0.0000
   1017.10      1480.83      0.00     1.00       0.0000    0.0000
   1118.80      1484.05      0.00     1.00       0.0000    0.0000
   1220.50      1484.70      0.00     1.00       0.0000    0.0000
   1322.20      1483.26      0.00     1.00       0.0000    0.0000
   1423.90      1485.72      0.00     1.00       0.0000    0.0000
   1525.60      1485.78      0.00     1.00       0.0000    0.0000
   1627.30      1485.12      0.00     1.00       0.0000    0.0000
   1729.00      1484.96      0.00     1.00       0.0000    0.0000
   1830.70      1484.07      0.00     1.00       0.0000    0.0000
   1932.40      1488.08      0.00     1.00       0.0000    0.0000
   2034.10      1485.75      0.00     1.00       0.0000    0.0000
   2135.80      1488.78      0.00     1.00       0.0000    0.0000
   2237.50      1488.78      0.00     1.00       0.0000    0.0000
   2339.20      1490.74      0.00     1.00       0.0000    0.0000
   2440.90      1489.81      0.00     1.00       0.0000    0.0000
   2542.60      1490.31      0.00     1.00       0.0000    0.0000
   2644.40      1492.44      0.00     1.00       0.0000    0.0000
   2746.10      1492.39      0.00     1.00       0.0000    0.0000
   2847.80      1492.90      0.00     1.00       0.0000    0.0000
   2949.50      1493.67      0.00     1.00       0.0000    0.0000
   3051.20      1491.21      0.00     1.00       0.0000    0.0000
   3152.90      1495.19      0.00     1.00       0.0000    0.0000
   3254.60      1495.51      0.00     1.00       0.0000    0.0000
   3356.30      1493.61      0.00     1.00       0.0000    0.0000
   3458.00      1495.31      0.00     1.00       0.0000    0.0000
   3559.70      1496.16      0.00     1.00       0.0000    0.0000
   3661.40      1496.56      0.00     1.00       0.0000    0.0000
   3763.10      1497.80      0.00     1.00       0.0000    0.0000
   3864.80      1499.99      0.00     1.00       0.0000    0.0000
   3966.50      1500.01      0.00     1.00       0.0000    0.0000
   4068.20      1496.96      0.00     1.00       0.0000    0.0000
   4169.90      1500.40      0.00     1.00       0.0000    0.0000
   4271.60      1502.01      0.00     1.00       0.0000    0.0000
   4373.40      1501.13      0.00     1.00       0.0000    0.0000
   4475.10      1502.73      0.00     1.00       0.0000    0.0000
   4576.80      1504.66      0.00     1.00       0.0000    0.0000
   4678.50      1503.72      0.00     1.00       0.0000    0.0000
   4780.20      1503.10      0.00     1.00       0.0000    0.0000
   4881.90      1504.83      0.00     1.00       0.0000    0.0000
   4983.60      1504.02      0.00     1.00       0.0000    0.0000
   5085.30      1504.38      0.00     1.00       0.0000    0.0000
   5187.00      1504.36      0.00     1.00       0.0000    0.0000
   5288.70      1507.77      0.00     1.00       0.0000    0.0000
   5390.40      1504.74      0.00     1.00       0.0000    0.0000

                                 ( RMS roughness =   0.00     )
     ACOUSTO-ELASTIC half-space
   5590.40      1600.00      0.00     1.80       0.0000    0.0000

 __________________________________________________________________________

 Number of Source   depths, Sz =            1
 Source   depths, Sz (m)
   192.300    


 __________________________________________________________________________

 Number of Receiver depths, Rz =           63
 Receiver depths, Rz (m)
   0.00000       100.652       201.303       301.955       402.606    
   503.258       603.910       704.561       805.213       905.865    
          ... 
   6240.40    

 Warning in ReadSzRz : Receiver below or too near the bottom bdry has been moved up

 __________________________________________________________________________

 Number of Receiver ranges, Rr =          201
 Receiver ranges, Rr (km)
   0.00000      0.241500      0.483000      0.724500      0.966000    
   1.20750       1.44900       1.69050       1.93200       2.17350    
          ... 
   48.3000    


 Coherent TL calculation
 Geometric hat beams in Cartesian coordinates
 Point source (cylindrical coordinates)
 Rectilinear receiver grid: Receivers at Rr( : ) x Rz( : )
 __________________________________________________________________________

 Number of beams in elevation   =         8384
 Beam take-off angles (degrees)
  -88.8000      -88.7794      -88.7588      -88.7383      -88.7177    
  -88.6971      -88.6765      -88.6560      -88.6354      -88.6148    
          ... 
   83.7000    

 __________________________________________________________________________


 Step length,       deltas =   0.000     m

 Maximum ray depth, Box%z  =   6240.     m
 Maximum ray range, Box%r  =   50.00    km
 No beam shift in effect


 Step length,       deltas =   539.0     m (automatically selected)

Tracing beam       1    -88.80

 Geometric hat beams                     
 halfwidth  =    1533.5715007808751     
 epsilonOpt =  (  0.0000000000000000     ,  6413242416.5162497     )
 EpsMult    =    1.0000000000000000     

Tracing beam     168    -85.36
Tracing beam     335    -81.93
Tracing beam     502    -78.49
Tracing beam     669    -75.05
Tracing beam     836    -71.62
Tracing beam    1003    -68.18
Tracing beam    1170    -64.75
Tracing beam    1337    -61.31
Tracing beam    1504    -57.87
Tracing beam    1671    -54.44
Tracing beam    1838    -51.00
Tracing beam    2005    -47.56
Tracing beam    2172    -44.13
Tracing beam    2339    -40.69
Tracing beam    2506    -37.25
Tracing beam    2673    -33.82
Tracing beam    2840    -30.38
Tracing beam    3007    -26.94
Tracing beam    3174    -23.51
Tracing beam    3341    -20.07
Tracing beam    3508    -16.64
Tracing beam    3675    -13.20
Tracing beam    3842     -9.76
Tracing beam    4009     -6.33
Tracing beam    4176     -2.89
Tracing beam    4343      0.55
Tracing beam    4510      3.98
Tracing beam    4677      7.42
Tracing beam    4844     10.86
Tracing beam    5011     14.29
Tracing beam    5178     17.73
Tracing beam    5345     21.17
Tracing beam    5512     24.60
Tracing beam    5679     28.04
Tracing beam    5846     31.47
Tracing beam    6013     34.91
Tracing beam    6180     38.35
Tracing beam    6347     41.78
Tracing beam    6514     45.22
Tracing beam    6681     48.66
Tracing beam    6848     52.09
Tracing beam    7015     55.53
Tracing beam    7182     58.97
Tracing beam    7349     62.40
Tracing beam    7516     65.84
Tracing beam    7683     69.28
Tracing beam    7850     72.71
Tracing beam    8017     76.15
Tracing beam    8184     79.58
Tracing beam    8351     83.02

 CPU Time =        1.16    s
