 BELLHOP/BELLHOP3D

 BELLHOP- Shallow Water Environment ARR Mode                                     
 frequency =   1525.     Hz

 Dummy parameter NMedia =            1

     Spline approximation to SSP
     Attenuation units: dB/mkHz
     VACUUM

 Depth =     497.70 m

 Sound speed profile:
   z (m)     alphaR (m/s)   betaR  rho (g/cm^3)  alphaI     betaI

      0.00      1508.02      0.00     1.00       0.0000    0.0000
     19.90      1505.16      0.00     1.00       0.0000    0.0000
     39.80      1503.85      0.00     1.00       0.0000    0.0000
     59.70      1504.53      0.00     1.00       0.0000    0.0000
     79.60      1501.56      0.00     1.00       0.0000    0.0000
     99.50      1500.48      0.00     1.00       0.0000    0.0000
    119.40      1504.31      0.00     1.00       0.0000    0.0000
    139.40      1504.85      0.00     1.00       0.0000    0.0000
    159.30      1504.09      0.00     1.00       0.0000    0.0000
    179.20      1501.93      0.00     1.00       0.0000    0.0000
    199.10      1501.97      0.00     1.00       0.0000    0.0000
    219.00      1500.55      0.00     1.00       0.0000    0.0000
    238.90      1499.80      0.00     1.00       0.0000    0.0000
    258.80      1497.58      0.00     1.00       0.0000    0.0000
    278.70      1499.15      0.00     1.00       0.0000    0.0000
    298.60      1496.28      0.00     1.00       0.0000    0.0000
    318.50      1497.48      0.00     1.00       0.0000    0.0000
    338.40      1496.60      0.00     1.00       0.0000    0.0000
    358.30      1498.46      0.00     1.00       0.0000    0.0000
    378.30      1494.73      0.00     1.00       0.0000    0.0000
    398.20      1494.49      0.00     1.00       0.0000    0.0000
    418.10      1494.45      0.00     1.00       0.0000    0.0000
    438.00      1493.56      0.00     1.00       0.0000    0.0000
    457.90      1495.90      0.00     1.00       0.0000    0.0000
    477.80      1491.58      0.00     1.00       0.0000    0.0000
    497.70      1492.16      0.00     1.00       0.0000    0.0000

                                 ( RMS roughness =   0.00     )
     ACOUSTO-ELASTIC half-space
    697.70      1600.00      0.00     1.80       0.0000    0.0000

 __________________________________________________________________________

 Number of Source   depths, Sz =            2
 Source   depths, Sz (m)
   30.8000       114.200    


 __________________________________________________________________________

 Number of Receiver depths, Rz =           31
 Receiver depths, Rz (m)
   0.00000       44.9233       89.8467       134.770       179.693    
   224.617       269.540       314.463       359.387       404.310    
          ... 
   1347.70    

 Warning in ReadSzRz : Receiver below or too near the bottom bdry has been moved up

 __________________________________________________________________________

 Number of Receiver ranges, Rr =          201
 Receiver ranges, Rr (km)
   0.00000      0.256500      0.513000      0.769500       1.02600    
   1.28250       1.53900       1.79550       2.05200       2.30850    
          ... 
   51.3000    


 Arrivals calculation, ASCII  file output
 Geometric hat beams in Cartesian coordinates
 Point source (cylindrical coordinates)
 Rectilinear receiver grid: Receivers at Rr( : ) x Rz( : )
 __________________________________________________________________________

 Number of beams in elevation   =           30
 Beam take-off angles (degrees)
  -12.6000      -11.7310      -10.8621      -9.99310      -9.12414    
  -8.25517      -7.38621      -6.51724      -5.64828      -4.77931    
          ... 
   12.6000    

 __________________________________________________________________________


 Step length,       deltas =   0.000     m

 Maximum ray depth, Box%z  =   1348.     m
 Maximum ray range, Box%r  =   50.00    km
 No beam shift in effect


 Step length,       deltas =   49.77     m (automatically selected)

 ( Maximum # of arrivals =         3209 )

Tracing beam       1    -12.60

 Geometric hat beams                     
 halfwidth  =    20.699888347273820     
 epsilonOpt =  (  0.0000000000000000     ,  2052842.9344693739     )
 EpsMult    =    1.0000000000000000     

Tracing beam       2    -11.73
Tracing beam       3    -10.86
Tracing beam       4     -9.99
Tracing beam       5     -9.12
Tracing beam       6     -8.26
Tracing beam       7     -7.39
Tracing beam       8     -6.52
Tracing beam       9     -5.65
Tracing beam      10     -4.78
Tracing beam      11     -3.91
Tracing beam      12     -3.04
Tracing beam      13     -2.17
Tracing beam      14     -1.30
Tracing beam      15     -0.43
Tracing beam      16      0.43
Tracing beam      17      1.30
Tracing beam      18      2.17
Tracing beam      19      3.04
Tracing beam      20      3.91
Tracing beam      21      4.78
Tracing beam      22      5.65
Tracing beam      23      6.52
Tracing beam      24      7.39
Tracing beam      25      8.26
Tracing beam      26      9.12
Tracing beam      27      9.99
Tracing beam      28     10.86
Tracing beam      29     11.73
Tracing beam      30     12.60
Tracing beam       1    -12.60
Tracing beam       2    -11.73
Tracing beam       3    -10.86
Tracing beam       4     -9.99
Tracing beam       5     -9.12
Tracing beam       6     -8.26
Tracing beam       7     -7.39
Tracing beam       8     -6.52
Tracing beam       9     -5.65
Tracing beam      10     -4.78
Tracing beam      11     -3.91
Tracing beam      12     -3.04
Tracing beam      13     -2.17
Tracing beam      14     -1.30
Tracing beam      15     -0.43
Tracing beam      16      0.43
Tracing beam      17      1.30
Tracing beam      18      2.17
Tracing beam      19      3.04
Tracing beam      20      3.91
Tracing beam      21      4.78
Tracing beam      22      5.65
Tracing beam      23      6.52
Tracing beam      24      7.39
Tracing beam      25      8.26
Tracing beam      26      9.12
Tracing beam      27      9.99
Tracing beam      28     10.86
Tracing beam      29     11.73
Tracing beam      30     12.60

 CPU Time =       0.453    s
