 BELLHOP/BELLHOP3D

 BELLHOP- Shallow Water Environment RAY Mode                                     
 frequency =   1525.     Hz

 Dummy parameter NMedia =            1

     Spline approximation to SSP
     Attenuation units: dB/mkHz
     VACUUM

 Depth =     497.70 m

 Sound speed profile:
   z (m)     alphaR (m/s)   betaR  rho (g/cm^3)  alphaI     betaI

      0.00      1508.02      0.00     1.00       0.0000    0.0000
     19.90      1505.16      0.00     1.00       0.0000    0.0000
     39.80      1503.85      0.00     1.00       0.0000    0.0000
     59.70      1504.53      0.00     1.00       0.0000    0.0000
     79.60      1501.56      0.00     1.00       0.0000    0.0000
     99.50      1500.48      0.00     1.00       0.0000    0.0000
    119.40      1504.31      0.00     1.00       0.0000    0.0000
    139.40      1504.85      0.00     1.00       0.0000    0.0000
    159.30      1504.09      0.00     1.00       0.0000    0.0000
    179.20      1501.93      0.00     1.00       0.0000    0.0000
    199.10      1501.97      0.00     1.00       0.0000    0.0000
    219.00      1500.55      0.00     1.00       0.0000    0.0000
    238.90      1499.80      0.00     1.00       0.0000    0.0000
    258.80      1497.58      0.00     1.00       0.0000    0.0000
    278.70      1499.15      0.00     1.00       0.0000    0.0000
    298.60      1496.28      0.00     1.00       0.0000    0.0000
    318.50      1497.48      0.00     1.00       0.0000    0.0000
    338.40      1496.60      0.00     1.00       0.0000    0.0000
    358.30      1498.46      0.00     1.00       0.0000    0.0000
    378.30      1494.73      0.00     1.00       0.0000    0.0000
    398.20      1494.49      0.00     1.00       0.0000    0.0000
    418.10      1494.45      0.00     1.00       0.0000    0.0000
    438.00      1493.56      0.00     1.00       0.0000    0.0000
    457.90      1495.90      0.00     1.00       0.0000    0.0000
    477.80      1491.58      0.00     1.00       0.0000    0.0000
    497.70      1492.16      0.00     1.00       0.0000    0.0000

                                 ( RMS roughness =   0.00     )
     ACOUSTO-ELASTIC half-space
    697.70      1600.00      0.00     1.80       0.0000    0.0000

 __________________________________________________________________________

 Number of Source   depths, Sz =            3
 Source   depths, Sz (m)
   185.100       210.100       225.800    


 __________________________________________________________________________

 Number of Receiver depths, Rz =           39
 Receiver depths, Rz (m)
   0.00000       35.4658       70.9316       106.397       141.863    
   177.329       212.795       248.261       283.726       319.192    
          ... 
   1347.70    

 Warning in ReadSzRz : Receiver below or too near the bottom bdry has been moved up

 __________________________________________________________________________

 Number of Receiver ranges, Rr =          201
 Receiver ranges, Rr (km)
   0.00000      0.246000      0.492000      0.738000      0.984000    
   1.23000       1.47600       1.72200       1.96800       2.21400    
          ... 
   49.2000    


 Ray trace run
 Geometric hat beams in Cartesian coordinates
 Point source (cylindrical coordinates)
 Rectilinear receiver grid: Receivers at Rr( : ) x Rz( : )
 __________________________________________________________________________

 Number of beams in elevation   =           21
 Beam take-off angles (degrees)
  -21.7000      -19.5300      -17.3600      -15.1900      -13.0200    
  -10.8500      -8.68000      -6.51000      -4.34000      -2.17000    
          ... 
   21.7000    

 __________________________________________________________________________


 Step length,       deltas =   0.000     m

 Maximum ray depth, Box%z  =   1348.     m
 Maximum ray range, Box%r  =   50.00    km
 No beam shift in effect


 Step length,       deltas =   49.77     m (automatically selected)

Tracing beam       1    -21.70
Tracing beam       2    -19.53
Tracing beam       3    -17.36
Tracing beam       4    -15.19
Tracing beam       5    -13.02
Tracing beam       6    -10.85
Tracing beam       7     -8.68
Tracing beam       8     -6.51
Tracing beam       9     -4.34
Tracing beam      10     -2.17
Tracing beam      11      0.00
Tracing beam      12      2.17
Tracing beam      13      4.34
Tracing beam      14      6.51
Tracing beam      15      8.68
Tracing beam      16     10.85
Tracing beam      17     13.02
Tracing beam      18     15.19
Tracing beam      19     17.36
Tracing beam      20     19.53
Tracing beam      21     21.70
Tracing beam       1    -21.70
Tracing beam       2    -19.53
Tracing beam       3    -17.36
Tracing beam       4    -15.19
Tracing beam       5    -13.02
Tracing beam       6    -10.85
Tracing beam       7     -8.68
Tracing beam       8     -6.51
Tracing beam       9     -4.34
Tracing beam      10     -2.17
Tracing beam      11      0.00
Tracing beam      12      2.17
Tracing beam      13      4.34
Tracing beam      14      6.51
Tracing beam      15      8.68
Tracing beam      16     10.85
Tracing beam      17     13.02
Tracing beam      18     15.19
Tracing beam      19     17.36
Tracing beam      20     19.53
Tracing beam      21     21.70
Tracing beam       1    -21.70
Tracing beam       2    -19.53
Tracing beam       3    -17.36
Tracing beam       4    -15.19
Tracing beam       5    -13.02
Tracing beam       6    -10.85
Tracing beam       7     -8.68
Tracing beam       8     -6.51
Tracing beam       9     -4.34
Tracing beam      10     -2.17
Tracing beam      11      0.00
Tracing beam      12      2.17
Tracing beam      13      4.34
Tracing beam      14      6.51
Tracing beam      15      8.68
Tracing beam      16     10.85
Tracing beam      17     13.02
Tracing beam      18     15.19
Tracing beam      19     17.36
Tracing beam      20     19.53
Tracing beam      21     21.70

 CPU Time =       0.203    s
