 BELLHOP/BELLHOP3D

 BELLHOP- Tropical Ocean Environment ARR Mode                                    
 frequency =   1536.     Hz

 Dummy parameter NMedia =            1

     Spline approximation to SSP
     Attenuation units: dB/mkHz
     VACUUM

 Depth =    3127.10 m

 Sound speed profile:
   z (m)     alphaR (m/s)   betaR  rho (g/cm^3)  alphaI     betaI

      0.00      1516.18      0.00     1.00       0.0000    0.0000
     80.20      1511.77      0.00     1.00       0.0000    0.0000
    160.40      1514.02      0.00     1.00       0.0000    0.0000
    240.50      1509.79      0.00     1.00       0.0000    0.0000
    320.70      1505.87      0.00     1.00       0.0000    0.0000
    400.90      1503.77      0.00     1.00       0.0000    0.0000
    481.10      1503.76      0.00     1.00       0.0000    0.0000
    561.30      1499.78      0.00     1.00       0.0000    0.0000
    641.50      1496.25      0.00     1.00       0.0000    0.0000
    721.60      1496.36      0.00     1.00       0.0000    0.0000
    801.80      1495.04      0.00     1.00       0.0000    0.0000
    882.00      1494.07      0.00     1.00       0.0000    0.0000
    962.20      1491.16      0.00     1.00       0.0000    0.0000
   1042.40      1480.25      0.00     1.00       0.0000    0.0000
   1122.60      1481.17      0.00     1.00       0.0000    0.0000
   1202.70      1482.55      0.00     1.00       0.0000    0.0000
   1282.90      1484.81      0.00     1.00       0.0000    0.0000
   1363.10      1485.35      0.00     1.00       0.0000    0.0000
   1443.30      1486.38      0.00     1.00       0.0000    0.0000
   1523.50      1488.76      0.00     1.00       0.0000    0.0000
   1603.70      1488.67      0.00     1.00       0.0000    0.0000
   1683.80      1488.33      0.00     1.00       0.0000    0.0000
   1764.00      1487.67      0.00     1.00       0.0000    0.0000
   1844.20      1489.29      0.00     1.00       0.0000    0.0000
   1924.40      1490.88      0.00     1.00       0.0000    0.0000
   2004.60      1493.42      0.00     1.00       0.0000    0.0000
   2084.80      1493.04      0.00     1.00       0.0000    0.0000
   2164.90      1493.01      0.00     1.00       0.0000    0.0000
   2245.10      1493.80      0.00     1.00       0.0000    0.0000
   2325.30      1495.71      0.00     1.00       0.0000    0.0000
   2405.50      1498.05      0.00     1.00       0.0000    0.0000
   2485.70      1500.01      0.00     1.00       0.0000    0.0000
   2565.90      1498.23      0.00     1.00       0.0000    0.0000
   2646.00      1499.38      0.00     1.00       0.0000    0.0000
   2726.20      1498.53      0.00     1.00       0.0000    0.0000
   2806.40      1504.17      0.00     1.00       0.0000    0.0000
   2886.60      1500.07      0.00     1.00       0.0000    0.0000
   2966.80      1504.84      0.00     1.00       0.0000    0.0000
   3047.00      1503.44      0.00     1.00       0.0000    0.0000
   3127.10      1504.00      0.00     1.00       0.0000    0.0000

                                 ( RMS roughness =   0.00     )
     ACOUSTO-ELASTIC half-space
   3327.10      1600.00      0.00     1.80       0.0000    0.0000

 __________________________________________________________________________

 Number of Source   depths, Sz =            3
 Source   depths, Sz (m)
   244.900       280.700       299.000    


 __________________________________________________________________________

 Number of Receiver depths, Rz =           49
 Receiver depths, Rz (m)
   0.00000       82.8563       165.713       248.569       331.425    
   414.281       497.138       579.994       662.850       745.706    
          ... 
   3977.10    

 Warning in ReadSzRz : Receiver below or too near the bottom bdry has been moved up

 __________________________________________________________________________

 Number of Receiver ranges, Rr =          201
 Receiver ranges, Rr (km)
   0.00000      0.291000      0.582000      0.873000       1.16400    
   1.45500       1.74600       2.03700       2.32800       2.61900    
          ... 
   58.2000    


 Arrivals calculation, ASCII  file output
 Geometric hat beams in Cartesian coordinates
 Point source (cylindrical coordinates)
 Rectilinear receiver grid: Receivers at Rr( : ) x Rz( : )
 __________________________________________________________________________

 Number of beams in elevation   =           34
 Beam take-off angles (degrees)
  -21.3000      -20.0091      -18.7182      -17.4273      -16.1364    
  -14.8455      -13.5545      -12.2636      -10.9727      -9.68182    
          ... 
   21.3000    

 __________________________________________________________________________


 Step length,       deltas =   0.000     m

 Maximum ray depth, Box%z  =   3977.     m
 Maximum ray range, Box%r  =   50.00    km
 No beam shift in effect


 Step length,       deltas =   312.7     m (automatically selected)

 ( Maximum # of arrivals =         2030 )

Tracing beam       1    -21.30

 Geometric hat beams                     
 halfwidth  =    13.886965141286032     
 epsilonOpt =  (  0.0000000000000000     ,  930402.66921449429     )
 EpsMult    =    1.0000000000000000     

Tracing beam       2    -20.01
Tracing beam       3    -18.72
Tracing beam       4    -17.43
Tracing beam       5    -16.14
Tracing beam       6    -14.85
Tracing beam       7    -13.55
Tracing beam       8    -12.26
Tracing beam       9    -10.97
Tracing beam      10     -9.68
Tracing beam      11     -8.39
Tracing beam      12     -7.10
Tracing beam      13     -5.81
Tracing beam      14     -4.52
Tracing beam      15     -3.23
Tracing beam      16     -1.94
Tracing beam      17     -0.65
Tracing beam      18      0.65
Tracing beam      19      1.94
Tracing beam      20      3.23
Tracing beam      21      4.52
Tracing beam      22      5.81
Tracing beam      23      7.10
Tracing beam      24      8.39
Tracing beam      25      9.68
Tracing beam      26     10.97
Tracing beam      27     12.26
Tracing beam      28     13.55
Tracing beam      29     14.85
Tracing beam      30     16.14
Tracing beam      31     17.43
Tracing beam      32     18.72
Tracing beam      33     20.01
Tracing beam      34     21.30
Tracing beam       1    -21.30
Tracing beam       2    -20.01
Tracing beam       3    -18.72
Tracing beam       4    -17.43
Tracing beam       5    -16.14
Tracing beam       6    -14.85
Tracing beam       7    -13.55
Tracing beam       8    -12.26
Tracing beam       9    -10.97
Tracing beam      10     -9.68
Tracing beam      11     -8.39
Tracing beam      12     -7.10
Tracing beam      13     -5.81
Tracing beam      14     -4.52
Tracing beam      15     -3.23
Tracing beam      16     -1.94
Tracing beam      17     -0.65
Tracing beam      18      0.65
Tracing beam      19      1.94
Tracing beam      20      3.23
Tracing beam      21      4.52
Tracing beam      22      5.81
Tracing beam      23      7.10
Tracing beam      24      8.39
Tracing beam      25      9.68
Tracing beam      26     10.97
Tracing beam      27     12.26
Tracing beam      28     13.55
Tracing beam      29     14.85
Tracing beam      30     16.14
Tracing beam      31     17.43
Tracing beam      32     18.72
Tracing beam      33     20.01
Tracing beam      34     21.30
Tracing beam       1    -21.30
Tracing beam       2    -20.01
Tracing beam       3    -18.72
Tracing beam       4    -17.43
Tracing beam       5    -16.14
Tracing beam       6    -14.85
Tracing beam       7    -13.55
Tracing beam       8    -12.26
Tracing beam       9    -10.97
Tracing beam      10     -9.68
Tracing beam      11     -8.39
Tracing beam      12     -7.10
Tracing beam      13     -5.81
Tracing beam      14     -4.52
Tracing beam      15     -3.23
Tracing beam      16     -1.94
Tracing beam      17     -0.65
Tracing beam      18      0.65
Tracing beam      19      1.94
Tracing beam      20      3.23
Tracing beam      21      4.52
Tracing beam      22      5.81
Tracing beam      23      7.10
Tracing beam      24      8.39
Tracing beam      25      9.68
Tracing beam      26     10.97
Tracing beam      27     12.26
Tracing beam      28     13.55
Tracing beam      29     14.85
Tracing beam      30     16.14
Tracing beam      31     17.43
Tracing beam      32     18.72
Tracing beam      33     20.01
Tracing beam      34     21.30

 CPU Time =       0.391    s
