 BELLHOP/BELLHOP3D

 BELLHOP- Tropical Ocean Environment SHD Mode                                    
 frequency =   1536.     Hz

 Dummy parameter NMedia =            1

     Spline approximation to SSP
     Attenuation units: dB/mkHz
     VACUUM

 Depth =    3127.10 m

 Sound speed profile:
   z (m)     alphaR (m/s)   betaR  rho (g/cm^3)  alphaI     betaI

      0.00      1516.18      0.00     1.00       0.0000    0.0000
     80.20      1511.77      0.00     1.00       0.0000    0.0000
    160.40      1514.02      0.00     1.00       0.0000    0.0000
    240.50      1509.79      0.00     1.00       0.0000    0.0000
    320.70      1505.87      0.00     1.00       0.0000    0.0000
    400.90      1503.77      0.00     1.00       0.0000    0.0000
    481.10      1503.76      0.00     1.00       0.0000    0.0000
    561.30      1499.78      0.00     1.00       0.0000    0.0000
    641.50      1496.25      0.00     1.00       0.0000    0.0000
    721.60      1496.36      0.00     1.00       0.0000    0.0000
    801.80      1495.04      0.00     1.00       0.0000    0.0000
    882.00      1494.07      0.00     1.00       0.0000    0.0000
    962.20      1491.16      0.00     1.00       0.0000    0.0000
   1042.40      1480.25      0.00     1.00       0.0000    0.0000
   1122.60      1481.17      0.00     1.00       0.0000    0.0000
   1202.70      1482.55      0.00     1.00       0.0000    0.0000
   1282.90      1484.81      0.00     1.00       0.0000    0.0000
   1363.10      1485.35      0.00     1.00       0.0000    0.0000
   1443.30      1486.38      0.00     1.00       0.0000    0.0000
   1523.50      1488.76      0.00     1.00       0.0000    0.0000
   1603.70      1488.67      0.00     1.00       0.0000    0.0000
   1683.80      1488.33      0.00     1.00       0.0000    0.0000
   1764.00      1487.67      0.00     1.00       0.0000    0.0000
   1844.20      1489.29      0.00     1.00       0.0000    0.0000
   1924.40      1490.88      0.00     1.00       0.0000    0.0000
   2004.60      1493.42      0.00     1.00       0.0000    0.0000
   2084.80      1493.04      0.00     1.00       0.0000    0.0000
   2164.90      1493.01      0.00     1.00       0.0000    0.0000
   2245.10      1493.80      0.00     1.00       0.0000    0.0000
   2325.30      1495.71      0.00     1.00       0.0000    0.0000
   2405.50      1498.05      0.00     1.00       0.0000    0.0000
   2485.70      1500.01      0.00     1.00       0.0000    0.0000
   2565.90      1498.23      0.00     1.00       0.0000    0.0000
   2646.00      1499.38      0.00     1.00       0.0000    0.0000
   2726.20      1498.53      0.00     1.00       0.0000    0.0000
   2806.40      1504.17      0.00     1.00       0.0000    0.0000
   2886.60      1500.07      0.00     1.00       0.0000    0.0000
   2966.80      1504.84      0.00     1.00       0.0000    0.0000
   3047.00      1503.44      0.00     1.00       0.0000    0.0000
   3127.10      1504.00      0.00     1.00       0.0000    0.0000

                                 ( RMS roughness =   0.00     )
     ACOUSTO-ELASTIC half-space
   3327.10      1600.00      0.00     1.80       0.0000    0.0000

 __________________________________________________________________________

 Number of Source   depths, Sz =            1
 Source   depths, Sz (m)
   112.800    


 __________________________________________________________________________

 Number of Receiver depths, Rz =           97
 Receiver depths, Rz (m)
   0.00000       41.4281       82.8563       124.284       165.713    
   207.141       248.569       289.997       331.425       372.853    
          ... 
   3977.10    

 Warning in ReadSzRz : Receiver below or too near the bottom bdry has been moved up

 __________________________________________________________________________

 Number of Receiver ranges, Rr =          201
 Receiver ranges, Rr (km)
   0.00000      0.202000      0.404000      0.606000      0.808000    
   1.01000       1.21200       1.41400       1.61600       1.81800    
          ... 
   40.4000    


 Coherent TL calculation
 Geometric hat beams in Cartesian coordinates
 Point source (cylindrical coordinates)
 Rectilinear receiver grid: Receivers at Rr( : ) x Rz( : )
 __________________________________________________________________________

 Number of beams in elevation   =        12408
 Beam take-off angles (degrees)
  -84.1000      -84.0870      -84.0741      -84.0611      -84.0482    
  -84.0352      -84.0223      -84.0093      -83.9964      -83.9834    
          ... 
   76.6000    

 __________________________________________________________________________


 Step length,       deltas =   0.000     m

 Maximum ray depth, Box%z  =   3977.     m
 Maximum ray range, Box%r  =   50.00    km
 No beam shift in effect


 Step length,       deltas =   312.7     m (automatically selected)

Tracing beam       1    -84.10

 Geometric hat beams                     
 halfwidth  =    1387.2088994499829     
 epsilonOpt =  (  0.0000000000000000     ,  9284103846.2436790     )
 EpsMult    =    1.0000000000000000     

Tracing beam     249    -80.89
Tracing beam     497    -77.68
Tracing beam     745    -74.46
Tracing beam     993    -71.25
Tracing beam    1241    -68.04
Tracing beam    1489    -64.83
Tracing beam    1737    -61.61
Tracing beam    1985    -58.40
Tracing beam    2233    -55.19
Tracing beam    2481    -51.98
Tracing beam    2729    -48.77
Tracing beam    2977    -45.55
Tracing beam    3225    -42.34
Tracing beam    3473    -39.13
Tracing beam    3721    -35.92
Tracing beam    3969    -32.71
Tracing beam    4217    -29.49
Tracing beam    4465    -26.28
Tracing beam    4713    -23.07
Tracing beam    4961    -19.86
Tracing beam    5209    -16.64
Tracing beam    5457    -13.43
Tracing beam    5705    -10.22
Tracing beam    5953     -7.01
Tracing beam    6201     -3.80
Tracing beam    6449     -0.58
Tracing beam    6697      2.63
Tracing beam    6945      5.84
Tracing beam    7193      9.05
Tracing beam    7441     12.27
Tracing beam    7689     15.48
Tracing beam    7937     18.69
Tracing beam    8185     21.90
Tracing beam    8433     25.11
Tracing beam    8681     28.33
Tracing beam    8929     31.54
Tracing beam    9177     34.75
Tracing beam    9425     37.96
Tracing beam    9673     41.18
Tracing beam    9921     44.39
Tracing beam   10169     47.60
Tracing beam   10417     50.81
Tracing beam   10665     54.02
Tracing beam   10913     57.24
Tracing beam   11161     60.45
Tracing beam   11409     63.66
Tracing beam   11657     66.87
Tracing beam   11905     70.08
Tracing beam   12153     73.30
Tracing beam   12401     76.51

 CPU Time =        1.58    s
