 BELLHOP/BELLHOP3D

 BELLHOP- Polar Ocean Environment SHD Mode                                       
 frequency =   717.5     Hz

 Dummy parameter NMedia =            1

     Spline approximation to SSP
     Attenuation units: dB/mkHz
     VACUUM

 Depth =    2438.80 m

 Sound speed profile:
   z (m)     alphaR (m/s)   betaR  rho (g/cm^3)  alphaI     betaI

      0.00      1461.45      0.00     1.00       0.0000    0.0000
     67.70      1460.00      0.00     1.00       0.0000    0.0000
    135.50      1462.42      0.00     1.00       0.0000    0.0000
    203.20      1460.00      0.00     1.00       0.0000    0.0000
    271.00      1460.00      0.00     1.00       0.0000    0.0000
    338.70      1460.00      0.00     1.00       0.0000    0.0000
    406.50      1460.00      0.00     1.00       0.0000    0.0000
    474.20      1460.00      0.00     1.00       0.0000    0.0000
    541.90      1460.00      0.00     1.00       0.0000    0.0000
    609.70      1460.00      0.00     1.00       0.0000    0.0000
    677.40      1460.00      0.00     1.00       0.0000    0.0000
    745.20      1460.00      0.00     1.00       0.0000    0.0000
    812.90      1460.00      0.00     1.00       0.0000    0.0000
    880.70      1460.00      0.00     1.00       0.0000    0.0000
    948.40      1460.00      0.00     1.00       0.0000    0.0000
   1016.10      1460.00      0.00     1.00       0.0000    0.0000
   1083.90      1460.00      0.00     1.00       0.0000    0.0000
   1151.60      1460.00      0.00     1.00       0.0000    0.0000
   1219.40      1460.00      0.00     1.00       0.0000    0.0000
   1287.10      1460.00      0.00     1.00       0.0000    0.0000
   1354.90      1460.00      0.00     1.00       0.0000    0.0000
   1422.60      1460.00      0.00     1.00       0.0000    0.0000
   1490.30      1460.71      0.00     1.00       0.0000    0.0000
   1558.10      1460.00      0.00     1.00       0.0000    0.0000
   1625.80      1460.22      0.00     1.00       0.0000    0.0000
   1693.60      1460.53      0.00     1.00       0.0000    0.0000
   1761.30      1460.00      0.00     1.00       0.0000    0.0000
   1829.10      1463.76      0.00     1.00       0.0000    0.0000
   1896.80      1466.81      0.00     1.00       0.0000    0.0000
   1964.60      1464.96      0.00     1.00       0.0000    0.0000
   2032.30      1463.10      0.00     1.00       0.0000    0.0000
   2100.00      1467.87      0.00     1.00       0.0000    0.0000
   2167.80      1465.08      0.00     1.00       0.0000    0.0000
   2235.50      1466.52      0.00     1.00       0.0000    0.0000
   2303.30      1468.79      0.00     1.00       0.0000    0.0000
   2371.00      1470.15      0.00     1.00       0.0000    0.0000
   2438.80      1469.28      0.00     1.00       0.0000    0.0000

                                 ( RMS roughness =   0.00     )
     ACOUSTO-ELASTIC half-space
   2638.80      1600.00      0.00     1.80       0.0000    0.0000

 __________________________________________________________________________

 Number of Source   depths, Sz =            1
 Source   depths, Sz (m)
   190.700    


 __________________________________________________________________________

 Number of Receiver depths, Rz =           89
 Receiver depths, Rz (m)
   0.00000       37.3727       74.7455       112.118       149.491    
   186.864       224.236       261.609       298.982       336.355    
          ... 
   3288.80    

 Warning in ReadSzRz : Receiver below or too near the bottom bdry has been moved up

 __________________________________________________________________________

 Number of Receiver ranges, Rr =          201
 Receiver ranges, Rr (km)
   0.00000      0.286500      0.573000      0.859500       1.14600    
   1.43250       1.71900       2.00550       2.29200       2.57850    
          ... 
   57.3000    


 Coherent TL calculation
 Geometric hat beams in Cartesian coordinates
 Point source (cylindrical coordinates)
 Rectilinear receiver grid: Receivers at Rr( : ) x Rz( : )
 __________________________________________________________________________

 Number of beams in elevation   =         8222
 Beam take-off angles (degrees)
  -73.6000      -73.5801      -73.5603      -73.5404      -73.5205    
  -73.5007      -73.4808      -73.4610      -73.4411      -73.4212    
          ... 
   89.7000    

 __________________________________________________________________________


 Step length,       deltas =   0.000     m

 Maximum ray depth, Box%z  =   3289.     m
 Maximum ray range, Box%r  =   50.00    km
 No beam shift in effect


 Step length,       deltas =   243.9     m (automatically selected)

Tracing beam       1    -73.60

 Geometric hat beams                     
 halfwidth  =    1868.8469102258668     
 epsilonOpt =  (  0.0000000000000000     ,  7872618960.3743372     )
 EpsMult    =    1.0000000000000000     

Tracing beam     165    -70.34
Tracing beam     329    -67.08
Tracing beam     493    -63.83
Tracing beam     657    -60.57
Tracing beam     821    -57.31
Tracing beam     985    -54.05
Tracing beam    1149    -50.80
Tracing beam    1313    -47.54
Tracing beam    1477    -44.28
Tracing beam    1641    -41.02
Tracing beam    1805    -37.77
Tracing beam    1969    -34.51
Tracing beam    2133    -31.25
Tracing beam    2297    -27.99
Tracing beam    2461    -24.74
Tracing beam    2625    -21.48
Tracing beam    2789    -18.22
Tracing beam    2953    -14.96
Tracing beam    3117    -11.70
Tracing beam    3281     -8.45
Tracing beam    3445     -5.19
Tracing beam    3609     -1.93
Tracing beam    3773      1.33
Tracing beam    3937      4.58
Tracing beam    4101      7.84
Tracing beam    4265     11.10
Tracing beam    4429     14.36
Tracing beam    4593     17.61
Tracing beam    4757     20.87
Tracing beam    4921     24.13
Tracing beam    5085     27.39
Tracing beam    5249     30.65
Tracing beam    5413     33.90
Tracing beam    5577     37.16
Tracing beam    5741     40.42
Tracing beam    5905     43.68
Tracing beam    6069     46.93
Tracing beam    6233     50.19
Tracing beam    6397     53.45
Tracing beam    6561     56.71
Tracing beam    6725     59.96
Tracing beam    6889     63.22
Tracing beam    7053     66.48
Tracing beam    7217     69.74
Tracing beam    7381     72.99
Tracing beam    7545     76.25
Tracing beam    7709     79.51
Tracing beam    7873     82.77
Tracing beam    8037     86.03
Tracing beam    8201     89.28

 CPU Time =       0.922    s
