 BELLHOP/BELLHOP3D

 BELLHOP- Polar Ocean Environment ARR Mode                                       
 frequency =   717.5     Hz

 Dummy parameter NMedia =            1

     Spline approximation to SSP
     Attenuation units: dB/mkHz
     VACUUM

 Depth =    2438.80 m

 Sound speed profile:
   z (m)     alphaR (m/s)   betaR  rho (g/cm^3)  alphaI     betaI

      0.00      1461.45      0.00     1.00       0.0000    0.0000
     67.70      1460.00      0.00     1.00       0.0000    0.0000
    135.50      1462.42      0.00     1.00       0.0000    0.0000
    203.20      1460.00      0.00     1.00       0.0000    0.0000
    271.00      1460.00      0.00     1.00       0.0000    0.0000
    338.70      1460.00      0.00     1.00       0.0000    0.0000
    406.50      1460.00      0.00     1.00       0.0000    0.0000
    474.20      1460.00      0.00     1.00       0.0000    0.0000
    541.90      1460.00      0.00     1.00       0.0000    0.0000
    609.70      1460.00      0.00     1.00       0.0000    0.0000
    677.40      1460.00      0.00     1.00       0.0000    0.0000
    745.20      1460.00      0.00     1.00       0.0000    0.0000
    812.90      1460.00      0.00     1.00       0.0000    0.0000
    880.70      1460.00      0.00     1.00       0.0000    0.0000
    948.40      1460.00      0.00     1.00       0.0000    0.0000
   1016.10      1460.00      0.00     1.00       0.0000    0.0000
   1083.90      1460.00      0.00     1.00       0.0000    0.0000
   1151.60      1460.00      0.00     1.00       0.0000    0.0000
   1219.40      1460.00      0.00     1.00       0.0000    0.0000
   1287.10      1460.00      0.00     1.00       0.0000    0.0000
   1354.90      1460.00      0.00     1.00       0.0000    0.0000
   1422.60      1460.00      0.00     1.00       0.0000    0.0000
   1490.30      1460.71      0.00     1.00       0.0000    0.0000
   1558.10      1460.00      0.00     1.00       0.0000    0.0000
   1625.80      1460.22      0.00     1.00       0.0000    0.0000
   1693.60      1460.53      0.00     1.00       0.0000    0.0000
   1761.30      1460.00      0.00     1.00       0.0000    0.0000
   1829.10      1463.76      0.00     1.00       0.0000    0.0000
   1896.80      1466.81      0.00     1.00       0.0000    0.0000
   1964.60      1464.96      0.00     1.00       0.0000    0.0000
   2032.30      1463.10      0.00     1.00       0.0000    0.0000
   2100.00      1467.87      0.00     1.00       0.0000    0.0000
   2167.80      1465.08      0.00     1.00       0.0000    0.0000
   2235.50      1466.52      0.00     1.00       0.0000    0.0000
   2303.30      1468.79      0.00     1.00       0.0000    0.0000
   2371.00      1470.15      0.00     1.00       0.0000    0.0000
   2438.80      1469.28      0.00     1.00       0.0000    0.0000

                                 ( RMS roughness =   0.00     )
     ACOUSTO-ELASTIC half-space
   2638.80      1600.00      0.00     1.80       0.0000    0.0000

 __________________________________________________________________________

 Number of Source   depths, Sz =            1
 Source   depths, Sz (m)
   184.800    


 __________________________________________________________________________

 Number of Receiver depths, Rz =           40
 Receiver depths, Rz (m)
   0.00000       84.3282       168.656       252.985       337.313    
   421.641       505.969       590.297       674.626       758.954    
          ... 
   3288.80    

 Warning in ReadSzRz : Receiver below or too near the bottom bdry has been moved up

 __________________________________________________________________________

 Number of Receiver ranges, Rr =          201
 Receiver ranges, Rr (km)
   0.00000      0.222000      0.444000      0.666000      0.888000    
   1.11000       1.33200       1.55400       1.77600       1.99800    
          ... 
   44.4000    


 Arrivals calculation, ASCII  file output
 Geometric hat beams in Cartesian coordinates
 Point source (cylindrical coordinates)
 Rectilinear receiver grid: Receivers at Rr( : ) x Rz( : )
 __________________________________________________________________________

 Number of beams in elevation   =           35
 Beam take-off angles (degrees)
  -16.0000      -15.0588      -14.1176      -13.1765      -12.2353    
  -11.2941      -10.3529      -9.41176      -8.47059      -7.52941    
          ... 
   16.0000    

 __________________________________________________________________________


 Step length,       deltas =   0.000     m

 Maximum ray depth, Box%z  =   3289.     m
 Maximum ray range, Box%r  =   50.00    km
 No beam shift in effect


 Step length,       deltas =   243.9     m (automatically selected)

 ( Maximum # of arrivals =         2487 )

Tracing beam       1    -16.00

 Geometric hat beams                     
 halfwidth  =    39.449407644866724     
 epsilonOpt =  (  0.0000000000000000     ,  3507944.8009625236     )
 EpsMult    =    1.0000000000000000     

Tracing beam       2    -15.06
Tracing beam       3    -14.12
Tracing beam       4    -13.18
Tracing beam       5    -12.24
Tracing beam       6    -11.29
Tracing beam       7    -10.35
Tracing beam       8     -9.41
Tracing beam       9     -8.47
Tracing beam      10     -7.53
Tracing beam      11     -6.59
Tracing beam      12     -5.65
Tracing beam      13     -4.71
Tracing beam      14     -3.76
Tracing beam      15     -2.82
Tracing beam      16     -1.88
Tracing beam      17     -0.94
Tracing beam      18      0.00
Tracing beam      19      0.94
Tracing beam      20      1.88
Tracing beam      21      2.82
Tracing beam      22      3.76
Tracing beam      23      4.71
Tracing beam      24      5.65
Tracing beam      25      6.59
Tracing beam      26      7.53
Tracing beam      27      8.47
Tracing beam      28      9.41
Tracing beam      29     10.35
Tracing beam      30     11.29
Tracing beam      31     12.24
Tracing beam      32     13.18
Tracing beam      33     14.12
Tracing beam      34     15.06
Tracing beam      35     16.00

 CPU Time =       0.156    s
