 BELLHOP/BELLHOP3D

 BELLHOP- Polar Ocean Environment RAY Mode                                       
 frequency =   717.5     Hz

 Dummy parameter NMedia =            1

     Spline approximation to SSP
     Attenuation units: dB/mkHz
     VACUUM

 Depth =    2438.80 m

 Sound speed profile:
   z (m)     alphaR (m/s)   betaR  rho (g/cm^3)  alphaI     betaI

      0.00      1461.45      0.00     1.00       0.0000    0.0000
     67.70      1460.00      0.00     1.00       0.0000    0.0000
    135.50      1462.42      0.00     1.00       0.0000    0.0000
    203.20      1460.00      0.00     1.00       0.0000    0.0000
    271.00      1460.00      0.00     1.00       0.0000    0.0000
    338.70      1460.00      0.00     1.00       0.0000    0.0000
    406.50      1460.00      0.00     1.00       0.0000    0.0000
    474.20      1460.00      0.00     1.00       0.0000    0.0000
    541.90      1460.00      0.00     1.00       0.0000    0.0000
    609.70      1460.00      0.00     1.00       0.0000    0.0000
    677.40      1460.00      0.00     1.00       0.0000    0.0000
    745.20      1460.00      0.00     1.00       0.0000    0.0000
    812.90      1460.00      0.00     1.00       0.0000    0.0000
    880.70      1460.00      0.00     1.00       0.0000    0.0000
    948.40      1460.00      0.00     1.00       0.0000    0.0000
   1016.10      1460.00      0.00     1.00       0.0000    0.0000
   1083.90      1460.00      0.00     1.00       0.0000    0.0000
   1151.60      1460.00      0.00     1.00       0.0000    0.0000
   1219.40      1460.00      0.00     1.00       0.0000    0.0000
   1287.10      1460.00      0.00     1.00       0.0000    0.0000
   1354.90      1460.00      0.00     1.00       0.0000    0.0000
   1422.60      1460.00      0.00     1.00       0.0000    0.0000
   1490.30      1460.71      0.00     1.00       0.0000    0.0000
   1558.10      1460.00      0.00     1.00       0.0000    0.0000
   1625.80      1460.22      0.00     1.00       0.0000    0.0000
   1693.60      1460.53      0.00     1.00       0.0000    0.0000
   1761.30      1460.00      0.00     1.00       0.0000    0.0000
   1829.10      1463.76      0.00     1.00       0.0000    0.0000
   1896.80      1466.81      0.00     1.00       0.0000    0.0000
   1964.60      1464.96      0.00     1.00       0.0000    0.0000
   2032.30      1463.10      0.00     1.00       0.0000    0.0000
   2100.00      1467.87      0.00     1.00       0.0000    0.0000
   2167.80      1465.08      0.00     1.00       0.0000    0.0000
   2235.50      1466.52      0.00     1.00       0.0000    0.0000
   2303.30      1468.79      0.00     1.00       0.0000    0.0000
   2371.00      1470.15      0.00     1.00       0.0000    0.0000
   2438.80      1469.28      0.00     1.00       0.0000    0.0000

                                 ( RMS roughness =   0.00     )
     ACOUSTO-ELASTIC half-space
   2638.80      1600.00      0.00     1.80       0.0000    0.0000

 __________________________________________________________________________

 Number of Source   depths, Sz =            1
 Source   depths, Sz (m)
   197.100    


 __________________________________________________________________________

 Number of Receiver depths, Rz =           42
 Receiver depths, Rz (m)
   0.00000       80.2146       160.429       240.644       320.859    
   401.073       481.288       561.502       641.717       721.932    
          ... 
   3288.80    

 Warning in ReadSzRz : Receiver below or too near the bottom bdry has been moved up

 __________________________________________________________________________

 Number of Receiver ranges, Rr =          201
 Receiver ranges, Rr (km)
   0.00000      0.212000      0.424000      0.636000      0.848000    
   1.06000       1.27200       1.48400       1.69600       1.90800    
          ... 
   42.4000    


 Ray trace run
 Geometric hat beams in Cartesian coordinates
 Point source (cylindrical coordinates)
 Rectilinear receiver grid: Receivers at Rr( : ) x Rz( : )
 __________________________________________________________________________

 Number of beams in elevation   =           24
 Beam take-off angles (degrees)
  -13.2000      -12.0522      -10.9043      -9.75652      -8.60870    
  -7.46087      -6.31304      -5.16522      -4.01739      -2.86957    
          ... 
   13.2000    

 __________________________________________________________________________


 Step length,       deltas =   0.000     m

 Maximum ray depth, Box%z  =   3289.     m
 Maximum ray range, Box%r  =   50.00    km
 No beam shift in effect


 Step length,       deltas =   243.9     m (automatically selected)

Tracing beam       1    -13.20
Tracing beam       2    -12.05
Tracing beam       3    -10.90
Tracing beam       4     -9.76
Tracing beam       5     -8.61
Tracing beam       6     -7.46
Tracing beam       7     -6.31
Tracing beam       8     -5.17
Tracing beam       9     -4.02
Tracing beam      10     -2.87
Tracing beam      11     -1.72
Tracing beam      12     -0.57
Tracing beam      13      0.57
Tracing beam      14      1.72
Tracing beam      15      2.87
Tracing beam      16      4.02
Tracing beam      17      5.17
Tracing beam      18      6.31
Tracing beam      19      7.46
Tracing beam      20      8.61
Tracing beam      21      9.76
Tracing beam      22     10.90
Tracing beam      23     12.05
Tracing beam      24     13.20

 CPU Time =        0.00    s
