 BELLHOP/BELLHOP3D

 BELLHOP- Continental Shelf Environment ARR Mode                                 
 frequency =   1156.     Hz

 Dummy parameter NMedia =            1

     Spline approximation to SSP
     Attenuation units: dB/mkHz
     VACUUM

 Depth =     931.20 m

 Sound speed profile:
   z (m)     alphaR (m/s)   betaR  rho (g/cm^3)  alphaI     betaI

      0.00      1496.86      0.00     1.00       0.0000    0.0000
     32.10      1497.48      0.00     1.00       0.0000    0.0000
     64.20      1496.74      0.00     1.00       0.0000    0.0000
     96.30      1495.52      0.00     1.00       0.0000    0.0000
    128.40      1497.90      0.00     1.00       0.0000    0.0000
    160.60      1497.58      0.00     1.00       0.0000    0.0000
    192.70      1492.68      0.00     1.00       0.0000    0.0000
    224.80      1494.31      0.00     1.00       0.0000    0.0000
    256.90      1494.87      0.00     1.00       0.0000    0.0000
    289.00      1491.64      0.00     1.00       0.0000    0.0000
    321.10      1492.13      0.00     1.00       0.0000    0.0000
    353.20      1491.68      0.00     1.00       0.0000    0.0000
    385.30      1489.48      0.00     1.00       0.0000    0.0000
    417.40      1489.27      0.00     1.00       0.0000    0.0000
    449.50      1486.62      0.00     1.00       0.0000    0.0000
    481.70      1486.84      0.00     1.00       0.0000    0.0000
    513.80      1487.19      0.00     1.00       0.0000    0.0000
    545.90      1485.68      0.00     1.00       0.0000    0.0000
    578.00      1483.77      0.00     1.00       0.0000    0.0000
    610.10      1484.24      0.00     1.00       0.0000    0.0000
    642.20      1484.29      0.00     1.00       0.0000    0.0000
    674.30      1479.50      0.00     1.00       0.0000    0.0000
    706.40      1483.72      0.00     1.00       0.0000    0.0000
    738.50      1480.94      0.00     1.00       0.0000    0.0000
    770.70      1481.60      0.00     1.00       0.0000    0.0000
    802.80      1482.34      0.00     1.00       0.0000    0.0000
    834.90      1478.13      0.00     1.00       0.0000    0.0000
    867.00      1478.82      0.00     1.00       0.0000    0.0000
    899.10      1479.21      0.00     1.00       0.0000    0.0000
    931.20      1478.29      0.00     1.00       0.0000    0.0000

                                 ( RMS roughness =   0.00     )
     ACOUSTO-ELASTIC half-space
   1131.20      1600.00      0.00     1.80       0.0000    0.0000

 __________________________________________________________________________

 Number of Source   depths, Sz =            1
 Source   depths, Sz (m)
   112.900    


 __________________________________________________________________________

 Number of Receiver depths, Rz =           35
 Receiver depths, Rz (m)
   0.00000       52.3882       104.776       157.165       209.553    
   261.941       314.329       366.718       419.106       471.494    
          ... 
   1781.20    

 Warning in ReadSzRz : Receiver below or too near the bottom bdry has been moved up

 __________________________________________________________________________

 Number of Receiver ranges, Rr =          201
 Receiver ranges, Rr (km)
   0.00000      0.228000      0.456000      0.684000      0.912000    
   1.14000       1.36800       1.59600       1.82400       2.05200    
          ... 
   45.6000    


 Arrivals calculation, ASCII  file output
 Geometric hat beams in Cartesian coordinates
 Point source (cylindrical coordinates)
 Rectilinear receiver grid: Receivers at Rr( : ) x Rz( : )
 __________________________________________________________________________

 Number of beams in elevation   =           33
 Beam take-off angles (degrees)
  -12.5000      -11.7188      -10.9375      -10.1562      -9.37500    
  -8.59375      -7.81250      -7.03125      -6.25000      -5.46875    
          ... 
   12.5000    

 __________________________________________________________________________


 Step length,       deltas =   0.000     m

 Maximum ray depth, Box%z  =   1781.     m
 Maximum ray range, Box%r  =   50.00    km
 No beam shift in effect


 Step length,       deltas =   93.12     m (automatically selected)

 ( Maximum # of arrivals =         2842 )

Tracing beam       1    -12.50

 Geometric hat beams                     
 halfwidth  =    30.226716412762986     
 epsilonOpt =  (  0.0000000000000000     ,  3317527.3032081462     )
 EpsMult    =    1.0000000000000000     

Tracing beam       2    -11.72
Tracing beam       3    -10.94
Tracing beam       4    -10.16
Tracing beam       5     -9.38
Tracing beam       6     -8.59
Tracing beam       7     -7.81
Tracing beam       8     -7.03
Tracing beam       9     -6.25
Tracing beam      10     -5.47
Tracing beam      11     -4.69
Tracing beam      12     -3.91
Tracing beam      13     -3.12
Tracing beam      14     -2.34
Tracing beam      15     -1.56
Tracing beam      16     -0.78
Tracing beam      17      0.00
Tracing beam      18      0.78
Tracing beam      19      1.56
Tracing beam      20      2.34
Tracing beam      21      3.12
Tracing beam      22      3.91
Tracing beam      23      4.69
Tracing beam      24      5.47
Tracing beam      25      6.25
Tracing beam      26      7.03
Tracing beam      27      7.81
Tracing beam      28      8.59
Tracing beam      29      9.38
Tracing beam      30     10.16
Tracing beam      31     10.94
Tracing beam      32     11.72
Tracing beam      33     12.50

 CPU Time =       0.234    s
