 BELLHOP/BELLHOP3D

 BELLHOP- Mixed Layer Environment RAY Mode                                       
 frequency =   1307.     Hz

 Dummy parameter NMedia =            1

     Spline approximation to SSP
     Attenuation units: dB/mkHz
     VACUUM

 Depth =    1490.90 m

 Sound speed profile:
   z (m)     alphaR (m/s)   betaR  rho (g/cm^3)  alphaI     betaI

      0.00      1504.16      0.00     1.00       0.0000    0.0000
     39.20      1503.84      0.00     1.00       0.0000    0.0000
     78.50      1499.39      0.00     1.00       0.0000    0.0000
    117.70      1505.51      0.00     1.00       0.0000    0.0000
    156.90      1503.97      0.00     1.00       0.0000    0.0000
    196.20      1499.15      0.00     1.00       0.0000    0.0000
    235.40      1498.89      0.00     1.00       0.0000    0.0000
    274.60      1498.91      0.00     1.00       0.0000    0.0000
    313.90      1497.61      0.00     1.00       0.0000    0.0000
    353.10      1495.01      0.00     1.00       0.0000    0.0000
    392.30      1496.20      0.00     1.00       0.0000    0.0000
    431.60      1494.84      0.00     1.00       0.0000    0.0000
    470.80      1493.07      0.00     1.00       0.0000    0.0000
    510.00      1491.18      0.00     1.00       0.0000    0.0000
    549.30      1492.91      0.00     1.00       0.0000    0.0000
    588.50      1492.90      0.00     1.00       0.0000    0.0000
    627.70      1488.84      0.00     1.00       0.0000    0.0000
    667.00      1487.88      0.00     1.00       0.0000    0.0000
    706.20      1488.84      0.00     1.00       0.0000    0.0000
    745.40      1486.95      0.00     1.00       0.0000    0.0000
    784.70      1486.75      0.00     1.00       0.0000    0.0000
    823.90      1487.63      0.00     1.00       0.0000    0.0000
    863.10      1483.30      0.00     1.00       0.0000    0.0000
    902.40      1487.88      0.00     1.00       0.0000    0.0000
    941.60      1485.85      0.00     1.00       0.0000    0.0000
    980.80      1485.04      0.00     1.00       0.0000    0.0000
   1020.10      1491.54      0.00     1.00       0.0000    0.0000
   1059.30      1492.86      0.00     1.00       0.0000    0.0000
   1098.50      1491.56      0.00     1.00       0.0000    0.0000
   1137.80      1497.64      0.00     1.00       0.0000    0.0000
   1177.00      1496.71      0.00     1.00       0.0000    0.0000
   1216.20      1498.55      0.00     1.00       0.0000    0.0000
   1255.50      1500.56      0.00     1.00       0.0000    0.0000
   1294.70      1498.85      0.00     1.00       0.0000    0.0000
   1333.90      1502.33      0.00     1.00       0.0000    0.0000
   1373.20      1502.46      0.00     1.00       0.0000    0.0000
   1412.40      1505.38      0.00     1.00       0.0000    0.0000
   1451.60      1502.16      0.00     1.00       0.0000    0.0000
   1490.90      1506.45      0.00     1.00       0.0000    0.0000

                                 ( RMS roughness =   0.00     )
     ACOUSTO-ELASTIC half-space
   1690.90      1600.00      0.00     1.80       0.0000    0.0000

 __________________________________________________________________________

 Number of Source   depths, Sz =            3
 Source   depths, Sz (m)
   73.6000       184.400       247.500    


 __________________________________________________________________________

 Number of Receiver depths, Rz =           33
 Receiver depths, Rz (m)
   0.00000       73.1531       146.306       219.459       292.612    
   365.766       438.919       512.072       585.225       658.378    
          ... 
   2340.90    

 Warning in ReadSzRz : Receiver below or too near the bottom bdry has been moved up

 __________________________________________________________________________

 Number of Receiver ranges, Rr =          201
 Receiver ranges, Rr (km)
   0.00000      0.253000      0.506000      0.759000       1.01200    
   1.26500       1.51800       1.77100       2.02400       2.27700    
          ... 
   50.6000    


 Ray trace run
 Geometric hat beams in Cartesian coordinates
 Point source (cylindrical coordinates)
 Rectilinear receiver grid: Receivers at Rr( : ) x Rz( : )
 __________________________________________________________________________

 Number of beams in elevation   =           34
 Beam take-off angles (degrees)
  -21.4000      -20.1030      -18.8061      -17.5091      -16.2121    
  -14.9152      -13.6182      -12.3212      -11.0242      -9.72727    
          ... 
   21.4000    

 __________________________________________________________________________


 Step length,       deltas =   0.000     m

 Maximum ray depth, Box%z  =   2341.     m
 Maximum ray range, Box%r  =   50.00    km
 No beam shift in effect


 Step length,       deltas =   149.1     m (automatically selected)

Tracing beam       1    -21.40
Tracing beam       2    -20.10
Tracing beam       3    -18.81
Tracing beam       4    -17.51
Tracing beam       5    -16.21
Tracing beam       6    -14.92
Tracing beam       7    -13.62
Tracing beam       8    -12.32
Tracing beam       9    -11.02
Tracing beam      10     -9.73
Tracing beam      11     -8.43
Tracing beam      12     -7.13
Tracing beam      13     -5.84
Tracing beam      14     -4.54
Tracing beam      15     -3.24
Tracing beam      16     -1.95
Tracing beam      17     -0.65
Tracing beam      18      0.65
Tracing beam      19      1.95
Tracing beam      20      3.24
Tracing beam      21      4.54
Tracing beam      22      5.84
Tracing beam      23      7.13
Tracing beam      24      8.43
Tracing beam      25      9.73
Tracing beam      26     11.02
Tracing beam      27     12.32
Tracing beam      28     13.62
Tracing beam      29     14.92
Tracing beam      30     16.21
Tracing beam      31     17.51
Tracing beam      32     18.81
Tracing beam      33     20.10
Tracing beam      34     21.40
Tracing beam       1    -21.40
Tracing beam       2    -20.10
Tracing beam       3    -18.81
Tracing beam       4    -17.51
Tracing beam       5    -16.21
Tracing beam       6    -14.92
Tracing beam       7    -13.62
Tracing beam       8    -12.32
Tracing beam       9    -11.02
Tracing beam      10     -9.73
Tracing beam      11     -8.43
Tracing beam      12     -7.13
Tracing beam      13     -5.84
Tracing beam      14     -4.54
Tracing beam      15     -3.24
Tracing beam      16     -1.95
Tracing beam      17     -0.65
Tracing beam      18      0.65
Tracing beam      19      1.95
Tracing beam      20      3.24
Tracing beam      21      4.54
Tracing beam      22      5.84
Tracing beam      23      7.13
Tracing beam      24      8.43
Tracing beam      25      9.73
Tracing beam      26     11.02
Tracing beam      27     12.32
Tracing beam      28     13.62
Tracing beam      29     14.92
Tracing beam      30     16.21
Tracing beam      31     17.51
Tracing beam      32     18.81
Tracing beam      33     20.10
Tracing beam      34     21.40
Tracing beam       1    -21.40
Tracing beam       2    -20.10
Tracing beam       3    -18.81
Tracing beam       4    -17.51
Tracing beam       5    -16.21
Tracing beam       6    -14.92
Tracing beam       7    -13.62
Tracing beam       8    -12.32
Tracing beam       9    -11.02
Tracing beam      10     -9.73
Tracing beam      11     -8.43
Tracing beam      12     -7.13
Tracing beam      13     -5.84
Tracing beam      14     -4.54
Tracing beam      15     -3.24
Tracing beam      16     -1.95
Tracing beam      17     -0.65
Tracing beam      18      0.65
Tracing beam      19      1.95
Tracing beam      20      3.24
Tracing beam      21      4.54
Tracing beam      22      5.84
Tracing beam      23      7.13
Tracing beam      24      8.43
Tracing beam      25      9.73
Tracing beam      26     11.02
Tracing beam      27     12.32
Tracing beam      28     13.62
Tracing beam      29     14.92
Tracing beam      30     16.21
Tracing beam      31     17.51
Tracing beam      32     18.81
Tracing beam      33     20.10
Tracing beam      34     21.40

 CPU Time =       0.156    s
