 BELLHOP/BELLHOP3D

 BELLHOP- Mixed Layer Environment SHD Mode                                       
 frequency =   1307.     Hz

 Dummy parameter NMedia =            1

     Spline approximation to SSP
     Attenuation units: dB/mkHz
     VACUUM

 Depth =    1490.90 m

 Sound speed profile:
   z (m)     alphaR (m/s)   betaR  rho (g/cm^3)  alphaI     betaI

      0.00      1504.16      0.00     1.00       0.0000    0.0000
     39.20      1503.84      0.00     1.00       0.0000    0.0000
     78.50      1499.39      0.00     1.00       0.0000    0.0000
    117.70      1505.51      0.00     1.00       0.0000    0.0000
    156.90      1503.97      0.00     1.00       0.0000    0.0000
    196.20      1499.15      0.00     1.00       0.0000    0.0000
    235.40      1498.89      0.00     1.00       0.0000    0.0000
    274.60      1498.91      0.00     1.00       0.0000    0.0000
    313.90      1497.61      0.00     1.00       0.0000    0.0000
    353.10      1495.01      0.00     1.00       0.0000    0.0000
    392.30      1496.20      0.00     1.00       0.0000    0.0000
    431.60      1494.84      0.00     1.00       0.0000    0.0000
    470.80      1493.07      0.00     1.00       0.0000    0.0000
    510.00      1491.18      0.00     1.00       0.0000    0.0000
    549.30      1492.91      0.00     1.00       0.0000    0.0000
    588.50      1492.90      0.00     1.00       0.0000    0.0000
    627.70      1488.84      0.00     1.00       0.0000    0.0000
    667.00      1487.88      0.00     1.00       0.0000    0.0000
    706.20      1488.84      0.00     1.00       0.0000    0.0000
    745.40      1486.95      0.00     1.00       0.0000    0.0000
    784.70      1486.75      0.00     1.00       0.0000    0.0000
    823.90      1487.63      0.00     1.00       0.0000    0.0000
    863.10      1483.30      0.00     1.00       0.0000    0.0000
    902.40      1487.88      0.00     1.00       0.0000    0.0000
    941.60      1485.85      0.00     1.00       0.0000    0.0000
    980.80      1485.04      0.00     1.00       0.0000    0.0000
   1020.10      1491.54      0.00     1.00       0.0000    0.0000
   1059.30      1492.86      0.00     1.00       0.0000    0.0000
   1098.50      1491.56      0.00     1.00       0.0000    0.0000
   1137.80      1497.64      0.00     1.00       0.0000    0.0000
   1177.00      1496.71      0.00     1.00       0.0000    0.0000
   1216.20      1498.55      0.00     1.00       0.0000    0.0000
   1255.50      1500.56      0.00     1.00       0.0000    0.0000
   1294.70      1498.85      0.00     1.00       0.0000    0.0000
   1333.90      1502.33      0.00     1.00       0.0000    0.0000
   1373.20      1502.46      0.00     1.00       0.0000    0.0000
   1412.40      1505.38      0.00     1.00       0.0000    0.0000
   1451.60      1502.16      0.00     1.00       0.0000    0.0000
   1490.90      1506.45      0.00     1.00       0.0000    0.0000

                                 ( RMS roughness =   0.00     )
     ACOUSTO-ELASTIC half-space
   1690.90      1600.00      0.00     1.80       0.0000    0.0000

 __________________________________________________________________________

 Number of Source   depths, Sz =            1
 Source   depths, Sz (m)
   100.600    


 __________________________________________________________________________

 Number of Receiver depths, Rz =           61
 Receiver depths, Rz (m)
   0.00000       39.0150       78.0300       117.045       156.060    
   195.075       234.090       273.105       312.120       351.135    
          ... 
   2340.90    

 Warning in ReadSzRz : Receiver below or too near the bottom bdry has been moved up

 __________________________________________________________________________

 Number of Receiver ranges, Rr =          201
 Receiver ranges, Rr (km)
   0.00000      0.241000      0.482000      0.723000      0.964000    
   1.20500       1.44600       1.68700       1.92800       2.16900    
          ... 
   48.2000    


 Coherent TL calculation
 Geometric hat beams in Cartesian coordinates
 Point source (cylindrical coordinates)
 Rectilinear receiver grid: Receivers at Rr( : ) x Rz( : )
 __________________________________________________________________________

 Number of beams in elevation   =        12597
 Beam take-off angles (degrees)
  -73.9000      -73.8882      -73.8764      -73.8646      -73.8527    
  -73.8409      -73.8291      -73.8173      -73.8055      -73.7937    
          ... 
   74.9000    

 __________________________________________________________________________


 Step length,       deltas =   0.000     m

 Maximum ray depth, Box%z  =   2341.     m
 Maximum ray range, Box%r  =   50.00    km
 No beam shift in effect


 Step length,       deltas =   149.1     m (automatically selected)

Tracing beam       1    -73.90

 Geometric hat beams                     
 halfwidth  =    1775.2013688792199     
 epsilonOpt =  (  0.0000000000000000     ,  12937615701.431684     )
 EpsMult    =    1.0000000000000000     

Tracing beam     252    -70.93
Tracing beam     503    -67.97
Tracing beam     754    -65.00
Tracing beam    1005    -62.04
Tracing beam    1256    -59.07
Tracing beam    1507    -56.11
Tracing beam    1758    -53.14
Tracing beam    2009    -50.18
Tracing beam    2260    -47.21
Tracing beam    2511    -44.25
Tracing beam    2762    -41.28
Tracing beam    3013    -38.32
Tracing beam    3264    -35.35
Tracing beam    3515    -32.39
Tracing beam    3766    -29.42
Tracing beam    4017    -26.46
Tracing beam    4268    -23.49
Tracing beam    4519    -20.53
Tracing beam    4770    -17.56
Tracing beam    5021    -14.60
Tracing beam    5272    -11.63
Tracing beam    5523     -8.67
Tracing beam    5774     -5.70
Tracing beam    6025     -2.74
Tracing beam    6276      0.23
Tracing beam    6527      3.19
Tracing beam    6778      6.16
Tracing beam    7029      9.12
Tracing beam    7280     12.09
Tracing beam    7531     15.05
Tracing beam    7782     18.02
Tracing beam    8033     20.98
Tracing beam    8284     23.95
Tracing beam    8535     26.91
Tracing beam    8786     29.88
Tracing beam    9037     32.84
Tracing beam    9288     35.81
Tracing beam    9539     38.78
Tracing beam    9790     41.74
Tracing beam   10041     44.71
Tracing beam   10292     47.67
Tracing beam   10543     50.64
Tracing beam   10794     53.60
Tracing beam   11045     56.57
Tracing beam   11296     59.53
Tracing beam   11547     62.50
Tracing beam   11798     65.46
Tracing beam   12049     68.43
Tracing beam   12300     71.39
Tracing beam   12551     74.36

 CPU Time =        1.80    s
