 BELLHOP/BELLHOP3D

 BELLHOP- Mixed Layer Environment ARR Mode                                       
 frequency =   1307.     Hz

 Dummy parameter NMedia =            1

     Spline approximation to SSP
     Attenuation units: dB/mkHz
     VACUUM

 Depth =    1490.90 m

 Sound speed profile:
   z (m)     alphaR (m/s)   betaR  rho (g/cm^3)  alphaI     betaI

      0.00      1504.16      0.00     1.00       0.0000    0.0000
     39.20      1503.84      0.00     1.00       0.0000    0.0000
     78.50      1499.39      0.00     1.00       0.0000    0.0000
    117.70      1505.51      0.00     1.00       0.0000    0.0000
    156.90      1503.97      0.00     1.00       0.0000    0.0000
    196.20      1499.15      0.00     1.00       0.0000    0.0000
    235.40      1498.89      0.00     1.00       0.0000    0.0000
    274.60      1498.91      0.00     1.00       0.0000    0.0000
    313.90      1497.61      0.00     1.00       0.0000    0.0000
    353.10      1495.01      0.00     1.00       0.0000    0.0000
    392.30      1496.20      0.00     1.00       0.0000    0.0000
    431.60      1494.84      0.00     1.00       0.0000    0.0000
    470.80      1493.07      0.00     1.00       0.0000    0.0000
    510.00      1491.18      0.00     1.00       0.0000    0.0000
    549.30      1492.91      0.00     1.00       0.0000    0.0000
    588.50      1492.90      0.00     1.00       0.0000    0.0000
    627.70      1488.84      0.00     1.00       0.0000    0.0000
    667.00      1487.88      0.00     1.00       0.0000    0.0000
    706.20      1488.84      0.00     1.00       0.0000    0.0000
    745.40      1486.95      0.00     1.00       0.0000    0.0000
    784.70      1486.75      0.00     1.00       0.0000    0.0000
    823.90      1487.63      0.00     1.00       0.0000    0.0000
    863.10      1483.30      0.00     1.00       0.0000    0.0000
    902.40      1487.88      0.00     1.00       0.0000    0.0000
    941.60      1485.85      0.00     1.00       0.0000    0.0000
    980.80      1485.04      0.00     1.00       0.0000    0.0000
   1020.10      1491.54      0.00     1.00       0.0000    0.0000
   1059.30      1492.86      0.00     1.00       0.0000    0.0000
   1098.50      1491.56      0.00     1.00       0.0000    0.0000
   1137.80      1497.64      0.00     1.00       0.0000    0.0000
   1177.00      1496.71      0.00     1.00       0.0000    0.0000
   1216.20      1498.55      0.00     1.00       0.0000    0.0000
   1255.50      1500.56      0.00     1.00       0.0000    0.0000
   1294.70      1498.85      0.00     1.00       0.0000    0.0000
   1333.90      1502.33      0.00     1.00       0.0000    0.0000
   1373.20      1502.46      0.00     1.00       0.0000    0.0000
   1412.40      1505.38      0.00     1.00       0.0000    0.0000
   1451.60      1502.16      0.00     1.00       0.0000    0.0000
   1490.90      1506.45      0.00     1.00       0.0000    0.0000

                                 ( RMS roughness =   0.00     )
     ACOUSTO-ELASTIC half-space
   1690.90      1600.00      0.00     1.80       0.0000    0.0000

 __________________________________________________________________________

 Number of Source   depths, Sz =            2
 Source   depths, Sz (m)
   43.7000       82.2000    


 __________________________________________________________________________

 Number of Receiver depths, Rz =           40
 Receiver depths, Rz (m)
   0.00000       60.0231       120.046       180.069       240.092    
   300.115       360.138       420.162       480.185       540.208    
          ... 
   2340.90    

 Warning in ReadSzRz : Receiver below or too near the bottom bdry has been moved up

 __________________________________________________________________________

 Number of Receiver ranges, Rr =          201
 Receiver ranges, Rr (km)
   0.00000      0.222000      0.444000      0.666000      0.888000    
   1.11000       1.33200       1.55400       1.77600       1.99800    
          ... 
   44.4000    


 Arrivals calculation, ASCII  file output
 Geometric hat beams in Cartesian coordinates
 Point source (cylindrical coordinates)
 Rectilinear receiver grid: Receivers at Rr( : ) x Rz( : )
 __________________________________________________________________________

 Number of beams in elevation   =           36
 Beam take-off angles (degrees)
  -19.4000      -18.2914      -17.1829      -16.0743      -14.9657    
  -13.8571      -12.7486      -11.6400      -10.5314      -9.42286    
          ... 
   19.4000    

 __________________________________________________________________________


 Step length,       deltas =   0.000     m

 Maximum ray depth, Box%z  =   2341.     m
 Maximum ray range, Box%r  =   50.00    km
 No beam shift in effect


 Step length,       deltas =   149.1     m (automatically selected)

 ( Maximum # of arrivals =         2487 )

Tracing beam       1    -19.40

 Geometric hat beams                     
 halfwidth  =    18.922506866027746     
 epsilonOpt =  (  0.0000000000000000     ,  1469996.6380013777     )
 EpsMult    =    1.0000000000000000     

Tracing beam       2    -18.29
Tracing beam       3    -17.18
Tracing beam       4    -16.07
Tracing beam       5    -14.97
Tracing beam       6    -13.86
Tracing beam       7    -12.75
Tracing beam       8    -11.64
Tracing beam       9    -10.53
Tracing beam      10     -9.42
Tracing beam      11     -8.31
Tracing beam      12     -7.21
Tracing beam      13     -6.10
Tracing beam      14     -4.99
Tracing beam      15     -3.88
Tracing beam      16     -2.77
Tracing beam      17     -1.66
Tracing beam      18     -0.55
Tracing beam      19      0.55
Tracing beam      20      1.66
Tracing beam      21      2.77
Tracing beam      22      3.88
Tracing beam      23      4.99
Tracing beam      24      6.10
Tracing beam      25      7.21
Tracing beam      26      8.31
Tracing beam      27      9.42
Tracing beam      28     10.53
Tracing beam      29     11.64
Tracing beam      30     12.75
Tracing beam      31     13.86
Tracing beam      32     14.97
Tracing beam      33     16.07
Tracing beam      34     17.18
Tracing beam      35     18.29
Tracing beam      36     19.40
Tracing beam       1    -19.40
Tracing beam       2    -18.29
Tracing beam       3    -17.18
Tracing beam       4    -16.07
Tracing beam       5    -14.97
Tracing beam       6    -13.86
Tracing beam       7    -12.75
Tracing beam       8    -11.64
Tracing beam       9    -10.53
Tracing beam      10     -9.42
Tracing beam      11     -8.31
Tracing beam      12     -7.21
Tracing beam      13     -6.10
Tracing beam      14     -4.99
Tracing beam      15     -3.88
Tracing beam      16     -2.77
Tracing beam      17     -1.66
Tracing beam      18     -0.55
Tracing beam      19      0.55
Tracing beam      20      1.66
Tracing beam      21      2.77
Tracing beam      22      3.88
Tracing beam      23      4.99
Tracing beam      24      6.10
Tracing beam      25      7.21
Tracing beam      26      8.31
Tracing beam      27      9.42
Tracing beam      28     10.53
Tracing beam      29     11.64
Tracing beam      30     12.75
Tracing beam      31     13.86
Tracing beam      32     14.97
Tracing beam      33     16.07
Tracing beam      34     17.18
Tracing beam      35     18.29
Tracing beam      36     19.40

 CPU Time =       0.375    s
