 BELLHOP/BELLHOP3D

 BELLHOP- Deep Ocean Environment SHD Mode                                        
 frequency =   1190.     Hz

 Dummy parameter NMedia =            1

     Spline approximation to SSP
     Attenuation units: dB/mkHz
     VACUUM

 Depth =    4837.30 m

 Sound speed profile:
   z (m)     alphaR (m/s)   betaR  rho (g/cm^3)  alphaI     betaI

      0.00      1495.32      0.00     1.00       0.0000    0.0000
    100.80      1499.37      0.00     1.00       0.0000    0.0000
    201.60      1491.61      0.00     1.00       0.0000    0.0000
    302.30      1490.01      0.00     1.00       0.0000    0.0000
    403.10      1490.32      0.00     1.00       0.0000    0.0000
    503.90      1484.46      0.00     1.00       0.0000    0.0000
    604.70      1482.58      0.00     1.00       0.0000    0.0000
    705.40      1478.37      0.00     1.00       0.0000    0.0000
    806.20      1478.97      0.00     1.00       0.0000    0.0000
    907.00      1480.08      0.00     1.00       0.0000    0.0000
   1007.80      1479.82      0.00     1.00       0.0000    0.0000
   1108.60      1476.68      0.00     1.00       0.0000    0.0000
   1209.30      1475.27      0.00     1.00       0.0000    0.0000
   1310.10      1476.46      0.00     1.00       0.0000    0.0000
   1410.90      1479.31      0.00     1.00       0.0000    0.0000
   1511.70      1481.93      0.00     1.00       0.0000    0.0000
   1612.40      1481.91      0.00     1.00       0.0000    0.0000
   1713.20      1482.45      0.00     1.00       0.0000    0.0000
   1814.00      1484.52      0.00     1.00       0.0000    0.0000
   1914.80      1482.27      0.00     1.00       0.0000    0.0000
   2015.50      1484.18      0.00     1.00       0.0000    0.0000
   2116.30      1484.17      0.00     1.00       0.0000    0.0000
   2217.10      1485.34      0.00     1.00       0.0000    0.0000
   2317.90      1485.03      0.00     1.00       0.0000    0.0000
   2418.70      1486.82      0.00     1.00       0.0000    0.0000
   2519.40      1488.10      0.00     1.00       0.0000    0.0000
   2620.20      1488.38      0.00     1.00       0.0000    0.0000
   2721.00      1489.49      0.00     1.00       0.0000    0.0000
   2821.80      1491.14      0.00     1.00       0.0000    0.0000
   2922.50      1493.19      0.00     1.00       0.0000    0.0000
   3023.30      1494.09      0.00     1.00       0.0000    0.0000
   3124.10      1494.06      0.00     1.00       0.0000    0.0000
   3224.90      1491.83      0.00     1.00       0.0000    0.0000
   3325.70      1493.98      0.00     1.00       0.0000    0.0000
   3426.40      1494.90      0.00     1.00       0.0000    0.0000
   3527.20      1495.13      0.00     1.00       0.0000    0.0000
   3628.00      1497.42      0.00     1.00       0.0000    0.0000
   3728.80      1495.32      0.00     1.00       0.0000    0.0000
   3829.50      1501.05      0.00     1.00       0.0000    0.0000
   3930.30      1501.10      0.00     1.00       0.0000    0.0000
   4031.10      1500.82      0.00     1.00       0.0000    0.0000
   4131.90      1500.80      0.00     1.00       0.0000    0.0000
   4232.60      1503.54      0.00     1.00       0.0000    0.0000
   4333.40      1503.53      0.00     1.00       0.0000    0.0000
   4434.20      1504.95      0.00     1.00       0.0000    0.0000
   4535.00      1504.00      0.00     1.00       0.0000    0.0000
   4635.80      1507.57      0.00     1.00       0.0000    0.0000
   4736.50      1507.43      0.00     1.00       0.0000    0.0000
   4837.30      1507.25      0.00     1.00       0.0000    0.0000

                                 ( RMS roughness =   0.00     )
     ACOUSTO-ELASTIC half-space
   5037.30      1600.00      0.00     1.80       0.0000    0.0000

 __________________________________________________________________________

 Number of Source   depths, Sz =            1
 Source   depths, Sz (m)
   159.300    


 __________________________________________________________________________

 Number of Receiver depths, Rz =           63
 Receiver depths, Rz (m)
   0.00000       91.7306       183.461       275.192       366.923    
   458.653       550.384       642.115       733.845       825.576    
          ... 
   5687.30    

 Warning in ReadSzRz : Receiver below or too near the bottom bdry has been moved up

 __________________________________________________________________________

 Number of Receiver ranges, Rr =          201
 Receiver ranges, Rr (km)
   0.00000      0.232500      0.465000      0.697500      0.930000    
   1.16250       1.39500       1.62750       1.86000       2.09250    
          ... 
   46.5000    


 Coherent TL calculation
 Geometric hat beams in Cartesian coordinates
 Point source (cylindrical coordinates)
 Rectilinear receiver grid: Receivers at Rr( : ) x Rz( : )
 __________________________________________________________________________

 Number of beams in elevation   =        11070
 Beam take-off angles (degrees)
  -83.5000      -83.4849      -83.4699      -83.4548      -83.4397    
  -83.4247      -83.4096      -83.3945      -83.3794      -83.3644    
          ... 
   83.3000    

 __________________________________________________________________________


 Step length,       deltas =   0.000     m

 Maximum ray depth, Box%z  =   5687.     m
 Maximum ray range, Box%r  =   50.00    km
 No beam shift in effect


 Step length,       deltas =   483.7     m (automatically selected)

Tracing beam       1    -83.50

 Geometric hat beams                     
 halfwidth  =    1519.7780039716040     
 epsilonOpt =  (  0.0000000000000000     ,  8637799123.5199585     )
 EpsMult    =    1.0000000000000000     

Tracing beam     222    -80.17
Tracing beam     443    -76.84
Tracing beam     664    -73.51
Tracing beam     885    -70.18
Tracing beam    1106    -66.85
Tracing beam    1327    -63.52
Tracing beam    1548    -60.19
Tracing beam    1769    -56.86
Tracing beam    1990    -53.53
Tracing beam    2211    -50.20
Tracing beam    2432    -46.87
Tracing beam    2653    -43.54
Tracing beam    2874    -40.21
Tracing beam    3095    -36.88
Tracing beam    3316    -33.55
Tracing beam    3537    -30.22
Tracing beam    3758    -26.89
Tracing beam    3979    -23.56
Tracing beam    4200    -20.22
Tracing beam    4421    -16.89
Tracing beam    4642    -13.56
Tracing beam    4863    -10.23
Tracing beam    5084     -6.90
Tracing beam    5305     -3.57
Tracing beam    5526     -0.24
Tracing beam    5747      3.09
Tracing beam    5968      6.42
Tracing beam    6189      9.75
Tracing beam    6410     13.08
Tracing beam    6631     16.41
Tracing beam    6852     19.74
Tracing beam    7073     23.07
Tracing beam    7294     26.40
Tracing beam    7515     29.73
Tracing beam    7736     33.06
Tracing beam    7957     36.39
Tracing beam    8178     39.72
Tracing beam    8399     43.05
Tracing beam    8620     46.38
Tracing beam    8841     49.71
Tracing beam    9062     53.04
Tracing beam    9283     56.37
Tracing beam    9504     59.70
Tracing beam    9725     63.03
Tracing beam    9946     66.36
Tracing beam   10167     69.69
Tracing beam   10388     73.02
Tracing beam   10609     76.35
Tracing beam   10830     79.68
Tracing beam   11051     83.01

 CPU Time =        1.47    s
