 BELLHOP/BELLHOP3D

 BELLHOP- Deep Ocean Environment RAY Mode                                        
 frequency =   1190.     Hz

 Dummy parameter NMedia =            1

     Spline approximation to SSP
     Attenuation units: dB/mkHz
     VACUUM

 Depth =    4837.30 m

 Sound speed profile:
   z (m)     alphaR (m/s)   betaR  rho (g/cm^3)  alphaI     betaI

      0.00      1495.32      0.00     1.00       0.0000    0.0000
    100.80      1499.37      0.00     1.00       0.0000    0.0000
    201.60      1491.61      0.00     1.00       0.0000    0.0000
    302.30      1490.01      0.00     1.00       0.0000    0.0000
    403.10      1490.32      0.00     1.00       0.0000    0.0000
    503.90      1484.46      0.00     1.00       0.0000    0.0000
    604.70      1482.58      0.00     1.00       0.0000    0.0000
    705.40      1478.37      0.00     1.00       0.0000    0.0000
    806.20      1478.97      0.00     1.00       0.0000    0.0000
    907.00      1480.08      0.00     1.00       0.0000    0.0000
   1007.80      1479.82      0.00     1.00       0.0000    0.0000
   1108.60      1476.68      0.00     1.00       0.0000    0.0000
   1209.30      1475.27      0.00     1.00       0.0000    0.0000
   1310.10      1476.46      0.00     1.00       0.0000    0.0000
   1410.90      1479.31      0.00     1.00       0.0000    0.0000
   1511.70      1481.93      0.00     1.00       0.0000    0.0000
   1612.40      1481.91      0.00     1.00       0.0000    0.0000
   1713.20      1482.45      0.00     1.00       0.0000    0.0000
   1814.00      1484.52      0.00     1.00       0.0000    0.0000
   1914.80      1482.27      0.00     1.00       0.0000    0.0000
   2015.50      1484.18      0.00     1.00       0.0000    0.0000
   2116.30      1484.17      0.00     1.00       0.0000    0.0000
   2217.10      1485.34      0.00     1.00       0.0000    0.0000
   2317.90      1485.03      0.00     1.00       0.0000    0.0000
   2418.70      1486.82      0.00     1.00       0.0000    0.0000
   2519.40      1488.10      0.00     1.00       0.0000    0.0000
   2620.20      1488.38      0.00     1.00       0.0000    0.0000
   2721.00      1489.49      0.00     1.00       0.0000    0.0000
   2821.80      1491.14      0.00     1.00       0.0000    0.0000
   2922.50      1493.19      0.00     1.00       0.0000    0.0000
   3023.30      1494.09      0.00     1.00       0.0000    0.0000
   3124.10      1494.06      0.00     1.00       0.0000    0.0000
   3224.90      1491.83      0.00     1.00       0.0000    0.0000
   3325.70      1493.98      0.00     1.00       0.0000    0.0000
   3426.40      1494.90      0.00     1.00       0.0000    0.0000
   3527.20      1495.13      0.00     1.00       0.0000    0.0000
   3628.00      1497.42      0.00     1.00       0.0000    0.0000
   3728.80      1495.32      0.00     1.00       0.0000    0.0000
   3829.50      1501.05      0.00     1.00       0.0000    0.0000
   3930.30      1501.10      0.00     1.00       0.0000    0.0000
   4031.10      1500.82      0.00     1.00       0.0000    0.0000
   4131.90      1500.80      0.00     1.00       0.0000    0.0000
   4232.60      1503.54      0.00     1.00       0.0000    0.0000
   4333.40      1503.53      0.00     1.00       0.0000    0.0000
   4434.20      1504.95      0.00     1.00       0.0000    0.0000
   4535.00      1504.00      0.00     1.00       0.0000    0.0000
   4635.80      1507.57      0.00     1.00       0.0000    0.0000
   4736.50      1507.43      0.00     1.00       0.0000    0.0000
   4837.30      1507.25      0.00     1.00       0.0000    0.0000

                                 ( RMS roughness =   0.00     )
     ACOUSTO-ELASTIC half-space
   5037.30      1600.00      0.00     1.80       0.0000    0.0000

 __________________________________________________________________________

 Number of Source   depths, Sz =            1
 Source   depths, Sz (m)
   142.200    


 __________________________________________________________________________

 Number of Receiver depths, Rz =           33
 Receiver depths, Rz (m)
   0.00000       177.728       355.456       533.184       710.912    
   888.641       1066.37       1244.10       1421.82       1599.55    
          ... 
   5687.30    

 Warning in ReadSzRz : Receiver below or too near the bottom bdry has been moved up

 __________________________________________________________________________

 Number of Receiver ranges, Rr =          201
 Receiver ranges, Rr (km)
   0.00000      0.284000      0.568000      0.852000       1.13600    
   1.42000       1.70400       1.98800       2.27200       2.55600    
          ... 
   56.8000    


 Ray trace run
 Geometric hat beams in Cartesian coordinates
 Point source (cylindrical coordinates)
 Rectilinear receiver grid: Receivers at Rr( : ) x Rz( : )
 __________________________________________________________________________

 Number of beams in elevation   =           20
 Beam take-off angles (degrees)
  -18.7000      -16.7316      -14.7632      -12.7947      -10.8263    
  -8.85789      -6.88947      -4.92105      -2.95263     -0.984211    
          ... 
   18.7000    

 __________________________________________________________________________


 Step length,       deltas =   0.000     m

 Maximum ray depth, Box%z  =   5687.     m
 Maximum ray range, Box%r  =   50.00    km
 No beam shift in effect


 Step length,       deltas =   483.7     m (automatically selected)

Tracing beam       1    -18.70
Tracing beam       2    -16.73
Tracing beam       3    -14.76
Tracing beam       4    -12.79
Tracing beam       5    -10.83
Tracing beam       6     -8.86
Tracing beam       7     -6.89
Tracing beam       8     -4.92
Tracing beam       9     -2.95
Tracing beam      10     -0.98
Tracing beam      11      0.98
Tracing beam      12      2.95
Tracing beam      13      4.92
Tracing beam      14      6.89
Tracing beam      15      8.86
Tracing beam      16     10.83
Tracing beam      17     12.79
Tracing beam      18     14.76
Tracing beam      19     16.73
Tracing beam      20     18.70

 CPU Time =        0.00    s
