 BELLHOP/BELLHOP3D

 BELLHOP- Shallow Water Environment ARR Mode                                     
 frequency =   2057.     Hz

 Dummy parameter NMedia =            1

     Spline approximation to SSP
     Attenuation units: dB/mkHz
     VACUUM

 Depth =     420.70 m

 Sound speed profile:
   z (m)     alphaR (m/s)   betaR  rho (g/cm^3)  alphaI     betaI

      0.00      1506.35      0.00     1.00       0.0000    0.0000
     15.60      1506.16      0.00     1.00       0.0000    0.0000
     31.20      1504.76      0.00     1.00       0.0000    0.0000
     46.70      1505.58      0.00     1.00       0.0000    0.0000
     62.30      1502.94      0.00     1.00       0.0000    0.0000
     77.90      1499.56      0.00     1.00       0.0000    0.0000
     93.50      1501.59      0.00     1.00       0.0000    0.0000
    109.10      1503.10      0.00     1.00       0.0000    0.0000
    124.60      1505.93      0.00     1.00       0.0000    0.0000
    140.20      1506.52      0.00     1.00       0.0000    0.0000
    155.80      1502.87      0.00     1.00       0.0000    0.0000
    171.40      1505.89      0.00     1.00       0.0000    0.0000
    187.00      1504.44      0.00     1.00       0.0000    0.0000
    202.60      1504.41      0.00     1.00       0.0000    0.0000
    218.10      1502.31      0.00     1.00       0.0000    0.0000
    233.70      1499.96      0.00     1.00       0.0000    0.0000
    249.30      1502.05      0.00     1.00       0.0000    0.0000
    264.90      1499.37      0.00     1.00       0.0000    0.0000
    280.50      1499.92      0.00     1.00       0.0000    0.0000
    296.00      1498.93      0.00     1.00       0.0000    0.0000
    311.60      1500.32      0.00     1.00       0.0000    0.0000
    327.20      1499.18      0.00     1.00       0.0000    0.0000
    342.80      1497.42      0.00     1.00       0.0000    0.0000
    358.40      1494.08      0.00     1.00       0.0000    0.0000
    373.90      1495.52      0.00     1.00       0.0000    0.0000
    389.50      1497.01      0.00     1.00       0.0000    0.0000
    405.10      1495.85      0.00     1.00       0.0000    0.0000
    420.70      1492.67      0.00     1.00       0.0000    0.0000

                                 ( RMS roughness =   0.00     )
     ACOUSTO-ELASTIC half-space
    620.70      1600.00      0.00     1.80       0.0000    0.0000

 __________________________________________________________________________

 Number of Source   depths, Sz =            2
 Source   depths, Sz (m)
   48.0000       158.000    


 __________________________________________________________________________

 Number of Receiver depths, Rz =           45
 Receiver depths, Rz (m)
   0.00000       28.8795       57.7591       86.6386       115.518    
   144.398       173.277       202.157       231.036       259.916    
          ... 
   1270.70    

 Warning in ReadSzRz : Receiver below or too near the bottom bdry has been moved up

 __________________________________________________________________________

 Number of Receiver ranges, Rr =          201
 Receiver ranges, Rr (km)
   0.00000      0.248000      0.496000      0.744000      0.992000    
   1.24000       1.48800       1.73600       1.98400       2.23200    
          ... 
   49.6000    


 Arrivals calculation, ASCII  file output
 Geometric hat beams in Cartesian coordinates
 Point source (cylindrical coordinates)
 Rectilinear receiver grid: Receivers at Rr( : ) x Rz( : )
 __________________________________________________________________________

 Number of beams in elevation   =           38
 Beam take-off angles (degrees)
  -10.7000      -10.1216      -9.54324      -8.96486      -8.38649    
  -7.80811      -7.22973      -6.65135      -6.07297      -5.49459    
          ... 
   10.7000    

 __________________________________________________________________________


 Step length,       deltas =   0.000     m

 Maximum ray depth, Box%z  =   1271.     m
 Maximum ray range, Box%r  =   50.00    km
 No beam shift in effect


 Step length,       deltas =   42.07     m (automatically selected)

 ( Maximum # of arrivals =         2211 )

Tracing beam       1    -10.70

 Geometric hat beams                     
 halfwidth  =    23.083489368895133     
 epsilonOpt =  (  0.0000000000000000     ,  3442727.2852743720     )
 EpsMult    =    1.0000000000000000     

Tracing beam       2    -10.12
Tracing beam       3     -9.54
Tracing beam       4     -8.96
Tracing beam       5     -8.39
Tracing beam       6     -7.81
Tracing beam       7     -7.23
Tracing beam       8     -6.65
Tracing beam       9     -6.07
Tracing beam      10     -5.49
Tracing beam      11     -4.92
Tracing beam      12     -4.34
Tracing beam      13     -3.76
Tracing beam      14     -3.18
Tracing beam      15     -2.60
Tracing beam      16     -2.02
Tracing beam      17     -1.45
Tracing beam      18     -0.87
Tracing beam      19     -0.29
Tracing beam      20      0.29
Tracing beam      21      0.87
Tracing beam      22      1.45
Tracing beam      23      2.02
Tracing beam      24      2.60
Tracing beam      25      3.18
Tracing beam      26      3.76
Tracing beam      27      4.34
Tracing beam      28      4.92
Tracing beam      29      5.49
Tracing beam      30      6.07
Tracing beam      31      6.65
Tracing beam      32      7.23
Tracing beam      33      7.81
Tracing beam      34      8.39
Tracing beam      35      8.96
Tracing beam      36      9.54
Tracing beam      37     10.12
Tracing beam      38     10.70
Tracing beam       1    -10.70
Tracing beam       2    -10.12
Tracing beam       3     -9.54
Tracing beam       4     -8.96
Tracing beam       5     -8.39
Tracing beam       6     -7.81
Tracing beam       7     -7.23
Tracing beam       8     -6.65
Tracing beam       9     -6.07
Tracing beam      10     -5.49
Tracing beam      11     -4.92
Tracing beam      12     -4.34
Tracing beam      13     -3.76
Tracing beam      14     -3.18
Tracing beam      15     -2.60
Tracing beam      16     -2.02
Tracing beam      17     -1.45
Tracing beam      18     -0.87
Tracing beam      19     -0.29
Tracing beam      20      0.29
Tracing beam      21      0.87
Tracing beam      22      1.45
Tracing beam      23      2.02
Tracing beam      24      2.60
Tracing beam      25      3.18
Tracing beam      26      3.76
Tracing beam      27      4.34
Tracing beam      28      4.92
Tracing beam      29      5.49
Tracing beam      30      6.07
Tracing beam      31      6.65
Tracing beam      32      7.23
Tracing beam      33      7.81
Tracing beam      34      8.39
Tracing beam      35      8.96
Tracing beam      36      9.54
Tracing beam      37     10.12
Tracing beam      38     10.70

 CPU Time =       0.797    s
