 BELLHOP/BELLHOP3D

 BELLHOP- Tropical Ocean Environment RAY Mode                                    
 frequency =   1754.     Hz

 Dummy parameter NMedia =            1

     Spline approximation to SSP
     Attenuation units: dB/mkHz
     VACUUM

 Depth =    2848.20 m

 Sound speed profile:
   z (m)     alphaR (m/s)   betaR  rho (g/cm^3)  alphaI     betaI

      0.00      1514.04      0.00     1.00       0.0000    0.0000
     67.80      1511.15      0.00     1.00       0.0000    0.0000
    135.60      1516.08      0.00     1.00       0.0000    0.0000
    203.40      1509.02      0.00     1.00       0.0000    0.0000
    271.30      1504.60      0.00     1.00       0.0000    0.0000
    339.10      1507.08      0.00     1.00       0.0000    0.0000
    406.90      1501.26      0.00     1.00       0.0000    0.0000
    474.70      1499.77      0.00     1.00       0.0000    0.0000
    542.50      1496.61      0.00     1.00       0.0000    0.0000
    610.30      1495.92      0.00     1.00       0.0000    0.0000
    678.10      1493.59      0.00     1.00       0.0000    0.0000
    746.00      1494.49      0.00     1.00       0.0000    0.0000
    813.80      1492.48      0.00     1.00       0.0000    0.0000
    881.60      1490.48      0.00     1.00       0.0000    0.0000
    949.40      1492.41      0.00     1.00       0.0000    0.0000
   1017.20      1476.26      0.00     1.00       0.0000    0.0000
   1085.00      1474.13      0.00     1.00       0.0000    0.0000
   1152.80      1479.30      0.00     1.00       0.0000    0.0000
   1220.60      1479.21      0.00     1.00       0.0000    0.0000
   1288.50      1482.04      0.00     1.00       0.0000    0.0000
   1356.30      1481.16      0.00     1.00       0.0000    0.0000
   1424.10      1480.81      0.00     1.00       0.0000    0.0000
   1491.90      1482.71      0.00     1.00       0.0000    0.0000
   1559.70      1485.24      0.00     1.00       0.0000    0.0000
   1627.50      1483.89      0.00     1.00       0.0000    0.0000
   1695.30      1485.41      0.00     1.00       0.0000    0.0000
   1763.20      1486.76      0.00     1.00       0.0000    0.0000
   1831.00      1486.38      0.00     1.00       0.0000    0.0000
   1898.80      1487.99      0.00     1.00       0.0000    0.0000
   1966.60      1490.40      0.00     1.00       0.0000    0.0000
   2034.40      1492.97      0.00     1.00       0.0000    0.0000
   2102.20      1492.66      0.00     1.00       0.0000    0.0000
   2170.00      1493.13      0.00     1.00       0.0000    0.0000
   2237.90      1492.97      0.00     1.00       0.0000    0.0000
   2305.70      1496.88      0.00     1.00       0.0000    0.0000
   2373.50      1496.91      0.00     1.00       0.0000    0.0000
   2441.30      1496.22      0.00     1.00       0.0000    0.0000
   2509.10      1499.65      0.00     1.00       0.0000    0.0000
   2576.90      1500.16      0.00     1.00       0.0000    0.0000
   2644.70      1499.12      0.00     1.00       0.0000    0.0000
   2712.60      1501.20      0.00     1.00       0.0000    0.0000
   2780.40      1501.63      0.00     1.00       0.0000    0.0000
   2848.20      1507.34      0.00     1.00       0.0000    0.0000

                                 ( RMS roughness =   0.00     )
     ACOUSTO-ELASTIC half-space
   3048.20      1600.00      0.00     1.80       0.0000    0.0000

 __________________________________________________________________________

 Number of Source   depths, Sz =            3
 Source   depths, Sz (m)
   83.2000       255.600       274.500    


 __________________________________________________________________________

 Number of Receiver depths, Rz =           47
 Receiver depths, Rz (m)
   0.00000       80.3957       160.791       241.187       321.583    
   401.978       482.374       562.770       643.165       723.561    
          ... 
   3698.20    

 Warning in ReadSzRz : Receiver below or too near the bottom bdry has been moved up

 __________________________________________________________________________

 Number of Receiver ranges, Rr =          201
 Receiver ranges, Rr (km)
   0.00000      0.275000      0.550000      0.825000       1.10000    
   1.37500       1.65000       1.92500       2.20000       2.47500    
          ... 
   55.0000    


 Ray trace run
 Geometric hat beams in Cartesian coordinates
 Point source (cylindrical coordinates)
 Rectilinear receiver grid: Receivers at Rr( : ) x Rz( : )
 __________________________________________________________________________

 Number of beams in elevation   =           31
 Beam take-off angles (degrees)
  -16.6000      -15.4933      -14.3867      -13.2800      -12.1733    
  -11.0667      -9.96000      -8.85333      -7.74667      -6.64000    
          ... 
   16.6000    

 __________________________________________________________________________


 Step length,       deltas =   0.000     m

 Maximum ray depth, Box%z  =   3698.     m
 Maximum ray range, Box%r  =   50.00    km
 No beam shift in effect


 Step length,       deltas =   284.8     m (automatically selected)

Tracing beam       1    -16.60
Tracing beam       2    -15.49
Tracing beam       3    -14.39
Tracing beam       4    -13.28
Tracing beam       5    -12.17
Tracing beam       6    -11.07
Tracing beam       7     -9.96
Tracing beam       8     -8.85
Tracing beam       9     -7.75
Tracing beam      10     -6.64
Tracing beam      11     -5.53
Tracing beam      12     -4.43
Tracing beam      13     -3.32
Tracing beam      14     -2.21
Tracing beam      15     -1.11
Tracing beam      16      0.00
Tracing beam      17      1.11
Tracing beam      18      2.21
Tracing beam      19      3.32
Tracing beam      20      4.43
Tracing beam      21      5.53
Tracing beam      22      6.64
Tracing beam      23      7.75
Tracing beam      24      8.85
Tracing beam      25      9.96
Tracing beam      26     11.07
Tracing beam      27     12.17
Tracing beam      28     13.28
Tracing beam      29     14.39
Tracing beam      30     15.49
Tracing beam      31     16.60
Tracing beam       1    -16.60
Tracing beam       2    -15.49
Tracing beam       3    -14.39
Tracing beam       4    -13.28
Tracing beam       5    -12.17
Tracing beam       6    -11.07
Tracing beam       7     -9.96
Tracing beam       8     -8.85
Tracing beam       9     -7.75
Tracing beam      10     -6.64
Tracing beam      11     -5.53
Tracing beam      12     -4.43
Tracing beam      13     -3.32
Tracing beam      14     -2.21
Tracing beam      15     -1.11
Tracing beam      16      0.00
Tracing beam      17      1.11
Tracing beam      18      2.21
Tracing beam      19      3.32
Tracing beam      20      4.43
Tracing beam      21      5.53
Tracing beam      22      6.64
Tracing beam      23      7.75
Tracing beam      24      8.85
Tracing beam      25      9.96
Tracing beam      26     11.07
Tracing beam      27     12.17
Tracing beam      28     13.28
Tracing beam      29     14.39
Tracing beam      30     15.49
Tracing beam      31     16.60
Tracing beam       1    -16.60
Tracing beam       2    -15.49
Tracing beam       3    -14.39
Tracing beam       4    -13.28
Tracing beam       5    -12.17
Tracing beam       6    -11.07
Tracing beam       7     -9.96
Tracing beam       8     -8.85
Tracing beam       9     -7.75
Tracing beam      10     -6.64
Tracing beam      11     -5.53
Tracing beam      12     -4.43
Tracing beam      13     -3.32
Tracing beam      14     -2.21
Tracing beam      15     -1.11
Tracing beam      16      0.00
Tracing beam      17      1.11
Tracing beam      18      2.21
Tracing beam      19      3.32
Tracing beam      20      4.43
Tracing beam      21      5.53
Tracing beam      22      6.64
Tracing beam      23      7.75
Tracing beam      24      8.85
Tracing beam      25      9.96
Tracing beam      26     11.07
Tracing beam      27     12.17
Tracing beam      28     13.28
Tracing beam      29     14.39
Tracing beam      30     15.49
Tracing beam      31     16.60

 CPU Time =       0.625E-01s
