 BELLHOP/BELLHOP3D

 BELLHOP- Tropical Ocean Environment SHD Mode                                    
 frequency =   1754.     Hz

 Dummy parameter NMedia =            1

     Spline approximation to SSP
     Attenuation units: dB/mkHz
     VACUUM

 Depth =    2848.20 m

 Sound speed profile:
   z (m)     alphaR (m/s)   betaR  rho (g/cm^3)  alphaI     betaI

      0.00      1514.04      0.00     1.00       0.0000    0.0000
     67.80      1511.15      0.00     1.00       0.0000    0.0000
    135.60      1516.08      0.00     1.00       0.0000    0.0000
    203.40      1509.02      0.00     1.00       0.0000    0.0000
    271.30      1504.60      0.00     1.00       0.0000    0.0000
    339.10      1507.08      0.00     1.00       0.0000    0.0000
    406.90      1501.26      0.00     1.00       0.0000    0.0000
    474.70      1499.77      0.00     1.00       0.0000    0.0000
    542.50      1496.61      0.00     1.00       0.0000    0.0000
    610.30      1495.92      0.00     1.00       0.0000    0.0000
    678.10      1493.59      0.00     1.00       0.0000    0.0000
    746.00      1494.49      0.00     1.00       0.0000    0.0000
    813.80      1492.48      0.00     1.00       0.0000    0.0000
    881.60      1490.48      0.00     1.00       0.0000    0.0000
    949.40      1492.41      0.00     1.00       0.0000    0.0000
   1017.20      1476.26      0.00     1.00       0.0000    0.0000
   1085.00      1474.13      0.00     1.00       0.0000    0.0000
   1152.80      1479.30      0.00     1.00       0.0000    0.0000
   1220.60      1479.21      0.00     1.00       0.0000    0.0000
   1288.50      1482.04      0.00     1.00       0.0000    0.0000
   1356.30      1481.16      0.00     1.00       0.0000    0.0000
   1424.10      1480.81      0.00     1.00       0.0000    0.0000
   1491.90      1482.71      0.00     1.00       0.0000    0.0000
   1559.70      1485.24      0.00     1.00       0.0000    0.0000
   1627.50      1483.89      0.00     1.00       0.0000    0.0000
   1695.30      1485.41      0.00     1.00       0.0000    0.0000
   1763.20      1486.76      0.00     1.00       0.0000    0.0000
   1831.00      1486.38      0.00     1.00       0.0000    0.0000
   1898.80      1487.99      0.00     1.00       0.0000    0.0000
   1966.60      1490.40      0.00     1.00       0.0000    0.0000
   2034.40      1492.97      0.00     1.00       0.0000    0.0000
   2102.20      1492.66      0.00     1.00       0.0000    0.0000
   2170.00      1493.13      0.00     1.00       0.0000    0.0000
   2237.90      1492.97      0.00     1.00       0.0000    0.0000
   2305.70      1496.88      0.00     1.00       0.0000    0.0000
   2373.50      1496.91      0.00     1.00       0.0000    0.0000
   2441.30      1496.22      0.00     1.00       0.0000    0.0000
   2509.10      1499.65      0.00     1.00       0.0000    0.0000
   2576.90      1500.16      0.00     1.00       0.0000    0.0000
   2644.70      1499.12      0.00     1.00       0.0000    0.0000
   2712.60      1501.20      0.00     1.00       0.0000    0.0000
   2780.40      1501.63      0.00     1.00       0.0000    0.0000
   2848.20      1507.34      0.00     1.00       0.0000    0.0000

                                 ( RMS roughness =   0.00     )
     ACOUSTO-ELASTIC half-space
   3048.20      1600.00      0.00     1.80       0.0000    0.0000

 __________________________________________________________________________

 Number of Source   depths, Sz =            1
 Source   depths, Sz (m)
   116.800    


 __________________________________________________________________________

 Number of Receiver depths, Rz =           88
 Receiver depths, Rz (m)
   0.00000       42.5080       85.0161       127.524       170.032    
   212.540       255.048       297.556       340.064       382.572    
          ... 
   3698.20    

 Warning in ReadSzRz : Receiver below or too near the bottom bdry has been moved up

 __________________________________________________________________________

 Number of Receiver ranges, Rr =          201
 Receiver ranges, Rr (km)
   0.00000      0.207000      0.414000      0.621000      0.828000    
   1.03500       1.24200       1.44900       1.65600       1.86300    
          ... 
   41.4000    


 Coherent TL calculation
 Geometric hat beams in Cartesian coordinates
 Point source (cylindrical coordinates)
 Rectilinear receiver grid: Receivers at Rr( : ) x Rz( : )
 __________________________________________________________________________

 Number of beams in elevation   =        14527
 Beam take-off angles (degrees)
  -89.7000      -89.6887      -89.6773      -89.6660      -89.6547    
  -89.6433      -89.6320      -89.6207      -89.6093      -89.5980    
          ... 
   74.9000    

 __________________________________________________________________________


 Step length,       deltas =   0.000     m

 Maximum ray depth, Box%z  =   3698.     m
 Maximum ray range, Box%r  =   50.00    km
 No beam shift in effect


 Step length,       deltas =   284.8     m (automatically selected)

Tracing beam       1    -89.70

 Geometric hat beams                     
 halfwidth  =    1390.3480110740304     
 epsilonOpt =  (  0.0000000000000000     ,  10654922254.051252     )
 EpsMult    =    1.0000000000000000     

Tracing beam     291    -86.41
Tracing beam     581    -83.13
Tracing beam     871    -79.84
Tracing beam    1161    -76.56
Tracing beam    1451    -73.27
Tracing beam    1741    -69.98
Tracing beam    2031    -66.70
Tracing beam    2321    -63.41
Tracing beam    2611    -60.13
Tracing beam    2901    -56.84
Tracing beam    3191    -53.55
Tracing beam    3481    -50.27
Tracing beam    3771    -46.98
Tracing beam    4061    -43.69
Tracing beam    4351    -40.41
Tracing beam    4641    -37.12
Tracing beam    4931    -33.84
Tracing beam    5221    -30.55
Tracing beam    5511    -27.26
Tracing beam    5801    -23.98
Tracing beam    6091    -20.69
Tracing beam    6381    -17.41
Tracing beam    6671    -14.12
Tracing beam    6961    -10.83
Tracing beam    7251     -7.55
Tracing beam    7541     -4.26
Tracing beam    7831     -0.98
Tracing beam    8121      2.31
Tracing beam    8411      5.60
Tracing beam    8701      8.88
Tracing beam    8991     12.17
Tracing beam    9281     15.46
Tracing beam    9571     18.74
Tracing beam    9861     22.03
Tracing beam   10151     25.31
Tracing beam   10441     28.60
Tracing beam   10731     31.89
Tracing beam   11021     35.17
Tracing beam   11311     38.46
Tracing beam   11601     41.74
Tracing beam   11891     45.03
Tracing beam   12181     48.32
Tracing beam   12471     51.60
Tracing beam   12761     54.89
Tracing beam   13051     58.17
Tracing beam   13341     61.46
Tracing beam   13631     64.75
Tracing beam   13921     68.03
Tracing beam   14211     71.32
Tracing beam   14501     74.61

 CPU Time =        2.03    s
