 BELLHOP/BELLHOP3D

 BELLHOP- Polar Ocean Environment ARR Mode                                       
 frequency =   946.5     Hz

 Dummy parameter NMedia =            1

     Spline approximation to SSP
     Attenuation units: dB/mkHz
     VACUUM

 Depth =    2373.80 m

 Sound speed profile:
   z (m)     alphaR (m/s)   betaR  rho (g/cm^3)  alphaI     betaI

      0.00      1461.31      0.00     1.00       0.0000    0.0000
     65.90      1460.00      0.00     1.00       0.0000    0.0000
    131.90      1461.09      0.00     1.00       0.0000    0.0000
    197.80      1460.00      0.00     1.00       0.0000    0.0000
    263.80      1460.00      0.00     1.00       0.0000    0.0000
    329.70      1460.00      0.00     1.00       0.0000    0.0000
    395.60      1460.00      0.00     1.00       0.0000    0.0000
    461.60      1460.00      0.00     1.00       0.0000    0.0000
    527.50      1460.00      0.00     1.00       0.0000    0.0000
    593.40      1460.00      0.00     1.00       0.0000    0.0000
    659.40      1460.00      0.00     1.00       0.0000    0.0000
    725.30      1460.00      0.00     1.00       0.0000    0.0000
    791.30      1460.00      0.00     1.00       0.0000    0.0000
    857.20      1460.00      0.00     1.00       0.0000    0.0000
    923.10      1460.00      0.00     1.00       0.0000    0.0000
    989.10      1460.00      0.00     1.00       0.0000    0.0000
   1055.00      1460.00      0.00     1.00       0.0000    0.0000
   1121.00      1460.00      0.00     1.00       0.0000    0.0000
   1186.90      1460.00      0.00     1.00       0.0000    0.0000
   1252.80      1460.00      0.00     1.00       0.0000    0.0000
   1318.80      1460.00      0.00     1.00       0.0000    0.0000
   1384.70      1460.00      0.00     1.00       0.0000    0.0000
   1450.60      1460.82      0.00     1.00       0.0000    0.0000
   1516.60      1460.41      0.00     1.00       0.0000    0.0000
   1582.50      1462.17      0.00     1.00       0.0000    0.0000
   1648.50      1466.25      0.00     1.00       0.0000    0.0000
   1714.40      1465.97      0.00     1.00       0.0000    0.0000
   1780.30      1464.60      0.00     1.00       0.0000    0.0000
   1846.30      1464.60      0.00     1.00       0.0000    0.0000
   1912.20      1467.52      0.00     1.00       0.0000    0.0000
   1978.20      1468.71      0.00     1.00       0.0000    0.0000
   2044.10      1470.79      0.00     1.00       0.0000    0.0000
   2110.00      1470.26      0.00     1.00       0.0000    0.0000
   2176.00      1472.84      0.00     1.00       0.0000    0.0000
   2241.90      1475.99      0.00     1.00       0.0000    0.0000
   2307.80      1475.33      0.00     1.00       0.0000    0.0000
   2373.80      1475.04      0.00     1.00       0.0000    0.0000

                                 ( RMS roughness =   0.00     )
     ACOUSTO-ELASTIC half-space
   2573.80      1600.00      0.00     1.80       0.0000    0.0000

 __________________________________________________________________________

 Number of Source   depths, Sz =            3
 Source   depths, Sz (m)
   90.7000       137.800       140.600    


 __________________________________________________________________________

 Number of Receiver depths, Rz =           42
 Receiver depths, Rz (m)
   0.00000       78.6293       157.259       235.888       314.517    
   393.146       471.776       550.405       629.034       707.663    
          ... 
   3223.80    

 Warning in ReadSzRz : Receiver below or too near the bottom bdry has been moved up

 __________________________________________________________________________

 Number of Receiver ranges, Rr =          201
 Receiver ranges, Rr (km)
   0.00000      0.263000      0.526000      0.789000       1.05200    
   1.31500       1.57800       1.84100       2.10400       2.36700    
          ... 
   52.6000    


 Arrivals calculation, ASCII  file output
 Geometric hat beams in Cartesian coordinates
 Point source (cylindrical coordinates)
 Rectilinear receiver grid: Receivers at Rr( : ) x Rz( : )
 __________________________________________________________________________

 Number of beams in elevation   =           37
 Beam take-off angles (degrees)
  -24.7000      -23.3278      -21.9556      -20.5833      -19.2111    
  -17.8389      -16.4667      -15.0944      -13.7222      -12.3500    
          ... 
   24.7000    

 __________________________________________________________________________


 Step length,       deltas =   0.000     m

 Maximum ray depth, Box%z  =   3224.     m
 Maximum ray range, Box%r  =   50.00    km
 No beam shift in effect


 Step length,       deltas =   237.4     m (automatically selected)

 ( Maximum # of arrivals =         2369 )

Tracing beam       1    -24.70

 Geometric hat beams                     
 halfwidth  =    20.508357843530806     
 epsilonOpt =  (  0.0000000000000000     ,  1250639.8545897088     )
 EpsMult    =    1.0000000000000000     

Tracing beam       2    -23.33
Tracing beam       3    -21.96
Tracing beam       4    -20.58
Tracing beam       5    -19.21
Tracing beam       6    -17.84
Tracing beam       7    -16.47
Tracing beam       8    -15.09
Tracing beam       9    -13.72
Tracing beam      10    -12.35
Tracing beam      11    -10.98
Tracing beam      12     -9.61
Tracing beam      13     -8.23
Tracing beam      14     -6.86
Tracing beam      15     -5.49
Tracing beam      16     -4.12
Tracing beam      17     -2.74
Tracing beam      18     -1.37
Tracing beam      19      0.00
Tracing beam      20      1.37
Tracing beam      21      2.74
Tracing beam      22      4.12
Tracing beam      23      5.49
Tracing beam      24      6.86
Tracing beam      25      8.23
Tracing beam      26      9.61
Tracing beam      27     10.98
Tracing beam      28     12.35
Tracing beam      29     13.72
Tracing beam      30     15.09
Tracing beam      31     16.47
Tracing beam      32     17.84
Tracing beam      33     19.21
Tracing beam      34     20.58
Tracing beam      35     21.96
Tracing beam      36     23.33
Tracing beam      37     24.70
Tracing beam       1    -24.70
Tracing beam       2    -23.33
Tracing beam       3    -21.96
Tracing beam       4    -20.58
Tracing beam       5    -19.21
Tracing beam       6    -17.84
Tracing beam       7    -16.47
Tracing beam       8    -15.09
Tracing beam       9    -13.72
Tracing beam      10    -12.35
Tracing beam      11    -10.98
Tracing beam      12     -9.61
Tracing beam      13     -8.23
Tracing beam      14     -6.86
Tracing beam      15     -5.49
Tracing beam      16     -4.12
Tracing beam      17     -2.74
Tracing beam      18     -1.37
Tracing beam      19      0.00
Tracing beam      20      1.37
Tracing beam      21      2.74
Tracing beam      22      4.12
Tracing beam      23      5.49
Tracing beam      24      6.86
Tracing beam      25      8.23
Tracing beam      26      9.61
Tracing beam      27     10.98
Tracing beam      28     12.35
Tracing beam      29     13.72
Tracing beam      30     15.09
Tracing beam      31     16.47
Tracing beam      32     17.84
Tracing beam      33     19.21
Tracing beam      34     20.58
Tracing beam      35     21.96
Tracing beam      36     23.33
Tracing beam      37     24.70
Tracing beam       1    -24.70
Tracing beam       2    -23.33
Tracing beam       3    -21.96
Tracing beam       4    -20.58
Tracing beam       5    -19.21
Tracing beam       6    -17.84
Tracing beam       7    -16.47
Tracing beam       8    -15.09
Tracing beam       9    -13.72
Tracing beam      10    -12.35
Tracing beam      11    -10.98
Tracing beam      12     -9.61
Tracing beam      13     -8.23
Tracing beam      14     -6.86
Tracing beam      15     -5.49
Tracing beam      16     -4.12
Tracing beam      17     -2.74
Tracing beam      18     -1.37
Tracing beam      19      0.00
Tracing beam      20      1.37
Tracing beam      21      2.74
Tracing beam      22      4.12
Tracing beam      23      5.49
Tracing beam      24      6.86
Tracing beam      25      8.23
Tracing beam      26      9.61
Tracing beam      27     10.98
Tracing beam      28     12.35
Tracing beam      29     13.72
Tracing beam      30     15.09
Tracing beam      31     16.47
Tracing beam      32     17.84
Tracing beam      33     19.21
Tracing beam      34     20.58
Tracing beam      35     21.96
Tracing beam      36     23.33
Tracing beam      37     24.70

 CPU Time =       0.578    s
