 BELLHOP/BELLHOP3D

 BELLHOP- Polar Ocean Environment SHD Mode                                       
 frequency =   946.5     Hz

 Dummy parameter NMedia =            1

     Spline approximation to SSP
     Attenuation units: dB/mkHz
     VACUUM

 Depth =    2373.80 m

 Sound speed profile:
   z (m)     alphaR (m/s)   betaR  rho (g/cm^3)  alphaI     betaI

      0.00      1461.31      0.00     1.00       0.0000    0.0000
     65.90      1460.00      0.00     1.00       0.0000    0.0000
    131.90      1461.09      0.00     1.00       0.0000    0.0000
    197.80      1460.00      0.00     1.00       0.0000    0.0000
    263.80      1460.00      0.00     1.00       0.0000    0.0000
    329.70      1460.00      0.00     1.00       0.0000    0.0000
    395.60      1460.00      0.00     1.00       0.0000    0.0000
    461.60      1460.00      0.00     1.00       0.0000    0.0000
    527.50      1460.00      0.00     1.00       0.0000    0.0000
    593.40      1460.00      0.00     1.00       0.0000    0.0000
    659.40      1460.00      0.00     1.00       0.0000    0.0000
    725.30      1460.00      0.00     1.00       0.0000    0.0000
    791.30      1460.00      0.00     1.00       0.0000    0.0000
    857.20      1460.00      0.00     1.00       0.0000    0.0000
    923.10      1460.00      0.00     1.00       0.0000    0.0000
    989.10      1460.00      0.00     1.00       0.0000    0.0000
   1055.00      1460.00      0.00     1.00       0.0000    0.0000
   1121.00      1460.00      0.00     1.00       0.0000    0.0000
   1186.90      1460.00      0.00     1.00       0.0000    0.0000
   1252.80      1460.00      0.00     1.00       0.0000    0.0000
   1318.80      1460.00      0.00     1.00       0.0000    0.0000
   1384.70      1460.00      0.00     1.00       0.0000    0.0000
   1450.60      1460.82      0.00     1.00       0.0000    0.0000
   1516.60      1460.41      0.00     1.00       0.0000    0.0000
   1582.50      1462.17      0.00     1.00       0.0000    0.0000
   1648.50      1466.25      0.00     1.00       0.0000    0.0000
   1714.40      1465.97      0.00     1.00       0.0000    0.0000
   1780.30      1464.60      0.00     1.00       0.0000    0.0000
   1846.30      1464.60      0.00     1.00       0.0000    0.0000
   1912.20      1467.52      0.00     1.00       0.0000    0.0000
   1978.20      1468.71      0.00     1.00       0.0000    0.0000
   2044.10      1470.79      0.00     1.00       0.0000    0.0000
   2110.00      1470.26      0.00     1.00       0.0000    0.0000
   2176.00      1472.84      0.00     1.00       0.0000    0.0000
   2241.90      1475.99      0.00     1.00       0.0000    0.0000
   2307.80      1475.33      0.00     1.00       0.0000    0.0000
   2373.80      1475.04      0.00     1.00       0.0000    0.0000

                                 ( RMS roughness =   0.00     )
     ACOUSTO-ELASTIC half-space
   2573.80      1600.00      0.00     1.80       0.0000    0.0000

 __________________________________________________________________________

 Number of Source   depths, Sz =            1
 Source   depths, Sz (m)
   199.100    


 __________________________________________________________________________

 Number of Receiver depths, Rz =           72
 Receiver depths, Rz (m)
   0.00000       45.4056       90.8113       136.217       181.623    
   227.028       272.434       317.839       363.245       408.651    
          ... 
   3223.80    

 Warning in ReadSzRz : Receiver below or too near the bottom bdry has been moved up

 __________________________________________________________________________

 Number of Receiver ranges, Rr =          201
 Receiver ranges, Rr (km)
   0.00000      0.262000      0.524000      0.786000       1.04800    
   1.31000       1.57200       1.83400       2.09600       2.35800    
          ... 
   52.4000    


 Coherent TL calculation
 Geometric hat beams in Cartesian coordinates
 Point source (cylindrical coordinates)
 Rectilinear receiver grid: Receivers at Rr( : ) x Rz( : )
 __________________________________________________________________________

 Number of beams in elevation   =         9919
 Beam take-off angles (degrees)
  -89.8000      -89.7824      -89.7648      -89.7472      -89.7297    
  -89.7121      -89.6945      -89.6769      -89.6593      -89.6417    
          ... 
   84.6000    

 __________________________________________________________________________


 Step length,       deltas =   0.000     m

 Maximum ray depth, Box%z  =   3224.     m
 Maximum ray range, Box%r  =   50.00    km
 No beam shift in effect


 Step length,       deltas =   237.4     m (automatically selected)

Tracing beam       1    -89.80

 Geometric hat beams                     
 halfwidth  =    1599.8443302578969     
 epsilonOpt =  (  0.0000000000000000     ,  7610723497.9907055     )
 EpsMult    =    1.0000000000000000     

Tracing beam     199    -86.32
Tracing beam     397    -82.84
Tracing beam     595    -79.35
Tracing beam     793    -75.87
Tracing beam     991    -72.39
Tracing beam    1189    -68.91
Tracing beam    1387    -65.43
Tracing beam    1585    -61.95
Tracing beam    1783    -58.46
Tracing beam    1981    -54.98
Tracing beam    2179    -51.50
Tracing beam    2377    -48.02
Tracing beam    2575    -44.54
Tracing beam    2773    -41.06
Tracing beam    2971    -37.57
Tracing beam    3169    -34.09
Tracing beam    3367    -30.61
Tracing beam    3565    -27.13
Tracing beam    3763    -23.65
Tracing beam    3961    -20.17
Tracing beam    4159    -16.68
Tracing beam    4357    -13.20
Tracing beam    4555     -9.72
Tracing beam    4753     -6.24
Tracing beam    4951     -2.76
Tracing beam    5149      0.72
Tracing beam    5347      4.21
Tracing beam    5545      7.69
Tracing beam    5743     11.17
Tracing beam    5941     14.65
Tracing beam    6139     18.13
Tracing beam    6337     21.61
Tracing beam    6535     25.10
Tracing beam    6733     28.58
Tracing beam    6931     32.06
Tracing beam    7129     35.54
Tracing beam    7327     39.02
Tracing beam    7525     42.50
Tracing beam    7723     45.99
Tracing beam    7921     49.47
Tracing beam    8119     52.95
Tracing beam    8317     56.43
Tracing beam    8515     59.91
Tracing beam    8713     63.39
Tracing beam    8911     66.88
Tracing beam    9109     70.36
Tracing beam    9307     73.84
Tracing beam    9505     77.32
Tracing beam    9703     80.80
Tracing beam    9901     84.28

 CPU Time =        1.02    s
