 BELLHOP/BELLHOP3D

 BELLHOP- Polar Ocean Environment RAY Mode                                       
 frequency =   946.5     Hz

 Dummy parameter NMedia =            1

     Spline approximation to SSP
     Attenuation units: dB/mkHz
     VACUUM

 Depth =    2373.80 m

 Sound speed profile:
   z (m)     alphaR (m/s)   betaR  rho (g/cm^3)  alphaI     betaI

      0.00      1461.31      0.00     1.00       0.0000    0.0000
     65.90      1460.00      0.00     1.00       0.0000    0.0000
    131.90      1461.09      0.00     1.00       0.0000    0.0000
    197.80      1460.00      0.00     1.00       0.0000    0.0000
    263.80      1460.00      0.00     1.00       0.0000    0.0000
    329.70      1460.00      0.00     1.00       0.0000    0.0000
    395.60      1460.00      0.00     1.00       0.0000    0.0000
    461.60      1460.00      0.00     1.00       0.0000    0.0000
    527.50      1460.00      0.00     1.00       0.0000    0.0000
    593.40      1460.00      0.00     1.00       0.0000    0.0000
    659.40      1460.00      0.00     1.00       0.0000    0.0000
    725.30      1460.00      0.00     1.00       0.0000    0.0000
    791.30      1460.00      0.00     1.00       0.0000    0.0000
    857.20      1460.00      0.00     1.00       0.0000    0.0000
    923.10      1460.00      0.00     1.00       0.0000    0.0000
    989.10      1460.00      0.00     1.00       0.0000    0.0000
   1055.00      1460.00      0.00     1.00       0.0000    0.0000
   1121.00      1460.00      0.00     1.00       0.0000    0.0000
   1186.90      1460.00      0.00     1.00       0.0000    0.0000
   1252.80      1460.00      0.00     1.00       0.0000    0.0000
   1318.80      1460.00      0.00     1.00       0.0000    0.0000
   1384.70      1460.00      0.00     1.00       0.0000    0.0000
   1450.60      1460.82      0.00     1.00       0.0000    0.0000
   1516.60      1460.41      0.00     1.00       0.0000    0.0000
   1582.50      1462.17      0.00     1.00       0.0000    0.0000
   1648.50      1466.25      0.00     1.00       0.0000    0.0000
   1714.40      1465.97      0.00     1.00       0.0000    0.0000
   1780.30      1464.60      0.00     1.00       0.0000    0.0000
   1846.30      1464.60      0.00     1.00       0.0000    0.0000
   1912.20      1467.52      0.00     1.00       0.0000    0.0000
   1978.20      1468.71      0.00     1.00       0.0000    0.0000
   2044.10      1470.79      0.00     1.00       0.0000    0.0000
   2110.00      1470.26      0.00     1.00       0.0000    0.0000
   2176.00      1472.84      0.00     1.00       0.0000    0.0000
   2241.90      1475.99      0.00     1.00       0.0000    0.0000
   2307.80      1475.33      0.00     1.00       0.0000    0.0000
   2373.80      1475.04      0.00     1.00       0.0000    0.0000

                                 ( RMS roughness =   0.00     )
     ACOUSTO-ELASTIC half-space
   2573.80      1600.00      0.00     1.80       0.0000    0.0000

 __________________________________________________________________________

 Number of Source   depths, Sz =            3
 Source   depths, Sz (m)
   48.4000       78.9000       288.400    


 __________________________________________________________________________

 Number of Receiver depths, Rz =           30
 Receiver depths, Rz (m)
   0.00000       111.166       222.331       333.497       444.662    
   555.828       666.993       778.159       889.324       1000.49    
          ... 
   3223.80    

 Warning in ReadSzRz : Receiver below or too near the bottom bdry has been moved up

 __________________________________________________________________________

 Number of Receiver ranges, Rr =          201
 Receiver ranges, Rr (km)
   0.00000      0.252000      0.504000      0.756000       1.00800    
   1.26000       1.51200       1.76400       2.01600       2.26800    
          ... 
   50.4000    


 Ray trace run
 Geometric hat beams in Cartesian coordinates
 Point source (cylindrical coordinates)
 Rectilinear receiver grid: Receivers at Rr( : ) x Rz( : )
 __________________________________________________________________________

 Number of beams in elevation   =           38
 Beam take-off angles (degrees)
  -23.4000      -22.1351      -20.8703      -19.6054      -18.3405    
  -17.0757      -15.8108      -14.5459      -13.2811      -12.0162    
          ... 
   23.4000    

 __________________________________________________________________________


 Step length,       deltas =   0.000     m

 Maximum ray depth, Box%z  =   3224.     m
 Maximum ray range, Box%r  =   50.00    km
 No beam shift in effect


 Step length,       deltas =   237.4     m (automatically selected)

Tracing beam       1    -23.40
Tracing beam       2    -22.14
Tracing beam       3    -20.87
Tracing beam       4    -19.61
Tracing beam       5    -18.34
Tracing beam       6    -17.08
Tracing beam       7    -15.81
Tracing beam       8    -14.55
Tracing beam       9    -13.28
Tracing beam      10    -12.02
Tracing beam      11    -10.75
Tracing beam      12     -9.49
Tracing beam      13     -8.22
Tracing beam      14     -6.96
Tracing beam      15     -5.69
Tracing beam      16     -4.43
Tracing beam      17     -3.16
Tracing beam      18     -1.90
Tracing beam      19     -0.63
Tracing beam      20      0.63
Tracing beam      21      1.90
Tracing beam      22      3.16
Tracing beam      23      4.43
Tracing beam      24      5.69
Tracing beam      25      6.96
Tracing beam      26      8.22
Tracing beam      27      9.49
Tracing beam      28     10.75
Tracing beam      29     12.02
Tracing beam      30     13.28
Tracing beam      31     14.55
Tracing beam      32     15.81
Tracing beam      33     17.08
Tracing beam      34     18.34
Tracing beam      35     19.61
Tracing beam      36     20.87
Tracing beam      37     22.14
Tracing beam      38     23.40
Tracing beam       1    -23.40
Tracing beam       2    -22.14
Tracing beam       3    -20.87
Tracing beam       4    -19.61
Tracing beam       5    -18.34
Tracing beam       6    -17.08
Tracing beam       7    -15.81
Tracing beam       8    -14.55
Tracing beam       9    -13.28
Tracing beam      10    -12.02
Tracing beam      11    -10.75
Tracing beam      12     -9.49
Tracing beam      13     -8.22
Tracing beam      14     -6.96
Tracing beam      15     -5.69
Tracing beam      16     -4.43
Tracing beam      17     -3.16
Tracing beam      18     -1.90
Tracing beam      19     -0.63
Tracing beam      20      0.63
Tracing beam      21      1.90
Tracing beam      22      3.16
Tracing beam      23      4.43
Tracing beam      24      5.69
Tracing beam      25      6.96
Tracing beam      26      8.22
Tracing beam      27      9.49
Tracing beam      28     10.75
Tracing beam      29     12.02
Tracing beam      30     13.28
Tracing beam      31     14.55
Tracing beam      32     15.81
Tracing beam      33     17.08
Tracing beam      34     18.34
Tracing beam      35     19.61
Tracing beam      36     20.87
Tracing beam      37     22.14
Tracing beam      38     23.40
Tracing beam       1    -23.40
Tracing beam       2    -22.14
Tracing beam       3    -20.87
Tracing beam       4    -19.61
Tracing beam       5    -18.34
Tracing beam       6    -17.08
Tracing beam       7    -15.81
Tracing beam       8    -14.55
Tracing beam       9    -13.28
Tracing beam      10    -12.02
Tracing beam      11    -10.75
Tracing beam      12     -9.49
Tracing beam      13     -8.22
Tracing beam      14     -6.96
Tracing beam      15     -5.69
Tracing beam      16     -4.43
Tracing beam      17     -3.16
Tracing beam      18     -1.90
Tracing beam      19     -0.63
Tracing beam      20      0.63
Tracing beam      21      1.90
Tracing beam      22      3.16
Tracing beam      23      4.43
Tracing beam      24      5.69
Tracing beam      25      6.96
Tracing beam      26      8.22
Tracing beam      27      9.49
Tracing beam      28     10.75
Tracing beam      29     12.02
Tracing beam      30     13.28
Tracing beam      31     14.55
Tracing beam      32     15.81
Tracing beam      33     17.08
Tracing beam      34     18.34
Tracing beam      35     19.61
Tracing beam      36     20.87
Tracing beam      37     22.14
Tracing beam      38     23.40

 CPU Time =       0.781E-01s
