 BELLHOP/BELLHOP3D

 BELLHOP- Continental Shelf Environment SHD Mode                                 
 frequency =   1343.     Hz

 Dummy parameter NMedia =            1

     Spline approximation to SSP
     Attenuation units: dB/mkHz
     VACUUM

 Depth =     908.70 m

 Sound speed profile:
   z (m)     alphaR (m/s)   betaR  rho (g/cm^3)  alphaI     betaI

      0.00      1497.51      0.00     1.00       0.0000    0.0000
     31.30      1494.39      0.00     1.00       0.0000    0.0000
     62.70      1495.69      0.00     1.00       0.0000    0.0000
     94.00      1497.37      0.00     1.00       0.0000    0.0000
    125.30      1494.63      0.00     1.00       0.0000    0.0000
    156.70      1496.20      0.00     1.00       0.0000    0.0000
    188.00      1496.08      0.00     1.00       0.0000    0.0000
    219.30      1494.19      0.00     1.00       0.0000    0.0000
    250.70      1492.73      0.00     1.00       0.0000    0.0000
    282.00      1489.86      0.00     1.00       0.0000    0.0000
    313.30      1491.08      0.00     1.00       0.0000    0.0000
    344.70      1488.55      0.00     1.00       0.0000    0.0000
    376.00      1485.37      0.00     1.00       0.0000    0.0000
    407.30      1489.45      0.00     1.00       0.0000    0.0000
    438.70      1488.13      0.00     1.00       0.0000    0.0000
    470.00      1485.83      0.00     1.00       0.0000    0.0000
    501.30      1485.20      0.00     1.00       0.0000    0.0000
    532.70      1485.61      0.00     1.00       0.0000    0.0000
    564.00      1483.51      0.00     1.00       0.0000    0.0000
    595.30      1483.76      0.00     1.00       0.0000    0.0000
    626.70      1481.22      0.00     1.00       0.0000    0.0000
    658.00      1482.95      0.00     1.00       0.0000    0.0000
    689.30      1480.83      0.00     1.00       0.0000    0.0000
    720.70      1480.06      0.00     1.00       0.0000    0.0000
    752.00      1477.34      0.00     1.00       0.0000    0.0000
    783.30      1479.20      0.00     1.00       0.0000    0.0000
    814.70      1477.10      0.00     1.00       0.0000    0.0000
    846.00      1477.03      0.00     1.00       0.0000    0.0000
    877.30      1476.46      0.00     1.00       0.0000    0.0000
    908.70      1475.83      0.00     1.00       0.0000    0.0000

                                 ( RMS roughness =   0.00     )
     ACOUSTO-ELASTIC half-space
   1108.70      1600.00      0.00     1.80       0.0000    0.0000

 __________________________________________________________________________

 Number of Source   depths, Sz =            1
 Source   depths, Sz (m)
   69.9000    


 __________________________________________________________________________

 Number of Receiver depths, Rz =           61
 Receiver depths, Rz (m)
   0.00000       29.3117       58.6233       87.9350       117.247    
   146.558       175.870       205.182       234.493       263.805    
          ... 
   1758.70    

 Warning in ReadSzRz : Receiver below or too near the bottom bdry has been moved up

 __________________________________________________________________________

 Number of Receiver ranges, Rr =          201
 Receiver ranges, Rr (km)
   0.00000      0.281500      0.563000      0.844500       1.12600    
   1.40750       1.68900       1.97050       2.25200       2.53350    
          ... 
   56.3000    


 Coherent TL calculation
 Geometric hat beams in Cartesian coordinates
 Point source (cylindrical coordinates)
 Rectilinear receiver grid: Receivers at Rr( : ) x Rz( : )
 __________________________________________________________________________

 Number of beams in elevation   =        15123
 Beam take-off angles (degrees)
  -77.2000      -77.1898      -77.1797      -77.1695      -77.1594    
  -77.1492      -77.1391      -77.1289      -77.1187      -77.1086    
          ... 
   76.4000    

 __________________________________________________________________________


 Step length,       deltas =   0.000     m

 Maximum ray depth, Box%z  =   1759.     m
 Maximum ray range, Box%r  =   50.00    km
 No beam shift in effect


 Step length,       deltas =   90.87     m (automatically selected)

Tracing beam       1    -77.20

 Geometric hat beams                     
 halfwidth  =    2000.3638252104420     
 epsilonOpt =  (  0.0000000000000000     ,  16884033533.416475     )
 EpsMult    =    1.0000000000000000     

Tracing beam     303    -74.13
Tracing beam     605    -71.06
Tracing beam     907    -68.00
Tracing beam    1209    -64.93
Tracing beam    1511    -61.86
Tracing beam    1813    -58.79
Tracing beam    2115    -55.73
Tracing beam    2417    -52.66
Tracing beam    2719    -49.59
Tracing beam    3021    -46.52
Tracing beam    3323    -43.46
Tracing beam    3625    -40.39
Tracing beam    3927    -37.32
Tracing beam    4229    -34.25
Tracing beam    4531    -31.19
Tracing beam    4833    -28.12
Tracing beam    5135    -25.05
Tracing beam    5437    -21.98
Tracing beam    5739    -18.92
Tracing beam    6041    -15.85
Tracing beam    6343    -12.78
Tracing beam    6645     -9.71
Tracing beam    6947     -6.65
Tracing beam    7249     -3.58
Tracing beam    7551     -0.51
Tracing beam    7853      2.56
Tracing beam    8155      5.62
Tracing beam    8457      8.69
Tracing beam    8759     11.76
Tracing beam    9061     14.83
Tracing beam    9363     17.89
Tracing beam    9665     20.96
Tracing beam    9967     24.03
Tracing beam   10269     27.10
Tracing beam   10571     30.16
Tracing beam   10873     33.23
Tracing beam   11175     36.30
Tracing beam   11477     39.37
Tracing beam   11779     42.43
Tracing beam   12081     45.50
Tracing beam   12383     48.57
Tracing beam   12685     51.64
Tracing beam   12987     54.70
Tracing beam   13289     57.77
Tracing beam   13591     60.84
Tracing beam   13893     63.91
Tracing beam   14195     66.97
Tracing beam   14497     70.04
Tracing beam   14799     73.11
Tracing beam   15101     76.18

 CPU Time =        1.91    s
