 BELLHOP/BELLHOP3D

 BELLHOP- Continental Shelf Environment ARR Mode                                 
 frequency =   1343.     Hz

 Dummy parameter NMedia =            1

     Spline approximation to SSP
     Attenuation units: dB/mkHz
     VACUUM

 Depth =     908.70 m

 Sound speed profile:
   z (m)     alphaR (m/s)   betaR  rho (g/cm^3)  alphaI     betaI

      0.00      1497.51      0.00     1.00       0.0000    0.0000
     31.30      1494.39      0.00     1.00       0.0000    0.0000
     62.70      1495.69      0.00     1.00       0.0000    0.0000
     94.00      1497.37      0.00     1.00       0.0000    0.0000
    125.30      1494.63      0.00     1.00       0.0000    0.0000
    156.70      1496.20      0.00     1.00       0.0000    0.0000
    188.00      1496.08      0.00     1.00       0.0000    0.0000
    219.30      1494.19      0.00     1.00       0.0000    0.0000
    250.70      1492.73      0.00     1.00       0.0000    0.0000
    282.00      1489.86      0.00     1.00       0.0000    0.0000
    313.30      1491.08      0.00     1.00       0.0000    0.0000
    344.70      1488.55      0.00     1.00       0.0000    0.0000
    376.00      1485.37      0.00     1.00       0.0000    0.0000
    407.30      1489.45      0.00     1.00       0.0000    0.0000
    438.70      1488.13      0.00     1.00       0.0000    0.0000
    470.00      1485.83      0.00     1.00       0.0000    0.0000
    501.30      1485.20      0.00     1.00       0.0000    0.0000
    532.70      1485.61      0.00     1.00       0.0000    0.0000
    564.00      1483.51      0.00     1.00       0.0000    0.0000
    595.30      1483.76      0.00     1.00       0.0000    0.0000
    626.70      1481.22      0.00     1.00       0.0000    0.0000
    658.00      1482.95      0.00     1.00       0.0000    0.0000
    689.30      1480.83      0.00     1.00       0.0000    0.0000
    720.70      1480.06      0.00     1.00       0.0000    0.0000
    752.00      1477.34      0.00     1.00       0.0000    0.0000
    783.30      1479.20      0.00     1.00       0.0000    0.0000
    814.70      1477.10      0.00     1.00       0.0000    0.0000
    846.00      1477.03      0.00     1.00       0.0000    0.0000
    877.30      1476.46      0.00     1.00       0.0000    0.0000
    908.70      1475.83      0.00     1.00       0.0000    0.0000

                                 ( RMS roughness =   0.00     )
     ACOUSTO-ELASTIC half-space
   1108.70      1600.00      0.00     1.80       0.0000    0.0000

 __________________________________________________________________________

 Number of Source   depths, Sz =            1
 Source   depths, Sz (m)
   157.200    


 __________________________________________________________________________

 Number of Receiver depths, Rz =           42
 Receiver depths, Rz (m)
   0.00000       42.8951       85.7902       128.685       171.580    
   214.476       257.371       300.266       343.161       386.056    
          ... 
   1758.70    

 Warning in ReadSzRz : Receiver below or too near the bottom bdry has been moved up

 __________________________________________________________________________

 Number of Receiver ranges, Rr =          201
 Receiver ranges, Rr (km)
   0.00000      0.259000      0.518000      0.777000       1.03600    
   1.29500       1.55400       1.81300       2.07200       2.33100    
          ... 
   51.8000    


 Arrivals calculation, ASCII  file output
 Geometric hat beams in Cartesian coordinates
 Point source (cylindrical coordinates)
 Rectilinear receiver grid: Receivers at Rr( : ) x Rz( : )
 __________________________________________________________________________

 Number of beams in elevation   =           25
 Beam take-off angles (degrees)
  -18.7000      -17.1417      -15.5833      -14.0250      -12.4667    
  -10.9083      -9.35000      -7.79167      -6.23333      -4.67500    
          ... 
   18.7000    

 __________________________________________________________________________


 Step length,       deltas =   0.000     m

 Maximum ray depth, Box%z  =   1759.     m
 Maximum ray range, Box%r  =   50.00    km
 No beam shift in effect


 Step length,       deltas =   90.87     m (automatically selected)

 ( Maximum # of arrivals =         2369 )

Tracing beam       1    -18.70

 Geometric hat beams                     
 halfwidth  =    13.037717444582643     
 epsilonOpt =  (  0.0000000000000000     ,  717234.79667574062     )
 EpsMult    =    1.0000000000000000     

Tracing beam       2    -17.14
Tracing beam       3    -15.58
Tracing beam       4    -14.02
Tracing beam       5    -12.47
Tracing beam       6    -10.91
Tracing beam       7     -9.35
Tracing beam       8     -7.79
Tracing beam       9     -6.23
Tracing beam      10     -4.67
Tracing beam      11     -3.12
Tracing beam      12     -1.56
Tracing beam      13      0.00
Tracing beam      14      1.56
Tracing beam      15      3.12
Tracing beam      16      4.68
Tracing beam      17      6.23
Tracing beam      18      7.79
Tracing beam      19      9.35
Tracing beam      20     10.91
Tracing beam      21     12.47
Tracing beam      22     14.03
Tracing beam      23     15.58
Tracing beam      24     17.14
Tracing beam      25     18.70

 CPU Time =       0.297    s
