 BELLHOP/BELLHOP3D

 BELLHOP- Mixed Layer Environment SHD Mode                                       
 frequency =   834.3     Hz

 Dummy parameter NMedia =            1

     Spline approximation to SSP
     Attenuation units: dB/mkHz
     VACUUM

 Depth =    1515.00 m

 Sound speed profile:
   z (m)     alphaR (m/s)   betaR  rho (g/cm^3)  alphaI     betaI

      0.00      1511.29      0.00     1.00       0.0000    0.0000
     39.90      1508.74      0.00     1.00       0.0000    0.0000
     79.70      1506.41      0.00     1.00       0.0000    0.0000
    119.60      1514.00      0.00     1.00       0.0000    0.0000
    159.50      1509.99      0.00     1.00       0.0000    0.0000
    199.30      1508.12      0.00     1.00       0.0000    0.0000
    239.20      1507.68      0.00     1.00       0.0000    0.0000
    279.10      1506.27      0.00     1.00       0.0000    0.0000
    318.90      1505.69      0.00     1.00       0.0000    0.0000
    358.80      1501.48      0.00     1.00       0.0000    0.0000
    398.70      1501.83      0.00     1.00       0.0000    0.0000
    438.60      1498.53      0.00     1.00       0.0000    0.0000
    478.40      1498.35      0.00     1.00       0.0000    0.0000
    518.30      1497.50      0.00     1.00       0.0000    0.0000
    558.20      1496.50      0.00     1.00       0.0000    0.0000
    598.00      1495.36      0.00     1.00       0.0000    0.0000
    637.90      1495.39      0.00     1.00       0.0000    0.0000
    677.80      1492.37      0.00     1.00       0.0000    0.0000
    717.60      1492.69      0.00     1.00       0.0000    0.0000
    757.50      1490.52      0.00     1.00       0.0000    0.0000
    797.40      1495.37      0.00     1.00       0.0000    0.0000
    837.20      1489.04      0.00     1.00       0.0000    0.0000
    877.10      1488.87      0.00     1.00       0.0000    0.0000
    917.00      1490.86      0.00     1.00       0.0000    0.0000
    956.80      1488.59      0.00     1.00       0.0000    0.0000
    996.70      1490.36      0.00     1.00       0.0000    0.0000
   1036.60      1489.81      0.00     1.00       0.0000    0.0000
   1076.50      1489.97      0.00     1.00       0.0000    0.0000
   1116.30      1490.43      0.00     1.00       0.0000    0.0000
   1156.20      1491.37      0.00     1.00       0.0000    0.0000
   1196.10      1492.96      0.00     1.00       0.0000    0.0000
   1235.90      1494.27      0.00     1.00       0.0000    0.0000
   1275.80      1494.28      0.00     1.00       0.0000    0.0000
   1315.70      1496.35      0.00     1.00       0.0000    0.0000
   1355.50      1495.87      0.00     1.00       0.0000    0.0000
   1395.40      1499.63      0.00     1.00       0.0000    0.0000
   1435.30      1500.91      0.00     1.00       0.0000    0.0000
   1475.10      1499.42      0.00     1.00       0.0000    0.0000
   1515.00      1500.33      0.00     1.00       0.0000    0.0000

                                 ( RMS roughness =   0.00     )
     ACOUSTO-ELASTIC half-space
   1715.00      1600.00      0.00     1.80       0.0000    0.0000

 __________________________________________________________________________

 Number of Source   depths, Sz =            1
 Source   depths, Sz (m)
   194.200    


 __________________________________________________________________________

 Number of Receiver depths, Rz =           82
 Receiver depths, Rz (m)
   0.00000       29.1975       58.3951       87.5926       116.790    
   145.988       175.185       204.383       233.580       262.778    
          ... 
   2365.00    

 Warning in ReadSzRz : Receiver below or too near the bottom bdry has been moved up

 __________________________________________________________________________

 Number of Receiver ranges, Rr =          201
 Receiver ranges, Rr (km)
   0.00000      0.261000      0.522000      0.783000       1.04400    
   1.30500       1.56600       1.82700       2.08800       2.34900    
          ... 
   52.2000    


 Coherent TL calculation
 Geometric hat beams in Cartesian coordinates
 Point source (cylindrical coordinates)
 Rectilinear receiver grid: Receivers at Rr( : ) x Rz( : )
 __________________________________________________________________________

 Number of beams in elevation   =         8710
 Beam take-off angles (degrees)
  -76.4000      -76.3817      -76.3635      -76.3452      -76.3270    
  -76.3087      -76.2905      -76.2722      -76.2539      -76.2357    
          ... 
   82.6000    

 __________________________________________________________________________


 Step length,       deltas =   0.000     m

 Maximum ray depth, Box%z  =   2365.     m
 Maximum ray range, Box%r  =   50.00    km
 No beam shift in effect


 Step length,       deltas =   151.5     m (automatically selected)

Tracing beam       1    -76.40

 Geometric hat beams                     
 halfwidth  =    1805.7827655300962     
 epsilonOpt =  (  0.0000000000000000     ,  8546791783.7468500     )
 EpsMult    =    1.0000000000000000     

Tracing beam     175    -73.22
Tracing beam     349    -70.05
Tracing beam     523    -66.87
Tracing beam     697    -63.69
Tracing beam     871    -60.52
Tracing beam    1045    -57.34
Tracing beam    1219    -54.16
Tracing beam    1393    -50.99
Tracing beam    1567    -47.81
Tracing beam    1741    -44.63
Tracing beam    1915    -41.46
Tracing beam    2089    -38.28
Tracing beam    2263    -35.10
Tracing beam    2437    -31.93
Tracing beam    2611    -28.75
Tracing beam    2785    -25.57
Tracing beam    2959    -22.40
Tracing beam    3133    -19.22
Tracing beam    3307    -16.04
Tracing beam    3481    -12.87
Tracing beam    3655     -9.69
Tracing beam    3829     -6.51
Tracing beam    4003     -3.34
Tracing beam    4177     -0.16
Tracing beam    4351      3.02
Tracing beam    4525      6.19
Tracing beam    4699      9.37
Tracing beam    4873     12.55
Tracing beam    5047     15.72
Tracing beam    5221     18.90
Tracing beam    5395     22.08
Tracing beam    5569     25.25
Tracing beam    5743     28.43
Tracing beam    5917     31.61
Tracing beam    6091     34.78
Tracing beam    6265     37.96
Tracing beam    6439     41.14
Tracing beam    6613     44.32
Tracing beam    6787     47.49
Tracing beam    6961     50.67
Tracing beam    7135     53.85
Tracing beam    7309     57.02
Tracing beam    7483     60.20
Tracing beam    7657     63.38
Tracing beam    7831     66.55
Tracing beam    8005     69.73
Tracing beam    8179     72.91
Tracing beam    8353     76.08
Tracing beam    8527     79.26
Tracing beam    8701     82.44

 CPU Time =        1.25    s
