 BELLHOP/BELLHOP3D

 BELLHOP- Mixed Layer Environment ARR Mode                                       
 frequency =   834.3     Hz

 Dummy parameter NMedia =            1

     Spline approximation to SSP
     Attenuation units: dB/mkHz
     VACUUM

 Depth =    1515.00 m

 Sound speed profile:
   z (m)     alphaR (m/s)   betaR  rho (g/cm^3)  alphaI     betaI

      0.00      1511.29      0.00     1.00       0.0000    0.0000
     39.90      1508.74      0.00     1.00       0.0000    0.0000
     79.70      1506.41      0.00     1.00       0.0000    0.0000
    119.60      1514.00      0.00     1.00       0.0000    0.0000
    159.50      1509.99      0.00     1.00       0.0000    0.0000
    199.30      1508.12      0.00     1.00       0.0000    0.0000
    239.20      1507.68      0.00     1.00       0.0000    0.0000
    279.10      1506.27      0.00     1.00       0.0000    0.0000
    318.90      1505.69      0.00     1.00       0.0000    0.0000
    358.80      1501.48      0.00     1.00       0.0000    0.0000
    398.70      1501.83      0.00     1.00       0.0000    0.0000
    438.60      1498.53      0.00     1.00       0.0000    0.0000
    478.40      1498.35      0.00     1.00       0.0000    0.0000
    518.30      1497.50      0.00     1.00       0.0000    0.0000
    558.20      1496.50      0.00     1.00       0.0000    0.0000
    598.00      1495.36      0.00     1.00       0.0000    0.0000
    637.90      1495.39      0.00     1.00       0.0000    0.0000
    677.80      1492.37      0.00     1.00       0.0000    0.0000
    717.60      1492.69      0.00     1.00       0.0000    0.0000
    757.50      1490.52      0.00     1.00       0.0000    0.0000
    797.40      1495.37      0.00     1.00       0.0000    0.0000
    837.20      1489.04      0.00     1.00       0.0000    0.0000
    877.10      1488.87      0.00     1.00       0.0000    0.0000
    917.00      1490.86      0.00     1.00       0.0000    0.0000
    956.80      1488.59      0.00     1.00       0.0000    0.0000
    996.70      1490.36      0.00     1.00       0.0000    0.0000
   1036.60      1489.81      0.00     1.00       0.0000    0.0000
   1076.50      1489.97      0.00     1.00       0.0000    0.0000
   1116.30      1490.43      0.00     1.00       0.0000    0.0000
   1156.20      1491.37      0.00     1.00       0.0000    0.0000
   1196.10      1492.96      0.00     1.00       0.0000    0.0000
   1235.90      1494.27      0.00     1.00       0.0000    0.0000
   1275.80      1494.28      0.00     1.00       0.0000    0.0000
   1315.70      1496.35      0.00     1.00       0.0000    0.0000
   1355.50      1495.87      0.00     1.00       0.0000    0.0000
   1395.40      1499.63      0.00     1.00       0.0000    0.0000
   1435.30      1500.91      0.00     1.00       0.0000    0.0000
   1475.10      1499.42      0.00     1.00       0.0000    0.0000
   1515.00      1500.33      0.00     1.00       0.0000    0.0000

                                 ( RMS roughness =   0.00     )
     ACOUSTO-ELASTIC half-space
   1715.00      1600.00      0.00     1.80       0.0000    0.0000

 __________________________________________________________________________

 Number of Source   depths, Sz =            2
 Source   depths, Sz (m)
   82.5000       251.500    


 __________________________________________________________________________

 Number of Receiver depths, Rz =           33
 Receiver depths, Rz (m)
   0.00000       73.9062       147.812       221.719       295.625    
   369.531       443.438       517.344       591.250       665.156    
          ... 
   2365.00    

 Warning in ReadSzRz : Receiver below or too near the bottom bdry has been moved up

 __________________________________________________________________________

 Number of Receiver ranges, Rr =          201
 Receiver ranges, Rr (km)
   0.00000      0.287500      0.575000      0.862500       1.15000    
   1.43750       1.72500       2.01250       2.30000       2.58750    
          ... 
   57.5000    


 Arrivals calculation, ASCII  file output
 Geometric hat beams in Cartesian coordinates
 Point source (cylindrical coordinates)
 Rectilinear receiver grid: Receivers at Rr( : ) x Rz( : )
 __________________________________________________________________________

 Number of beams in elevation   =           22
 Beam take-off angles (degrees)
  -20.1000      -18.1857      -16.2714      -14.3571      -12.4429    
  -10.5286      -8.61429      -6.70000      -4.78571      -2.87143    
          ... 
   20.1000    

 __________________________________________________________________________


 Step length,       deltas =   0.000     m

 Maximum ray depth, Box%z  =   2365.     m
 Maximum ray range, Box%r  =   50.00    km
 No beam shift in effect


 Step length,       deltas =   151.5     m (automatically selected)

 ( Maximum # of arrivals =         3015 )

Tracing beam       1    -20.10

 Geometric hat beams                     
 halfwidth  =    17.206664425228887     
 epsilonOpt =  (  0.0000000000000000     ,  776006.74137831584     )
 EpsMult    =    1.0000000000000000     

Tracing beam       2    -18.19
Tracing beam       3    -16.27
Tracing beam       4    -14.36
Tracing beam       5    -12.44
Tracing beam       6    -10.53
Tracing beam       7     -8.61
Tracing beam       8     -6.70
Tracing beam       9     -4.79
Tracing beam      10     -2.87
Tracing beam      11     -0.96
Tracing beam      12      0.96
Tracing beam      13      2.87
Tracing beam      14      4.79
Tracing beam      15      6.70
Tracing beam      16      8.61
Tracing beam      17     10.53
Tracing beam      18     12.44
Tracing beam      19     14.36
Tracing beam      20     16.27
Tracing beam      21     18.19
Tracing beam      22     20.10
Tracing beam       1    -20.10
Tracing beam       2    -18.19
Tracing beam       3    -16.27
Tracing beam       4    -14.36
Tracing beam       5    -12.44
Tracing beam       6    -10.53
Tracing beam       7     -8.61
Tracing beam       8     -6.70
Tracing beam       9     -4.79
Tracing beam      10     -2.87
Tracing beam      11     -0.96
Tracing beam      12      0.96
Tracing beam      13      2.87
Tracing beam      14      4.79
Tracing beam      15      6.70
Tracing beam      16      8.61
Tracing beam      17     10.53
Tracing beam      18     12.44
Tracing beam      19     14.36
Tracing beam      20     16.27
Tracing beam      21     18.19
Tracing beam      22     20.10

 CPU Time =       0.297    s
