 BELLHOP/BELLHOP3D

 BELLHOP- Mixed Layer Environment RAY Mode                                       
 frequency =   834.3     Hz

 Dummy parameter NMedia =            1

     Spline approximation to SSP
     Attenuation units: dB/mkHz
     VACUUM

 Depth =    1515.00 m

 Sound speed profile:
   z (m)     alphaR (m/s)   betaR  rho (g/cm^3)  alphaI     betaI

      0.00      1511.29      0.00     1.00       0.0000    0.0000
     39.90      1508.74      0.00     1.00       0.0000    0.0000
     79.70      1506.41      0.00     1.00       0.0000    0.0000
    119.60      1514.00      0.00     1.00       0.0000    0.0000
    159.50      1509.99      0.00     1.00       0.0000    0.0000
    199.30      1508.12      0.00     1.00       0.0000    0.0000
    239.20      1507.68      0.00     1.00       0.0000    0.0000
    279.10      1506.27      0.00     1.00       0.0000    0.0000
    318.90      1505.69      0.00     1.00       0.0000    0.0000
    358.80      1501.48      0.00     1.00       0.0000    0.0000
    398.70      1501.83      0.00     1.00       0.0000    0.0000
    438.60      1498.53      0.00     1.00       0.0000    0.0000
    478.40      1498.35      0.00     1.00       0.0000    0.0000
    518.30      1497.50      0.00     1.00       0.0000    0.0000
    558.20      1496.50      0.00     1.00       0.0000    0.0000
    598.00      1495.36      0.00     1.00       0.0000    0.0000
    637.90      1495.39      0.00     1.00       0.0000    0.0000
    677.80      1492.37      0.00     1.00       0.0000    0.0000
    717.60      1492.69      0.00     1.00       0.0000    0.0000
    757.50      1490.52      0.00     1.00       0.0000    0.0000
    797.40      1495.37      0.00     1.00       0.0000    0.0000
    837.20      1489.04      0.00     1.00       0.0000    0.0000
    877.10      1488.87      0.00     1.00       0.0000    0.0000
    917.00      1490.86      0.00     1.00       0.0000    0.0000
    956.80      1488.59      0.00     1.00       0.0000    0.0000
    996.70      1490.36      0.00     1.00       0.0000    0.0000
   1036.60      1489.81      0.00     1.00       0.0000    0.0000
   1076.50      1489.97      0.00     1.00       0.0000    0.0000
   1116.30      1490.43      0.00     1.00       0.0000    0.0000
   1156.20      1491.37      0.00     1.00       0.0000    0.0000
   1196.10      1492.96      0.00     1.00       0.0000    0.0000
   1235.90      1494.27      0.00     1.00       0.0000    0.0000
   1275.80      1494.28      0.00     1.00       0.0000    0.0000
   1315.70      1496.35      0.00     1.00       0.0000    0.0000
   1355.50      1495.87      0.00     1.00       0.0000    0.0000
   1395.40      1499.63      0.00     1.00       0.0000    0.0000
   1435.30      1500.91      0.00     1.00       0.0000    0.0000
   1475.10      1499.42      0.00     1.00       0.0000    0.0000
   1515.00      1500.33      0.00     1.00       0.0000    0.0000

                                 ( RMS roughness =   0.00     )
     ACOUSTO-ELASTIC half-space
   1715.00      1600.00      0.00     1.80       0.0000    0.0000

 __________________________________________________________________________

 Number of Source   depths, Sz =            1
 Source   depths, Sz (m)
   65.8000    


 __________________________________________________________________________

 Number of Receiver depths, Rz =           45
 Receiver depths, Rz (m)
   0.00000       53.7500       107.500       161.250       215.000    
   268.750       322.500       376.250       430.000       483.750    
          ... 
   2365.00    

 Warning in ReadSzRz : Receiver below or too near the bottom bdry has been moved up

 __________________________________________________________________________

 Number of Receiver ranges, Rr =          201
 Receiver ranges, Rr (km)
   0.00000      0.271000      0.542000      0.813000       1.08400    
   1.35500       1.62600       1.89700       2.16800       2.43900    
          ... 
   54.2000    


 Ray trace run
 Geometric hat beams in Cartesian coordinates
 Point source (cylindrical coordinates)
 Rectilinear receiver grid: Receivers at Rr( : ) x Rz( : )
 __________________________________________________________________________

 Number of beams in elevation   =           22
 Beam take-off angles (degrees)
  -22.6000      -20.4476      -18.2952      -16.1429      -13.9905    
  -11.8381      -9.68571      -7.53333      -5.38095      -3.22857    
          ... 
   22.6000    

 __________________________________________________________________________


 Step length,       deltas =   0.000     m

 Maximum ray depth, Box%z  =   2365.     m
 Maximum ray range, Box%r  =   50.00    km
 No beam shift in effect


 Step length,       deltas =   151.5     m (automatically selected)

Tracing beam       1    -22.60
Tracing beam       2    -20.45
Tracing beam       3    -18.30
Tracing beam       4    -16.14
Tracing beam       5    -13.99
Tracing beam       6    -11.84
Tracing beam       7     -9.69
Tracing beam       8     -7.53
Tracing beam       9     -5.38
Tracing beam      10     -3.23
Tracing beam      11     -1.08
Tracing beam      12      1.08
Tracing beam      13      3.23
Tracing beam      14      5.38
Tracing beam      15      7.53
Tracing beam      16      9.69
Tracing beam      17     11.84
Tracing beam      18     13.99
Tracing beam      19     16.14
Tracing beam      20     18.30
Tracing beam      21     20.45
Tracing beam      22     22.60

 CPU Time =       0.312E-01s
