 BELLHOP/BELLHOP3D

 BELLHOP- Deep Ocean Environment RAY Mode                                        
 frequency =   908.2     Hz

 Dummy parameter NMedia =            1

     Spline approximation to SSP
     Attenuation units: dB/mkHz
     VACUUM

 Depth =    5442.10 m

 Sound speed profile:
   z (m)     alphaR (m/s)   betaR  rho (g/cm^3)  alphaI     betaI

      0.00      1496.59      0.00     1.00       0.0000    0.0000
    100.80      1495.67      0.00     1.00       0.0000    0.0000
    201.60      1492.09      0.00     1.00       0.0000    0.0000
    302.30      1491.88      0.00     1.00       0.0000    0.0000
    403.10      1488.38      0.00     1.00       0.0000    0.0000
    503.90      1485.93      0.00     1.00       0.0000    0.0000
    604.70      1481.79      0.00     1.00       0.0000    0.0000
    705.50      1482.50      0.00     1.00       0.0000    0.0000
    806.20      1476.78      0.00     1.00       0.0000    0.0000
    907.00      1480.84      0.00     1.00       0.0000    0.0000
   1007.80      1484.71      0.00     1.00       0.0000    0.0000
   1108.60      1485.48      0.00     1.00       0.0000    0.0000
   1209.30      1484.35      0.00     1.00       0.0000    0.0000
   1310.10      1483.52      0.00     1.00       0.0000    0.0000
   1410.90      1486.88      0.00     1.00       0.0000    0.0000
   1511.70      1488.03      0.00     1.00       0.0000    0.0000
   1612.50      1488.73      0.00     1.00       0.0000    0.0000
   1713.20      1489.05      0.00     1.00       0.0000    0.0000
   1814.00      1489.19      0.00     1.00       0.0000    0.0000
   1914.80      1487.73      0.00     1.00       0.0000    0.0000
   2015.60      1490.74      0.00     1.00       0.0000    0.0000
   2116.40      1488.51      0.00     1.00       0.0000    0.0000
   2217.10      1492.20      0.00     1.00       0.0000    0.0000
   2317.90      1490.90      0.00     1.00       0.0000    0.0000
   2418.70      1491.42      0.00     1.00       0.0000    0.0000
   2519.50      1493.28      0.00     1.00       0.0000    0.0000
   2620.30      1493.96      0.00     1.00       0.0000    0.0000
   2721.00      1494.09      0.00     1.00       0.0000    0.0000
   2821.80      1492.18      0.00     1.00       0.0000    0.0000
   2922.60      1495.03      0.00     1.00       0.0000    0.0000
   3023.40      1493.14      0.00     1.00       0.0000    0.0000
   3124.10      1496.02      0.00     1.00       0.0000    0.0000
   3224.90      1493.18      0.00     1.00       0.0000    0.0000
   3325.70      1495.66      0.00     1.00       0.0000    0.0000
   3426.50      1495.04      0.00     1.00       0.0000    0.0000
   3527.30      1498.06      0.00     1.00       0.0000    0.0000
   3628.00      1498.90      0.00     1.00       0.0000    0.0000
   3728.80      1498.01      0.00     1.00       0.0000    0.0000
   3829.60      1498.43      0.00     1.00       0.0000    0.0000
   3930.40      1499.72      0.00     1.00       0.0000    0.0000
   4031.20      1500.82      0.00     1.00       0.0000    0.0000
   4131.90      1499.67      0.00     1.00       0.0000    0.0000
   4232.70      1499.35      0.00     1.00       0.0000    0.0000
   4333.50      1501.54      0.00     1.00       0.0000    0.0000
   4434.30      1498.26      0.00     1.00       0.0000    0.0000
   4535.00      1502.89      0.00     1.00       0.0000    0.0000
   4635.80      1500.94      0.00     1.00       0.0000    0.0000
   4736.60      1502.12      0.00     1.00       0.0000    0.0000
   4837.40      1504.33      0.00     1.00       0.0000    0.0000
   4938.20      1502.82      0.00     1.00       0.0000    0.0000
   5038.90      1504.89      0.00     1.00       0.0000    0.0000
   5139.70      1506.10      0.00     1.00       0.0000    0.0000
   5240.50      1505.04      0.00     1.00       0.0000    0.0000
   5341.30      1505.82      0.00     1.00       0.0000    0.0000
   5442.10      1505.65      0.00     1.00       0.0000    0.0000

                                 ( RMS roughness =   0.00     )
     ACOUSTO-ELASTIC half-space
   5642.10      1600.00      0.00     1.80       0.0000    0.0000

 __________________________________________________________________________

 Number of Source   depths, Sz =            2
 Source   depths, Sz (m)
   110.500       116.500    


 __________________________________________________________________________

 Number of Receiver depths, Rz =           45
 Receiver depths, Rz (m)
   0.00000       143.002       286.005       429.007       572.009    
   715.011       858.014       1001.02       1144.02       1287.02    
          ... 
   6292.10    

 Warning in ReadSzRz : Receiver below or too near the bottom bdry has been moved up

 __________________________________________________________________________

 Number of Receiver ranges, Rr =          201
 Receiver ranges, Rr (km)
   0.00000      0.230000      0.460000      0.690000      0.920000    
   1.15000       1.38000       1.61000       1.84000       2.07000    
          ... 
   46.0000    


 Ray trace run
 Geometric hat beams in Cartesian coordinates
 Point source (cylindrical coordinates)
 Rectilinear receiver grid: Receivers at Rr( : ) x Rz( : )
 __________________________________________________________________________

 Number of beams in elevation   =           37
 Beam take-off angles (degrees)
  -12.5000      -11.8056      -11.1111      -10.4167      -9.72222    
  -9.02778      -8.33333      -7.63889      -6.94444      -6.25000    
          ... 
   12.5000    

 __________________________________________________________________________


 Step length,       deltas =   0.000     m

 Maximum ray depth, Box%z  =   6292.     m
 Maximum ray range, Box%r  =   50.00    km
 No beam shift in effect


 Step length,       deltas =   544.2     m (automatically selected)

Tracing beam       1    -12.50
Tracing beam       2    -11.81
Tracing beam       3    -11.11
Tracing beam       4    -10.42
Tracing beam       5     -9.72
Tracing beam       6     -9.03
Tracing beam       7     -8.33
Tracing beam       8     -7.64
Tracing beam       9     -6.94
Tracing beam      10     -6.25
Tracing beam      11     -5.56
Tracing beam      12     -4.86
Tracing beam      13     -4.17
Tracing beam      14     -3.47
Tracing beam      15     -2.78
Tracing beam      16     -2.08
Tracing beam      17     -1.39
Tracing beam      18     -0.69
Tracing beam      19      0.00
Tracing beam      20      0.69
Tracing beam      21      1.39
Tracing beam      22      2.08
Tracing beam      23      2.78
Tracing beam      24      3.47
Tracing beam      25      4.17
Tracing beam      26      4.86
Tracing beam      27      5.56
Tracing beam      28      6.25
Tracing beam      29      6.94
Tracing beam      30      7.64
Tracing beam      31      8.33
Tracing beam      32      9.03
Tracing beam      33      9.72
Tracing beam      34     10.42
Tracing beam      35     11.11
Tracing beam      36     11.81
Tracing beam      37     12.50
Tracing beam       1    -12.50
Tracing beam       2    -11.81
Tracing beam       3    -11.11
Tracing beam       4    -10.42
Tracing beam       5     -9.72
Tracing beam       6     -9.03
Tracing beam       7     -8.33
Tracing beam       8     -7.64
Tracing beam       9     -6.94
Tracing beam      10     -6.25
Tracing beam      11     -5.56
Tracing beam      12     -4.86
Tracing beam      13     -4.17
Tracing beam      14     -3.47
Tracing beam      15     -2.78
Tracing beam      16     -2.08
Tracing beam      17     -1.39
Tracing beam      18     -0.69
Tracing beam      19      0.00
Tracing beam      20      0.69
Tracing beam      21      1.39
Tracing beam      22      2.08
Tracing beam      23      2.78
Tracing beam      24      3.47
Tracing beam      25      4.17
Tracing beam      26      4.86
Tracing beam      27      5.56
Tracing beam      28      6.25
Tracing beam      29      6.94
Tracing beam      30      7.64
Tracing beam      31      8.33
Tracing beam      32      9.03
Tracing beam      33      9.72
Tracing beam      34     10.42
Tracing beam      35     11.11
Tracing beam      36     11.81
Tracing beam      37     12.50

 CPU Time =       0.312E-01s
