 BELLHOP/BELLHOP3D

 BELLHOP- Deep Ocean Environment SHD Mode                                        
 frequency =   908.2     Hz

 Dummy parameter NMedia =            1

     Spline approximation to SSP
     Attenuation units: dB/mkHz
     VACUUM

 Depth =    5442.10 m

 Sound speed profile:
   z (m)     alphaR (m/s)   betaR  rho (g/cm^3)  alphaI     betaI

      0.00      1496.59      0.00     1.00       0.0000    0.0000
    100.80      1495.67      0.00     1.00       0.0000    0.0000
    201.60      1492.09      0.00     1.00       0.0000    0.0000
    302.30      1491.88      0.00     1.00       0.0000    0.0000
    403.10      1488.38      0.00     1.00       0.0000    0.0000
    503.90      1485.93      0.00     1.00       0.0000    0.0000
    604.70      1481.79      0.00     1.00       0.0000    0.0000
    705.50      1482.50      0.00     1.00       0.0000    0.0000
    806.20      1476.78      0.00     1.00       0.0000    0.0000
    907.00      1480.84      0.00     1.00       0.0000    0.0000
   1007.80      1484.71      0.00     1.00       0.0000    0.0000
   1108.60      1485.48      0.00     1.00       0.0000    0.0000
   1209.30      1484.35      0.00     1.00       0.0000    0.0000
   1310.10      1483.52      0.00     1.00       0.0000    0.0000
   1410.90      1486.88      0.00     1.00       0.0000    0.0000
   1511.70      1488.03      0.00     1.00       0.0000    0.0000
   1612.50      1488.73      0.00     1.00       0.0000    0.0000
   1713.20      1489.05      0.00     1.00       0.0000    0.0000
   1814.00      1489.19      0.00     1.00       0.0000    0.0000
   1914.80      1487.73      0.00     1.00       0.0000    0.0000
   2015.60      1490.74      0.00     1.00       0.0000    0.0000
   2116.40      1488.51      0.00     1.00       0.0000    0.0000
   2217.10      1492.20      0.00     1.00       0.0000    0.0000
   2317.90      1490.90      0.00     1.00       0.0000    0.0000
   2418.70      1491.42      0.00     1.00       0.0000    0.0000
   2519.50      1493.28      0.00     1.00       0.0000    0.0000
   2620.30      1493.96      0.00     1.00       0.0000    0.0000
   2721.00      1494.09      0.00     1.00       0.0000    0.0000
   2821.80      1492.18      0.00     1.00       0.0000    0.0000
   2922.60      1495.03      0.00     1.00       0.0000    0.0000
   3023.40      1493.14      0.00     1.00       0.0000    0.0000
   3124.10      1496.02      0.00     1.00       0.0000    0.0000
   3224.90      1493.18      0.00     1.00       0.0000    0.0000
   3325.70      1495.66      0.00     1.00       0.0000    0.0000
   3426.50      1495.04      0.00     1.00       0.0000    0.0000
   3527.30      1498.06      0.00     1.00       0.0000    0.0000
   3628.00      1498.90      0.00     1.00       0.0000    0.0000
   3728.80      1498.01      0.00     1.00       0.0000    0.0000
   3829.60      1498.43      0.00     1.00       0.0000    0.0000
   3930.40      1499.72      0.00     1.00       0.0000    0.0000
   4031.20      1500.82      0.00     1.00       0.0000    0.0000
   4131.90      1499.67      0.00     1.00       0.0000    0.0000
   4232.70      1499.35      0.00     1.00       0.0000    0.0000
   4333.50      1501.54      0.00     1.00       0.0000    0.0000
   4434.30      1498.26      0.00     1.00       0.0000    0.0000
   4535.00      1502.89      0.00     1.00       0.0000    0.0000
   4635.80      1500.94      0.00     1.00       0.0000    0.0000
   4736.60      1502.12      0.00     1.00       0.0000    0.0000
   4837.40      1504.33      0.00     1.00       0.0000    0.0000
   4938.20      1502.82      0.00     1.00       0.0000    0.0000
   5038.90      1504.89      0.00     1.00       0.0000    0.0000
   5139.70      1506.10      0.00     1.00       0.0000    0.0000
   5240.50      1505.04      0.00     1.00       0.0000    0.0000
   5341.30      1505.82      0.00     1.00       0.0000    0.0000
   5442.10      1505.65      0.00     1.00       0.0000    0.0000

                                 ( RMS roughness =   0.00     )
     ACOUSTO-ELASTIC half-space
   5642.10      1600.00      0.00     1.80       0.0000    0.0000

 __________________________________________________________________________

 Number of Source   depths, Sz =            1
 Source   depths, Sz (m)
   67.8000    


 __________________________________________________________________________

 Number of Receiver depths, Rz =           93
 Receiver depths, Rz (m)
   0.00000       68.3924       136.785       205.177       273.570    
   341.962       410.354       478.747       547.139       615.532    
          ... 
   6292.10    

 Warning in ReadSzRz : Receiver below or too near the bottom bdry has been moved up

 __________________________________________________________________________

 Number of Receiver ranges, Rr =          201
 Receiver ranges, Rr (km)
   0.00000      0.291000      0.582000      0.873000       1.16400    
   1.45500       1.74600       2.03700       2.32800       2.61900    
          ... 
   58.2000    


 Coherent TL calculation
 Geometric hat beams in Cartesian coordinates
 Point source (cylindrical coordinates)
 Rectilinear receiver grid: Receivers at Rr( : ) x Rz( : )
 __________________________________________________________________________

 Number of beams in elevation   =        10571
 Beam take-off angles (degrees)
  -86.6000      -86.5843      -86.5686      -86.5529      -86.5371    
  -86.5214      -86.5057      -86.4900      -86.4743      -86.4586    
          ... 
   79.5000    

 __________________________________________________________________________


 Step length,       deltas =   0.000     m

 Maximum ray depth, Box%z  =   6292.     m
 Maximum ray range, Box%r  =   50.00    km
 No beam shift in effect


 Step length,       deltas =   544.2     m (automatically selected)

Tracing beam       1    -86.60

 Geometric hat beams                     
 halfwidth  =    1912.7248896267199     
 epsilonOpt =  (  0.0000000000000000     ,  10438458975.374611     )
 EpsMult    =    1.0000000000000000     

Tracing beam     212    -83.28
Tracing beam     423    -79.97
Tracing beam     634    -76.65
Tracing beam     845    -73.34
Tracing beam    1056    -70.02
Tracing beam    1267    -66.71
Tracing beam    1478    -63.39
Tracing beam    1689    -60.07
Tracing beam    1900    -56.76
Tracing beam    2111    -53.44
Tracing beam    2322    -50.13
Tracing beam    2533    -46.81
Tracing beam    2744    -43.50
Tracing beam    2955    -40.18
Tracing beam    3166    -36.86
Tracing beam    3377    -33.55
Tracing beam    3588    -30.23
Tracing beam    3799    -26.92
Tracing beam    4010    -23.60
Tracing beam    4221    -20.29
Tracing beam    4432    -16.97
Tracing beam    4643    -13.65
Tracing beam    4854    -10.34
Tracing beam    5065     -7.02
Tracing beam    5276     -3.71
Tracing beam    5487     -0.39
Tracing beam    5698      2.92
Tracing beam    5909      6.24
Tracing beam    6120      9.56
Tracing beam    6331     12.87
Tracing beam    6542     16.19
Tracing beam    6753     19.50
Tracing beam    6964     22.82
Tracing beam    7175     26.13
Tracing beam    7386     29.45
Tracing beam    7597     32.77
Tracing beam    7808     36.08
Tracing beam    8019     39.40
Tracing beam    8230     42.71
Tracing beam    8441     46.03
Tracing beam    8652     49.34
Tracing beam    8863     52.66
Tracing beam    9074     55.98
Tracing beam    9285     59.29
Tracing beam    9496     62.61
Tracing beam    9707     65.92
Tracing beam    9918     69.24
Tracing beam   10129     72.55
Tracing beam   10340     75.87
Tracing beam   10551     79.19

 CPU Time =        1.52    s
