 BELLHOP/BELLHOP3D

 BELLHOP- Shallow Water Environment ARR Mode                                     
 frequency =   2238.     Hz

 Dummy parameter NMedia =            1

     Spline approximation to SSP
     Attenuation units: dB/mkHz
     VACUUM

 Depth =     587.00 m

 Sound speed profile:
   z (m)     alphaR (m/s)   betaR  rho (g/cm^3)  alphaI     betaI

      0.00      1509.55      0.00     1.00       0.0000    0.0000
     24.50      1508.56      0.00     1.00       0.0000    0.0000
     48.90      1505.80      0.00     1.00       0.0000    0.0000
     73.40      1507.35      0.00     1.00       0.0000    0.0000
     97.80      1503.35      0.00     1.00       0.0000    0.0000
    122.30      1509.27      0.00     1.00       0.0000    0.0000
    146.70      1505.74      0.00     1.00       0.0000    0.0000
    171.20      1508.95      0.00     1.00       0.0000    0.0000
    195.70      1506.87      0.00     1.00       0.0000    0.0000
    220.10      1503.39      0.00     1.00       0.0000    0.0000
    244.60      1504.82      0.00     1.00       0.0000    0.0000
    269.00      1503.83      0.00     1.00       0.0000    0.0000
    293.50      1503.18      0.00     1.00       0.0000    0.0000
    317.90      1496.23      0.00     1.00       0.0000    0.0000
    342.40      1500.16      0.00     1.00       0.0000    0.0000
    366.80      1499.03      0.00     1.00       0.0000    0.0000
    391.30      1498.08      0.00     1.00       0.0000    0.0000
    415.80      1496.87      0.00     1.00       0.0000    0.0000
    440.20      1496.11      0.00     1.00       0.0000    0.0000
    464.70      1496.87      0.00     1.00       0.0000    0.0000
    489.10      1494.99      0.00     1.00       0.0000    0.0000
    513.60      1493.76      0.00     1.00       0.0000    0.0000
    538.00      1494.43      0.00     1.00       0.0000    0.0000
    562.50      1492.65      0.00     1.00       0.0000    0.0000
    587.00      1492.12      0.00     1.00       0.0000    0.0000

                                 ( RMS roughness =   0.00     )
     ACOUSTO-ELASTIC half-space
    787.00      1600.00      0.00     1.80       0.0000    0.0000

 __________________________________________________________________________

 Number of Source   depths, Sz =            1
 Source   depths, Sz (m)
   120.700    


 __________________________________________________________________________

 Number of Receiver depths, Rz =           30
 Receiver depths, Rz (m)
   0.00000       49.5517       99.1034       148.655       198.207    
   247.759       297.310       346.862       396.414       445.966    
          ... 
   1437.00    

 Warning in ReadSzRz : Receiver below or too near the bottom bdry has been moved up

 __________________________________________________________________________

 Number of Receiver ranges, Rr =          201
 Receiver ranges, Rr (km)
   0.00000      0.297000      0.594000      0.891000       1.18800    
   1.48500       1.78200       2.07900       2.37600       2.67300    
          ... 
   59.4000    


 Arrivals calculation, ASCII  file output
 Geometric hat beams in Cartesian coordinates
 Point source (cylindrical coordinates)
 Rectilinear receiver grid: Receivers at Rr( : ) x Rz( : )
 __________________________________________________________________________

 Number of beams in elevation   =           29
 Beam take-off angles (degrees)
  -17.1000      -15.8786      -14.6571      -13.4357      -12.2143    
  -10.9929      -9.77143      -8.55000      -7.32857      -6.10714    
          ... 
   17.1000    

 __________________________________________________________________________


 Step length,       deltas =   0.000     m

 Maximum ray depth, Box%z  =   1437.     m
 Maximum ray range, Box%r  =   50.00    km
 No beam shift in effect


 Step length,       deltas =   58.70     m (automatically selected)

 ( Maximum # of arrivals =         3316 )

Tracing beam       1    -17.10

 Geometric hat beams                     
 halfwidth  =    10.068952642532238     
 epsilonOpt =  (  0.0000000000000000     ,  712785.97443548392     )
 EpsMult    =    1.0000000000000000     

Tracing beam       2    -15.88
Tracing beam       3    -14.66
Tracing beam       4    -13.44
Tracing beam       5    -12.21
Tracing beam       6    -10.99
Tracing beam       7     -9.77
Tracing beam       8     -8.55
Tracing beam       9     -7.33
Tracing beam      10     -6.11
Tracing beam      11     -4.89
Tracing beam      12     -3.66
Tracing beam      13     -2.44
Tracing beam      14     -1.22
Tracing beam      15      0.00
Tracing beam      16      1.22
Tracing beam      17      2.44
Tracing beam      18      3.66
Tracing beam      19      4.89
Tracing beam      20      6.11
Tracing beam      21      7.33
Tracing beam      22      8.55
Tracing beam      23      9.77
Tracing beam      24     10.99
Tracing beam      25     12.21
Tracing beam      26     13.44
Tracing beam      27     14.66
Tracing beam      28     15.88
Tracing beam      29     17.10

 CPU Time =       0.234    s
