 BELLHOP/BELLHOP3D

 BELLHOP- Tropical Ocean Environment SHD Mode                                    
 frequency =   1629.     Hz

 Dummy parameter NMedia =            1

     Spline approximation to SSP
     Attenuation units: dB/mkHz
     VACUUM

 Depth =    2801.50 m

 Sound speed profile:
   z (m)     alphaR (m/s)   betaR  rho (g/cm^3)  alphaI     betaI

      0.00      1518.63      0.00     1.00       0.0000    0.0000
     75.70      1513.34      0.00     1.00       0.0000    0.0000
    151.40      1514.76      0.00     1.00       0.0000    0.0000
    227.20      1511.47      0.00     1.00       0.0000    0.0000
    302.90      1509.83      0.00     1.00       0.0000    0.0000
    378.60      1505.91      0.00     1.00       0.0000    0.0000
    454.30      1499.40      0.00     1.00       0.0000    0.0000
    530.00      1499.45      0.00     1.00       0.0000    0.0000
    605.70      1497.74      0.00     1.00       0.0000    0.0000
    681.50      1495.64      0.00     1.00       0.0000    0.0000
    757.20      1493.33      0.00     1.00       0.0000    0.0000
    832.90      1491.40      0.00     1.00       0.0000    0.0000
    908.60      1495.57      0.00     1.00       0.0000    0.0000
    984.30      1490.75      0.00     1.00       0.0000    0.0000
   1060.00      1484.98      0.00     1.00       0.0000    0.0000
   1135.80      1480.57      0.00     1.00       0.0000    0.0000
   1211.50      1484.09      0.00     1.00       0.0000    0.0000
   1287.20      1484.28      0.00     1.00       0.0000    0.0000
   1362.90      1483.39      0.00     1.00       0.0000    0.0000
   1438.60      1484.90      0.00     1.00       0.0000    0.0000
   1514.30      1486.41      0.00     1.00       0.0000    0.0000
   1590.10      1485.99      0.00     1.00       0.0000    0.0000
   1665.80      1487.71      0.00     1.00       0.0000    0.0000
   1741.50      1485.37      0.00     1.00       0.0000    0.0000
   1817.20      1490.82      0.00     1.00       0.0000    0.0000
   1892.90      1492.42      0.00     1.00       0.0000    0.0000
   1968.60      1492.09      0.00     1.00       0.0000    0.0000
   2044.40      1495.64      0.00     1.00       0.0000    0.0000
   2120.10      1494.10      0.00     1.00       0.0000    0.0000
   2195.80      1495.62      0.00     1.00       0.0000    0.0000
   2271.50      1496.59      0.00     1.00       0.0000    0.0000
   2347.20      1491.44      0.00     1.00       0.0000    0.0000
   2422.90      1497.03      0.00     1.00       0.0000    0.0000
   2498.70      1495.15      0.00     1.00       0.0000    0.0000
   2574.40      1496.28      0.00     1.00       0.0000    0.0000
   2650.10      1497.37      0.00     1.00       0.0000    0.0000
   2725.80      1499.25      0.00     1.00       0.0000    0.0000
   2801.50      1501.52      0.00     1.00       0.0000    0.0000

                                 ( RMS roughness =   0.00     )
     ACOUSTO-ELASTIC half-space
   3001.50      1600.00      0.00     1.80       0.0000    0.0000

 __________________________________________________________________________

 Number of Source   depths, Sz =            1
 Source   depths, Sz (m)
   189.300    


 __________________________________________________________________________

 Number of Receiver depths, Rz =           88
 Receiver depths, Rz (m)
   0.00000       41.9713       83.9425       125.914       167.885    
   209.856       251.828       293.799       335.770       377.741    
          ... 
   3651.50    

 Warning in ReadSzRz : Receiver below or too near the bottom bdry has been moved up

 __________________________________________________________________________

 Number of Receiver ranges, Rr =          201
 Receiver ranges, Rr (km)
   0.00000      0.228500      0.457000      0.685500      0.914000    
   1.14250       1.37100       1.59950       1.82800       2.05650    
          ... 
   45.7000    


 Coherent TL calculation
 Geometric hat beams in Cartesian coordinates
 Point source (cylindrical coordinates)
 Rectilinear receiver grid: Receivers at Rr( : ) x Rz( : )
 __________________________________________________________________________

 Number of beams in elevation   =        14887
 Beam take-off angles (degrees)
  -75.2000      -75.1898      -75.1797      -75.1695      -75.1593    
  -75.1492      -75.1390      -75.1289      -75.1187      -75.1085    
          ... 
   76.1000    

 __________________________________________________________________________


 Step length,       deltas =   0.000     m

 Maximum ray depth, Box%z  =   3652.     m
 Maximum ray range, Box%r  =   50.00    km
 No beam shift in effect


 Step length,       deltas =   280.1     m (automatically selected)

Tracing beam       1    -75.20

 Geometric hat beams                     
 halfwidth  =    1667.2250907764369     
 epsilonOpt =  (  0.0000000000000000     ,  14223487926.430662     )
 EpsMult    =    1.0000000000000000     

Tracing beam     298    -72.18
Tracing beam     595    -69.16
Tracing beam     892    -66.14
Tracing beam    1189    -63.13
Tracing beam    1486    -60.11
Tracing beam    1783    -57.09
Tracing beam    2080    -54.07
Tracing beam    2377    -51.05
Tracing beam    2674    -48.03
Tracing beam    2971    -45.01
Tracing beam    3268    -41.99
Tracing beam    3565    -38.98
Tracing beam    3862    -35.96
Tracing beam    4159    -32.94
Tracing beam    4456    -29.92
Tracing beam    4753    -26.90
Tracing beam    5050    -23.88
Tracing beam    5347    -20.86
Tracing beam    5644    -17.85
Tracing beam    5941    -14.83
Tracing beam    6238    -11.81
Tracing beam    6535     -8.79
Tracing beam    6832     -5.77
Tracing beam    7129     -2.75
Tracing beam    7426      0.27
Tracing beam    7723      3.29
Tracing beam    8020      6.30
Tracing beam    8317      9.32
Tracing beam    8614     12.34
Tracing beam    8911     15.36
Tracing beam    9208     18.38
Tracing beam    9505     21.40
Tracing beam    9802     24.42
Tracing beam   10099     27.44
Tracing beam   10396     30.45
Tracing beam   10693     33.47
Tracing beam   10990     36.49
Tracing beam   11287     39.51
Tracing beam   11584     42.53
Tracing beam   11881     45.55
Tracing beam   12178     48.57
Tracing beam   12475     51.58
Tracing beam   12772     54.60
Tracing beam   13069     57.62
Tracing beam   13366     60.64
Tracing beam   13663     63.66
Tracing beam   13960     66.68
Tracing beam   14257     69.70
Tracing beam   14554     72.72
Tracing beam   14851     75.73

 CPU Time =        1.84    s
