 BELLHOP/BELLHOP3D

 BELLHOP- Tropical Ocean Environment RAY Mode                                    
 frequency =   1629.     Hz

 Dummy parameter NMedia =            1

     Spline approximation to SSP
     Attenuation units: dB/mkHz
     VACUUM

 Depth =    2801.50 m

 Sound speed profile:
   z (m)     alphaR (m/s)   betaR  rho (g/cm^3)  alphaI     betaI

      0.00      1518.63      0.00     1.00       0.0000    0.0000
     75.70      1513.34      0.00     1.00       0.0000    0.0000
    151.40      1514.76      0.00     1.00       0.0000    0.0000
    227.20      1511.47      0.00     1.00       0.0000    0.0000
    302.90      1509.83      0.00     1.00       0.0000    0.0000
    378.60      1505.91      0.00     1.00       0.0000    0.0000
    454.30      1499.40      0.00     1.00       0.0000    0.0000
    530.00      1499.45      0.00     1.00       0.0000    0.0000
    605.70      1497.74      0.00     1.00       0.0000    0.0000
    681.50      1495.64      0.00     1.00       0.0000    0.0000
    757.20      1493.33      0.00     1.00       0.0000    0.0000
    832.90      1491.40      0.00     1.00       0.0000    0.0000
    908.60      1495.57      0.00     1.00       0.0000    0.0000
    984.30      1490.75      0.00     1.00       0.0000    0.0000
   1060.00      1484.98      0.00     1.00       0.0000    0.0000
   1135.80      1480.57      0.00     1.00       0.0000    0.0000
   1211.50      1484.09      0.00     1.00       0.0000    0.0000
   1287.20      1484.28      0.00     1.00       0.0000    0.0000
   1362.90      1483.39      0.00     1.00       0.0000    0.0000
   1438.60      1484.90      0.00     1.00       0.0000    0.0000
   1514.30      1486.41      0.00     1.00       0.0000    0.0000
   1590.10      1485.99      0.00     1.00       0.0000    0.0000
   1665.80      1487.71      0.00     1.00       0.0000    0.0000
   1741.50      1485.37      0.00     1.00       0.0000    0.0000
   1817.20      1490.82      0.00     1.00       0.0000    0.0000
   1892.90      1492.42      0.00     1.00       0.0000    0.0000
   1968.60      1492.09      0.00     1.00       0.0000    0.0000
   2044.40      1495.64      0.00     1.00       0.0000    0.0000
   2120.10      1494.10      0.00     1.00       0.0000    0.0000
   2195.80      1495.62      0.00     1.00       0.0000    0.0000
   2271.50      1496.59      0.00     1.00       0.0000    0.0000
   2347.20      1491.44      0.00     1.00       0.0000    0.0000
   2422.90      1497.03      0.00     1.00       0.0000    0.0000
   2498.70      1495.15      0.00     1.00       0.0000    0.0000
   2574.40      1496.28      0.00     1.00       0.0000    0.0000
   2650.10      1497.37      0.00     1.00       0.0000    0.0000
   2725.80      1499.25      0.00     1.00       0.0000    0.0000
   2801.50      1501.52      0.00     1.00       0.0000    0.0000

                                 ( RMS roughness =   0.00     )
     ACOUSTO-ELASTIC half-space
   3001.50      1600.00      0.00     1.80       0.0000    0.0000

 __________________________________________________________________________

 Number of Source   depths, Sz =            3
 Source   depths, Sz (m)
   79.1000       146.200       258.800    


 __________________________________________________________________________

 Number of Receiver depths, Rz =           40
 Receiver depths, Rz (m)
   0.00000       93.6282       187.256       280.885       374.513    
   468.141       561.769       655.397       749.026       842.654    
          ... 
   3651.50    

 Warning in ReadSzRz : Receiver below or too near the bottom bdry has been moved up

 __________________________________________________________________________

 Number of Receiver ranges, Rr =          201
 Receiver ranges, Rr (km)
   0.00000      0.277500      0.555000      0.832500       1.11000    
   1.38750       1.66500       1.94250       2.22000       2.49750    
          ... 
   55.5000    


 Ray trace run
 Geometric hat beams in Cartesian coordinates
 Point source (cylindrical coordinates)
 Rectilinear receiver grid: Receivers at Rr( : ) x Rz( : )
 __________________________________________________________________________

 Number of beams in elevation   =           24
 Beam take-off angles (degrees)
  -12.5000      -11.4130      -10.3261      -9.23913      -8.15217    
  -7.06522      -5.97826      -4.89130      -3.80435      -2.71739    
          ... 
   12.5000    

 __________________________________________________________________________


 Step length,       deltas =   0.000     m

 Maximum ray depth, Box%z  =   3652.     m
 Maximum ray range, Box%r  =   50.00    km
 No beam shift in effect


 Step length,       deltas =   280.1     m (automatically selected)

Tracing beam       1    -12.50
Tracing beam       2    -11.41
Tracing beam       3    -10.33
Tracing beam       4     -9.24
Tracing beam       5     -8.15
Tracing beam       6     -7.07
Tracing beam       7     -5.98
Tracing beam       8     -4.89
Tracing beam       9     -3.80
Tracing beam      10     -2.72
Tracing beam      11     -1.63
Tracing beam      12     -0.54
Tracing beam      13      0.54
Tracing beam      14      1.63
Tracing beam      15      2.72
Tracing beam      16      3.80
Tracing beam      17      4.89
Tracing beam      18      5.98
Tracing beam      19      7.07
Tracing beam      20      8.15
Tracing beam      21      9.24
Tracing beam      22     10.33
Tracing beam      23     11.41
Tracing beam      24     12.50
Tracing beam       1    -12.50
Tracing beam       2    -11.41
Tracing beam       3    -10.33
Tracing beam       4     -9.24
Tracing beam       5     -8.15
Tracing beam       6     -7.07
Tracing beam       7     -5.98
Tracing beam       8     -4.89
Tracing beam       9     -3.80
Tracing beam      10     -2.72
Tracing beam      11     -1.63
Tracing beam      12     -0.54
Tracing beam      13      0.54
Tracing beam      14      1.63
Tracing beam      15      2.72
Tracing beam      16      3.80
Tracing beam      17      4.89
Tracing beam      18      5.98
Tracing beam      19      7.07
Tracing beam      20      8.15
Tracing beam      21      9.24
Tracing beam      22     10.33
Tracing beam      23     11.41
Tracing beam      24     12.50
Tracing beam       1    -12.50
Tracing beam       2    -11.41
Tracing beam       3    -10.33
Tracing beam       4     -9.24
Tracing beam       5     -8.15
Tracing beam       6     -7.07
Tracing beam       7     -5.98
Tracing beam       8     -4.89
Tracing beam       9     -3.80
Tracing beam      10     -2.72
Tracing beam      11     -1.63
Tracing beam      12     -0.54
Tracing beam      13      0.54
Tracing beam      14      1.63
Tracing beam      15      2.72
Tracing beam      16      3.80
Tracing beam      17      4.89
Tracing beam      18      5.98
Tracing beam      19      7.07
Tracing beam      20      8.15
Tracing beam      21      9.24
Tracing beam      22     10.33
Tracing beam      23     11.41
Tracing beam      24     12.50

 CPU Time =       0.469E-01s
