 BELLHOP/BELLHOP3D

 BELLHOP- Polar Ocean Environment RAY Mode                                       
 frequency =   706.0     Hz

 Dummy parameter NMedia =            1

     Spline approximation to SSP
     Attenuation units: dB/mkHz
     VACUUM

 Depth =    2669.00 m

 Sound speed profile:
   z (m)     alphaR (m/s)   betaR  rho (g/cm^3)  alphaI     betaI

      0.00      1467.86      0.00     1.00       0.0000    0.0000
     78.50      1462.45      0.00     1.00       0.0000    0.0000
    157.00      1467.34      0.00     1.00       0.0000    0.0000
    235.50      1464.55      0.00     1.00       0.0000    0.0000
    314.00      1460.38      0.00     1.00       0.0000    0.0000
    392.50      1460.00      0.00     1.00       0.0000    0.0000
    471.00      1460.00      0.00     1.00       0.0000    0.0000
    549.50      1460.00      0.00     1.00       0.0000    0.0000
    628.00      1460.00      0.00     1.00       0.0000    0.0000
    706.50      1460.00      0.00     1.00       0.0000    0.0000
    785.00      1460.00      0.00     1.00       0.0000    0.0000
    863.50      1460.00      0.00     1.00       0.0000    0.0000
    942.00      1460.00      0.00     1.00       0.0000    0.0000
   1020.50      1460.00      0.00     1.00       0.0000    0.0000
   1099.00      1460.00      0.00     1.00       0.0000    0.0000
   1177.50      1460.00      0.00     1.00       0.0000    0.0000
   1256.00      1460.00      0.00     1.00       0.0000    0.0000
   1334.50      1460.00      0.00     1.00       0.0000    0.0000
   1413.00      1460.00      0.00     1.00       0.0000    0.0000
   1491.50      1460.00      0.00     1.00       0.0000    0.0000
   1570.00      1460.00      0.00     1.00       0.0000    0.0000
   1648.50      1460.00      0.00     1.00       0.0000    0.0000
   1727.00      1460.00      0.00     1.00       0.0000    0.0000
   1805.50      1464.44      0.00     1.00       0.0000    0.0000
   1884.00      1463.00      0.00     1.00       0.0000    0.0000
   1962.50      1463.79      0.00     1.00       0.0000    0.0000
   2041.00      1467.65      0.00     1.00       0.0000    0.0000
   2119.50      1467.30      0.00     1.00       0.0000    0.0000
   2198.00      1466.43      0.00     1.00       0.0000    0.0000
   2276.50      1468.49      0.00     1.00       0.0000    0.0000
   2355.00      1469.19      0.00     1.00       0.0000    0.0000
   2433.50      1472.43      0.00     1.00       0.0000    0.0000
   2512.00      1471.02      0.00     1.00       0.0000    0.0000
   2590.50      1470.11      0.00     1.00       0.0000    0.0000
   2669.00      1470.47      0.00     1.00       0.0000    0.0000

                                 ( RMS roughness =   0.00     )
     ACOUSTO-ELASTIC half-space
   2869.00      1600.00      0.00     1.80       0.0000    0.0000

 __________________________________________________________________________

 Number of Source   depths, Sz =            2
 Source   depths, Sz (m)
   107.000       219.200    


 __________________________________________________________________________

 Number of Receiver depths, Rz =           33
 Receiver depths, Rz (m)
   0.00000       109.969       219.938       329.906       439.875    
   549.844       659.812       769.781       879.750       989.719    
          ... 
   3519.00    

 Warning in ReadSzRz : Receiver below or too near the bottom bdry has been moved up

 __________________________________________________________________________

 Number of Receiver ranges, Rr =          201
 Receiver ranges, Rr (km)
   0.00000      0.260000      0.520000      0.780000       1.04000    
   1.30000       1.56000       1.82000       2.08000       2.34000    
          ... 
   52.0000    


 Ray trace run
 Geometric hat beams in Cartesian coordinates
 Point source (cylindrical coordinates)
 Rectilinear receiver grid: Receivers at Rr( : ) x Rz( : )
 __________________________________________________________________________

 Number of beams in elevation   =           20
 Beam take-off angles (degrees)
  -19.5000      -17.4474      -15.3947      -13.3421      -11.2895    
  -9.23684      -7.18421      -5.13158      -3.07895      -1.02632    
          ... 
   19.5000    

 __________________________________________________________________________


 Step length,       deltas =   0.000     m

 Maximum ray depth, Box%z  =   3519.     m
 Maximum ray range, Box%r  =   50.00    km
 No beam shift in effect


 Step length,       deltas =   266.9     m (automatically selected)

Tracing beam       1    -19.50
Tracing beam       2    -17.45
Tracing beam       3    -15.39
Tracing beam       4    -13.34
Tracing beam       5    -11.29
Tracing beam       6     -9.24
Tracing beam       7     -7.18
Tracing beam       8     -5.13
Tracing beam       9     -3.08
Tracing beam      10     -1.03
Tracing beam      11      1.03
Tracing beam      12      3.08
Tracing beam      13      5.13
Tracing beam      14      7.18
Tracing beam      15      9.24
Tracing beam      16     11.29
Tracing beam      17     13.34
Tracing beam      18     15.39
Tracing beam      19     17.45
Tracing beam      20     19.50
Tracing beam       1    -19.50
Tracing beam       2    -17.45
Tracing beam       3    -15.39
Tracing beam       4    -13.34
Tracing beam       5    -11.29
Tracing beam       6     -9.24
Tracing beam       7     -7.18
Tracing beam       8     -5.13
Tracing beam       9     -3.08
Tracing beam      10     -1.03
Tracing beam      11      1.03
Tracing beam      12      3.08
Tracing beam      13      5.13
Tracing beam      14      7.18
Tracing beam      15      9.24
Tracing beam      16     11.29
Tracing beam      17     13.34
Tracing beam      18     15.39
Tracing beam      19     17.45
Tracing beam      20     19.50

 CPU Time =       0.156E-01s
