 BELLHOP/BELLHOP3D

 BELLHOP- Polar Ocean Environment SHD Mode                                       
 frequency =   706.0     Hz

 Dummy parameter NMedia =            1

     Spline approximation to SSP
     Attenuation units: dB/mkHz
     VACUUM

 Depth =    2669.00 m

 Sound speed profile:
   z (m)     alphaR (m/s)   betaR  rho (g/cm^3)  alphaI     betaI

      0.00      1467.86      0.00     1.00       0.0000    0.0000
     78.50      1462.45      0.00     1.00       0.0000    0.0000
    157.00      1467.34      0.00     1.00       0.0000    0.0000
    235.50      1464.55      0.00     1.00       0.0000    0.0000
    314.00      1460.38      0.00     1.00       0.0000    0.0000
    392.50      1460.00      0.00     1.00       0.0000    0.0000
    471.00      1460.00      0.00     1.00       0.0000    0.0000
    549.50      1460.00      0.00     1.00       0.0000    0.0000
    628.00      1460.00      0.00     1.00       0.0000    0.0000
    706.50      1460.00      0.00     1.00       0.0000    0.0000
    785.00      1460.00      0.00     1.00       0.0000    0.0000
    863.50      1460.00      0.00     1.00       0.0000    0.0000
    942.00      1460.00      0.00     1.00       0.0000    0.0000
   1020.50      1460.00      0.00     1.00       0.0000    0.0000
   1099.00      1460.00      0.00     1.00       0.0000    0.0000
   1177.50      1460.00      0.00     1.00       0.0000    0.0000
   1256.00      1460.00      0.00     1.00       0.0000    0.0000
   1334.50      1460.00      0.00     1.00       0.0000    0.0000
   1413.00      1460.00      0.00     1.00       0.0000    0.0000
   1491.50      1460.00      0.00     1.00       0.0000    0.0000
   1570.00      1460.00      0.00     1.00       0.0000    0.0000
   1648.50      1460.00      0.00     1.00       0.0000    0.0000
   1727.00      1460.00      0.00     1.00       0.0000    0.0000
   1805.50      1464.44      0.00     1.00       0.0000    0.0000
   1884.00      1463.00      0.00     1.00       0.0000    0.0000
   1962.50      1463.79      0.00     1.00       0.0000    0.0000
   2041.00      1467.65      0.00     1.00       0.0000    0.0000
   2119.50      1467.30      0.00     1.00       0.0000    0.0000
   2198.00      1466.43      0.00     1.00       0.0000    0.0000
   2276.50      1468.49      0.00     1.00       0.0000    0.0000
   2355.00      1469.19      0.00     1.00       0.0000    0.0000
   2433.50      1472.43      0.00     1.00       0.0000    0.0000
   2512.00      1471.02      0.00     1.00       0.0000    0.0000
   2590.50      1470.11      0.00     1.00       0.0000    0.0000
   2669.00      1470.47      0.00     1.00       0.0000    0.0000

                                 ( RMS roughness =   0.00     )
     ACOUSTO-ELASTIC half-space
   2869.00      1600.00      0.00     1.80       0.0000    0.0000

 __________________________________________________________________________

 Number of Source   depths, Sz =            1
 Source   depths, Sz (m)
   141.600    


 __________________________________________________________________________

 Number of Receiver depths, Rz =           83
 Receiver depths, Rz (m)
   0.00000       42.9146       85.8293       128.744       171.659    
   214.573       257.488       300.402       343.317       386.232    
          ... 
   3519.00    

 Warning in ReadSzRz : Receiver below or too near the bottom bdry has been moved up

 __________________________________________________________________________

 Number of Receiver ranges, Rr =          201
 Receiver ranges, Rr (km)
   0.00000      0.242000      0.484000      0.726000      0.968000    
   1.21000       1.45200       1.69400       1.93600       2.17800    
          ... 
   48.4000    


 Coherent TL calculation
 Geometric hat beams in Cartesian coordinates
 Point source (cylindrical coordinates)
 Rectilinear receiver grid: Receivers at Rr( : ) x Rz( : )
 __________________________________________________________________________

 Number of beams in elevation   =         6834
 Beam take-off angles (degrees)
  -79.1000      -79.0774      -79.0549      -79.0323      -79.0098    
  -78.9872      -78.9647      -78.9421      -78.9196      -78.8970    
          ... 
   75.0000    

 __________________________________________________________________________


 Step length,       deltas =   0.000     m

 Maximum ray depth, Box%z  =   3519.     m
 Maximum ray range, Box%r  =   50.00    km
 No beam shift in effect


 Step length,       deltas =   266.9     m (automatically selected)

Tracing beam       1    -79.10

 Geometric hat beams                     
 halfwidth  =    1680.0625368900999     
 epsilonOpt =  (  0.0000000000000000     ,  6260448816.5965433     )
 EpsMult    =    1.0000000000000000     

Tracing beam     137    -76.03
Tracing beam     273    -72.97
Tracing beam     409    -69.90
Tracing beam     545    -66.83
Tracing beam     681    -63.76
Tracing beam     817    -60.70
Tracing beam     953    -57.63
Tracing beam    1089    -54.56
Tracing beam    1225    -51.50
Tracing beam    1361    -48.43
Tracing beam    1497    -45.36
Tracing beam    1633    -42.29
Tracing beam    1769    -39.23
Tracing beam    1905    -36.16
Tracing beam    2041    -33.09
Tracing beam    2177    -30.03
Tracing beam    2313    -26.96
Tracing beam    2449    -23.89
Tracing beam    2585    -20.82
Tracing beam    2721    -17.76
Tracing beam    2857    -14.69
Tracing beam    2993    -11.62
Tracing beam    3129     -8.56
Tracing beam    3265     -5.49
Tracing beam    3401     -2.42
Tracing beam    3537      0.65
Tracing beam    3673      3.71
Tracing beam    3809      6.78
Tracing beam    3945      9.85
Tracing beam    4081     12.91
Tracing beam    4217     15.98
Tracing beam    4353     19.05
Tracing beam    4489     22.11
Tracing beam    4625     25.18
Tracing beam    4761     28.25
Tracing beam    4897     31.32
Tracing beam    5033     34.38
Tracing beam    5169     37.45
Tracing beam    5305     40.52
Tracing beam    5441     43.58
Tracing beam    5577     46.65
Tracing beam    5713     49.72
Tracing beam    5849     52.79
Tracing beam    5985     55.85
Tracing beam    6121     58.92
Tracing beam    6257     61.99
Tracing beam    6393     65.05
Tracing beam    6529     68.12
Tracing beam    6665     71.19
Tracing beam    6801     74.26

 CPU Time =       0.672    s
