 BELLHOP/BELLHOP3D

 BELLHOP- Polar Ocean Environment ARR Mode                                       
 frequency =   706.0     Hz

 Dummy parameter NMedia =            1

     Spline approximation to SSP
     Attenuation units: dB/mkHz
     VACUUM

 Depth =    2669.00 m

 Sound speed profile:
   z (m)     alphaR (m/s)   betaR  rho (g/cm^3)  alphaI     betaI

      0.00      1467.86      0.00     1.00       0.0000    0.0000
     78.50      1462.45      0.00     1.00       0.0000    0.0000
    157.00      1467.34      0.00     1.00       0.0000    0.0000
    235.50      1464.55      0.00     1.00       0.0000    0.0000
    314.00      1460.38      0.00     1.00       0.0000    0.0000
    392.50      1460.00      0.00     1.00       0.0000    0.0000
    471.00      1460.00      0.00     1.00       0.0000    0.0000
    549.50      1460.00      0.00     1.00       0.0000    0.0000
    628.00      1460.00      0.00     1.00       0.0000    0.0000
    706.50      1460.00      0.00     1.00       0.0000    0.0000
    785.00      1460.00      0.00     1.00       0.0000    0.0000
    863.50      1460.00      0.00     1.00       0.0000    0.0000
    942.00      1460.00      0.00     1.00       0.0000    0.0000
   1020.50      1460.00      0.00     1.00       0.0000    0.0000
   1099.00      1460.00      0.00     1.00       0.0000    0.0000
   1177.50      1460.00      0.00     1.00       0.0000    0.0000
   1256.00      1460.00      0.00     1.00       0.0000    0.0000
   1334.50      1460.00      0.00     1.00       0.0000    0.0000
   1413.00      1460.00      0.00     1.00       0.0000    0.0000
   1491.50      1460.00      0.00     1.00       0.0000    0.0000
   1570.00      1460.00      0.00     1.00       0.0000    0.0000
   1648.50      1460.00      0.00     1.00       0.0000    0.0000
   1727.00      1460.00      0.00     1.00       0.0000    0.0000
   1805.50      1464.44      0.00     1.00       0.0000    0.0000
   1884.00      1463.00      0.00     1.00       0.0000    0.0000
   1962.50      1463.79      0.00     1.00       0.0000    0.0000
   2041.00      1467.65      0.00     1.00       0.0000    0.0000
   2119.50      1467.30      0.00     1.00       0.0000    0.0000
   2198.00      1466.43      0.00     1.00       0.0000    0.0000
   2276.50      1468.49      0.00     1.00       0.0000    0.0000
   2355.00      1469.19      0.00     1.00       0.0000    0.0000
   2433.50      1472.43      0.00     1.00       0.0000    0.0000
   2512.00      1471.02      0.00     1.00       0.0000    0.0000
   2590.50      1470.11      0.00     1.00       0.0000    0.0000
   2669.00      1470.47      0.00     1.00       0.0000    0.0000

                                 ( RMS roughness =   0.00     )
     ACOUSTO-ELASTIC half-space
   2869.00      1600.00      0.00     1.80       0.0000    0.0000

 __________________________________________________________________________

 Number of Source   depths, Sz =            3
 Source   depths, Sz (m)
   123.500       206.500       262.400    


 __________________________________________________________________________

 Number of Receiver depths, Rz =           36
 Receiver depths, Rz (m)
   0.00000       100.543       201.086       301.629       402.171    
   502.714       603.257       703.800       804.343       904.886    
          ... 
   3519.00    

 Warning in ReadSzRz : Receiver below or too near the bottom bdry has been moved up

 __________________________________________________________________________

 Number of Receiver ranges, Rr =          201
 Receiver ranges, Rr (km)
   0.00000      0.294500      0.589000      0.883500       1.17800    
   1.47250       1.76700       2.06150       2.35600       2.65050    
          ... 
   58.9000    


 Arrivals calculation, ASCII  file output
 Geometric hat beams in Cartesian coordinates
 Point source (cylindrical coordinates)
 Rectilinear receiver grid: Receivers at Rr( : ) x Rz( : )
 __________________________________________________________________________

 Number of beams in elevation   =           27
 Beam take-off angles (degrees)
  -15.3000      -14.1231      -12.9462      -11.7692      -10.5923    
  -9.41538      -8.23846      -7.06154      -5.88462      -4.70769    
          ... 
   15.3000    

 __________________________________________________________________________


 Step length,       deltas =   0.000     m

 Maximum ray depth, Box%z  =   3519.     m
 Maximum ray range, Box%r  =   50.00    km
 No beam shift in effect


 Step length,       deltas =   266.9     m (automatically selected)

 ( Maximum # of arrivals =         2763 )

Tracing beam       1    -15.30

 Geometric hat beams                     
 halfwidth  =    32.167912241385118     
 epsilonOpt =  (  0.0000000000000000     ,  2295093.1898628487     )
 EpsMult    =    1.0000000000000000     

Tracing beam       2    -14.12
Tracing beam       3    -12.95
Tracing beam       4    -11.77
Tracing beam       5    -10.59
Tracing beam       6     -9.42
Tracing beam       7     -8.24
Tracing beam       8     -7.06
Tracing beam       9     -5.88
Tracing beam      10     -4.71
Tracing beam      11     -3.53
Tracing beam      12     -2.35
Tracing beam      13     -1.18
Tracing beam      14      0.00
Tracing beam      15      1.18
Tracing beam      16      2.35
Tracing beam      17      3.53
Tracing beam      18      4.71
Tracing beam      19      5.88
Tracing beam      20      7.06
Tracing beam      21      8.24
Tracing beam      22      9.42
Tracing beam      23     10.59
Tracing beam      24     11.77
Tracing beam      25     12.95
Tracing beam      26     14.12
Tracing beam      27     15.30
Tracing beam       1    -15.30
Tracing beam       2    -14.12
Tracing beam       3    -12.95
Tracing beam       4    -11.77
Tracing beam       5    -10.59
Tracing beam       6     -9.42
Tracing beam       7     -8.24
Tracing beam       8     -7.06
Tracing beam       9     -5.88
Tracing beam      10     -4.71
Tracing beam      11     -3.53
Tracing beam      12     -2.35
Tracing beam      13     -1.18
Tracing beam      14      0.00
Tracing beam      15      1.18
Tracing beam      16      2.35
Tracing beam      17      3.53
Tracing beam      18      4.71
Tracing beam      19      5.88
Tracing beam      20      7.06
Tracing beam      21      8.24
Tracing beam      22      9.42
Tracing beam      23     10.59
Tracing beam      24     11.77
Tracing beam      25     12.95
Tracing beam      26     14.12
Tracing beam      27     15.30
Tracing beam       1    -15.30
Tracing beam       2    -14.12
Tracing beam       3    -12.95
Tracing beam       4    -11.77
Tracing beam       5    -10.59
Tracing beam       6     -9.42
Tracing beam       7     -8.24
Tracing beam       8     -7.06
Tracing beam       9     -5.88
Tracing beam      10     -4.71
Tracing beam      11     -3.53
Tracing beam      12     -2.35
Tracing beam      13     -1.18
Tracing beam      14      0.00
Tracing beam      15      1.18
Tracing beam      16      2.35
Tracing beam      17      3.53
Tracing beam      18      4.71
Tracing beam      19      5.88
Tracing beam      20      7.06
Tracing beam      21      8.24
Tracing beam      22      9.42
Tracing beam      23     10.59
Tracing beam      24     11.77
Tracing beam      25     12.95
Tracing beam      26     14.12
Tracing beam      27     15.30

 CPU Time =       0.328    s
