 BELLHOP/BELLHOP3D

 BELLHOP- Continental Shelf Environment RAY Mode                                 
 frequency =   1206.     Hz

 Dummy parameter NMedia =            1

     Spline approximation to SSP
     Attenuation units: dB/mkHz
     VACUUM

 Depth =     954.30 m

 Sound speed profile:
   z (m)     alphaR (m/s)   betaR  rho (g/cm^3)  alphaI     betaI

      0.00      1501.14      0.00     1.00       0.0000    0.0000
     38.20      1501.32      0.00     1.00       0.0000    0.0000
     76.30      1498.96      0.00     1.00       0.0000    0.0000
    114.50      1503.08      0.00     1.00       0.0000    0.0000
    152.70      1500.95      0.00     1.00       0.0000    0.0000
    190.90      1497.08      0.00     1.00       0.0000    0.0000
    229.00      1498.11      0.00     1.00       0.0000    0.0000
    267.20      1496.86      0.00     1.00       0.0000    0.0000
    305.40      1496.92      0.00     1.00       0.0000    0.0000
    343.60      1493.61      0.00     1.00       0.0000    0.0000
    381.70      1495.89      0.00     1.00       0.0000    0.0000
    419.90      1489.27      0.00     1.00       0.0000    0.0000
    458.10      1492.91      0.00     1.00       0.0000    0.0000
    496.20      1489.47      0.00     1.00       0.0000    0.0000
    534.40      1490.01      0.00     1.00       0.0000    0.0000
    572.60      1487.82      0.00     1.00       0.0000    0.0000
    610.80      1488.45      0.00     1.00       0.0000    0.0000
    648.90      1485.27      0.00     1.00       0.0000    0.0000
    687.10      1483.39      0.00     1.00       0.0000    0.0000
    725.30      1486.43      0.00     1.00       0.0000    0.0000
    763.40      1483.47      0.00     1.00       0.0000    0.0000
    801.60      1483.39      0.00     1.00       0.0000    0.0000
    839.80      1484.41      0.00     1.00       0.0000    0.0000
    878.00      1480.60      0.00     1.00       0.0000    0.0000
    916.10      1482.72      0.00     1.00       0.0000    0.0000
    954.30      1480.71      0.00     1.00       0.0000    0.0000

                                 ( RMS roughness =   0.00     )
     ACOUSTO-ELASTIC half-space
   1154.30      1600.00      0.00     1.80       0.0000    0.0000

 __________________________________________________________________________

 Number of Source   depths, Sz =            1
 Source   depths, Sz (m)
   93.8000    


 __________________________________________________________________________

 Number of Receiver depths, Rz =           38
 Receiver depths, Rz (m)
   0.00000       48.7649       97.5297       146.295       195.059    
   243.824       292.589       341.354       390.119       438.884    
          ... 
   1804.30    

 Warning in ReadSzRz : Receiver below or too near the bottom bdry has been moved up

 __________________________________________________________________________

 Number of Receiver ranges, Rr =          201
 Receiver ranges, Rr (km)
   0.00000      0.224500      0.449000      0.673500      0.898000    
   1.12250       1.34700       1.57150       1.79600       2.02050    
          ... 
   44.9000    


 Ray trace run
 Geometric hat beams in Cartesian coordinates
 Point source (cylindrical coordinates)
 Rectilinear receiver grid: Receivers at Rr( : ) x Rz( : )
 __________________________________________________________________________

 Number of beams in elevation   =           32
 Beam take-off angles (degrees)
  -23.9000      -22.3581      -20.8161      -19.2742      -17.7323    
  -16.1903      -14.6484      -13.1065      -11.5645      -10.0226    
          ... 
   23.9000    

 __________________________________________________________________________


 Step length,       deltas =   0.000     m

 Maximum ray depth, Box%z  =   1804.     m
 Maximum ray range, Box%r  =   50.00    km
 No beam shift in effect


 Step length,       deltas =   95.43     m (automatically selected)

Tracing beam       1    -23.90
Tracing beam       2    -22.36
Tracing beam       3    -20.82
Tracing beam       4    -19.27
Tracing beam       5    -17.73
Tracing beam       6    -16.19
Tracing beam       7    -14.65
Tracing beam       8    -13.11
Tracing beam       9    -11.56
Tracing beam      10    -10.02
Tracing beam      11     -8.48
Tracing beam      12     -6.94
Tracing beam      13     -5.40
Tracing beam      14     -3.85
Tracing beam      15     -2.31
Tracing beam      16     -0.77
Tracing beam      17      0.77
Tracing beam      18      2.31
Tracing beam      19      3.85
Tracing beam      20      5.40
Tracing beam      21      6.94
Tracing beam      22      8.48
Tracing beam      23     10.02
Tracing beam      24     11.56
Tracing beam      25     13.11
Tracing beam      26     14.65
Tracing beam      27     16.19
Tracing beam      28     17.73
Tracing beam      29     19.27
Tracing beam      30     20.82
Tracing beam      31     22.36
Tracing beam      32     23.90

 CPU Time =       0.469E-01s
