 BELLHOP/BELLHOP3D

 BELLHOP- Continental Shelf Environment SHD Mode                                 
 frequency =   1206.     Hz

 Dummy parameter NMedia =            1

     Spline approximation to SSP
     Attenuation units: dB/mkHz
     VACUUM

 Depth =     954.30 m

 Sound speed profile:
   z (m)     alphaR (m/s)   betaR  rho (g/cm^3)  alphaI     betaI

      0.00      1501.14      0.00     1.00       0.0000    0.0000
     38.20      1501.32      0.00     1.00       0.0000    0.0000
     76.30      1498.96      0.00     1.00       0.0000    0.0000
    114.50      1503.08      0.00     1.00       0.0000    0.0000
    152.70      1500.95      0.00     1.00       0.0000    0.0000
    190.90      1497.08      0.00     1.00       0.0000    0.0000
    229.00      1498.11      0.00     1.00       0.0000    0.0000
    267.20      1496.86      0.00     1.00       0.0000    0.0000
    305.40      1496.92      0.00     1.00       0.0000    0.0000
    343.60      1493.61      0.00     1.00       0.0000    0.0000
    381.70      1495.89      0.00     1.00       0.0000    0.0000
    419.90      1489.27      0.00     1.00       0.0000    0.0000
    458.10      1492.91      0.00     1.00       0.0000    0.0000
    496.20      1489.47      0.00     1.00       0.0000    0.0000
    534.40      1490.01      0.00     1.00       0.0000    0.0000
    572.60      1487.82      0.00     1.00       0.0000    0.0000
    610.80      1488.45      0.00     1.00       0.0000    0.0000
    648.90      1485.27      0.00     1.00       0.0000    0.0000
    687.10      1483.39      0.00     1.00       0.0000    0.0000
    725.30      1486.43      0.00     1.00       0.0000    0.0000
    763.40      1483.47      0.00     1.00       0.0000    0.0000
    801.60      1483.39      0.00     1.00       0.0000    0.0000
    839.80      1484.41      0.00     1.00       0.0000    0.0000
    878.00      1480.60      0.00     1.00       0.0000    0.0000
    916.10      1482.72      0.00     1.00       0.0000    0.0000
    954.30      1480.71      0.00     1.00       0.0000    0.0000

                                 ( RMS roughness =   0.00     )
     ACOUSTO-ELASTIC half-space
   1154.30      1600.00      0.00     1.80       0.0000    0.0000

 __________________________________________________________________________

 Number of Source   depths, Sz =            1
 Source   depths, Sz (m)
   72.8000    


 __________________________________________________________________________

 Number of Receiver depths, Rz =           91
 Receiver depths, Rz (m)
   0.00000       20.0478       40.0956       60.1433       80.1911    
   100.239       120.287       140.334       160.382       180.430    
          ... 
   1804.30    

 Warning in ReadSzRz : Receiver below or too near the bottom bdry has been moved up

 __________________________________________________________________________

 Number of Receiver ranges, Rr =          201
 Receiver ranges, Rr (km)
   0.00000      0.235500      0.471000      0.706500      0.942000    
   1.17750       1.41300       1.64850       1.88400       2.11950    
          ... 
   47.1000    


 Coherent TL calculation
 Geometric hat beams in Cartesian coordinates
 Point source (cylindrical coordinates)
 Rectilinear receiver grid: Receivers at Rr( : ) x Rz( : )
 __________________________________________________________________________

 Number of beams in elevation   =        11360
 Beam take-off angles (degrees)
  -78.0000      -77.9858      -77.9716      -77.9574      -77.9432    
  -77.9290      -77.9148      -77.9006      -77.8864      -77.8722    
          ... 
   83.3000    

 __________________________________________________________________________


 Step length,       deltas =   0.000     m

 Maximum ray depth, Box%z  =   1804.     m
 Maximum ray range, Box%r  =   50.00    km
 No beam shift in effect


 Step length,       deltas =   95.43     m (automatically selected)

Tracing beam       1    -78.00

 Geometric hat beams                     
 halfwidth  =    1596.2186215269046     
 epsilonOpt =  (  0.0000000000000000     ,  9653436107.2378159     )
 EpsMult    =    1.0000000000000000     

Tracing beam     228    -74.78
Tracing beam     455    -71.55
Tracing beam     682    -68.33
Tracing beam     909    -65.11
Tracing beam    1136    -61.88
Tracing beam    1363    -58.66
Tracing beam    1590    -55.44
Tracing beam    1817    -52.21
Tracing beam    2044    -48.99
Tracing beam    2271    -45.77
Tracing beam    2498    -42.54
Tracing beam    2725    -39.32
Tracing beam    2952    -36.10
Tracing beam    3179    -32.87
Tracing beam    3406    -29.65
Tracing beam    3633    -26.42
Tracing beam    3860    -23.20
Tracing beam    4087    -19.98
Tracing beam    4314    -16.75
Tracing beam    4541    -13.53
Tracing beam    4768    -10.31
Tracing beam    4995     -7.08
Tracing beam    5222     -3.86
Tracing beam    5449     -0.64
Tracing beam    5676      2.59
Tracing beam    5903      5.81
Tracing beam    6130      9.03
Tracing beam    6357     12.26
Tracing beam    6584     15.48
Tracing beam    6811     18.70
Tracing beam    7038     21.93
Tracing beam    7265     25.15
Tracing beam    7492     28.37
Tracing beam    7719     31.60
Tracing beam    7946     34.82
Tracing beam    8173     38.04
Tracing beam    8400     41.27
Tracing beam    8627     44.49
Tracing beam    8854     47.71
Tracing beam    9081     50.94
Tracing beam    9308     54.16
Tracing beam    9535     57.38
Tracing beam    9762     60.61
Tracing beam    9989     63.83
Tracing beam   10216     67.05
Tracing beam   10443     70.28
Tracing beam   10670     73.50
Tracing beam   10897     76.73
Tracing beam   11124     79.95
Tracing beam   11351     83.17

 CPU Time =        1.25    s
