 BELLHOP/BELLHOP3D

 BELLHOP- Continental Shelf Environment ARR Mode                                 
 frequency =   1206.     Hz

 Dummy parameter NMedia =            1

     Spline approximation to SSP
     Attenuation units: dB/mkHz
     VACUUM

 Depth =     954.30 m

 Sound speed profile:
   z (m)     alphaR (m/s)   betaR  rho (g/cm^3)  alphaI     betaI

      0.00      1501.14      0.00     1.00       0.0000    0.0000
     38.20      1501.32      0.00     1.00       0.0000    0.0000
     76.30      1498.96      0.00     1.00       0.0000    0.0000
    114.50      1503.08      0.00     1.00       0.0000    0.0000
    152.70      1500.95      0.00     1.00       0.0000    0.0000
    190.90      1497.08      0.00     1.00       0.0000    0.0000
    229.00      1498.11      0.00     1.00       0.0000    0.0000
    267.20      1496.86      0.00     1.00       0.0000    0.0000
    305.40      1496.92      0.00     1.00       0.0000    0.0000
    343.60      1493.61      0.00     1.00       0.0000    0.0000
    381.70      1495.89      0.00     1.00       0.0000    0.0000
    419.90      1489.27      0.00     1.00       0.0000    0.0000
    458.10      1492.91      0.00     1.00       0.0000    0.0000
    496.20      1489.47      0.00     1.00       0.0000    0.0000
    534.40      1490.01      0.00     1.00       0.0000    0.0000
    572.60      1487.82      0.00     1.00       0.0000    0.0000
    610.80      1488.45      0.00     1.00       0.0000    0.0000
    648.90      1485.27      0.00     1.00       0.0000    0.0000
    687.10      1483.39      0.00     1.00       0.0000    0.0000
    725.30      1486.43      0.00     1.00       0.0000    0.0000
    763.40      1483.47      0.00     1.00       0.0000    0.0000
    801.60      1483.39      0.00     1.00       0.0000    0.0000
    839.80      1484.41      0.00     1.00       0.0000    0.0000
    878.00      1480.60      0.00     1.00       0.0000    0.0000
    916.10      1482.72      0.00     1.00       0.0000    0.0000
    954.30      1480.71      0.00     1.00       0.0000    0.0000

                                 ( RMS roughness =   0.00     )
     ACOUSTO-ELASTIC half-space
   1154.30      1600.00      0.00     1.80       0.0000    0.0000

 __________________________________________________________________________

 Number of Source   depths, Sz =            2
 Source   depths, Sz (m)
   131.800       293.700    


 __________________________________________________________________________

 Number of Receiver depths, Rz =           44
 Receiver depths, Rz (m)
   0.00000       41.9605       83.9209       125.881       167.842    
   209.802       251.763       293.723       335.684       377.644    
          ... 
   1804.30    

 Warning in ReadSzRz : Receiver below or too near the bottom bdry has been moved up

 __________________________________________________________________________

 Number of Receiver ranges, Rr =          201
 Receiver ranges, Rr (km)
   0.00000      0.240000      0.480000      0.720000      0.960000    
   1.20000       1.44000       1.68000       1.92000       2.16000    
          ... 
   48.0000    


 Arrivals calculation, ASCII  file output
 Geometric hat beams in Cartesian coordinates
 Point source (cylindrical coordinates)
 Rectilinear receiver grid: Receivers at Rr( : ) x Rz( : )
 __________________________________________________________________________

 Number of beams in elevation   =           24
 Beam take-off angles (degrees)
  -22.0000      -20.0870      -18.1739      -16.2609      -14.3478    
  -12.4348      -10.5217      -8.60870      -6.69565      -4.78261    
          ... 
   22.0000    

 __________________________________________________________________________


 Step length,       deltas =   0.000     m

 Maximum ray depth, Box%z  =   1804.     m
 Maximum ray range, Box%r  =   50.00    km
 No beam shift in effect


 Step length,       deltas =   95.43     m (automatically selected)

 ( Maximum # of arrivals =         2261 )

Tracing beam       1    -22.00

 Geometric hat beams                     
 halfwidth  =    11.881309736348715     
 epsilonOpt =  (  0.0000000000000000     ,  534842.38403224899     )
 EpsMult    =    1.0000000000000000     

Tracing beam       2    -20.09
Tracing beam       3    -18.17
Tracing beam       4    -16.26
Tracing beam       5    -14.35
Tracing beam       6    -12.43
Tracing beam       7    -10.52
Tracing beam       8     -8.61
Tracing beam       9     -6.70
Tracing beam      10     -4.78
Tracing beam      11     -2.87
Tracing beam      12     -0.96
Tracing beam      13      0.96
Tracing beam      14      2.87
Tracing beam      15      4.78
Tracing beam      16      6.70
Tracing beam      17      8.61
Tracing beam      18     10.52
Tracing beam      19     12.43
Tracing beam      20     14.35
Tracing beam      21     16.26
Tracing beam      22     18.17
Tracing beam      23     20.09
Tracing beam      24     22.00
Tracing beam       1    -22.00
Tracing beam       2    -20.09
Tracing beam       3    -18.17
Tracing beam       4    -16.26
Tracing beam       5    -14.35
Tracing beam       6    -12.43
Tracing beam       7    -10.52
Tracing beam       8     -8.61
Tracing beam       9     -6.70
Tracing beam      10     -4.78
Tracing beam      11     -2.87
Tracing beam      12     -0.96
Tracing beam      13      0.96
Tracing beam      14      2.87
Tracing beam      15      4.78
Tracing beam      16      6.70
Tracing beam      17      8.61
Tracing beam      18     10.52
Tracing beam      19     12.43
Tracing beam      20     14.35
Tracing beam      21     16.26
Tracing beam      22     18.17
Tracing beam      23     20.09
Tracing beam      24     22.00

 CPU Time =       0.594    s
