 BELLHOP/BELLHOP3D

 BELLHOP- Mixed Layer Environment ARR Mode                                       
 frequency =   1052.     Hz

 Dummy parameter NMedia =            1

     Spline approximation to SSP
     Attenuation units: dB/mkHz
     VACUUM

 Depth =    1574.80 m

 Sound speed profile:
   z (m)     alphaR (m/s)   betaR  rho (g/cm^3)  alphaI     betaI

      0.00      1513.28      0.00     1.00       0.0000    0.0000
     41.40      1511.91      0.00     1.00       0.0000    0.0000
     82.90      1508.72      0.00     1.00       0.0000    0.0000
    124.30      1509.56      0.00     1.00       0.0000    0.0000
    165.80      1510.05      0.00     1.00       0.0000    0.0000
    207.20      1510.28      0.00     1.00       0.0000    0.0000
    248.70      1507.06      0.00     1.00       0.0000    0.0000
    290.10      1505.57      0.00     1.00       0.0000    0.0000
    331.50      1505.90      0.00     1.00       0.0000    0.0000
    373.00      1501.87      0.00     1.00       0.0000    0.0000
    414.40      1499.18      0.00     1.00       0.0000    0.0000
    455.90      1499.88      0.00     1.00       0.0000    0.0000
    497.30      1498.07      0.00     1.00       0.0000    0.0000
    538.70      1496.09      0.00     1.00       0.0000    0.0000
    580.20      1496.10      0.00     1.00       0.0000    0.0000
    621.60      1496.00      0.00     1.00       0.0000    0.0000
    663.10      1494.22      0.00     1.00       0.0000    0.0000
    704.50      1493.76      0.00     1.00       0.0000    0.0000
    746.00      1495.18      0.00     1.00       0.0000    0.0000
    787.40      1491.20      0.00     1.00       0.0000    0.0000
    828.80      1491.48      0.00     1.00       0.0000    0.0000
    870.30      1489.75      0.00     1.00       0.0000    0.0000
    911.70      1488.79      0.00     1.00       0.0000    0.0000
    953.20      1488.84      0.00     1.00       0.0000    0.0000
    994.60      1488.75      0.00     1.00       0.0000    0.0000
   1036.10      1491.74      0.00     1.00       0.0000    0.0000
   1077.50      1495.44      0.00     1.00       0.0000    0.0000
   1118.90      1491.57      0.00     1.00       0.0000    0.0000
   1160.40      1492.73      0.00     1.00       0.0000    0.0000
   1201.80      1493.98      0.00     1.00       0.0000    0.0000
   1243.30      1495.39      0.00     1.00       0.0000    0.0000
   1284.70      1495.91      0.00     1.00       0.0000    0.0000
   1326.10      1498.16      0.00     1.00       0.0000    0.0000
   1367.60      1493.31      0.00     1.00       0.0000    0.0000
   1409.00      1494.09      0.00     1.00       0.0000    0.0000
   1450.50      1497.65      0.00     1.00       0.0000    0.0000
   1491.90      1500.75      0.00     1.00       0.0000    0.0000
   1533.40      1497.48      0.00     1.00       0.0000    0.0000
   1574.80      1496.03      0.00     1.00       0.0000    0.0000

                                 ( RMS roughness =   0.00     )
     ACOUSTO-ELASTIC half-space
   1774.80      1600.00      0.00     1.80       0.0000    0.0000

 __________________________________________________________________________

 Number of Source   depths, Sz =            2
 Source   depths, Sz (m)
   52.3000       186.200    


 __________________________________________________________________________

 Number of Receiver depths, Rz =           34
 Receiver depths, Rz (m)
   0.00000       73.4788       146.958       220.436       293.915    
   367.394       440.873       514.352       587.830       661.309    
          ... 
   2424.80    

 Warning in ReadSzRz : Receiver below or too near the bottom bdry has been moved up

 __________________________________________________________________________

 Number of Receiver ranges, Rr =          201
 Receiver ranges, Rr (km)
   0.00000      0.232500      0.465000      0.697500      0.930000    
   1.16250       1.39500       1.62750       1.86000       2.09250    
          ... 
   46.5000    


 Arrivals calculation, ASCII  file output
 Geometric hat beams in Cartesian coordinates
 Point source (cylindrical coordinates)
 Rectilinear receiver grid: Receivers at Rr( : ) x Rz( : )
 __________________________________________________________________________

 Number of beams in elevation   =           37
 Beam take-off angles (degrees)
  -12.3000      -11.6167      -10.9333      -10.2500      -9.56667    
  -8.88333      -8.20000      -7.51667      -6.83333      -6.15000    
          ... 
   12.3000    

 __________________________________________________________________________


 Step length,       deltas =   0.000     m

 Maximum ray depth, Box%z  =   2425.     m
 Maximum ray range, Box%r  =   50.00    km
 No beam shift in effect


 Step length,       deltas =   157.5     m (automatically selected)

 ( Maximum # of arrivals =         2926 )

Tracing beam       1    -12.30

 Geometric hat beams                     
 halfwidth  =    38.345966940223185     
 epsilonOpt =  (  0.0000000000000000     ,  4857802.3109399667     )
 EpsMult    =    1.0000000000000000     

Tracing beam       2    -11.62
Tracing beam       3    -10.93
Tracing beam       4    -10.25
Tracing beam       5     -9.57
Tracing beam       6     -8.88
Tracing beam       7     -8.20
Tracing beam       8     -7.52
Tracing beam       9     -6.83
Tracing beam      10     -6.15
Tracing beam      11     -5.47
Tracing beam      12     -4.78
Tracing beam      13     -4.10
Tracing beam      14     -3.42
Tracing beam      15     -2.73
Tracing beam      16     -2.05
Tracing beam      17     -1.37
Tracing beam      18     -0.68
Tracing beam      19      0.00
Tracing beam      20      0.68
Tracing beam      21      1.37
Tracing beam      22      2.05
Tracing beam      23      2.73
Tracing beam      24      3.42
Tracing beam      25      4.10
Tracing beam      26      4.78
Tracing beam      27      5.47
Tracing beam      28      6.15
Tracing beam      29      6.83
Tracing beam      30      7.52
Tracing beam      31      8.20
Tracing beam      32      8.88
Tracing beam      33      9.57
Tracing beam      34     10.25
Tracing beam      35     10.93
Tracing beam      36     11.62
Tracing beam      37     12.30
Tracing beam       1    -12.30
Tracing beam       2    -11.62
Tracing beam       3    -10.93
Tracing beam       4    -10.25
Tracing beam       5     -9.57
Tracing beam       6     -8.88
Tracing beam       7     -8.20
Tracing beam       8     -7.52
Tracing beam       9     -6.83
Tracing beam      10     -6.15
Tracing beam      11     -5.47
Tracing beam      12     -4.78
Tracing beam      13     -4.10
Tracing beam      14     -3.42
Tracing beam      15     -2.73
Tracing beam      16     -2.05
Tracing beam      17     -1.37
Tracing beam      18     -0.68
Tracing beam      19      0.00
Tracing beam      20      0.68
Tracing beam      21      1.37
Tracing beam      22      2.05
Tracing beam      23      2.73
Tracing beam      24      3.42
Tracing beam      25      4.10
Tracing beam      26      4.78
Tracing beam      27      5.47
Tracing beam      28      6.15
Tracing beam      29      6.83
Tracing beam      30      7.52
Tracing beam      31      8.20
Tracing beam      32      8.88
Tracing beam      33      9.57
Tracing beam      34     10.25
Tracing beam      35     10.93
Tracing beam      36     11.62
Tracing beam      37     12.30

 CPU Time =       0.297    s
