 BELLHOP/BELLHOP3D

 BELLHOP- Mixed Layer Environment RAY Mode                                       
 frequency =   1052.     Hz

 Dummy parameter NMedia =            1

     Spline approximation to SSP
     Attenuation units: dB/mkHz
     VACUUM

 Depth =    1574.80 m

 Sound speed profile:
   z (m)     alphaR (m/s)   betaR  rho (g/cm^3)  alphaI     betaI

      0.00      1513.28      0.00     1.00       0.0000    0.0000
     41.40      1511.91      0.00     1.00       0.0000    0.0000
     82.90      1508.72      0.00     1.00       0.0000    0.0000
    124.30      1509.56      0.00     1.00       0.0000    0.0000
    165.80      1510.05      0.00     1.00       0.0000    0.0000
    207.20      1510.28      0.00     1.00       0.0000    0.0000
    248.70      1507.06      0.00     1.00       0.0000    0.0000
    290.10      1505.57      0.00     1.00       0.0000    0.0000
    331.50      1505.90      0.00     1.00       0.0000    0.0000
    373.00      1501.87      0.00     1.00       0.0000    0.0000
    414.40      1499.18      0.00     1.00       0.0000    0.0000
    455.90      1499.88      0.00     1.00       0.0000    0.0000
    497.30      1498.07      0.00     1.00       0.0000    0.0000
    538.70      1496.09      0.00     1.00       0.0000    0.0000
    580.20      1496.10      0.00     1.00       0.0000    0.0000
    621.60      1496.00      0.00     1.00       0.0000    0.0000
    663.10      1494.22      0.00     1.00       0.0000    0.0000
    704.50      1493.76      0.00     1.00       0.0000    0.0000
    746.00      1495.18      0.00     1.00       0.0000    0.0000
    787.40      1491.20      0.00     1.00       0.0000    0.0000
    828.80      1491.48      0.00     1.00       0.0000    0.0000
    870.30      1489.75      0.00     1.00       0.0000    0.0000
    911.70      1488.79      0.00     1.00       0.0000    0.0000
    953.20      1488.84      0.00     1.00       0.0000    0.0000
    994.60      1488.75      0.00     1.00       0.0000    0.0000
   1036.10      1491.74      0.00     1.00       0.0000    0.0000
   1077.50      1495.44      0.00     1.00       0.0000    0.0000
   1118.90      1491.57      0.00     1.00       0.0000    0.0000
   1160.40      1492.73      0.00     1.00       0.0000    0.0000
   1201.80      1493.98      0.00     1.00       0.0000    0.0000
   1243.30      1495.39      0.00     1.00       0.0000    0.0000
   1284.70      1495.91      0.00     1.00       0.0000    0.0000
   1326.10      1498.16      0.00     1.00       0.0000    0.0000
   1367.60      1493.31      0.00     1.00       0.0000    0.0000
   1409.00      1494.09      0.00     1.00       0.0000    0.0000
   1450.50      1497.65      0.00     1.00       0.0000    0.0000
   1491.90      1500.75      0.00     1.00       0.0000    0.0000
   1533.40      1497.48      0.00     1.00       0.0000    0.0000
   1574.80      1496.03      0.00     1.00       0.0000    0.0000

                                 ( RMS roughness =   0.00     )
     ACOUSTO-ELASTIC half-space
   1774.80      1600.00      0.00     1.80       0.0000    0.0000

 __________________________________________________________________________

 Number of Source   depths, Sz =            1
 Source   depths, Sz (m)
   100.200    


 __________________________________________________________________________

 Number of Receiver depths, Rz =           31
 Receiver depths, Rz (m)
   0.00000       80.8267       161.653       242.480       323.307    
   404.133       484.960       565.787       646.613       727.440    
          ... 
   2424.80    

 Warning in ReadSzRz : Receiver below or too near the bottom bdry has been moved up

 __________________________________________________________________________

 Number of Receiver ranges, Rr =          201
 Receiver ranges, Rr (km)
   0.00000      0.294500      0.589000      0.883500       1.17800    
   1.47250       1.76700       2.06150       2.35600       2.65050    
          ... 
   58.9000    


 Ray trace run
 Geometric hat beams in Cartesian coordinates
 Point source (cylindrical coordinates)
 Rectilinear receiver grid: Receivers at Rr( : ) x Rz( : )
 __________________________________________________________________________

 Number of beams in elevation   =           35
 Beam take-off angles (degrees)
  -18.6000      -17.5059      -16.4118      -15.3176      -14.2235    
  -13.1294      -12.0353      -10.9412      -9.84706      -8.75294    
          ... 
   18.6000    

 __________________________________________________________________________


 Step length,       deltas =   0.000     m

 Maximum ray depth, Box%z  =   2425.     m
 Maximum ray range, Box%r  =   50.00    km
 No beam shift in effect


 Step length,       deltas =   157.5     m (automatically selected)

Tracing beam       1    -18.60
Tracing beam       2    -17.51
Tracing beam       3    -16.41
Tracing beam       4    -15.32
Tracing beam       5    -14.22
Tracing beam       6    -13.13
Tracing beam       7    -12.04
Tracing beam       8    -10.94
Tracing beam       9     -9.85
Tracing beam      10     -8.75
Tracing beam      11     -7.66
Tracing beam      12     -6.56
Tracing beam      13     -5.47
Tracing beam      14     -4.38
Tracing beam      15     -3.28
Tracing beam      16     -2.19
Tracing beam      17     -1.09
Tracing beam      18      0.00
Tracing beam      19      1.09
Tracing beam      20      2.19
Tracing beam      21      3.28
Tracing beam      22      4.38
Tracing beam      23      5.47
Tracing beam      24      6.56
Tracing beam      25      7.66
Tracing beam      26      8.75
Tracing beam      27      9.85
Tracing beam      28     10.94
Tracing beam      29     12.04
Tracing beam      30     13.13
Tracing beam      31     14.22
Tracing beam      32     15.32
Tracing beam      33     16.41
Tracing beam      34     17.51
Tracing beam      35     18.60

 CPU Time =       0.469E-01s
