 BELLHOP/BELLHOP3D

 BELLHOP- Deep Ocean Environment ARR Mode                                        
 frequency =   1075.     Hz

 Dummy parameter NMedia =            1

     Spline approximation to SSP
     Attenuation units: dB/mkHz
     VACUUM

 Depth =    4713.10 m

 Sound speed profile:
   z (m)     alphaR (m/s)   betaR  rho (g/cm^3)  alphaI     betaI

      0.00      1498.73      0.00     1.00       0.0000    0.0000
    100.30      1496.73      0.00     1.00       0.0000    0.0000
    200.60      1493.55      0.00     1.00       0.0000    0.0000
    300.80      1488.93      0.00     1.00       0.0000    0.0000
    401.10      1488.64      0.00     1.00       0.0000    0.0000
    501.40      1481.62      0.00     1.00       0.0000    0.0000
    601.70      1484.65      0.00     1.00       0.0000    0.0000
    702.00      1482.12      0.00     1.00       0.0000    0.0000
    802.20      1481.51      0.00     1.00       0.0000    0.0000
    902.50      1481.74      0.00     1.00       0.0000    0.0000
   1002.80      1480.70      0.00     1.00       0.0000    0.0000
   1103.10      1483.52      0.00     1.00       0.0000    0.0000
   1203.40      1482.68      0.00     1.00       0.0000    0.0000
   1303.60      1481.29      0.00     1.00       0.0000    0.0000
   1403.90      1482.74      0.00     1.00       0.0000    0.0000
   1504.20      1480.38      0.00     1.00       0.0000    0.0000
   1604.50      1483.09      0.00     1.00       0.0000    0.0000
   1704.80      1484.55      0.00     1.00       0.0000    0.0000
   1805.00      1486.61      0.00     1.00       0.0000    0.0000
   1905.30      1485.34      0.00     1.00       0.0000    0.0000
   2005.60      1485.27      0.00     1.00       0.0000    0.0000
   2105.90      1484.98      0.00     1.00       0.0000    0.0000
   2206.20      1487.59      0.00     1.00       0.0000    0.0000
   2306.40      1492.09      0.00     1.00       0.0000    0.0000
   2406.70      1490.24      0.00     1.00       0.0000    0.0000
   2507.00      1491.92      0.00     1.00       0.0000    0.0000
   2607.30      1489.83      0.00     1.00       0.0000    0.0000
   2707.50      1489.50      0.00     1.00       0.0000    0.0000
   2807.80      1490.70      0.00     1.00       0.0000    0.0000
   2908.10      1493.06      0.00     1.00       0.0000    0.0000
   3008.40      1490.89      0.00     1.00       0.0000    0.0000
   3108.70      1493.04      0.00     1.00       0.0000    0.0000
   3208.90      1494.35      0.00     1.00       0.0000    0.0000
   3309.20      1493.92      0.00     1.00       0.0000    0.0000
   3409.50      1493.39      0.00     1.00       0.0000    0.0000
   3509.80      1497.68      0.00     1.00       0.0000    0.0000
   3610.10      1497.99      0.00     1.00       0.0000    0.0000
   3710.30      1499.76      0.00     1.00       0.0000    0.0000
   3810.60      1497.60      0.00     1.00       0.0000    0.0000
   3910.90      1501.08      0.00     1.00       0.0000    0.0000
   4011.20      1502.91      0.00     1.00       0.0000    0.0000
   4111.50      1501.68      0.00     1.00       0.0000    0.0000
   4211.70      1501.05      0.00     1.00       0.0000    0.0000
   4312.00      1502.86      0.00     1.00       0.0000    0.0000
   4412.30      1502.33      0.00     1.00       0.0000    0.0000
   4512.60      1502.75      0.00     1.00       0.0000    0.0000
   4612.90      1505.68      0.00     1.00       0.0000    0.0000
   4713.10      1505.12      0.00     1.00       0.0000    0.0000

                                 ( RMS roughness =   0.00     )
     ACOUSTO-ELASTIC half-space
   4913.10      1600.00      0.00     1.80       0.0000    0.0000

 __________________________________________________________________________

 Number of Source   depths, Sz =            3
 Source   depths, Sz (m)
   63.9000       94.5000       108.200    


 __________________________________________________________________________

 Number of Receiver depths, Rz =           32
 Receiver depths, Rz (m)
   0.00000       179.455       358.910       538.365       717.819    
   897.274       1076.73       1256.18       1435.64       1615.09    
          ... 
   5563.10    

 Warning in ReadSzRz : Receiver below or too near the bottom bdry has been moved up

 __________________________________________________________________________

 Number of Receiver ranges, Rr =          201
 Receiver ranges, Rr (km)
   0.00000      0.212000      0.424000      0.636000      0.848000    
   1.06000       1.27200       1.48400       1.69600       1.90800    
          ... 
   42.4000    


 Arrivals calculation, ASCII  file output
 Geometric hat beams in Cartesian coordinates
 Point source (cylindrical coordinates)
 Rectilinear receiver grid: Receivers at Rr( : ) x Rz( : )
 __________________________________________________________________________

 Number of beams in elevation   =           29
 Beam take-off angles (degrees)
  -13.2000      -12.2571      -11.3143      -10.3714      -9.42857    
  -8.48571      -7.54286      -6.60000      -5.65714      -4.71429    
          ... 
   13.2000    

 __________________________________________________________________________


 Step length,       deltas =   0.000     m

 Maximum ray depth, Box%z  =   5563.     m
 Maximum ray range, Box%r  =   50.00    km
 No beam shift in effect


 Step length,       deltas =   471.3     m (automatically selected)

 ( Maximum # of arrivals =         3109 )

Tracing beam       1    -13.20

 Geometric hat beams                     
 halfwidth  =    26.935958858219813     
 epsilonOpt =  (  0.0000000000000000     ,  2451006.1365043554     )
 EpsMult    =    1.0000000000000000     

Tracing beam       2    -12.26
Tracing beam       3    -11.31
Tracing beam       4    -10.37
Tracing beam       5     -9.43
Tracing beam       6     -8.49
Tracing beam       7     -7.54
Tracing beam       8     -6.60
Tracing beam       9     -5.66
Tracing beam      10     -4.71
Tracing beam      11     -3.77
Tracing beam      12     -2.83
Tracing beam      13     -1.89
Tracing beam      14     -0.94
Tracing beam      15      0.00
Tracing beam      16      0.94
Tracing beam      17      1.89
Tracing beam      18      2.83
Tracing beam      19      3.77
Tracing beam      20      4.71
Tracing beam      21      5.66
Tracing beam      22      6.60
Tracing beam      23      7.54
Tracing beam      24      8.49
Tracing beam      25      9.43
Tracing beam      26     10.37
Tracing beam      27     11.31
Tracing beam      28     12.26
Tracing beam      29     13.20
Tracing beam       1    -13.20
Tracing beam       2    -12.26
Tracing beam       3    -11.31
Tracing beam       4    -10.37
Tracing beam       5     -9.43
Tracing beam       6     -8.49
Tracing beam       7     -7.54
Tracing beam       8     -6.60
Tracing beam       9     -5.66
Tracing beam      10     -4.71
Tracing beam      11     -3.77
Tracing beam      12     -2.83
Tracing beam      13     -1.89
Tracing beam      14     -0.94
Tracing beam      15      0.00
Tracing beam      16      0.94
Tracing beam      17      1.89
Tracing beam      18      2.83
Tracing beam      19      3.77
Tracing beam      20      4.71
Tracing beam      21      5.66
Tracing beam      22      6.60
Tracing beam      23      7.54
Tracing beam      24      8.49
Tracing beam      25      9.43
Tracing beam      26     10.37
Tracing beam      27     11.31
Tracing beam      28     12.26
Tracing beam      29     13.20
Tracing beam       1    -13.20
Tracing beam       2    -12.26
Tracing beam       3    -11.31
Tracing beam       4    -10.37
Tracing beam       5     -9.43
Tracing beam       6     -8.49
Tracing beam       7     -7.54
Tracing beam       8     -6.60
Tracing beam       9     -5.66
Tracing beam      10     -4.71
Tracing beam      11     -3.77
Tracing beam      12     -2.83
Tracing beam      13     -1.89
Tracing beam      14     -0.94
Tracing beam      15      0.00
Tracing beam      16      0.94
Tracing beam      17      1.89
Tracing beam      18      2.83
Tracing beam      19      3.77
Tracing beam      20      4.71
Tracing beam      21      5.66
Tracing beam      22      6.60
Tracing beam      23      7.54
Tracing beam      24      8.49
Tracing beam      25      9.43
Tracing beam      26     10.37
Tracing beam      27     11.31
Tracing beam      28     12.26
Tracing beam      29     13.20

 CPU Time =       0.125    s
