 BELLHOP/BELLHOP3D

 BELLHOP- Deep Ocean Environment SHD Mode                                        
 frequency =   1075.     Hz

 Dummy parameter NMedia =            1

     Spline approximation to SSP
     Attenuation units: dB/mkHz
     VACUUM

 Depth =    4713.10 m

 Sound speed profile:
   z (m)     alphaR (m/s)   betaR  rho (g/cm^3)  alphaI     betaI

      0.00      1498.73      0.00     1.00       0.0000    0.0000
    100.30      1496.73      0.00     1.00       0.0000    0.0000
    200.60      1493.55      0.00     1.00       0.0000    0.0000
    300.80      1488.93      0.00     1.00       0.0000    0.0000
    401.10      1488.64      0.00     1.00       0.0000    0.0000
    501.40      1481.62      0.00     1.00       0.0000    0.0000
    601.70      1484.65      0.00     1.00       0.0000    0.0000
    702.00      1482.12      0.00     1.00       0.0000    0.0000
    802.20      1481.51      0.00     1.00       0.0000    0.0000
    902.50      1481.74      0.00     1.00       0.0000    0.0000
   1002.80      1480.70      0.00     1.00       0.0000    0.0000
   1103.10      1483.52      0.00     1.00       0.0000    0.0000
   1203.40      1482.68      0.00     1.00       0.0000    0.0000
   1303.60      1481.29      0.00     1.00       0.0000    0.0000
   1403.90      1482.74      0.00     1.00       0.0000    0.0000
   1504.20      1480.38      0.00     1.00       0.0000    0.0000
   1604.50      1483.09      0.00     1.00       0.0000    0.0000
   1704.80      1484.55      0.00     1.00       0.0000    0.0000
   1805.00      1486.61      0.00     1.00       0.0000    0.0000
   1905.30      1485.34      0.00     1.00       0.0000    0.0000
   2005.60      1485.27      0.00     1.00       0.0000    0.0000
   2105.90      1484.98      0.00     1.00       0.0000    0.0000
   2206.20      1487.59      0.00     1.00       0.0000    0.0000
   2306.40      1492.09      0.00     1.00       0.0000    0.0000
   2406.70      1490.24      0.00     1.00       0.0000    0.0000
   2507.00      1491.92      0.00     1.00       0.0000    0.0000
   2607.30      1489.83      0.00     1.00       0.0000    0.0000
   2707.50      1489.50      0.00     1.00       0.0000    0.0000
   2807.80      1490.70      0.00     1.00       0.0000    0.0000
   2908.10      1493.06      0.00     1.00       0.0000    0.0000
   3008.40      1490.89      0.00     1.00       0.0000    0.0000
   3108.70      1493.04      0.00     1.00       0.0000    0.0000
   3208.90      1494.35      0.00     1.00       0.0000    0.0000
   3309.20      1493.92      0.00     1.00       0.0000    0.0000
   3409.50      1493.39      0.00     1.00       0.0000    0.0000
   3509.80      1497.68      0.00     1.00       0.0000    0.0000
   3610.10      1497.99      0.00     1.00       0.0000    0.0000
   3710.30      1499.76      0.00     1.00       0.0000    0.0000
   3810.60      1497.60      0.00     1.00       0.0000    0.0000
   3910.90      1501.08      0.00     1.00       0.0000    0.0000
   4011.20      1502.91      0.00     1.00       0.0000    0.0000
   4111.50      1501.68      0.00     1.00       0.0000    0.0000
   4211.70      1501.05      0.00     1.00       0.0000    0.0000
   4312.00      1502.86      0.00     1.00       0.0000    0.0000
   4412.30      1502.33      0.00     1.00       0.0000    0.0000
   4512.60      1502.75      0.00     1.00       0.0000    0.0000
   4612.90      1505.68      0.00     1.00       0.0000    0.0000
   4713.10      1505.12      0.00     1.00       0.0000    0.0000

                                 ( RMS roughness =   0.00     )
     ACOUSTO-ELASTIC half-space
   4913.10      1600.00      0.00     1.80       0.0000    0.0000

 __________________________________________________________________________

 Number of Source   depths, Sz =            1
 Source   depths, Sz (m)
   59.1000    


 __________________________________________________________________________

 Number of Receiver depths, Rz =           73
 Receiver depths, Rz (m)
   0.00000       77.2653       154.531       231.796       309.061    
   386.326       463.592       540.857       618.122       695.388    
          ... 
   5563.10    

 Warning in ReadSzRz : Receiver below or too near the bottom bdry has been moved up

 __________________________________________________________________________

 Number of Receiver ranges, Rr =          201
 Receiver ranges, Rr (km)
   0.00000      0.201500      0.403000      0.604500      0.806000    
   1.00750       1.20900       1.41050       1.61200       1.81350    
          ... 
   40.3000    


 Coherent TL calculation
 Geometric hat beams in Cartesian coordinates
 Point source (cylindrical coordinates)
 Rectilinear receiver grid: Receivers at Rr( : ) x Rz( : )
 __________________________________________________________________________

 Number of beams in elevation   =         8666
 Beam take-off angles (degrees)
  -76.0000      -75.9831      -75.9663      -75.9494      -75.9325    
  -75.9156      -75.8988      -75.8819      -75.8650      -75.8481    
          ... 
   70.2000    

 __________________________________________________________________________


 Step length,       deltas =   0.000     m

 Maximum ray depth, Box%z  =   5563.     m
 Maximum ray range, Box%r  =   50.00    km
 No beam shift in effect


 Step length,       deltas =   471.3     m (automatically selected)

Tracing beam       1    -76.00

 Geometric hat beams                     
 halfwidth  =    1505.3041656225582     
 epsilonOpt =  (  0.0000000000000000     ,  7654697721.6759415     )
 EpsMult    =    1.0000000000000000     

Tracing beam     174    -73.08
Tracing beam     347    -70.16
Tracing beam     520    -67.24
Tracing beam     693    -64.32
Tracing beam     866    -61.41
Tracing beam    1039    -58.49
Tracing beam    1212    -55.57
Tracing beam    1385    -52.65
Tracing beam    1558    -49.73
Tracing beam    1731    -46.81
Tracing beam    1904    -43.89
Tracing beam    2077    -40.97
Tracing beam    2250    -38.05
Tracing beam    2423    -35.13
Tracing beam    2596    -32.22
Tracing beam    2769    -29.30
Tracing beam    2942    -26.38
Tracing beam    3115    -23.46
Tracing beam    3288    -20.54
Tracing beam    3461    -17.62
Tracing beam    3634    -14.70
Tracing beam    3807    -11.78
Tracing beam    3980     -8.86
Tracing beam    4153     -5.95
Tracing beam    4326     -3.03
Tracing beam    4499     -0.11
Tracing beam    4672      2.81
Tracing beam    4845      5.73
Tracing beam    5018      8.65
Tracing beam    5191     11.57
Tracing beam    5364     14.49
Tracing beam    5537     17.41
Tracing beam    5710     20.32
Tracing beam    5883     23.24
Tracing beam    6056     26.16
Tracing beam    6229     29.08
Tracing beam    6402     32.00
Tracing beam    6575     34.92
Tracing beam    6748     37.84
Tracing beam    6921     40.76
Tracing beam    7094     43.68
Tracing beam    7267     46.60
Tracing beam    7440     49.51
Tracing beam    7613     52.43
Tracing beam    7786     55.35
Tracing beam    7959     58.27
Tracing beam    8132     61.19
Tracing beam    8305     64.11
Tracing beam    8478     67.03
Tracing beam    8651     69.95

 CPU Time =        1.06    s
