 BELLHOP/BELLHOP3D

 BELLHOP- Deep Ocean Environment RAY Mode                                        
 frequency =   1075.     Hz

 Dummy parameter NMedia =            1

     Spline approximation to SSP
     Attenuation units: dB/mkHz
     VACUUM

 Depth =    4713.10 m

 Sound speed profile:
   z (m)     alphaR (m/s)   betaR  rho (g/cm^3)  alphaI     betaI

      0.00      1498.73      0.00     1.00       0.0000    0.0000
    100.30      1496.73      0.00     1.00       0.0000    0.0000
    200.60      1493.55      0.00     1.00       0.0000    0.0000
    300.80      1488.93      0.00     1.00       0.0000    0.0000
    401.10      1488.64      0.00     1.00       0.0000    0.0000
    501.40      1481.62      0.00     1.00       0.0000    0.0000
    601.70      1484.65      0.00     1.00       0.0000    0.0000
    702.00      1482.12      0.00     1.00       0.0000    0.0000
    802.20      1481.51      0.00     1.00       0.0000    0.0000
    902.50      1481.74      0.00     1.00       0.0000    0.0000
   1002.80      1480.70      0.00     1.00       0.0000    0.0000
   1103.10      1483.52      0.00     1.00       0.0000    0.0000
   1203.40      1482.68      0.00     1.00       0.0000    0.0000
   1303.60      1481.29      0.00     1.00       0.0000    0.0000
   1403.90      1482.74      0.00     1.00       0.0000    0.0000
   1504.20      1480.38      0.00     1.00       0.0000    0.0000
   1604.50      1483.09      0.00     1.00       0.0000    0.0000
   1704.80      1484.55      0.00     1.00       0.0000    0.0000
   1805.00      1486.61      0.00     1.00       0.0000    0.0000
   1905.30      1485.34      0.00     1.00       0.0000    0.0000
   2005.60      1485.27      0.00     1.00       0.0000    0.0000
   2105.90      1484.98      0.00     1.00       0.0000    0.0000
   2206.20      1487.59      0.00     1.00       0.0000    0.0000
   2306.40      1492.09      0.00     1.00       0.0000    0.0000
   2406.70      1490.24      0.00     1.00       0.0000    0.0000
   2507.00      1491.92      0.00     1.00       0.0000    0.0000
   2607.30      1489.83      0.00     1.00       0.0000    0.0000
   2707.50      1489.50      0.00     1.00       0.0000    0.0000
   2807.80      1490.70      0.00     1.00       0.0000    0.0000
   2908.10      1493.06      0.00     1.00       0.0000    0.0000
   3008.40      1490.89      0.00     1.00       0.0000    0.0000
   3108.70      1493.04      0.00     1.00       0.0000    0.0000
   3208.90      1494.35      0.00     1.00       0.0000    0.0000
   3309.20      1493.92      0.00     1.00       0.0000    0.0000
   3409.50      1493.39      0.00     1.00       0.0000    0.0000
   3509.80      1497.68      0.00     1.00       0.0000    0.0000
   3610.10      1497.99      0.00     1.00       0.0000    0.0000
   3710.30      1499.76      0.00     1.00       0.0000    0.0000
   3810.60      1497.60      0.00     1.00       0.0000    0.0000
   3910.90      1501.08      0.00     1.00       0.0000    0.0000
   4011.20      1502.91      0.00     1.00       0.0000    0.0000
   4111.50      1501.68      0.00     1.00       0.0000    0.0000
   4211.70      1501.05      0.00     1.00       0.0000    0.0000
   4312.00      1502.86      0.00     1.00       0.0000    0.0000
   4412.30      1502.33      0.00     1.00       0.0000    0.0000
   4512.60      1502.75      0.00     1.00       0.0000    0.0000
   4612.90      1505.68      0.00     1.00       0.0000    0.0000
   4713.10      1505.12      0.00     1.00       0.0000    0.0000

                                 ( RMS roughness =   0.00     )
     ACOUSTO-ELASTIC half-space
   4913.10      1600.00      0.00     1.80       0.0000    0.0000

 __________________________________________________________________________

 Number of Source   depths, Sz =            2
 Source   depths, Sz (m)
   48.4000       95.2000    


 __________________________________________________________________________

 Number of Receiver depths, Rz =           33
 Receiver depths, Rz (m)
   0.00000       173.847       347.694       521.541       695.388    
   869.234       1043.08       1216.93       1390.78       1564.62    
          ... 
   5563.10    

 Warning in ReadSzRz : Receiver below or too near the bottom bdry has been moved up

 __________________________________________________________________________

 Number of Receiver ranges, Rr =          201
 Receiver ranges, Rr (km)
   0.00000      0.280000      0.560000      0.840000       1.12000    
   1.40000       1.68000       1.96000       2.24000       2.52000    
          ... 
   56.0000    


 Ray trace run
 Geometric hat beams in Cartesian coordinates
 Point source (cylindrical coordinates)
 Rectilinear receiver grid: Receivers at Rr( : ) x Rz( : )
 __________________________________________________________________________

 Number of beams in elevation   =           22
 Beam take-off angles (degrees)
  -14.8000      -13.3905      -11.9810      -10.5714      -9.16190    
  -7.75238      -6.34286      -4.93333      -3.52381      -2.11429    
          ... 
   14.8000    

 __________________________________________________________________________


 Step length,       deltas =   0.000     m

 Maximum ray depth, Box%z  =   5563.     m
 Maximum ray range, Box%r  =   50.00    km
 No beam shift in effect


 Step length,       deltas =   471.3     m (automatically selected)

Tracing beam       1    -14.80
Tracing beam       2    -13.39
Tracing beam       3    -11.98
Tracing beam       4    -10.57
Tracing beam       5     -9.16
Tracing beam       6     -7.75
Tracing beam       7     -6.34
Tracing beam       8     -4.93
Tracing beam       9     -3.52
Tracing beam      10     -2.11
Tracing beam      11     -0.70
Tracing beam      12      0.70
Tracing beam      13      2.11
Tracing beam      14      3.52
Tracing beam      15      4.93
Tracing beam      16      6.34
Tracing beam      17      7.75
Tracing beam      18      9.16
Tracing beam      19     10.57
Tracing beam      20     11.98
Tracing beam      21     13.39
Tracing beam      22     14.80
Tracing beam       1    -14.80
Tracing beam       2    -13.39
Tracing beam       3    -11.98
Tracing beam       4    -10.57
Tracing beam       5     -9.16
Tracing beam       6     -7.75
Tracing beam       7     -6.34
Tracing beam       8     -4.93
Tracing beam       9     -3.52
Tracing beam      10     -2.11
Tracing beam      11     -0.70
Tracing beam      12      0.70
Tracing beam      13      2.11
Tracing beam      14      3.52
Tracing beam      15      4.93
Tracing beam      16      6.34
Tracing beam      17      7.75
Tracing beam      18      9.16
Tracing beam      19     10.57
Tracing beam      20     11.98
Tracing beam      21     13.39
Tracing beam      22     14.80

 CPU Time =       0.312E-01s
