 BELLHOP/BELLHOP3D

 BELLHOP- Shallow Water Environment RAY Mode                                     
 frequency =   1909.     Hz

 Dummy parameter NMedia =            1

     Spline approximation to SSP
     Attenuation units: dB/mkHz
     VACUUM

 Depth =     563.20 m

 Sound speed profile:
   z (m)     alphaR (m/s)   betaR  rho (g/cm^3)  alphaI     betaI

      0.00      1510.91      0.00     1.00       0.0000    0.0000
     18.20      1507.51      0.00     1.00       0.0000    0.0000
     36.30      1507.51      0.00     1.00       0.0000    0.0000
     54.50      1509.29      0.00     1.00       0.0000    0.0000
     72.70      1502.56      0.00     1.00       0.0000    0.0000
     90.80      1503.94      0.00     1.00       0.0000    0.0000
    109.00      1505.99      0.00     1.00       0.0000    0.0000
    127.20      1507.27      0.00     1.00       0.0000    0.0000
    145.30      1506.01      0.00     1.00       0.0000    0.0000
    163.50      1504.36      0.00     1.00       0.0000    0.0000
    181.70      1507.26      0.00     1.00       0.0000    0.0000
    199.90      1505.56      0.00     1.00       0.0000    0.0000
    218.00      1505.67      0.00     1.00       0.0000    0.0000
    236.20      1502.97      0.00     1.00       0.0000    0.0000
    254.40      1502.97      0.00     1.00       0.0000    0.0000
    272.50      1504.78      0.00     1.00       0.0000    0.0000
    290.70      1501.70      0.00     1.00       0.0000    0.0000
    308.90      1502.23      0.00     1.00       0.0000    0.0000
    327.00      1499.43      0.00     1.00       0.0000    0.0000
    345.20      1500.76      0.00     1.00       0.0000    0.0000
    363.40      1498.21      0.00     1.00       0.0000    0.0000
    381.50      1495.54      0.00     1.00       0.0000    0.0000
    399.70      1497.74      0.00     1.00       0.0000    0.0000
    417.90      1496.42      0.00     1.00       0.0000    0.0000
    436.00      1494.07      0.00     1.00       0.0000    0.0000
    454.20      1496.19      0.00     1.00       0.0000    0.0000
    472.40      1493.97      0.00     1.00       0.0000    0.0000
    490.50      1499.37      0.00     1.00       0.0000    0.0000
    508.70      1491.96      0.00     1.00       0.0000    0.0000
    526.90      1491.79      0.00     1.00       0.0000    0.0000
    545.10      1494.37      0.00     1.00       0.0000    0.0000
    563.20      1492.34      0.00     1.00       0.0000    0.0000

                                 ( RMS roughness =   0.00     )
     ACOUSTO-ELASTIC half-space
    763.20      1600.00      0.00     1.80       0.0000    0.0000

 __________________________________________________________________________

 Number of Source   depths, Sz =            2
 Source   depths, Sz (m)
   101.200       105.400    


 __________________________________________________________________________

 Number of Receiver depths, Rz =           48
 Receiver depths, Rz (m)
   0.00000       30.0681       60.1362       90.2043       120.272    
   150.340       180.409       210.477       240.545       270.613    
          ... 
   1413.20    

 Warning in ReadSzRz : Receiver below or too near the bottom bdry has been moved up

 __________________________________________________________________________

 Number of Receiver ranges, Rr =          201
 Receiver ranges, Rr (km)
   0.00000      0.300000      0.600000      0.900000       1.20000    
   1.50000       1.80000       2.10000       2.40000       2.70000    
          ... 
   60.0000    


 Ray trace run
 Geometric hat beams in Cartesian coordinates
 Point source (cylindrical coordinates)
 Rectilinear receiver grid: Receivers at Rr( : ) x Rz( : )
 __________________________________________________________________________

 Number of beams in elevation   =           26
 Beam take-off angles (degrees)
  -24.0000      -22.0800      -20.1600      -18.2400      -16.3200    
  -14.4000      -12.4800      -10.5600      -8.64000      -6.72000    
          ... 
   24.0000    

 __________________________________________________________________________


 Step length,       deltas =   0.000     m

 Maximum ray depth, Box%z  =   1413.     m
 Maximum ray range, Box%r  =   50.00    km
 No beam shift in effect


 Step length,       deltas =   56.32     m (automatically selected)

Tracing beam       1    -24.00
Tracing beam       2    -22.08
Tracing beam       3    -20.16
Tracing beam       4    -18.24
Tracing beam       5    -16.32
Tracing beam       6    -14.40
Tracing beam       7    -12.48
Tracing beam       8    -10.56
Tracing beam       9     -8.64
Tracing beam      10     -6.72
Tracing beam      11     -4.80
Tracing beam      12     -2.88
Tracing beam      13     -0.96
Tracing beam      14      0.96
Tracing beam      15      2.88
Tracing beam      16      4.80
Tracing beam      17      6.72
Tracing beam      18      8.64
Tracing beam      19     10.56
Tracing beam      20     12.48
Tracing beam      21     14.40
Tracing beam      22     16.32
Tracing beam      23     18.24
Tracing beam      24     20.16
Tracing beam      25     22.08
Tracing beam      26     24.00
Tracing beam       1    -24.00
Tracing beam       2    -22.08
Tracing beam       3    -20.16
Tracing beam       4    -18.24
Tracing beam       5    -16.32
Tracing beam       6    -14.40
Tracing beam       7    -12.48
Tracing beam       8    -10.56
Tracing beam       9     -8.64
Tracing beam      10     -6.72
Tracing beam      11     -4.80
Tracing beam      12     -2.88
Tracing beam      13     -0.96
Tracing beam      14      0.96
Tracing beam      15      2.88
Tracing beam      16      4.80
Tracing beam      17      6.72
Tracing beam      18      8.64
Tracing beam      19     10.56
Tracing beam      20     12.48
Tracing beam      21     14.40
Tracing beam      22     16.32
Tracing beam      23     18.24
Tracing beam      24     20.16
Tracing beam      25     22.08
Tracing beam      26     24.00

 CPU Time =       0.172    s
