 BELLHOP/BELLHOP3D

 BELLHOP- Shallow Water Environment SHD Mode                                     
 frequency =   1909.     Hz

 Dummy parameter NMedia =            1

     Spline approximation to SSP
     Attenuation units: dB/mkHz
     VACUUM

 Depth =     563.20 m

 Sound speed profile:
   z (m)     alphaR (m/s)   betaR  rho (g/cm^3)  alphaI     betaI

      0.00      1510.91      0.00     1.00       0.0000    0.0000
     18.20      1507.51      0.00     1.00       0.0000    0.0000
     36.30      1507.51      0.00     1.00       0.0000    0.0000
     54.50      1509.29      0.00     1.00       0.0000    0.0000
     72.70      1502.56      0.00     1.00       0.0000    0.0000
     90.80      1503.94      0.00     1.00       0.0000    0.0000
    109.00      1505.99      0.00     1.00       0.0000    0.0000
    127.20      1507.27      0.00     1.00       0.0000    0.0000
    145.30      1506.01      0.00     1.00       0.0000    0.0000
    163.50      1504.36      0.00     1.00       0.0000    0.0000
    181.70      1507.26      0.00     1.00       0.0000    0.0000
    199.90      1505.56      0.00     1.00       0.0000    0.0000
    218.00      1505.67      0.00     1.00       0.0000    0.0000
    236.20      1502.97      0.00     1.00       0.0000    0.0000
    254.40      1502.97      0.00     1.00       0.0000    0.0000
    272.50      1504.78      0.00     1.00       0.0000    0.0000
    290.70      1501.70      0.00     1.00       0.0000    0.0000
    308.90      1502.23      0.00     1.00       0.0000    0.0000
    327.00      1499.43      0.00     1.00       0.0000    0.0000
    345.20      1500.76      0.00     1.00       0.0000    0.0000
    363.40      1498.21      0.00     1.00       0.0000    0.0000
    381.50      1495.54      0.00     1.00       0.0000    0.0000
    399.70      1497.74      0.00     1.00       0.0000    0.0000
    417.90      1496.42      0.00     1.00       0.0000    0.0000
    436.00      1494.07      0.00     1.00       0.0000    0.0000
    454.20      1496.19      0.00     1.00       0.0000    0.0000
    472.40      1493.97      0.00     1.00       0.0000    0.0000
    490.50      1499.37      0.00     1.00       0.0000    0.0000
    508.70      1491.96      0.00     1.00       0.0000    0.0000
    526.90      1491.79      0.00     1.00       0.0000    0.0000
    545.10      1494.37      0.00     1.00       0.0000    0.0000
    563.20      1492.34      0.00     1.00       0.0000    0.0000

                                 ( RMS roughness =   0.00     )
     ACOUSTO-ELASTIC half-space
    763.20      1600.00      0.00     1.80       0.0000    0.0000

 __________________________________________________________________________

 Number of Source   depths, Sz =            1
 Source   depths, Sz (m)
   173.300    


 __________________________________________________________________________

 Number of Receiver depths, Rz =           80
 Receiver depths, Rz (m)
   0.00000       17.8886       35.7772       53.6658       71.5544    
   89.4430       107.332       125.220       143.109       160.997    
          ... 
   1413.20    

 Warning in ReadSzRz : Receiver below or too near the bottom bdry has been moved up

 __________________________________________________________________________

 Number of Receiver ranges, Rr =          201
 Receiver ranges, Rr (km)
   0.00000      0.241000      0.482000      0.723000      0.964000    
   1.20500       1.44600       1.68700       1.92800       2.16900    
          ... 
   48.2000    


 Coherent TL calculation
 Geometric hat beams in Cartesian coordinates
 Point source (cylindrical coordinates)
 Rectilinear receiver grid: Receivers at Rr( : ) x Rz( : )
 __________________________________________________________________________

 Number of beams in elevation   =        18404
 Beam take-off angles (degrees)
  -77.1000      -77.0913      -77.0826      -77.0739      -77.0652    
  -77.0565      -77.0478      -77.0391      -77.0304      -77.0218    
          ... 
   82.9000    

 __________________________________________________________________________


 Step length,       deltas =   0.000     m

 Maximum ray depth, Box%z  =   1413.     m
 Maximum ray range, Box%r  =   50.00    km
 No beam shift in effect


 Step length,       deltas =   56.32     m (automatically selected)

Tracing beam       1    -77.10

 Geometric hat beams                     
 halfwidth  =    1654.7084331782730     
 epsilonOpt =  (  0.0000000000000000     ,  16422688633.523571     )
 EpsMult    =    1.0000000000000000     

Tracing beam     369    -73.90
Tracing beam     737    -70.70
Tracing beam    1105    -67.50
Tracing beam    1473    -64.30
Tracing beam    1841    -61.10
Tracing beam    2209    -57.90
Tracing beam    2577    -54.70
Tracing beam    2945    -51.50
Tracing beam    3313    -48.30
Tracing beam    3681    -45.11
Tracing beam    4049    -41.91
Tracing beam    4417    -38.71
Tracing beam    4785    -35.51
Tracing beam    5153    -32.31
Tracing beam    5521    -29.11
Tracing beam    5889    -25.91
Tracing beam    6257    -22.71
Tracing beam    6625    -19.51
Tracing beam    6993    -16.31
Tracing beam    7361    -13.11
Tracing beam    7729     -9.91
Tracing beam    8097     -6.71
Tracing beam    8465     -3.51
Tracing beam    8833     -0.31
Tracing beam    9201      2.89
Tracing beam    9569      6.09
Tracing beam    9937      9.29
Tracing beam   10305     12.49
Tracing beam   10673     15.68
Tracing beam   11041     18.88
Tracing beam   11409     22.08
Tracing beam   11777     25.28
Tracing beam   12145     28.48
Tracing beam   12513     31.68
Tracing beam   12881     34.88
Tracing beam   13249     38.08
Tracing beam   13617     41.28
Tracing beam   13985     44.48
Tracing beam   14353     47.68
Tracing beam   14721     50.88
Tracing beam   15089     54.08
Tracing beam   15457     57.28
Tracing beam   15825     60.48
Tracing beam   16193     63.68
Tracing beam   16561     66.88
Tracing beam   16929     70.08
Tracing beam   17297     73.28
Tracing beam   17665     76.47
Tracing beam   18033     79.67
Tracing beam   18401     82.87

 CPU Time =        3.31    s
