 BELLHOP/BELLHOP3D

 BELLHOP- Tropical Ocean Environment RAY Mode                                    
 frequency =   1277.     Hz

 Dummy parameter NMedia =            1

     Spline approximation to SSP
     Attenuation units: dB/mkHz
     VACUUM

 Depth =    3171.40 m

 Sound speed profile:
   z (m)     alphaR (m/s)   betaR  rho (g/cm^3)  alphaI     betaI

      0.00      1514.03      0.00     1.00       0.0000    0.0000
     73.80      1510.71      0.00     1.00       0.0000    0.0000
    147.50      1511.01      0.00     1.00       0.0000    0.0000
    221.30      1508.42      0.00     1.00       0.0000    0.0000
    295.00      1508.44      0.00     1.00       0.0000    0.0000
    368.80      1501.79      0.00     1.00       0.0000    0.0000
    442.50      1501.43      0.00     1.00       0.0000    0.0000
    516.30      1498.72      0.00     1.00       0.0000    0.0000
    590.00      1497.89      0.00     1.00       0.0000    0.0000
    663.80      1498.35      0.00     1.00       0.0000    0.0000
    737.50      1493.18      0.00     1.00       0.0000    0.0000
    811.30      1491.22      0.00     1.00       0.0000    0.0000
    885.00      1491.04      0.00     1.00       0.0000    0.0000
    958.80      1491.47      0.00     1.00       0.0000    0.0000
   1032.60      1479.53      0.00     1.00       0.0000    0.0000
   1106.30      1480.64      0.00     1.00       0.0000    0.0000
   1180.10      1484.20      0.00     1.00       0.0000    0.0000
   1253.80      1484.96      0.00     1.00       0.0000    0.0000
   1327.60      1485.51      0.00     1.00       0.0000    0.0000
   1401.30      1488.36      0.00     1.00       0.0000    0.0000
   1475.10      1486.85      0.00     1.00       0.0000    0.0000
   1548.80      1488.31      0.00     1.00       0.0000    0.0000
   1622.60      1488.88      0.00     1.00       0.0000    0.0000
   1696.30      1489.67      0.00     1.00       0.0000    0.0000
   1770.10      1490.33      0.00     1.00       0.0000    0.0000
   1843.90      1490.17      0.00     1.00       0.0000    0.0000
   1917.60      1489.93      0.00     1.00       0.0000    0.0000
   1991.40      1492.63      0.00     1.00       0.0000    0.0000
   2065.10      1494.71      0.00     1.00       0.0000    0.0000
   2138.90      1495.00      0.00     1.00       0.0000    0.0000
   2212.60      1494.32      0.00     1.00       0.0000    0.0000
   2286.40      1496.70      0.00     1.00       0.0000    0.0000
   2360.10      1497.65      0.00     1.00       0.0000    0.0000
   2433.90      1498.92      0.00     1.00       0.0000    0.0000
   2507.60      1500.78      0.00     1.00       0.0000    0.0000
   2581.40      1502.13      0.00     1.00       0.0000    0.0000
   2655.10      1501.35      0.00     1.00       0.0000    0.0000
   2728.90      1504.60      0.00     1.00       0.0000    0.0000
   2802.70      1505.86      0.00     1.00       0.0000    0.0000
   2876.40      1505.67      0.00     1.00       0.0000    0.0000
   2950.20      1507.22      0.00     1.00       0.0000    0.0000
   3023.90      1508.73      0.00     1.00       0.0000    0.0000
   3097.70      1506.64      0.00     1.00       0.0000    0.0000
   3171.40      1510.90      0.00     1.00       0.0000    0.0000

                                 ( RMS roughness =   0.00     )
     ACOUSTO-ELASTIC half-space
   3371.40      1600.00      0.00     1.80       0.0000    0.0000

 __________________________________________________________________________

 Number of Source   depths, Sz =            1
 Source   depths, Sz (m)
   75.0000    


 __________________________________________________________________________

 Number of Receiver depths, Rz =           49
 Receiver depths, Rz (m)
   0.00000       83.7792       167.558       251.337       335.117    
   418.896       502.675       586.454       670.233       754.013    
          ... 
   4021.40    

 Warning in ReadSzRz : Receiver below or too near the bottom bdry has been moved up

 __________________________________________________________________________

 Number of Receiver ranges, Rr =          201
 Receiver ranges, Rr (km)
   0.00000      0.258000      0.516000      0.774000       1.03200    
   1.29000       1.54800       1.80600       2.06400       2.32200    
          ... 
   51.6000    


 Ray trace run
 Geometric hat beams in Cartesian coordinates
 Point source (cylindrical coordinates)
 Rectilinear receiver grid: Receivers at Rr( : ) x Rz( : )
 __________________________________________________________________________

 Number of beams in elevation   =           32
 Beam take-off angles (degrees)
  -20.7000      -19.3645      -18.0290      -16.6935      -15.3581    
  -14.0226      -12.6871      -11.3516      -10.0161      -8.68065    
          ... 
   20.7000    

 __________________________________________________________________________


 Step length,       deltas =   0.000     m

 Maximum ray depth, Box%z  =   4021.     m
 Maximum ray range, Box%r  =   50.00    km
 No beam shift in effect


 Step length,       deltas =   317.1     m (automatically selected)

Tracing beam       1    -20.70
Tracing beam       2    -19.36
Tracing beam       3    -18.03
Tracing beam       4    -16.69
Tracing beam       5    -15.36
Tracing beam       6    -14.02
Tracing beam       7    -12.69
Tracing beam       8    -11.35
Tracing beam       9    -10.02
Tracing beam      10     -8.68
Tracing beam      11     -7.35
Tracing beam      12     -6.01
Tracing beam      13     -4.67
Tracing beam      14     -3.34
Tracing beam      15     -2.00
Tracing beam      16     -0.67
Tracing beam      17      0.67
Tracing beam      18      2.00
Tracing beam      19      3.34
Tracing beam      20      4.67
Tracing beam      21      6.01
Tracing beam      22      7.35
Tracing beam      23      8.68
Tracing beam      24     10.02
Tracing beam      25     11.35
Tracing beam      26     12.69
Tracing beam      27     14.02
Tracing beam      28     15.36
Tracing beam      29     16.69
Tracing beam      30     18.03
Tracing beam      31     19.36
Tracing beam      32     20.70

 CPU Time =       0.156E-01s
