 BELLHOP/BELLHOP3D

 BELLHOP- Tropical Ocean Environment SHD Mode                                    
 frequency =   1277.     Hz

 Dummy parameter NMedia =            1

     Spline approximation to SSP
     Attenuation units: dB/mkHz
     VACUUM

 Depth =    3171.40 m

 Sound speed profile:
   z (m)     alphaR (m/s)   betaR  rho (g/cm^3)  alphaI     betaI

      0.00      1514.03      0.00     1.00       0.0000    0.0000
     73.80      1510.71      0.00     1.00       0.0000    0.0000
    147.50      1511.01      0.00     1.00       0.0000    0.0000
    221.30      1508.42      0.00     1.00       0.0000    0.0000
    295.00      1508.44      0.00     1.00       0.0000    0.0000
    368.80      1501.79      0.00     1.00       0.0000    0.0000
    442.50      1501.43      0.00     1.00       0.0000    0.0000
    516.30      1498.72      0.00     1.00       0.0000    0.0000
    590.00      1497.89      0.00     1.00       0.0000    0.0000
    663.80      1498.35      0.00     1.00       0.0000    0.0000
    737.50      1493.18      0.00     1.00       0.0000    0.0000
    811.30      1491.22      0.00     1.00       0.0000    0.0000
    885.00      1491.04      0.00     1.00       0.0000    0.0000
    958.80      1491.47      0.00     1.00       0.0000    0.0000
   1032.60      1479.53      0.00     1.00       0.0000    0.0000
   1106.30      1480.64      0.00     1.00       0.0000    0.0000
   1180.10      1484.20      0.00     1.00       0.0000    0.0000
   1253.80      1484.96      0.00     1.00       0.0000    0.0000
   1327.60      1485.51      0.00     1.00       0.0000    0.0000
   1401.30      1488.36      0.00     1.00       0.0000    0.0000
   1475.10      1486.85      0.00     1.00       0.0000    0.0000
   1548.80      1488.31      0.00     1.00       0.0000    0.0000
   1622.60      1488.88      0.00     1.00       0.0000    0.0000
   1696.30      1489.67      0.00     1.00       0.0000    0.0000
   1770.10      1490.33      0.00     1.00       0.0000    0.0000
   1843.90      1490.17      0.00     1.00       0.0000    0.0000
   1917.60      1489.93      0.00     1.00       0.0000    0.0000
   1991.40      1492.63      0.00     1.00       0.0000    0.0000
   2065.10      1494.71      0.00     1.00       0.0000    0.0000
   2138.90      1495.00      0.00     1.00       0.0000    0.0000
   2212.60      1494.32      0.00     1.00       0.0000    0.0000
   2286.40      1496.70      0.00     1.00       0.0000    0.0000
   2360.10      1497.65      0.00     1.00       0.0000    0.0000
   2433.90      1498.92      0.00     1.00       0.0000    0.0000
   2507.60      1500.78      0.00     1.00       0.0000    0.0000
   2581.40      1502.13      0.00     1.00       0.0000    0.0000
   2655.10      1501.35      0.00     1.00       0.0000    0.0000
   2728.90      1504.60      0.00     1.00       0.0000    0.0000
   2802.70      1505.86      0.00     1.00       0.0000    0.0000
   2876.40      1505.67      0.00     1.00       0.0000    0.0000
   2950.20      1507.22      0.00     1.00       0.0000    0.0000
   3023.90      1508.73      0.00     1.00       0.0000    0.0000
   3097.70      1506.64      0.00     1.00       0.0000    0.0000
   3171.40      1510.90      0.00     1.00       0.0000    0.0000

                                 ( RMS roughness =   0.00     )
     ACOUSTO-ELASTIC half-space
   3371.40      1600.00      0.00     1.80       0.0000    0.0000

 __________________________________________________________________________

 Number of Source   depths, Sz =            1
 Source   depths, Sz (m)
   72.0000    


 __________________________________________________________________________

 Number of Receiver depths, Rz =           60
 Receiver depths, Rz (m)
   0.00000       68.1593       136.319       204.478       272.637    
   340.797       408.956       477.115       545.275       613.434    
          ... 
   4021.40    

 Warning in ReadSzRz : Receiver below or too near the bottom bdry has been moved up

 __________________________________________________________________________

 Number of Receiver ranges, Rr =          201
 Receiver ranges, Rr (km)
   0.00000      0.201500      0.403000      0.604500      0.806000    
   1.00750       1.20900       1.41050       1.61200       1.81350    
          ... 
   40.3000    


 Coherent TL calculation
 Geometric hat beams in Cartesian coordinates
 Point source (cylindrical coordinates)
 Rectilinear receiver grid: Receivers at Rr( : ) x Rz( : )
 __________________________________________________________________________

 Number of beams in elevation   =        10292
 Beam take-off angles (degrees)
  -77.1000      -77.0852      -77.0705      -77.0557      -77.0410    
  -77.0262      -77.0115      -76.9967      -76.9820      -76.9672    
          ... 
   74.7000    

 __________________________________________________________________________


 Step length,       deltas =   0.000     m

 Maximum ray depth, Box%z  =   4021.     m
 Maximum ray range, Box%r  =   50.00    km
 No beam shift in effect


 Step length,       deltas =   317.1     m (automatically selected)

Tracing beam       1    -77.10

 Geometric hat beams                     
 halfwidth  =    1462.6701691864803     
 epsilonOpt =  (  0.0000000000000000     ,  8582890626.4347553     )
 EpsMult    =    1.0000000000000000     

Tracing beam     206    -74.08
Tracing beam     411    -71.05
Tracing beam     616    -68.03
Tracing beam     821    -65.00
Tracing beam    1026    -61.98
Tracing beam    1231    -58.96
Tracing beam    1436    -55.93
Tracing beam    1641    -52.91
Tracing beam    1846    -49.88
Tracing beam    2051    -46.86
Tracing beam    2256    -43.84
Tracing beam    2461    -40.81
Tracing beam    2666    -37.79
Tracing beam    2871    -34.77
Tracing beam    3076    -31.74
Tracing beam    3281    -28.72
Tracing beam    3486    -25.69
Tracing beam    3691    -22.67
Tracing beam    3896    -19.65
Tracing beam    4101    -16.62
Tracing beam    4306    -13.60
Tracing beam    4511    -10.57
Tracing beam    4716     -7.55
Tracing beam    4921     -4.53
Tracing beam    5126     -1.50
Tracing beam    5331      1.52
Tracing beam    5536      4.55
Tracing beam    5741      7.57
Tracing beam    5946     10.59
Tracing beam    6151     13.62
Tracing beam    6356     16.64
Tracing beam    6561     19.66
Tracing beam    6766     22.69
Tracing beam    6971     25.71
Tracing beam    7176     28.74
Tracing beam    7381     31.76
Tracing beam    7586     34.78
Tracing beam    7791     37.81
Tracing beam    7996     40.83
Tracing beam    8201     43.86
Tracing beam    8406     46.88
Tracing beam    8611     49.90
Tracing beam    8816     52.93
Tracing beam    9021     55.95
Tracing beam    9226     58.98
Tracing beam    9431     62.00
Tracing beam    9636     65.02
Tracing beam    9841     68.05
Tracing beam   10046     71.07
Tracing beam   10251     74.10

 CPU Time =        1.34    s
