 BELLHOP/BELLHOP3D

 BELLHOP- Polar Ocean Environment ARR Mode                                       
 frequency =   662.7     Hz

 Dummy parameter NMedia =            1

     Spline approximation to SSP
     Attenuation units: dB/mkHz
     VACUUM

 Depth =    2341.40 m

 Sound speed profile:
   z (m)     alphaR (m/s)   betaR  rho (g/cm^3)  alphaI     betaI

      0.00      1467.88      0.00     1.00       0.0000    0.0000
     66.90      1464.25      0.00     1.00       0.0000    0.0000
    133.80      1468.06      0.00     1.00       0.0000    0.0000
    200.70      1463.85      0.00     1.00       0.0000    0.0000
    267.60      1460.56      0.00     1.00       0.0000    0.0000
    334.50      1463.03      0.00     1.00       0.0000    0.0000
    401.40      1460.84      0.00     1.00       0.0000    0.0000
    468.30      1460.00      0.00     1.00       0.0000    0.0000
    535.20      1460.00      0.00     1.00       0.0000    0.0000
    602.10      1460.00      0.00     1.00       0.0000    0.0000
    669.00      1460.00      0.00     1.00       0.0000    0.0000
    735.90      1460.00      0.00     1.00       0.0000    0.0000
    802.80      1460.00      0.00     1.00       0.0000    0.0000
    869.70      1460.00      0.00     1.00       0.0000    0.0000
    936.60      1460.00      0.00     1.00       0.0000    0.0000
   1003.50      1460.00      0.00     1.00       0.0000    0.0000
   1070.30      1460.00      0.00     1.00       0.0000    0.0000
   1137.20      1460.00      0.00     1.00       0.0000    0.0000
   1204.10      1460.00      0.00     1.00       0.0000    0.0000
   1271.00      1460.00      0.00     1.00       0.0000    0.0000
   1337.90      1460.00      0.00     1.00       0.0000    0.0000
   1404.80      1460.12      0.00     1.00       0.0000    0.0000
   1471.70      1461.21      0.00     1.00       0.0000    0.0000
   1538.60      1461.33      0.00     1.00       0.0000    0.0000
   1605.50      1465.41      0.00     1.00       0.0000    0.0000
   1672.40      1464.37      0.00     1.00       0.0000    0.0000
   1739.30      1466.02      0.00     1.00       0.0000    0.0000
   1806.20      1468.94      0.00     1.00       0.0000    0.0000
   1873.10      1470.39      0.00     1.00       0.0000    0.0000
   1940.00      1470.39      0.00     1.00       0.0000    0.0000
   2006.90      1468.30      0.00     1.00       0.0000    0.0000
   2073.80      1472.77      0.00     1.00       0.0000    0.0000
   2140.70      1475.74      0.00     1.00       0.0000    0.0000
   2207.60      1477.92      0.00     1.00       0.0000    0.0000
   2274.50      1478.17      0.00     1.00       0.0000    0.0000
   2341.40      1478.96      0.00     1.00       0.0000    0.0000

                                 ( RMS roughness =   0.00     )
     ACOUSTO-ELASTIC half-space
   2541.40      1600.00      0.00     1.80       0.0000    0.0000

 __________________________________________________________________________

 Number of Source   depths, Sz =            2
 Source   depths, Sz (m)
   69.4000       252.200    


 __________________________________________________________________________

 Number of Receiver depths, Rz =           38
 Receiver depths, Rz (m)
   0.00000       86.2541       172.508       258.762       345.016    
   431.270       517.524       603.778       690.032       776.286    
          ... 
   3191.40    

 Warning in ReadSzRz : Receiver below or too near the bottom bdry has been moved up

 __________________________________________________________________________

 Number of Receiver ranges, Rr =          201
 Receiver ranges, Rr (km)
   0.00000      0.272000      0.544000      0.816000       1.08800    
   1.36000       1.63200       1.90400       2.17600       2.44800    
          ... 
   54.4000    


 Arrivals calculation, ASCII  file output
 Geometric hat beams in Cartesian coordinates
 Point source (cylindrical coordinates)
 Rectilinear receiver grid: Receivers at Rr( : ) x Rz( : )
 __________________________________________________________________________

 Number of beams in elevation   =           37
 Beam take-off angles (degrees)
  -13.5000      -12.7500      -12.0000      -11.2500      -10.5000    
  -9.75000      -9.00000      -8.25000      -7.50000      -6.75000    
          ... 
   13.5000    

 __________________________________________________________________________


 Step length,       deltas =   0.000     m

 Maximum ray depth, Box%z  =   3191.     m
 Maximum ray range, Box%r  =   50.00    km
 No beam shift in effect


 Step length,       deltas =   234.1     m (automatically selected)

 ( Maximum # of arrivals =         2618 )

Tracing beam       1    -13.50

 Geometric hat beams                     
 halfwidth  =    53.734437032013773     
 epsilonOpt =  (  0.0000000000000000     ,  6011353.2522360636     )
 EpsMult    =    1.0000000000000000     

Tracing beam       2    -12.75
Tracing beam       3    -12.00
Tracing beam       4    -11.25
Tracing beam       5    -10.50
Tracing beam       6     -9.75
Tracing beam       7     -9.00
Tracing beam       8     -8.25
Tracing beam       9     -7.50
Tracing beam      10     -6.75
Tracing beam      11     -6.00
Tracing beam      12     -5.25
Tracing beam      13     -4.50
Tracing beam      14     -3.75
Tracing beam      15     -3.00
Tracing beam      16     -2.25
Tracing beam      17     -1.50
Tracing beam      18     -0.75
Tracing beam      19      0.00
Tracing beam      20      0.75
Tracing beam      21      1.50
Tracing beam      22      2.25
Tracing beam      23      3.00
Tracing beam      24      3.75
Tracing beam      25      4.50
Tracing beam      26      5.25
Tracing beam      27      6.00
Tracing beam      28      6.75
Tracing beam      29      7.50
Tracing beam      30      8.25
Tracing beam      31      9.00
Tracing beam      32      9.75
Tracing beam      33     10.50
Tracing beam      34     11.25
Tracing beam      35     12.00
Tracing beam      36     12.75
Tracing beam      37     13.50
Tracing beam       1    -13.50
Tracing beam       2    -12.75
Tracing beam       3    -12.00
Tracing beam       4    -11.25
Tracing beam       5    -10.50
Tracing beam       6     -9.75
Tracing beam       7     -9.00
Tracing beam       8     -8.25
Tracing beam       9     -7.50
Tracing beam      10     -6.75
Tracing beam      11     -6.00
Tracing beam      12     -5.25
Tracing beam      13     -4.50
Tracing beam      14     -3.75
Tracing beam      15     -3.00
Tracing beam      16     -2.25
Tracing beam      17     -1.50
Tracing beam      18     -0.75
Tracing beam      19      0.00
Tracing beam      20      0.75
Tracing beam      21      1.50
Tracing beam      22      2.25
Tracing beam      23      3.00
Tracing beam      24      3.75
Tracing beam      25      4.50
Tracing beam      26      5.25
Tracing beam      27      6.00
Tracing beam      28      6.75
Tracing beam      29      7.50
Tracing beam      30      8.25
Tracing beam      31      9.00
Tracing beam      32      9.75
Tracing beam      33     10.50
Tracing beam      34     11.25
Tracing beam      35     12.00
Tracing beam      36     12.75
Tracing beam      37     13.50

 CPU Time =       0.156    s
