 BELLHOP/BELLHOP3D

 BELLHOP- Polar Ocean Environment SHD Mode                                       
 frequency =   662.7     Hz

 Dummy parameter NMedia =            1

     Spline approximation to SSP
     Attenuation units: dB/mkHz
     VACUUM

 Depth =    2341.40 m

 Sound speed profile:
   z (m)     alphaR (m/s)   betaR  rho (g/cm^3)  alphaI     betaI

      0.00      1467.88      0.00     1.00       0.0000    0.0000
     66.90      1464.25      0.00     1.00       0.0000    0.0000
    133.80      1468.06      0.00     1.00       0.0000    0.0000
    200.70      1463.85      0.00     1.00       0.0000    0.0000
    267.60      1460.56      0.00     1.00       0.0000    0.0000
    334.50      1463.03      0.00     1.00       0.0000    0.0000
    401.40      1460.84      0.00     1.00       0.0000    0.0000
    468.30      1460.00      0.00     1.00       0.0000    0.0000
    535.20      1460.00      0.00     1.00       0.0000    0.0000
    602.10      1460.00      0.00     1.00       0.0000    0.0000
    669.00      1460.00      0.00     1.00       0.0000    0.0000
    735.90      1460.00      0.00     1.00       0.0000    0.0000
    802.80      1460.00      0.00     1.00       0.0000    0.0000
    869.70      1460.00      0.00     1.00       0.0000    0.0000
    936.60      1460.00      0.00     1.00       0.0000    0.0000
   1003.50      1460.00      0.00     1.00       0.0000    0.0000
   1070.30      1460.00      0.00     1.00       0.0000    0.0000
   1137.20      1460.00      0.00     1.00       0.0000    0.0000
   1204.10      1460.00      0.00     1.00       0.0000    0.0000
   1271.00      1460.00      0.00     1.00       0.0000    0.0000
   1337.90      1460.00      0.00     1.00       0.0000    0.0000
   1404.80      1460.12      0.00     1.00       0.0000    0.0000
   1471.70      1461.21      0.00     1.00       0.0000    0.0000
   1538.60      1461.33      0.00     1.00       0.0000    0.0000
   1605.50      1465.41      0.00     1.00       0.0000    0.0000
   1672.40      1464.37      0.00     1.00       0.0000    0.0000
   1739.30      1466.02      0.00     1.00       0.0000    0.0000
   1806.20      1468.94      0.00     1.00       0.0000    0.0000
   1873.10      1470.39      0.00     1.00       0.0000    0.0000
   1940.00      1470.39      0.00     1.00       0.0000    0.0000
   2006.90      1468.30      0.00     1.00       0.0000    0.0000
   2073.80      1472.77      0.00     1.00       0.0000    0.0000
   2140.70      1475.74      0.00     1.00       0.0000    0.0000
   2207.60      1477.92      0.00     1.00       0.0000    0.0000
   2274.50      1478.17      0.00     1.00       0.0000    0.0000
   2341.40      1478.96      0.00     1.00       0.0000    0.0000

                                 ( RMS roughness =   0.00     )
     ACOUSTO-ELASTIC half-space
   2541.40      1600.00      0.00     1.80       0.0000    0.0000

 __________________________________________________________________________

 Number of Source   depths, Sz =            1
 Source   depths, Sz (m)
   160.200    


 __________________________________________________________________________

 Number of Receiver depths, Rz =           64
 Receiver depths, Rz (m)
   0.00000       50.6571       101.314       151.971       202.629    
   253.286       303.943       354.600       405.257       455.914    
          ... 
   3191.40    

 Warning in ReadSzRz : Receiver below or too near the bottom bdry has been moved up

 __________________________________________________________________________

 Number of Receiver ranges, Rr =          201
 Receiver ranges, Rr (km)
   0.00000      0.213500      0.427000      0.640500      0.854000    
   1.06750       1.28100       1.49450       1.70800       1.92150    
          ... 
   42.7000    


 Coherent TL calculation
 Geometric hat beams in Cartesian coordinates
 Point source (cylindrical coordinates)
 Rectilinear receiver grid: Receivers at Rr( : ) x Rz( : )
 __________________________________________________________________________

 Number of beams in elevation   =         5659
 Beam take-off angles (degrees)
  -79.6000      -79.5728      -79.5456      -79.5184      -79.4912    
  -79.4640      -79.4368      -79.4096      -79.3824      -79.3552    
          ... 
   74.3000    

 __________________________________________________________________________


 Step length,       deltas =   0.000     m

 Maximum ray depth, Box%z  =   3191.     m
 Maximum ray range, Box%r  =   50.00    km
 No beam shift in effect


 Step length,       deltas =   234.1     m (automatically selected)

Tracing beam       1    -79.60

 Geometric hat beams                     
 halfwidth  =    1484.4586246896749     
 epsilonOpt =  (  0.0000000000000000     ,  4587784796.9629307     )
 EpsMult    =    1.0000000000000000     

Tracing beam     114    -76.53
Tracing beam     227    -73.45
Tracing beam     340    -70.38
Tracing beam     453    -67.31
Tracing beam     566    -64.23
Tracing beam     679    -61.16
Tracing beam     792    -58.08
Tracing beam     905    -55.01
Tracing beam    1018    -51.94
Tracing beam    1131    -48.86
Tracing beam    1244    -45.79
Tracing beam    1357    -42.72
Tracing beam    1470    -39.64
Tracing beam    1583    -36.57
Tracing beam    1696    -33.50
Tracing beam    1809    -30.42
Tracing beam    1922    -27.35
Tracing beam    2035    -24.27
Tracing beam    2148    -21.20
Tracing beam    2261    -18.13
Tracing beam    2374    -15.05
Tracing beam    2487    -11.98
Tracing beam    2600     -8.91
Tracing beam    2713     -5.83
Tracing beam    2826     -2.76
Tracing beam    2939      0.31
Tracing beam    3052      3.39
Tracing beam    3165      6.46
Tracing beam    3278      9.54
Tracing beam    3391     12.61
Tracing beam    3504     15.68
Tracing beam    3617     18.76
Tracing beam    3730     21.83
Tracing beam    3843     24.90
Tracing beam    3956     27.98
Tracing beam    4069     31.05
Tracing beam    4182     34.12
Tracing beam    4295     37.20
Tracing beam    4408     40.27
Tracing beam    4521     43.35
Tracing beam    4634     46.42
Tracing beam    4747     49.49
Tracing beam    4860     52.57
Tracing beam    4973     55.64
Tracing beam    5086     58.71
Tracing beam    5199     61.79
Tracing beam    5312     64.86
Tracing beam    5425     67.94
Tracing beam    5538     71.01
Tracing beam    5651     74.08

 CPU Time =       0.625    s
