 BELLHOP/BELLHOP3D

 BELLHOP- Polar Ocean Environment RAY Mode                                       
 frequency =   662.7     Hz

 Dummy parameter NMedia =            1

     Spline approximation to SSP
     Attenuation units: dB/mkHz
     VACUUM

 Depth =    2341.40 m

 Sound speed profile:
   z (m)     alphaR (m/s)   betaR  rho (g/cm^3)  alphaI     betaI

      0.00      1467.88      0.00     1.00       0.0000    0.0000
     66.90      1464.25      0.00     1.00       0.0000    0.0000
    133.80      1468.06      0.00     1.00       0.0000    0.0000
    200.70      1463.85      0.00     1.00       0.0000    0.0000
    267.60      1460.56      0.00     1.00       0.0000    0.0000
    334.50      1463.03      0.00     1.00       0.0000    0.0000
    401.40      1460.84      0.00     1.00       0.0000    0.0000
    468.30      1460.00      0.00     1.00       0.0000    0.0000
    535.20      1460.00      0.00     1.00       0.0000    0.0000
    602.10      1460.00      0.00     1.00       0.0000    0.0000
    669.00      1460.00      0.00     1.00       0.0000    0.0000
    735.90      1460.00      0.00     1.00       0.0000    0.0000
    802.80      1460.00      0.00     1.00       0.0000    0.0000
    869.70      1460.00      0.00     1.00       0.0000    0.0000
    936.60      1460.00      0.00     1.00       0.0000    0.0000
   1003.50      1460.00      0.00     1.00       0.0000    0.0000
   1070.30      1460.00      0.00     1.00       0.0000    0.0000
   1137.20      1460.00      0.00     1.00       0.0000    0.0000
   1204.10      1460.00      0.00     1.00       0.0000    0.0000
   1271.00      1460.00      0.00     1.00       0.0000    0.0000
   1337.90      1460.00      0.00     1.00       0.0000    0.0000
   1404.80      1460.12      0.00     1.00       0.0000    0.0000
   1471.70      1461.21      0.00     1.00       0.0000    0.0000
   1538.60      1461.33      0.00     1.00       0.0000    0.0000
   1605.50      1465.41      0.00     1.00       0.0000    0.0000
   1672.40      1464.37      0.00     1.00       0.0000    0.0000
   1739.30      1466.02      0.00     1.00       0.0000    0.0000
   1806.20      1468.94      0.00     1.00       0.0000    0.0000
   1873.10      1470.39      0.00     1.00       0.0000    0.0000
   1940.00      1470.39      0.00     1.00       0.0000    0.0000
   2006.90      1468.30      0.00     1.00       0.0000    0.0000
   2073.80      1472.77      0.00     1.00       0.0000    0.0000
   2140.70      1475.74      0.00     1.00       0.0000    0.0000
   2207.60      1477.92      0.00     1.00       0.0000    0.0000
   2274.50      1478.17      0.00     1.00       0.0000    0.0000
   2341.40      1478.96      0.00     1.00       0.0000    0.0000

                                 ( RMS roughness =   0.00     )
     ACOUSTO-ELASTIC half-space
   2541.40      1600.00      0.00     1.80       0.0000    0.0000

 __________________________________________________________________________

 Number of Source   depths, Sz =            2
 Source   depths, Sz (m)
   87.1000       101.600    


 __________________________________________________________________________

 Number of Receiver depths, Rz =           49
 Receiver depths, Rz (m)
   0.00000       66.4875       132.975       199.462       265.950    
   332.437       398.925       465.412       531.900       598.387    
          ... 
   3191.40    

 Warning in ReadSzRz : Receiver below or too near the bottom bdry has been moved up

 __________________________________________________________________________

 Number of Receiver ranges, Rr =          201
 Receiver ranges, Rr (km)
   0.00000      0.300000      0.600000      0.900000       1.20000    
   1.50000       1.80000       2.10000       2.40000       2.70000    
          ... 
   60.0000    


 Ray trace run
 Geometric hat beams in Cartesian coordinates
 Point source (cylindrical coordinates)
 Rectilinear receiver grid: Receivers at Rr( : ) x Rz( : )
 __________________________________________________________________________

 Number of beams in elevation   =           35
 Beam take-off angles (degrees)
  -19.9000      -18.7294      -17.5588      -16.3882      -15.2176    
  -14.0471      -12.8765      -11.7059      -10.5353      -9.36471    
          ... 
   19.9000    

 __________________________________________________________________________


 Step length,       deltas =   0.000     m

 Maximum ray depth, Box%z  =   3191.     m
 Maximum ray range, Box%r  =   50.00    km
 No beam shift in effect


 Step length,       deltas =   234.1     m (automatically selected)

Tracing beam       1    -19.90
Tracing beam       2    -18.73
Tracing beam       3    -17.56
Tracing beam       4    -16.39
Tracing beam       5    -15.22
Tracing beam       6    -14.05
Tracing beam       7    -12.88
Tracing beam       8    -11.71
Tracing beam       9    -10.54
Tracing beam      10     -9.36
Tracing beam      11     -8.19
Tracing beam      12     -7.02
Tracing beam      13     -5.85
Tracing beam      14     -4.68
Tracing beam      15     -3.51
Tracing beam      16     -2.34
Tracing beam      17     -1.17
Tracing beam      18      0.00
Tracing beam      19      1.17
Tracing beam      20      2.34
Tracing beam      21      3.51
Tracing beam      22      4.68
Tracing beam      23      5.85
Tracing beam      24      7.02
Tracing beam      25      8.19
Tracing beam      26      9.36
Tracing beam      27     10.54
Tracing beam      28     11.71
Tracing beam      29     12.88
Tracing beam      30     14.05
Tracing beam      31     15.22
Tracing beam      32     16.39
Tracing beam      33     17.56
Tracing beam      34     18.73
Tracing beam      35     19.90
Tracing beam       1    -19.90
Tracing beam       2    -18.73
Tracing beam       3    -17.56
Tracing beam       4    -16.39
Tracing beam       5    -15.22
Tracing beam       6    -14.05
Tracing beam       7    -12.88
Tracing beam       8    -11.71
Tracing beam       9    -10.54
Tracing beam      10     -9.36
Tracing beam      11     -8.19
Tracing beam      12     -7.02
Tracing beam      13     -5.85
Tracing beam      14     -4.68
Tracing beam      15     -3.51
Tracing beam      16     -2.34
Tracing beam      17     -1.17
Tracing beam      18      0.00
Tracing beam      19      1.17
Tracing beam      20      2.34
Tracing beam      21      3.51
Tracing beam      22      4.68
Tracing beam      23      5.85
Tracing beam      24      7.02
Tracing beam      25      8.19
Tracing beam      26      9.36
Tracing beam      27     10.54
Tracing beam      28     11.71
Tracing beam      29     12.88
Tracing beam      30     14.05
Tracing beam      31     15.22
Tracing beam      32     16.39
Tracing beam      33     17.56
Tracing beam      34     18.73
Tracing beam      35     19.90

 CPU Time =       0.469E-01s
