 BELLHOP/BELLHOP3D

 BELLHOP- Mixed Layer Environment RAY Mode                                       
 frequency =   1068.     Hz

 Dummy parameter NMedia =            1

     Spline approximation to SSP
     Attenuation units: dB/mkHz
     VACUUM

 Depth =    1481.40 m

 Sound speed profile:
   z (m)     alphaR (m/s)   betaR  rho (g/cm^3)  alphaI     betaI

      0.00      1507.88      0.00     1.00       0.0000    0.0000
     41.10      1505.72      0.00     1.00       0.0000    0.0000
     82.30      1503.80      0.00     1.00       0.0000    0.0000
    123.40      1505.65      0.00     1.00       0.0000    0.0000
    164.60      1504.69      0.00     1.00       0.0000    0.0000
    205.70      1503.28      0.00     1.00       0.0000    0.0000
    246.90      1503.28      0.00     1.00       0.0000    0.0000
    288.00      1502.73      0.00     1.00       0.0000    0.0000
    329.20      1501.60      0.00     1.00       0.0000    0.0000
    370.30      1498.86      0.00     1.00       0.0000    0.0000
    411.50      1497.61      0.00     1.00       0.0000    0.0000
    452.60      1497.29      0.00     1.00       0.0000    0.0000
    493.80      1493.69      0.00     1.00       0.0000    0.0000
    534.90      1496.27      0.00     1.00       0.0000    0.0000
    576.10      1495.73      0.00     1.00       0.0000    0.0000
    617.20      1491.90      0.00     1.00       0.0000    0.0000
    658.40      1491.37      0.00     1.00       0.0000    0.0000
    699.50      1493.04      0.00     1.00       0.0000    0.0000
    740.70      1490.29      0.00     1.00       0.0000    0.0000
    781.80      1490.74      0.00     1.00       0.0000    0.0000
    823.00      1489.21      0.00     1.00       0.0000    0.0000
    864.10      1491.27      0.00     1.00       0.0000    0.0000
    905.30      1489.35      0.00     1.00       0.0000    0.0000
    946.40      1489.23      0.00     1.00       0.0000    0.0000
    987.60      1489.14      0.00     1.00       0.0000    0.0000
   1028.70      1492.36      0.00     1.00       0.0000    0.0000
   1069.90      1493.74      0.00     1.00       0.0000    0.0000
   1111.00      1496.83      0.00     1.00       0.0000    0.0000
   1152.20      1497.11      0.00     1.00       0.0000    0.0000
   1193.30      1496.39      0.00     1.00       0.0000    0.0000
   1234.50      1502.21      0.00     1.00       0.0000    0.0000
   1275.60      1502.11      0.00     1.00       0.0000    0.0000
   1316.80      1501.94      0.00     1.00       0.0000    0.0000
   1357.90      1502.71      0.00     1.00       0.0000    0.0000
   1399.10      1504.66      0.00     1.00       0.0000    0.0000
   1440.20      1506.38      0.00     1.00       0.0000    0.0000
   1481.40      1503.80      0.00     1.00       0.0000    0.0000

                                 ( RMS roughness =   0.00     )
     ACOUSTO-ELASTIC half-space
   1681.40      1600.00      0.00     1.80       0.0000    0.0000

 __________________________________________________________________________

 Number of Source   depths, Sz =            3
 Source   depths, Sz (m)
   85.8000       198.000       282.300    


 __________________________________________________________________________

 Number of Receiver depths, Rz =           42
 Receiver depths, Rz (m)
   0.00000       56.8634       113.727       170.590       227.454    
   284.317       341.180       398.044       454.907       511.771    
          ... 
   2331.40    

 Warning in ReadSzRz : Receiver below or too near the bottom bdry has been moved up

 __________________________________________________________________________

 Number of Receiver ranges, Rr =          201
 Receiver ranges, Rr (km)
   0.00000      0.212000      0.424000      0.636000      0.848000    
   1.06000       1.27200       1.48400       1.69600       1.90800    
          ... 
   42.4000    


 Ray trace run
 Geometric hat beams in Cartesian coordinates
 Point source (cylindrical coordinates)
 Rectilinear receiver grid: Receivers at Rr( : ) x Rz( : )
 __________________________________________________________________________

 Number of beams in elevation   =           34
 Beam take-off angles (degrees)
  -21.0000      -19.7273      -18.4545      -17.1818      -15.9091    
  -14.6364      -13.3636      -12.0909      -10.8182      -9.54545    
          ... 
   21.0000    

 __________________________________________________________________________


 Step length,       deltas =   0.000     m

 Maximum ray depth, Box%z  =   2331.     m
 Maximum ray range, Box%r  =   50.00    km
 No beam shift in effect


 Step length,       deltas =   148.1     m (automatically selected)

Tracing beam       1    -21.00
Tracing beam       2    -19.73
Tracing beam       3    -18.45
Tracing beam       4    -17.18
Tracing beam       5    -15.91
Tracing beam       6    -14.64
Tracing beam       7    -13.36
Tracing beam       8    -12.09
Tracing beam       9    -10.82
Tracing beam      10     -9.55
Tracing beam      11     -8.27
Tracing beam      12     -7.00
Tracing beam      13     -5.73
Tracing beam      14     -4.45
Tracing beam      15     -3.18
Tracing beam      16     -1.91
Tracing beam      17     -0.64
Tracing beam      18      0.64
Tracing beam      19      1.91
Tracing beam      20      3.18
Tracing beam      21      4.45
Tracing beam      22      5.73
Tracing beam      23      7.00
Tracing beam      24      8.27
Tracing beam      25      9.55
Tracing beam      26     10.82
Tracing beam      27     12.09
Tracing beam      28     13.36
Tracing beam      29     14.64
Tracing beam      30     15.91
Tracing beam      31     17.18
Tracing beam      32     18.45
Tracing beam      33     19.73
Tracing beam      34     21.00
Tracing beam       1    -21.00
Tracing beam       2    -19.73
Tracing beam       3    -18.45
Tracing beam       4    -17.18
Tracing beam       5    -15.91
Tracing beam       6    -14.64
Tracing beam       7    -13.36
Tracing beam       8    -12.09
Tracing beam       9    -10.82
Tracing beam      10     -9.55
Tracing beam      11     -8.27
Tracing beam      12     -7.00
Tracing beam      13     -5.73
Tracing beam      14     -4.45
Tracing beam      15     -3.18
Tracing beam      16     -1.91
Tracing beam      17     -0.64
Tracing beam      18      0.64
Tracing beam      19      1.91
Tracing beam      20      3.18
Tracing beam      21      4.45
Tracing beam      22      5.73
Tracing beam      23      7.00
Tracing beam      24      8.27
Tracing beam      25      9.55
Tracing beam      26     10.82
Tracing beam      27     12.09
Tracing beam      28     13.36
Tracing beam      29     14.64
Tracing beam      30     15.91
Tracing beam      31     17.18
Tracing beam      32     18.45
Tracing beam      33     19.73
Tracing beam      34     21.00
Tracing beam       1    -21.00
Tracing beam       2    -19.73
Tracing beam       3    -18.45
Tracing beam       4    -17.18
Tracing beam       5    -15.91
Tracing beam       6    -14.64
Tracing beam       7    -13.36
Tracing beam       8    -12.09
Tracing beam       9    -10.82
Tracing beam      10     -9.55
Tracing beam      11     -8.27
Tracing beam      12     -7.00
Tracing beam      13     -5.73
Tracing beam      14     -4.45
Tracing beam      15     -3.18
Tracing beam      16     -1.91
Tracing beam      17     -0.64
Tracing beam      18      0.64
Tracing beam      19      1.91
Tracing beam      20      3.18
Tracing beam      21      4.45
Tracing beam      22      5.73
Tracing beam      23      7.00
Tracing beam      24      8.27
Tracing beam      25      9.55
Tracing beam      26     10.82
Tracing beam      27     12.09
Tracing beam      28     13.36
Tracing beam      29     14.64
Tracing beam      30     15.91
Tracing beam      31     17.18
Tracing beam      32     18.45
Tracing beam      33     19.73
Tracing beam      34     21.00

 CPU Time =       0.141    s
