 BELLHOP/BELLHOP3D

 BELLHOP- Mixed Layer Environment ARR Mode                                       
 frequency =   1068.     Hz

 Dummy parameter NMedia =            1

     Spline approximation to SSP
     Attenuation units: dB/mkHz
     VACUUM

 Depth =    1481.40 m

 Sound speed profile:
   z (m)     alphaR (m/s)   betaR  rho (g/cm^3)  alphaI     betaI

      0.00      1507.88      0.00     1.00       0.0000    0.0000
     41.10      1505.72      0.00     1.00       0.0000    0.0000
     82.30      1503.80      0.00     1.00       0.0000    0.0000
    123.40      1505.65      0.00     1.00       0.0000    0.0000
    164.60      1504.69      0.00     1.00       0.0000    0.0000
    205.70      1503.28      0.00     1.00       0.0000    0.0000
    246.90      1503.28      0.00     1.00       0.0000    0.0000
    288.00      1502.73      0.00     1.00       0.0000    0.0000
    329.20      1501.60      0.00     1.00       0.0000    0.0000
    370.30      1498.86      0.00     1.00       0.0000    0.0000
    411.50      1497.61      0.00     1.00       0.0000    0.0000
    452.60      1497.29      0.00     1.00       0.0000    0.0000
    493.80      1493.69      0.00     1.00       0.0000    0.0000
    534.90      1496.27      0.00     1.00       0.0000    0.0000
    576.10      1495.73      0.00     1.00       0.0000    0.0000
    617.20      1491.90      0.00     1.00       0.0000    0.0000
    658.40      1491.37      0.00     1.00       0.0000    0.0000
    699.50      1493.04      0.00     1.00       0.0000    0.0000
    740.70      1490.29      0.00     1.00       0.0000    0.0000
    781.80      1490.74      0.00     1.00       0.0000    0.0000
    823.00      1489.21      0.00     1.00       0.0000    0.0000
    864.10      1491.27      0.00     1.00       0.0000    0.0000
    905.30      1489.35      0.00     1.00       0.0000    0.0000
    946.40      1489.23      0.00     1.00       0.0000    0.0000
    987.60      1489.14      0.00     1.00       0.0000    0.0000
   1028.70      1492.36      0.00     1.00       0.0000    0.0000
   1069.90      1493.74      0.00     1.00       0.0000    0.0000
   1111.00      1496.83      0.00     1.00       0.0000    0.0000
   1152.20      1497.11      0.00     1.00       0.0000    0.0000
   1193.30      1496.39      0.00     1.00       0.0000    0.0000
   1234.50      1502.21      0.00     1.00       0.0000    0.0000
   1275.60      1502.11      0.00     1.00       0.0000    0.0000
   1316.80      1501.94      0.00     1.00       0.0000    0.0000
   1357.90      1502.71      0.00     1.00       0.0000    0.0000
   1399.10      1504.66      0.00     1.00       0.0000    0.0000
   1440.20      1506.38      0.00     1.00       0.0000    0.0000
   1481.40      1503.80      0.00     1.00       0.0000    0.0000

                                 ( RMS roughness =   0.00     )
     ACOUSTO-ELASTIC half-space
   1681.40      1600.00      0.00     1.80       0.0000    0.0000

 __________________________________________________________________________

 Number of Source   depths, Sz =            3
 Source   depths, Sz (m)
   76.5000       205.000       265.500    


 __________________________________________________________________________

 Number of Receiver depths, Rz =           35
 Receiver depths, Rz (m)
   0.00000       68.5706       137.141       205.712       274.282    
   342.853       411.424       479.994       548.565       617.135    
          ... 
   2331.40    

 Warning in ReadSzRz : Receiver below or too near the bottom bdry has been moved up

 __________________________________________________________________________

 Number of Receiver ranges, Rr =          201
 Receiver ranges, Rr (km)
   0.00000      0.268500      0.537000      0.805500       1.07400    
   1.34250       1.61100       1.87950       2.14800       2.41650    
          ... 
   53.7000    


 Arrivals calculation, ASCII  file output
 Geometric hat beams in Cartesian coordinates
 Point source (cylindrical coordinates)
 Rectilinear receiver grid: Receivers at Rr( : ) x Rz( : )
 __________________________________________________________________________

 Number of beams in elevation   =           39
 Beam take-off angles (degrees)
  -19.2000      -18.1895      -17.1789      -16.1684      -15.1579    
  -14.1474      -13.1368      -12.1263      -11.1158      -10.1053    
          ... 
   19.2000    

 __________________________________________________________________________


 Step length,       deltas =   0.000     m

 Maximum ray depth, Box%z  =   2331.     m
 Maximum ray range, Box%r  =   50.00    km
 No beam shift in effect


 Step length,       deltas =   148.1     m (automatically selected)

 ( Maximum # of arrivals =         2842 )

Tracing beam       1    -19.20

 Geometric hat beams                     
 halfwidth  =    25.409883172318953     
 epsilonOpt =  (  0.0000000000000000     ,  2166542.0587078254     )
 EpsMult    =    1.0000000000000000     

Tracing beam       2    -18.19
Tracing beam       3    -17.18
Tracing beam       4    -16.17
Tracing beam       5    -15.16
Tracing beam       6    -14.15
Tracing beam       7    -13.14
Tracing beam       8    -12.13
Tracing beam       9    -11.12
Tracing beam      10    -10.11
Tracing beam      11     -9.09
Tracing beam      12     -8.08
Tracing beam      13     -7.07
Tracing beam      14     -6.06
Tracing beam      15     -5.05
Tracing beam      16     -4.04
Tracing beam      17     -3.03
Tracing beam      18     -2.02
Tracing beam      19     -1.01
Tracing beam      20      0.00
Tracing beam      21      1.01
Tracing beam      22      2.02
Tracing beam      23      3.03
Tracing beam      24      4.04
Tracing beam      25      5.05
Tracing beam      26      6.06
Tracing beam      27      7.07
Tracing beam      28      8.08
Tracing beam      29      9.09
Tracing beam      30     10.11
Tracing beam      31     11.12
Tracing beam      32     12.13
Tracing beam      33     13.14
Tracing beam      34     14.15
Tracing beam      35     15.16
Tracing beam      36     16.17
Tracing beam      37     17.18
Tracing beam      38     18.19
Tracing beam      39     19.20
Tracing beam       1    -19.20
Tracing beam       2    -18.19
Tracing beam       3    -17.18
Tracing beam       4    -16.17
Tracing beam       5    -15.16
Tracing beam       6    -14.15
Tracing beam       7    -13.14
Tracing beam       8    -12.13
Tracing beam       9    -11.12
Tracing beam      10    -10.11
Tracing beam      11     -9.09
Tracing beam      12     -8.08
Tracing beam      13     -7.07
Tracing beam      14     -6.06
Tracing beam      15     -5.05
Tracing beam      16     -4.04
Tracing beam      17     -3.03
Tracing beam      18     -2.02
Tracing beam      19     -1.01
Tracing beam      20      0.00
Tracing beam      21      1.01
Tracing beam      22      2.02
Tracing beam      23      3.03
Tracing beam      24      4.04
Tracing beam      25      5.05
Tracing beam      26      6.06
Tracing beam      27      7.07
Tracing beam      28      8.08
Tracing beam      29      9.09
Tracing beam      30     10.11
Tracing beam      31     11.12
Tracing beam      32     12.13
Tracing beam      33     13.14
Tracing beam      34     14.15
Tracing beam      35     15.16
Tracing beam      36     16.17
Tracing beam      37     17.18
Tracing beam      38     18.19
Tracing beam      39     19.20
Tracing beam       1    -19.20
Tracing beam       2    -18.19
Tracing beam       3    -17.18
Tracing beam       4    -16.17
Tracing beam       5    -15.16
Tracing beam       6    -14.15
Tracing beam       7    -13.14
Tracing beam       8    -12.13
Tracing beam       9    -11.12
Tracing beam      10    -10.11
Tracing beam      11     -9.09
Tracing beam      12     -8.08
Tracing beam      13     -7.07
Tracing beam      14     -6.06
Tracing beam      15     -5.05
Tracing beam      16     -4.04
Tracing beam      17     -3.03
Tracing beam      18     -2.02
Tracing beam      19     -1.01
Tracing beam      20      0.00
Tracing beam      21      1.01
Tracing beam      22      2.02
Tracing beam      23      3.03
Tracing beam      24      4.04
Tracing beam      25      5.05
Tracing beam      26      6.06
Tracing beam      27      7.07
Tracing beam      28      8.08
Tracing beam      29      9.09
Tracing beam      30     10.11
Tracing beam      31     11.12
Tracing beam      32     12.13
Tracing beam      33     13.14
Tracing beam      34     14.15
Tracing beam      35     15.16
Tracing beam      36     16.17
Tracing beam      37     17.18
Tracing beam      38     18.19
Tracing beam      39     19.20

 CPU Time =       0.375    s
