 BELLHOP/BELLHOP3D

 BELLHOP- Deep Ocean Environment SHD Mode                                        
 frequency =   1150.     Hz

 Dummy parameter NMedia =            1

     Spline approximation to SSP
     Attenuation units: dB/mkHz
     VACUUM

 Depth =    5220.00 m

 Sound speed profile:
   z (m)     alphaR (m/s)   betaR  rho (g/cm^3)  alphaI     betaI

      0.00      1504.40      0.00     1.00       0.0000    0.0000
    100.40      1500.37      0.00     1.00       0.0000    0.0000
    200.80      1499.57      0.00     1.00       0.0000    0.0000
    301.20      1494.92      0.00     1.00       0.0000    0.0000
    401.50      1490.87      0.00     1.00       0.0000    0.0000
    501.90      1490.24      0.00     1.00       0.0000    0.0000
    602.30      1487.18      0.00     1.00       0.0000    0.0000
    702.70      1485.80      0.00     1.00       0.0000    0.0000
    803.10      1484.28      0.00     1.00       0.0000    0.0000
    903.50      1483.61      0.00     1.00       0.0000    0.0000
   1003.80      1479.79      0.00     1.00       0.0000    0.0000
   1104.20      1483.16      0.00     1.00       0.0000    0.0000
   1204.60      1481.86      0.00     1.00       0.0000    0.0000
   1305.00      1481.01      0.00     1.00       0.0000    0.0000
   1405.40      1480.91      0.00     1.00       0.0000    0.0000
   1505.80      1481.77      0.00     1.00       0.0000    0.0000
   1606.20      1480.89      0.00     1.00       0.0000    0.0000
   1706.50      1484.47      0.00     1.00       0.0000    0.0000
   1806.90      1482.65      0.00     1.00       0.0000    0.0000
   1907.30      1484.31      0.00     1.00       0.0000    0.0000
   2007.70      1486.57      0.00     1.00       0.0000    0.0000
   2108.10      1485.91      0.00     1.00       0.0000    0.0000
   2208.50      1486.22      0.00     1.00       0.0000    0.0000
   2308.80      1485.86      0.00     1.00       0.0000    0.0000
   2409.20      1490.16      0.00     1.00       0.0000    0.0000
   2509.60      1487.80      0.00     1.00       0.0000    0.0000
   2610.00      1488.87      0.00     1.00       0.0000    0.0000
   2710.40      1487.76      0.00     1.00       0.0000    0.0000
   2810.80      1491.12      0.00     1.00       0.0000    0.0000
   2911.20      1491.34      0.00     1.00       0.0000    0.0000
   3011.50      1492.81      0.00     1.00       0.0000    0.0000
   3111.90      1491.48      0.00     1.00       0.0000    0.0000
   3212.30      1495.04      0.00     1.00       0.0000    0.0000
   3312.70      1491.87      0.00     1.00       0.0000    0.0000
   3413.10      1495.19      0.00     1.00       0.0000    0.0000
   3513.50      1496.20      0.00     1.00       0.0000    0.0000
   3613.80      1496.81      0.00     1.00       0.0000    0.0000
   3714.20      1497.66      0.00     1.00       0.0000    0.0000
   3814.60      1499.30      0.00     1.00       0.0000    0.0000
   3915.00      1500.81      0.00     1.00       0.0000    0.0000
   4015.40      1499.28      0.00     1.00       0.0000    0.0000
   4115.80      1498.76      0.00     1.00       0.0000    0.0000
   4216.20      1501.75      0.00     1.00       0.0000    0.0000
   4316.50      1501.19      0.00     1.00       0.0000    0.0000
   4416.90      1504.20      0.00     1.00       0.0000    0.0000
   4517.30      1502.10      0.00     1.00       0.0000    0.0000
   4617.70      1502.42      0.00     1.00       0.0000    0.0000
   4718.10      1504.62      0.00     1.00       0.0000    0.0000
   4818.50      1502.49      0.00     1.00       0.0000    0.0000
   4918.80      1505.10      0.00     1.00       0.0000    0.0000
   5019.20      1506.00      0.00     1.00       0.0000    0.0000
   5119.60      1507.52      0.00     1.00       0.0000    0.0000
   5220.00      1506.39      0.00     1.00       0.0000    0.0000

                                 ( RMS roughness =   0.00     )
     ACOUSTO-ELASTIC half-space
   5420.00      1600.00      0.00     1.80       0.0000    0.0000

 __________________________________________________________________________

 Number of Source   depths, Sz =            1
 Source   depths, Sz (m)
   75.2000    


 __________________________________________________________________________

 Number of Receiver depths, Rz =           85
 Receiver depths, Rz (m)
   0.00000       72.2619       144.524       216.786       289.048    
   361.310       433.571       505.833       578.095       650.357    
          ... 
   6070.00    

 Warning in ReadSzRz : Receiver below or too near the bottom bdry has been moved up

 __________________________________________________________________________

 Number of Receiver ranges, Rr =          201
 Receiver ranges, Rr (km)
   0.00000      0.253500      0.507000      0.760500       1.01400    
   1.26750       1.52100       1.77450       2.02800       2.28150    
          ... 
   50.7000    


 Coherent TL calculation
 Geometric hat beams in Cartesian coordinates
 Point source (cylindrical coordinates)
 Rectilinear receiver grid: Receivers at Rr( : ) x Rz( : )
 __________________________________________________________________________

 Number of beams in elevation   =        11659
 Beam take-off angles (degrees)
  -79.8000      -79.7863      -79.7726      -79.7590      -79.7453    
  -79.7316      -79.7179      -79.7042      -79.6905      -79.6769    
          ... 
   79.7000    

 __________________________________________________________________________


 Step length,       deltas =   0.000     m

 Maximum ray depth, Box%z  =   6070.     m
 Maximum ray range, Box%r  =   50.00    km
 No beam shift in effect


 Step length,       deltas =   522.0     m (automatically selected)

Tracing beam       1    -79.80

 Geometric hat beams                     
 halfwidth  =    1739.6633802722540     
 epsilonOpt =  (  0.0000000000000000     ,  10933026231.181150     )
 EpsMult    =    1.0000000000000000     

Tracing beam     234    -76.61
Tracing beam     467    -73.42
Tracing beam     700    -70.24
Tracing beam     933    -67.05
Tracing beam    1166    -63.86
Tracing beam    1399    -60.67
Tracing beam    1632    -57.49
Tracing beam    1865    -54.30
Tracing beam    2098    -51.11
Tracing beam    2331    -47.92
Tracing beam    2564    -44.73
Tracing beam    2797    -41.55
Tracing beam    3030    -38.36
Tracing beam    3263    -35.17
Tracing beam    3496    -31.98
Tracing beam    3729    -28.80
Tracing beam    3962    -25.61
Tracing beam    4195    -22.42
Tracing beam    4428    -19.23
Tracing beam    4661    -16.04
Tracing beam    4894    -12.86
Tracing beam    5127     -9.67
Tracing beam    5360     -6.48
Tracing beam    5593     -3.29
Tracing beam    5826     -0.10
Tracing beam    6059      3.08
Tracing beam    6292      6.27
Tracing beam    6525      9.46
Tracing beam    6758     12.65
Tracing beam    6991     15.83
Tracing beam    7224     19.02
Tracing beam    7457     22.21
Tracing beam    7690     25.40
Tracing beam    7923     28.59
Tracing beam    8156     31.77
Tracing beam    8389     34.96
Tracing beam    8622     38.15
Tracing beam    8855     41.34
Tracing beam    9088     44.52
Tracing beam    9321     47.71
Tracing beam    9554     50.90
Tracing beam    9787     54.09
Tracing beam   10020     57.28
Tracing beam   10253     60.46
Tracing beam   10486     63.65
Tracing beam   10719     66.84
Tracing beam   10952     70.03
Tracing beam   11185     73.21
Tracing beam   11418     76.40
Tracing beam   11651     79.59

 CPU Time =        1.64    s
