 BELLHOP/BELLHOP3D

 BELLHOP- Deep Ocean Environment RAY Mode                                        
 frequency =   1150.     Hz

 Dummy parameter NMedia =            1

     Spline approximation to SSP
     Attenuation units: dB/mkHz
     VACUUM

 Depth =    5220.00 m

 Sound speed profile:
   z (m)     alphaR (m/s)   betaR  rho (g/cm^3)  alphaI     betaI

      0.00      1504.40      0.00     1.00       0.0000    0.0000
    100.40      1500.37      0.00     1.00       0.0000    0.0000
    200.80      1499.57      0.00     1.00       0.0000    0.0000
    301.20      1494.92      0.00     1.00       0.0000    0.0000
    401.50      1490.87      0.00     1.00       0.0000    0.0000
    501.90      1490.24      0.00     1.00       0.0000    0.0000
    602.30      1487.18      0.00     1.00       0.0000    0.0000
    702.70      1485.80      0.00     1.00       0.0000    0.0000
    803.10      1484.28      0.00     1.00       0.0000    0.0000
    903.50      1483.61      0.00     1.00       0.0000    0.0000
   1003.80      1479.79      0.00     1.00       0.0000    0.0000
   1104.20      1483.16      0.00     1.00       0.0000    0.0000
   1204.60      1481.86      0.00     1.00       0.0000    0.0000
   1305.00      1481.01      0.00     1.00       0.0000    0.0000
   1405.40      1480.91      0.00     1.00       0.0000    0.0000
   1505.80      1481.77      0.00     1.00       0.0000    0.0000
   1606.20      1480.89      0.00     1.00       0.0000    0.0000
   1706.50      1484.47      0.00     1.00       0.0000    0.0000
   1806.90      1482.65      0.00     1.00       0.0000    0.0000
   1907.30      1484.31      0.00     1.00       0.0000    0.0000
   2007.70      1486.57      0.00     1.00       0.0000    0.0000
   2108.10      1485.91      0.00     1.00       0.0000    0.0000
   2208.50      1486.22      0.00     1.00       0.0000    0.0000
   2308.80      1485.86      0.00     1.00       0.0000    0.0000
   2409.20      1490.16      0.00     1.00       0.0000    0.0000
   2509.60      1487.80      0.00     1.00       0.0000    0.0000
   2610.00      1488.87      0.00     1.00       0.0000    0.0000
   2710.40      1487.76      0.00     1.00       0.0000    0.0000
   2810.80      1491.12      0.00     1.00       0.0000    0.0000
   2911.20      1491.34      0.00     1.00       0.0000    0.0000
   3011.50      1492.81      0.00     1.00       0.0000    0.0000
   3111.90      1491.48      0.00     1.00       0.0000    0.0000
   3212.30      1495.04      0.00     1.00       0.0000    0.0000
   3312.70      1491.87      0.00     1.00       0.0000    0.0000
   3413.10      1495.19      0.00     1.00       0.0000    0.0000
   3513.50      1496.20      0.00     1.00       0.0000    0.0000
   3613.80      1496.81      0.00     1.00       0.0000    0.0000
   3714.20      1497.66      0.00     1.00       0.0000    0.0000
   3814.60      1499.30      0.00     1.00       0.0000    0.0000
   3915.00      1500.81      0.00     1.00       0.0000    0.0000
   4015.40      1499.28      0.00     1.00       0.0000    0.0000
   4115.80      1498.76      0.00     1.00       0.0000    0.0000
   4216.20      1501.75      0.00     1.00       0.0000    0.0000
   4316.50      1501.19      0.00     1.00       0.0000    0.0000
   4416.90      1504.20      0.00     1.00       0.0000    0.0000
   4517.30      1502.10      0.00     1.00       0.0000    0.0000
   4617.70      1502.42      0.00     1.00       0.0000    0.0000
   4718.10      1504.62      0.00     1.00       0.0000    0.0000
   4818.50      1502.49      0.00     1.00       0.0000    0.0000
   4918.80      1505.10      0.00     1.00       0.0000    0.0000
   5019.20      1506.00      0.00     1.00       0.0000    0.0000
   5119.60      1507.52      0.00     1.00       0.0000    0.0000
   5220.00      1506.39      0.00     1.00       0.0000    0.0000

                                 ( RMS roughness =   0.00     )
     ACOUSTO-ELASTIC half-space
   5420.00      1600.00      0.00     1.80       0.0000    0.0000

 __________________________________________________________________________

 Number of Source   depths, Sz =            3
 Source   depths, Sz (m)
   82.6000       114.600       267.600    


 __________________________________________________________________________

 Number of Receiver depths, Rz =           40
 Receiver depths, Rz (m)
   0.00000       155.641       311.282       466.923       622.564    
   778.205       933.846       1089.49       1245.13       1400.77    
          ... 
   6070.00    

 Warning in ReadSzRz : Receiver below or too near the bottom bdry has been moved up

 __________________________________________________________________________

 Number of Receiver ranges, Rr =          201
 Receiver ranges, Rr (km)
   0.00000      0.220000      0.440000      0.660000      0.880000    
   1.10000       1.32000       1.54000       1.76000       1.98000    
          ... 
   44.0000    


 Ray trace run
 Geometric hat beams in Cartesian coordinates
 Point source (cylindrical coordinates)
 Rectilinear receiver grid: Receivers at Rr( : ) x Rz( : )
 __________________________________________________________________________

 Number of beams in elevation   =           24
 Beam take-off angles (degrees)
  -19.3000      -17.6217      -15.9435      -14.2652      -12.5870    
  -10.9087      -9.23043      -7.55217      -5.87391      -4.19565    
          ... 
   19.3000    

 __________________________________________________________________________


 Step length,       deltas =   0.000     m

 Maximum ray depth, Box%z  =   6070.     m
 Maximum ray range, Box%r  =   50.00    km
 No beam shift in effect


 Step length,       deltas =   522.0     m (automatically selected)

Tracing beam       1    -19.30
Tracing beam       2    -17.62
Tracing beam       3    -15.94
Tracing beam       4    -14.27
Tracing beam       5    -12.59
Tracing beam       6    -10.91
Tracing beam       7     -9.23
Tracing beam       8     -7.55
Tracing beam       9     -5.87
Tracing beam      10     -4.20
Tracing beam      11     -2.52
Tracing beam      12     -0.84
Tracing beam      13      0.84
Tracing beam      14      2.52
Tracing beam      15      4.20
Tracing beam      16      5.87
Tracing beam      17      7.55
Tracing beam      18      9.23
Tracing beam      19     10.91
Tracing beam      20     12.59
Tracing beam      21     14.27
Tracing beam      22     15.94
Tracing beam      23     17.62
Tracing beam      24     19.30
Tracing beam       1    -19.30
Tracing beam       2    -17.62
Tracing beam       3    -15.94
Tracing beam       4    -14.27
Tracing beam       5    -12.59
Tracing beam       6    -10.91
Tracing beam       7     -9.23
Tracing beam       8     -7.55
Tracing beam       9     -5.87
Tracing beam      10     -4.20
Tracing beam      11     -2.52
Tracing beam      12     -0.84
Tracing beam      13      0.84
Tracing beam      14      2.52
Tracing beam      15      4.20
Tracing beam      16      5.87
Tracing beam      17      7.55
Tracing beam      18      9.23
Tracing beam      19     10.91
Tracing beam      20     12.59
Tracing beam      21     14.27
Tracing beam      22     15.94
Tracing beam      23     17.62
Tracing beam      24     19.30
Tracing beam       1    -19.30
Tracing beam       2    -17.62
Tracing beam       3    -15.94
Tracing beam       4    -14.27
Tracing beam       5    -12.59
Tracing beam       6    -10.91
Tracing beam       7     -9.23
Tracing beam       8     -7.55
Tracing beam       9     -5.87
Tracing beam      10     -4.20
Tracing beam      11     -2.52
Tracing beam      12     -0.84
Tracing beam      13      0.84
Tracing beam      14      2.52
Tracing beam      15      4.20
Tracing beam      16      5.87
Tracing beam      17      7.55
Tracing beam      18      9.23
Tracing beam      19     10.91
Tracing beam      20     12.59
Tracing beam      21     14.27
Tracing beam      22     15.94
Tracing beam      23     17.62
Tracing beam      24     19.30

 CPU Time =       0.312E-01s
