 BELLHOP/BELLHOP3D

 BELLHOP- Shallow Water Environment ARR Mode                                     
 frequency =   2125.     Hz

 Dummy parameter NMedia =            1

     Spline approximation to SSP
     Attenuation units: dB/mkHz
     VACUUM

 Depth =     406.50 m

 Sound speed profile:
   z (m)     alphaR (m/s)   betaR  rho (g/cm^3)  alphaI     betaI

      0.00      1506.54      0.00     1.00       0.0000    0.0000
     14.50      1505.21      0.00     1.00       0.0000    0.0000
     29.00      1503.99      0.00     1.00       0.0000    0.0000
     43.60      1505.93      0.00     1.00       0.0000    0.0000
     58.10      1503.53      0.00     1.00       0.0000    0.0000
     72.60      1505.28      0.00     1.00       0.0000    0.0000
     87.10      1504.59      0.00     1.00       0.0000    0.0000
    101.60      1509.46      0.00     1.00       0.0000    0.0000
    116.10      1505.58      0.00     1.00       0.0000    0.0000
    130.70      1507.04      0.00     1.00       0.0000    0.0000
    145.20      1506.74      0.00     1.00       0.0000    0.0000
    159.70      1504.55      0.00     1.00       0.0000    0.0000
    174.20      1503.57      0.00     1.00       0.0000    0.0000
    188.70      1506.61      0.00     1.00       0.0000    0.0000
    203.20      1504.01      0.00     1.00       0.0000    0.0000
    217.80      1504.10      0.00     1.00       0.0000    0.0000
    232.30      1501.39      0.00     1.00       0.0000    0.0000
    246.80      1500.28      0.00     1.00       0.0000    0.0000
    261.30      1500.73      0.00     1.00       0.0000    0.0000
    275.80      1500.89      0.00     1.00       0.0000    0.0000
    290.40      1498.97      0.00     1.00       0.0000    0.0000
    304.90      1500.05      0.00     1.00       0.0000    0.0000
    319.40      1497.03      0.00     1.00       0.0000    0.0000
    333.90      1497.38      0.00     1.00       0.0000    0.0000
    348.40      1499.58      0.00     1.00       0.0000    0.0000
    362.90      1498.99      0.00     1.00       0.0000    0.0000
    377.50      1497.02      0.00     1.00       0.0000    0.0000
    392.00      1495.61      0.00     1.00       0.0000    0.0000
    406.50      1495.13      0.00     1.00       0.0000    0.0000

                                 ( RMS roughness =   0.00     )
     ACOUSTO-ELASTIC half-space
    606.50      1600.00      0.00     1.80       0.0000    0.0000

 __________________________________________________________________________

 Number of Source   depths, Sz =            2
 Source   depths, Sz (m)
   135.400       240.800    


 __________________________________________________________________________

 Number of Receiver depths, Rz =           36
 Receiver depths, Rz (m)
   0.00000       35.9000       71.8000       107.700       143.600    
   179.500       215.400       251.300       287.200       323.100    
          ... 
   1256.50    

 Warning in ReadSzRz : Receiver below or too near the bottom bdry has been moved up

 __________________________________________________________________________

 Number of Receiver ranges, Rr =          201
 Receiver ranges, Rr (km)
   0.00000      0.219000      0.438000      0.657000      0.876000    
   1.09500       1.31400       1.53300       1.75200       1.97100    
          ... 
   43.8000    


 Arrivals calculation, ASCII  file output
 Geometric hat beams in Cartesian coordinates
 Point source (cylindrical coordinates)
 Rectilinear receiver grid: Receivers at Rr( : ) x Rz( : )
 __________________________________________________________________________

 Number of beams in elevation   =           27
 Beam take-off angles (degrees)
  -18.7000      -17.2615      -15.8231      -14.3846      -12.9462    
  -11.5077      -10.0692      -8.63077      -7.19231      -5.75385    
          ... 
   18.7000    

 __________________________________________________________________________


 Step length,       deltas =   0.000     m

 Maximum ray depth, Box%z  =   1256.     m
 Maximum ray range, Box%r  =   50.00    km
 No beam shift in effect


 Step length,       deltas =   40.65     m (automatically selected)

 ( Maximum # of arrivals =         2763 )

Tracing beam       1    -18.70

 Geometric hat beams                     
 halfwidth  =    8.9932191338867113     
 epsilonOpt =  (  0.0000000000000000     ,  539957.52201920480     )
 EpsMult    =    1.0000000000000000     

Tracing beam       2    -17.26
Tracing beam       3    -15.82
Tracing beam       4    -14.38
Tracing beam       5    -12.95
Tracing beam       6    -11.51
Tracing beam       7    -10.07
Tracing beam       8     -8.63
Tracing beam       9     -7.19
Tracing beam      10     -5.75
Tracing beam      11     -4.32
Tracing beam      12     -2.88
Tracing beam      13     -1.44
Tracing beam      14      0.00
Tracing beam      15      1.44
Tracing beam      16      2.88
Tracing beam      17      4.32
Tracing beam      18      5.75
Tracing beam      19      7.19
Tracing beam      20      8.63
Tracing beam      21     10.07
Tracing beam      22     11.51
Tracing beam      23     12.95
Tracing beam      24     14.38
Tracing beam      25     15.82
Tracing beam      26     17.26
Tracing beam      27     18.70
Tracing beam       1    -18.70
Tracing beam       2    -17.26
Tracing beam       3    -15.82
Tracing beam       4    -14.38
Tracing beam       5    -12.95
Tracing beam       6    -11.51
Tracing beam       7    -10.07
Tracing beam       8     -8.63
Tracing beam       9     -7.19
Tracing beam      10     -5.75
Tracing beam      11     -4.32
Tracing beam      12     -2.88
Tracing beam      13     -1.44
Tracing beam      14      0.00
Tracing beam      15      1.44
Tracing beam      16      2.88
Tracing beam      17      4.32
Tracing beam      18      5.75
Tracing beam      19      7.19
Tracing beam      20      8.63
Tracing beam      21     10.07
Tracing beam      22     11.51
Tracing beam      23     12.95
Tracing beam      24     14.38
Tracing beam      25     15.82
Tracing beam      26     17.26
Tracing beam      27     18.70

 CPU Time =       0.453    s
