 BELLHOP/BELLHOP3D

 BELLHOP- Shallow Water Environment RAY Mode                                     
 frequency =   2125.     Hz

 Dummy parameter NMedia =            1

     Spline approximation to SSP
     Attenuation units: dB/mkHz
     VACUUM

 Depth =     406.50 m

 Sound speed profile:
   z (m)     alphaR (m/s)   betaR  rho (g/cm^3)  alphaI     betaI

      0.00      1506.54      0.00     1.00       0.0000    0.0000
     14.50      1505.21      0.00     1.00       0.0000    0.0000
     29.00      1503.99      0.00     1.00       0.0000    0.0000
     43.60      1505.93      0.00     1.00       0.0000    0.0000
     58.10      1503.53      0.00     1.00       0.0000    0.0000
     72.60      1505.28      0.00     1.00       0.0000    0.0000
     87.10      1504.59      0.00     1.00       0.0000    0.0000
    101.60      1509.46      0.00     1.00       0.0000    0.0000
    116.10      1505.58      0.00     1.00       0.0000    0.0000
    130.70      1507.04      0.00     1.00       0.0000    0.0000
    145.20      1506.74      0.00     1.00       0.0000    0.0000
    159.70      1504.55      0.00     1.00       0.0000    0.0000
    174.20      1503.57      0.00     1.00       0.0000    0.0000
    188.70      1506.61      0.00     1.00       0.0000    0.0000
    203.20      1504.01      0.00     1.00       0.0000    0.0000
    217.80      1504.10      0.00     1.00       0.0000    0.0000
    232.30      1501.39      0.00     1.00       0.0000    0.0000
    246.80      1500.28      0.00     1.00       0.0000    0.0000
    261.30      1500.73      0.00     1.00       0.0000    0.0000
    275.80      1500.89      0.00     1.00       0.0000    0.0000
    290.40      1498.97      0.00     1.00       0.0000    0.0000
    304.90      1500.05      0.00     1.00       0.0000    0.0000
    319.40      1497.03      0.00     1.00       0.0000    0.0000
    333.90      1497.38      0.00     1.00       0.0000    0.0000
    348.40      1499.58      0.00     1.00       0.0000    0.0000
    362.90      1498.99      0.00     1.00       0.0000    0.0000
    377.50      1497.02      0.00     1.00       0.0000    0.0000
    392.00      1495.61      0.00     1.00       0.0000    0.0000
    406.50      1495.13      0.00     1.00       0.0000    0.0000

                                 ( RMS roughness =   0.00     )
     ACOUSTO-ELASTIC half-space
    606.50      1600.00      0.00     1.80       0.0000    0.0000

 __________________________________________________________________________

 Number of Source   depths, Sz =            3
 Source   depths, Sz (m)
   88.2000       89.7000       209.800    


 __________________________________________________________________________

 Number of Receiver depths, Rz =           37
 Receiver depths, Rz (m)
   0.00000       34.9028       69.8056       104.708       139.611    
   174.514       209.417       244.319       279.222       314.125    
          ... 
   1256.50    

 Warning in ReadSzRz : Receiver below or too near the bottom bdry has been moved up

 __________________________________________________________________________

 Number of Receiver ranges, Rr =          201
 Receiver ranges, Rr (km)
   0.00000      0.239000      0.478000      0.717000      0.956000    
   1.19500       1.43400       1.67300       1.91200       2.15100    
          ... 
   47.8000    


 Ray trace run
 Geometric hat beams in Cartesian coordinates
 Point source (cylindrical coordinates)
 Rectilinear receiver grid: Receivers at Rr( : ) x Rz( : )
 __________________________________________________________________________

 Number of beams in elevation   =           22
 Beam take-off angles (degrees)
  -20.9000      -18.9095      -16.9190      -14.9286      -12.9381    
  -10.9476      -8.95714      -6.96667      -4.97619      -2.98571    
          ... 
   20.9000    

 __________________________________________________________________________


 Step length,       deltas =   0.000     m

 Maximum ray depth, Box%z  =   1256.     m
 Maximum ray range, Box%r  =   50.00    km
 No beam shift in effect


 Step length,       deltas =   40.65     m (automatically selected)

Tracing beam       1    -20.90
Tracing beam       2    -18.91
Tracing beam       3    -16.92
Tracing beam       4    -14.93
Tracing beam       5    -12.94
Tracing beam       6    -10.95
Tracing beam       7     -8.96
Tracing beam       8     -6.97
Tracing beam       9     -4.98
Tracing beam      10     -2.99
Tracing beam      11     -1.00
Tracing beam      12      1.00
Tracing beam      13      2.99
Tracing beam      14      4.98
Tracing beam      15      6.97
Tracing beam      16      8.96
Tracing beam      17     10.95
Tracing beam      18     12.94
Tracing beam      19     14.93
Tracing beam      20     16.92
Tracing beam      21     18.91
Tracing beam      22     20.90
Tracing beam       1    -20.90
Tracing beam       2    -18.91
Tracing beam       3    -16.92
Tracing beam       4    -14.93
Tracing beam       5    -12.94
Tracing beam       6    -10.95
Tracing beam       7     -8.96
Tracing beam       8     -6.97
Tracing beam       9     -4.98
Tracing beam      10     -2.99
Tracing beam      11     -1.00
Tracing beam      12      1.00
Tracing beam      13      2.99
Tracing beam      14      4.98
Tracing beam      15      6.97
Tracing beam      16      8.96
Tracing beam      17     10.95
Tracing beam      18     12.94
Tracing beam      19     14.93
Tracing beam      20     16.92
Tracing beam      21     18.91
Tracing beam      22     20.90
Tracing beam       1    -20.90
Tracing beam       2    -18.91
Tracing beam       3    -16.92
Tracing beam       4    -14.93
Tracing beam       5    -12.94
Tracing beam       6    -10.95
Tracing beam       7     -8.96
Tracing beam       8     -6.97
Tracing beam       9     -4.98
Tracing beam      10     -2.99
Tracing beam      11     -1.00
Tracing beam      12      1.00
Tracing beam      13      2.99
Tracing beam      14      4.98
Tracing beam      15      6.97
Tracing beam      16      8.96
Tracing beam      17     10.95
Tracing beam      18     12.94
Tracing beam      19     14.93
Tracing beam      20     16.92
Tracing beam      21     18.91
Tracing beam      22     20.90

 CPU Time =       0.281    s
