 BELLHOP/BELLHOP3D

 BELLHOP- Tropical Ocean Environment ARR Mode                                    
 frequency =   1530.     Hz

 Dummy parameter NMedia =            1

     Spline approximation to SSP
     Attenuation units: dB/mkHz
     VACUUM

 Depth =    2839.00 m

 Sound speed profile:
   z (m)     alphaR (m/s)   betaR  rho (g/cm^3)  alphaI     betaI

      0.00      1518.44      0.00     1.00       0.0000    0.0000
     69.20      1515.24      0.00     1.00       0.0000    0.0000
    138.50      1519.09      0.00     1.00       0.0000    0.0000
    207.70      1514.74      0.00     1.00       0.0000    0.0000
    277.00      1512.95      0.00     1.00       0.0000    0.0000
    346.20      1509.18      0.00     1.00       0.0000    0.0000
    415.50      1505.69      0.00     1.00       0.0000    0.0000
    484.70      1504.79      0.00     1.00       0.0000    0.0000
    553.90      1503.36      0.00     1.00       0.0000    0.0000
    623.20      1500.04      0.00     1.00       0.0000    0.0000
    692.40      1499.03      0.00     1.00       0.0000    0.0000
    761.70      1496.58      0.00     1.00       0.0000    0.0000
    830.90      1498.55      0.00     1.00       0.0000    0.0000
    900.20      1495.58      0.00     1.00       0.0000    0.0000
    969.40      1497.64      0.00     1.00       0.0000    0.0000
   1038.60      1487.17      0.00     1.00       0.0000    0.0000
   1107.90      1485.60      0.00     1.00       0.0000    0.0000
   1177.10      1485.04      0.00     1.00       0.0000    0.0000
   1246.40      1484.27      0.00     1.00       0.0000    0.0000
   1315.60      1486.03      0.00     1.00       0.0000    0.0000
   1384.90      1487.01      0.00     1.00       0.0000    0.0000
   1454.10      1491.98      0.00     1.00       0.0000    0.0000
   1523.30      1490.93      0.00     1.00       0.0000    0.0000
   1592.60      1492.18      0.00     1.00       0.0000    0.0000
   1661.80      1489.10      0.00     1.00       0.0000    0.0000
   1731.10      1491.48      0.00     1.00       0.0000    0.0000
   1800.30      1495.44      0.00     1.00       0.0000    0.0000
   1869.60      1495.38      0.00     1.00       0.0000    0.0000
   1938.80      1495.57      0.00     1.00       0.0000    0.0000
   2008.00      1497.48      0.00     1.00       0.0000    0.0000
   2077.30      1499.93      0.00     1.00       0.0000    0.0000
   2146.50      1497.98      0.00     1.00       0.0000    0.0000
   2215.80      1499.26      0.00     1.00       0.0000    0.0000
   2285.00      1500.28      0.00     1.00       0.0000    0.0000
   2354.30      1504.42      0.00     1.00       0.0000    0.0000
   2423.50      1498.52      0.00     1.00       0.0000    0.0000
   2492.70      1503.54      0.00     1.00       0.0000    0.0000
   2562.00      1503.18      0.00     1.00       0.0000    0.0000
   2631.20      1505.04      0.00     1.00       0.0000    0.0000
   2700.50      1504.04      0.00     1.00       0.0000    0.0000
   2769.70      1505.80      0.00     1.00       0.0000    0.0000
   2839.00      1507.78      0.00     1.00       0.0000    0.0000

                                 ( RMS roughness =   0.00     )
     ACOUSTO-ELASTIC half-space
   3039.00      1600.00      0.00     1.80       0.0000    0.0000

 __________________________________________________________________________

 Number of Source   depths, Sz =            2
 Source   depths, Sz (m)
   205.800       252.600    


 __________________________________________________________________________

 Number of Receiver depths, Rz =           43
 Receiver depths, Rz (m)
   0.00000       87.8333       175.667       263.500       351.333    
   439.167       527.000       614.833       702.667       790.500    
          ... 
   3689.00    

 Warning in ReadSzRz : Receiver below or too near the bottom bdry has been moved up

 __________________________________________________________________________

 Number of Receiver ranges, Rr =          201
 Receiver ranges, Rr (km)
   0.00000      0.212500      0.425000      0.637500      0.850000    
   1.06250       1.27500       1.48750       1.70000       1.91250    
          ... 
   42.5000    


 Arrivals calculation, ASCII  file output
 Geometric hat beams in Cartesian coordinates
 Point source (cylindrical coordinates)
 Rectilinear receiver grid: Receivers at Rr( : ) x Rz( : )
 __________________________________________________________________________

 Number of beams in elevation   =           26
 Beam take-off angles (degrees)
  -16.3000      -14.9960      -13.6920      -12.3880      -11.0840    
  -9.78000      -8.47600      -7.17200      -5.86800      -4.56400    
          ... 
   16.3000    

 __________________________________________________________________________


 Step length,       deltas =   0.000     m

 Maximum ray depth, Box%z  =   3689.     m
 Maximum ray range, Box%r  =   50.00    km
 No beam shift in effect


 Step length,       deltas =   283.9     m (automatically selected)

 ( Maximum # of arrivals =         2314 )

Tracing beam       1    -16.30

 Geometric hat beams                     
 halfwidth  =    13.848492239404719     
 epsilonOpt =  (  0.0000000000000000     ,  921760.09209240822     )
 EpsMult    =    1.0000000000000000     

Tracing beam       2    -15.00
Tracing beam       3    -13.69
Tracing beam       4    -12.39
Tracing beam       5    -11.08
Tracing beam       6     -9.78
Tracing beam       7     -8.48
Tracing beam       8     -7.17
Tracing beam       9     -5.87
Tracing beam      10     -4.56
Tracing beam      11     -3.26
Tracing beam      12     -1.96
Tracing beam      13     -0.65
Tracing beam      14      0.65
Tracing beam      15      1.96
Tracing beam      16      3.26
Tracing beam      17      4.56
Tracing beam      18      5.87
Tracing beam      19      7.17
Tracing beam      20      8.48
Tracing beam      21      9.78
Tracing beam      22     11.08
Tracing beam      23     12.39
Tracing beam      24     13.69
Tracing beam      25     15.00
Tracing beam      26     16.30
Tracing beam       1    -16.30
Tracing beam       2    -15.00
Tracing beam       3    -13.69
Tracing beam       4    -12.39
Tracing beam       5    -11.08
Tracing beam       6     -9.78
Tracing beam       7     -8.48
Tracing beam       8     -7.17
Tracing beam       9     -5.87
Tracing beam      10     -4.56
Tracing beam      11     -3.26
Tracing beam      12     -1.96
Tracing beam      13     -0.65
Tracing beam      14      0.65
Tracing beam      15      1.96
Tracing beam      16      3.26
Tracing beam      17      4.56
Tracing beam      18      5.87
Tracing beam      19      7.17
Tracing beam      20      8.48
Tracing beam      21      9.78
Tracing beam      22     11.08
Tracing beam      23     12.39
Tracing beam      24     13.69
Tracing beam      25     15.00
Tracing beam      26     16.30

 CPU Time =       0.172    s
