 BELLHOP/BELLHOP3D

 BELLHOP- Tropical Ocean Environment RAY Mode                                    
 frequency =   1530.     Hz

 Dummy parameter NMedia =            1

     Spline approximation to SSP
     Attenuation units: dB/mkHz
     VACUUM

 Depth =    2839.00 m

 Sound speed profile:
   z (m)     alphaR (m/s)   betaR  rho (g/cm^3)  alphaI     betaI

      0.00      1518.44      0.00     1.00       0.0000    0.0000
     69.20      1515.24      0.00     1.00       0.0000    0.0000
    138.50      1519.09      0.00     1.00       0.0000    0.0000
    207.70      1514.74      0.00     1.00       0.0000    0.0000
    277.00      1512.95      0.00     1.00       0.0000    0.0000
    346.20      1509.18      0.00     1.00       0.0000    0.0000
    415.50      1505.69      0.00     1.00       0.0000    0.0000
    484.70      1504.79      0.00     1.00       0.0000    0.0000
    553.90      1503.36      0.00     1.00       0.0000    0.0000
    623.20      1500.04      0.00     1.00       0.0000    0.0000
    692.40      1499.03      0.00     1.00       0.0000    0.0000
    761.70      1496.58      0.00     1.00       0.0000    0.0000
    830.90      1498.55      0.00     1.00       0.0000    0.0000
    900.20      1495.58      0.00     1.00       0.0000    0.0000
    969.40      1497.64      0.00     1.00       0.0000    0.0000
   1038.60      1487.17      0.00     1.00       0.0000    0.0000
   1107.90      1485.60      0.00     1.00       0.0000    0.0000
   1177.10      1485.04      0.00     1.00       0.0000    0.0000
   1246.40      1484.27      0.00     1.00       0.0000    0.0000
   1315.60      1486.03      0.00     1.00       0.0000    0.0000
   1384.90      1487.01      0.00     1.00       0.0000    0.0000
   1454.10      1491.98      0.00     1.00       0.0000    0.0000
   1523.30      1490.93      0.00     1.00       0.0000    0.0000
   1592.60      1492.18      0.00     1.00       0.0000    0.0000
   1661.80      1489.10      0.00     1.00       0.0000    0.0000
   1731.10      1491.48      0.00     1.00       0.0000    0.0000
   1800.30      1495.44      0.00     1.00       0.0000    0.0000
   1869.60      1495.38      0.00     1.00       0.0000    0.0000
   1938.80      1495.57      0.00     1.00       0.0000    0.0000
   2008.00      1497.48      0.00     1.00       0.0000    0.0000
   2077.30      1499.93      0.00     1.00       0.0000    0.0000
   2146.50      1497.98      0.00     1.00       0.0000    0.0000
   2215.80      1499.26      0.00     1.00       0.0000    0.0000
   2285.00      1500.28      0.00     1.00       0.0000    0.0000
   2354.30      1504.42      0.00     1.00       0.0000    0.0000
   2423.50      1498.52      0.00     1.00       0.0000    0.0000
   2492.70      1503.54      0.00     1.00       0.0000    0.0000
   2562.00      1503.18      0.00     1.00       0.0000    0.0000
   2631.20      1505.04      0.00     1.00       0.0000    0.0000
   2700.50      1504.04      0.00     1.00       0.0000    0.0000
   2769.70      1505.80      0.00     1.00       0.0000    0.0000
   2839.00      1507.78      0.00     1.00       0.0000    0.0000

                                 ( RMS roughness =   0.00     )
     ACOUSTO-ELASTIC half-space
   3039.00      1600.00      0.00     1.80       0.0000    0.0000

 __________________________________________________________________________

 Number of Source   depths, Sz =            3
 Source   depths, Sz (m)
   150.800       278.300       287.900    


 __________________________________________________________________________

 Number of Receiver depths, Rz =           36
 Receiver depths, Rz (m)
   0.00000       105.400       210.800       316.200       421.600    
   527.000       632.400       737.800       843.200       948.600    
          ... 
   3689.00    

 Warning in ReadSzRz : Receiver below or too near the bottom bdry has been moved up

 __________________________________________________________________________

 Number of Receiver ranges, Rr =          201
 Receiver ranges, Rr (km)
   0.00000      0.244500      0.489000      0.733500      0.978000    
   1.22250       1.46700       1.71150       1.95600       2.20050    
          ... 
   48.9000    


 Ray trace run
 Geometric hat beams in Cartesian coordinates
 Point source (cylindrical coordinates)
 Rectilinear receiver grid: Receivers at Rr( : ) x Rz( : )
 __________________________________________________________________________

 Number of beams in elevation   =           29
 Beam take-off angles (degrees)
  -14.7000      -13.6500      -12.6000      -11.5500      -10.5000    
  -9.45000      -8.40000      -7.35000      -6.30000      -5.25000    
          ... 
   14.7000    

 __________________________________________________________________________


 Step length,       deltas =   0.000     m

 Maximum ray depth, Box%z  =   3689.     m
 Maximum ray range, Box%r  =   50.00    km
 No beam shift in effect


 Step length,       deltas =   283.9     m (automatically selected)

Tracing beam       1    -14.70
Tracing beam       2    -13.65
Tracing beam       3    -12.60
Tracing beam       4    -11.55
Tracing beam       5    -10.50
Tracing beam       6     -9.45
Tracing beam       7     -8.40
Tracing beam       8     -7.35
Tracing beam       9     -6.30
Tracing beam      10     -5.25
Tracing beam      11     -4.20
Tracing beam      12     -3.15
Tracing beam      13     -2.10
Tracing beam      14     -1.05
Tracing beam      15      0.00
Tracing beam      16      1.05
Tracing beam      17      2.10
Tracing beam      18      3.15
Tracing beam      19      4.20
Tracing beam      20      5.25
Tracing beam      21      6.30
Tracing beam      22      7.35
Tracing beam      23      8.40
Tracing beam      24      9.45
Tracing beam      25     10.50
Tracing beam      26     11.55
Tracing beam      27     12.60
Tracing beam      28     13.65
Tracing beam      29     14.70
Tracing beam       1    -14.70
Tracing beam       2    -13.65
Tracing beam       3    -12.60
Tracing beam       4    -11.55
Tracing beam       5    -10.50
Tracing beam       6     -9.45
Tracing beam       7     -8.40
Tracing beam       8     -7.35
Tracing beam       9     -6.30
Tracing beam      10     -5.25
Tracing beam      11     -4.20
Tracing beam      12     -3.15
Tracing beam      13     -2.10
Tracing beam      14     -1.05
Tracing beam      15      0.00
Tracing beam      16      1.05
Tracing beam      17      2.10
Tracing beam      18      3.15
Tracing beam      19      4.20
Tracing beam      20      5.25
Tracing beam      21      6.30
Tracing beam      22      7.35
Tracing beam      23      8.40
Tracing beam      24      9.45
Tracing beam      25     10.50
Tracing beam      26     11.55
Tracing beam      27     12.60
Tracing beam      28     13.65
Tracing beam      29     14.70
Tracing beam       1    -14.70
Tracing beam       2    -13.65
Tracing beam       3    -12.60
Tracing beam       4    -11.55
Tracing beam       5    -10.50
Tracing beam       6     -9.45
Tracing beam       7     -8.40
Tracing beam       8     -7.35
Tracing beam       9     -6.30
Tracing beam      10     -5.25
Tracing beam      11     -4.20
Tracing beam      12     -3.15
Tracing beam      13     -2.10
Tracing beam      14     -1.05
Tracing beam      15      0.00
Tracing beam      16      1.05
Tracing beam      17      2.10
Tracing beam      18      3.15
Tracing beam      19      4.20
Tracing beam      20      5.25
Tracing beam      21      6.30
Tracing beam      22      7.35
Tracing beam      23      8.40
Tracing beam      24      9.45
Tracing beam      25     10.50
Tracing beam      26     11.55
Tracing beam      27     12.60
Tracing beam      28     13.65
Tracing beam      29     14.70

 CPU Time =       0.625E-01s
