 BELLHOP/BELLHOP3D

 BELLHOP- Polar Ocean Environment ARR Mode                                       
 frequency =   974.2     Hz

 Dummy parameter NMedia =            1

     Spline approximation to SSP
     Attenuation units: dB/mkHz
     VACUUM

 Depth =    2411.90 m

 Sound speed profile:
   z (m)     alphaR (m/s)   betaR  rho (g/cm^3)  alphaI     betaI

      0.00      1468.94      0.00     1.00       0.0000    0.0000
     68.90      1461.39      0.00     1.00       0.0000    0.0000
    137.80      1465.13      0.00     1.00       0.0000    0.0000
    206.70      1461.18      0.00     1.00       0.0000    0.0000
    275.60      1460.00      0.00     1.00       0.0000    0.0000
    344.60      1460.00      0.00     1.00       0.0000    0.0000
    413.50      1460.00      0.00     1.00       0.0000    0.0000
    482.40      1460.00      0.00     1.00       0.0000    0.0000
    551.30      1460.00      0.00     1.00       0.0000    0.0000
    620.20      1460.00      0.00     1.00       0.0000    0.0000
    689.10      1460.00      0.00     1.00       0.0000    0.0000
    758.00      1460.00      0.00     1.00       0.0000    0.0000
    826.90      1460.00      0.00     1.00       0.0000    0.0000
    895.90      1460.00      0.00     1.00       0.0000    0.0000
    964.80      1460.00      0.00     1.00       0.0000    0.0000
   1033.70      1460.00      0.00     1.00       0.0000    0.0000
   1102.60      1460.00      0.00     1.00       0.0000    0.0000
   1171.50      1460.25      0.00     1.00       0.0000    0.0000
   1240.40      1461.01      0.00     1.00       0.0000    0.0000
   1309.30      1461.87      0.00     1.00       0.0000    0.0000
   1378.20      1461.56      0.00     1.00       0.0000    0.0000
   1447.10      1462.48      0.00     1.00       0.0000    0.0000
   1516.10      1462.78      0.00     1.00       0.0000    0.0000
   1585.00      1463.77      0.00     1.00       0.0000    0.0000
   1653.90      1466.40      0.00     1.00       0.0000    0.0000
   1722.80      1466.05      0.00     1.00       0.0000    0.0000
   1791.70      1470.34      0.00     1.00       0.0000    0.0000
   1860.60      1469.10      0.00     1.00       0.0000    0.0000
   1929.50      1472.42      0.00     1.00       0.0000    0.0000
   1998.40      1472.04      0.00     1.00       0.0000    0.0000
   2067.30      1471.03      0.00     1.00       0.0000    0.0000
   2136.30      1473.12      0.00     1.00       0.0000    0.0000
   2205.20      1471.72      0.00     1.00       0.0000    0.0000
   2274.10      1475.53      0.00     1.00       0.0000    0.0000
   2343.00      1475.23      0.00     1.00       0.0000    0.0000
   2411.90      1475.60      0.00     1.00       0.0000    0.0000

                                 ( RMS roughness =   0.00     )
     ACOUSTO-ELASTIC half-space
   2611.90      1600.00      0.00     1.80       0.0000    0.0000

 __________________________________________________________________________

 Number of Source   depths, Sz =            2
 Source   depths, Sz (m)
   198.000       299.900    


 __________________________________________________________________________

 Number of Receiver depths, Rz =           45
 Receiver depths, Rz (m)
   0.00000       74.1341       148.268       222.402       296.536    
   370.670       444.805       518.939       593.073       667.207    
          ... 
   3261.90    

 Warning in ReadSzRz : Receiver below or too near the bottom bdry has been moved up

 __________________________________________________________________________

 Number of Receiver ranges, Rr =          201
 Receiver ranges, Rr (km)
   0.00000      0.271500      0.543000      0.814500       1.08600    
   1.35750       1.62900       1.90050       2.17200       2.44350    
          ... 
   54.3000    


 Arrivals calculation, ASCII  file output
 Geometric hat beams in Cartesian coordinates
 Point source (cylindrical coordinates)
 Rectilinear receiver grid: Receivers at Rr( : ) x Rz( : )
 __________________________________________________________________________

 Number of beams in elevation   =           33
 Beam take-off angles (degrees)
  -16.5000      -15.4688      -14.4375      -13.4062      -12.3750    
  -11.3438      -10.3125      -9.28125      -8.25000      -7.21875    
          ... 
   16.5000    

 __________________________________________________________________________


 Step length,       deltas =   0.000     m

 Maximum ray depth, Box%z  =   3262.     m
 Maximum ray range, Box%r  =   50.00    km
 No beam shift in effect


 Step length,       deltas =   241.2     m (automatically selected)

 ( Maximum # of arrivals =         2211 )

Tracing beam       1    -16.50

 Geometric hat beams                     
 halfwidth  =    26.535563210102872     
 epsilonOpt =  (  0.0000000000000000     ,  2155036.4374088431     )
 EpsMult    =    1.0000000000000000     

Tracing beam       2    -15.47
Tracing beam       3    -14.44
Tracing beam       4    -13.41
Tracing beam       5    -12.38
Tracing beam       6    -11.34
Tracing beam       7    -10.31
Tracing beam       8     -9.28
Tracing beam       9     -8.25
Tracing beam      10     -7.22
Tracing beam      11     -6.19
Tracing beam      12     -5.16
Tracing beam      13     -4.12
Tracing beam      14     -3.09
Tracing beam      15     -2.06
Tracing beam      16     -1.03
Tracing beam      17      0.00
Tracing beam      18      1.03
Tracing beam      19      2.06
Tracing beam      20      3.09
Tracing beam      21      4.12
Tracing beam      22      5.16
Tracing beam      23      6.19
Tracing beam      24      7.22
Tracing beam      25      8.25
Tracing beam      26      9.28
Tracing beam      27     10.31
Tracing beam      28     11.34
Tracing beam      29     12.38
Tracing beam      30     13.41
Tracing beam      31     14.44
Tracing beam      32     15.47
Tracing beam      33     16.50
Tracing beam       1    -16.50
Tracing beam       2    -15.47
Tracing beam       3    -14.44
Tracing beam       4    -13.41
Tracing beam       5    -12.38
Tracing beam       6    -11.34
Tracing beam       7    -10.31
Tracing beam       8     -9.28
Tracing beam       9     -8.25
Tracing beam      10     -7.22
Tracing beam      11     -6.19
Tracing beam      12     -5.16
Tracing beam      13     -4.12
Tracing beam      14     -3.09
Tracing beam      15     -2.06
Tracing beam      16     -1.03
Tracing beam      17      0.00
Tracing beam      18      1.03
Tracing beam      19      2.06
Tracing beam      20      3.09
Tracing beam      21      4.12
Tracing beam      22      5.16
Tracing beam      23      6.19
Tracing beam      24      7.22
Tracing beam      25      8.25
Tracing beam      26      9.28
Tracing beam      27     10.31
Tracing beam      28     11.34
Tracing beam      29     12.38
Tracing beam      30     13.41
Tracing beam      31     14.44
Tracing beam      32     15.47
Tracing beam      33     16.50

 CPU Time =       0.344    s
