 BELLHOP/BELLHOP3D

 BELLHOP- Polar Ocean Environment RAY Mode                                       
 frequency =   974.2     Hz

 Dummy parameter NMedia =            1

     Spline approximation to SSP
     Attenuation units: dB/mkHz
     VACUUM

 Depth =    2411.90 m

 Sound speed profile:
   z (m)     alphaR (m/s)   betaR  rho (g/cm^3)  alphaI     betaI

      0.00      1468.94      0.00     1.00       0.0000    0.0000
     68.90      1461.39      0.00     1.00       0.0000    0.0000
    137.80      1465.13      0.00     1.00       0.0000    0.0000
    206.70      1461.18      0.00     1.00       0.0000    0.0000
    275.60      1460.00      0.00     1.00       0.0000    0.0000
    344.60      1460.00      0.00     1.00       0.0000    0.0000
    413.50      1460.00      0.00     1.00       0.0000    0.0000
    482.40      1460.00      0.00     1.00       0.0000    0.0000
    551.30      1460.00      0.00     1.00       0.0000    0.0000
    620.20      1460.00      0.00     1.00       0.0000    0.0000
    689.10      1460.00      0.00     1.00       0.0000    0.0000
    758.00      1460.00      0.00     1.00       0.0000    0.0000
    826.90      1460.00      0.00     1.00       0.0000    0.0000
    895.90      1460.00      0.00     1.00       0.0000    0.0000
    964.80      1460.00      0.00     1.00       0.0000    0.0000
   1033.70      1460.00      0.00     1.00       0.0000    0.0000
   1102.60      1460.00      0.00     1.00       0.0000    0.0000
   1171.50      1460.25      0.00     1.00       0.0000    0.0000
   1240.40      1461.01      0.00     1.00       0.0000    0.0000
   1309.30      1461.87      0.00     1.00       0.0000    0.0000
   1378.20      1461.56      0.00     1.00       0.0000    0.0000
   1447.10      1462.48      0.00     1.00       0.0000    0.0000
   1516.10      1462.78      0.00     1.00       0.0000    0.0000
   1585.00      1463.77      0.00     1.00       0.0000    0.0000
   1653.90      1466.40      0.00     1.00       0.0000    0.0000
   1722.80      1466.05      0.00     1.00       0.0000    0.0000
   1791.70      1470.34      0.00     1.00       0.0000    0.0000
   1860.60      1469.10      0.00     1.00       0.0000    0.0000
   1929.50      1472.42      0.00     1.00       0.0000    0.0000
   1998.40      1472.04      0.00     1.00       0.0000    0.0000
   2067.30      1471.03      0.00     1.00       0.0000    0.0000
   2136.30      1473.12      0.00     1.00       0.0000    0.0000
   2205.20      1471.72      0.00     1.00       0.0000    0.0000
   2274.10      1475.53      0.00     1.00       0.0000    0.0000
   2343.00      1475.23      0.00     1.00       0.0000    0.0000
   2411.90      1475.60      0.00     1.00       0.0000    0.0000

                                 ( RMS roughness =   0.00     )
     ACOUSTO-ELASTIC half-space
   2611.90      1600.00      0.00     1.80       0.0000    0.0000

 __________________________________________________________________________

 Number of Source   depths, Sz =            3
 Source   depths, Sz (m)
   216.600       268.500       295.100    


 __________________________________________________________________________

 Number of Receiver depths, Rz =           32
 Receiver depths, Rz (m)
   0.00000       105.223       210.445       315.668       420.890    
   526.113       631.335       736.558       841.781       947.003    
          ... 
   3261.90    

 Warning in ReadSzRz : Receiver below or too near the bottom bdry has been moved up

 __________________________________________________________________________

 Number of Receiver ranges, Rr =          201
 Receiver ranges, Rr (km)
   0.00000      0.268500      0.537000      0.805500       1.07400    
   1.34250       1.61100       1.87950       2.14800       2.41650    
          ... 
   53.7000    


 Ray trace run
 Geometric hat beams in Cartesian coordinates
 Point source (cylindrical coordinates)
 Rectilinear receiver grid: Receivers at Rr( : ) x Rz( : )
 __________________________________________________________________________

 Number of beams in elevation   =           25
 Beam take-off angles (degrees)
  -24.2000      -22.1833      -20.1667      -18.1500      -16.1333    
  -14.1167      -12.1000      -10.0833      -8.06667      -6.05000    
          ... 
   24.2000    

 __________________________________________________________________________


 Step length,       deltas =   0.000     m

 Maximum ray depth, Box%z  =   3262.     m
 Maximum ray range, Box%r  =   50.00    km
 No beam shift in effect


 Step length,       deltas =   241.2     m (automatically selected)

Tracing beam       1    -24.20
Tracing beam       2    -22.18
Tracing beam       3    -20.17
Tracing beam       4    -18.15
Tracing beam       5    -16.13
Tracing beam       6    -14.12
Tracing beam       7    -12.10
Tracing beam       8    -10.08
Tracing beam       9     -8.07
Tracing beam      10     -6.05
Tracing beam      11     -4.03
Tracing beam      12     -2.02
Tracing beam      13      0.00
Tracing beam      14      2.02
Tracing beam      15      4.03
Tracing beam      16      6.05
Tracing beam      17      8.07
Tracing beam      18     10.08
Tracing beam      19     12.10
Tracing beam      20     14.12
Tracing beam      21     16.13
Tracing beam      22     18.15
Tracing beam      23     20.17
Tracing beam      24     22.18
Tracing beam      25     24.20
Tracing beam       1    -24.20
Tracing beam       2    -22.18
Tracing beam       3    -20.17
Tracing beam       4    -18.15
Tracing beam       5    -16.13
Tracing beam       6    -14.12
Tracing beam       7    -12.10
Tracing beam       8    -10.08
Tracing beam       9     -8.07
Tracing beam      10     -6.05
Tracing beam      11     -4.03
Tracing beam      12     -2.02
Tracing beam      13      0.00
Tracing beam      14      2.02
Tracing beam      15      4.03
Tracing beam      16      6.05
Tracing beam      17      8.07
Tracing beam      18     10.08
Tracing beam      19     12.10
Tracing beam      20     14.12
Tracing beam      21     16.13
Tracing beam      22     18.15
Tracing beam      23     20.17
Tracing beam      24     22.18
Tracing beam      25     24.20
Tracing beam       1    -24.20
Tracing beam       2    -22.18
Tracing beam       3    -20.17
Tracing beam       4    -18.15
Tracing beam       5    -16.13
Tracing beam       6    -14.12
Tracing beam       7    -12.10
Tracing beam       8    -10.08
Tracing beam       9     -8.07
Tracing beam      10     -6.05
Tracing beam      11     -4.03
Tracing beam      12     -2.02
Tracing beam      13      0.00
Tracing beam      14      2.02
Tracing beam      15      4.03
Tracing beam      16      6.05
Tracing beam      17      8.07
Tracing beam      18     10.08
Tracing beam      19     12.10
Tracing beam      20     14.12
Tracing beam      21     16.13
Tracing beam      22     18.15
Tracing beam      23     20.17
Tracing beam      24     22.18
Tracing beam      25     24.20

 CPU Time =       0.469E-01s
