 BELLHOP/BELLHOP3D

 BELLHOP- Continental Shelf Environment ARR Mode                                 
 frequency =   1328.     Hz

 Dummy parameter NMedia =            1

     Spline approximation to SSP
     Attenuation units: dB/mkHz
     VACUUM

 Depth =     988.70 m

 Sound speed profile:
   z (m)     alphaR (m/s)   betaR  rho (g/cm^3)  alphaI     betaI

      0.00      1501.00      0.00     1.00       0.0000    0.0000
     36.60      1497.11      0.00     1.00       0.0000    0.0000
     73.20      1495.20      0.00     1.00       0.0000    0.0000
    109.90      1499.01      0.00     1.00       0.0000    0.0000
    146.50      1498.26      0.00     1.00       0.0000    0.0000
    183.10      1496.24      0.00     1.00       0.0000    0.0000
    219.70      1494.99      0.00     1.00       0.0000    0.0000
    256.30      1490.62      0.00     1.00       0.0000    0.0000
    293.00      1491.77      0.00     1.00       0.0000    0.0000
    329.60      1491.14      0.00     1.00       0.0000    0.0000
    366.20      1490.27      0.00     1.00       0.0000    0.0000
    402.80      1486.94      0.00     1.00       0.0000    0.0000
    439.40      1485.83      0.00     1.00       0.0000    0.0000
    476.10      1484.84      0.00     1.00       0.0000    0.0000
    512.70      1485.44      0.00     1.00       0.0000    0.0000
    549.30      1485.17      0.00     1.00       0.0000    0.0000
    585.90      1482.05      0.00     1.00       0.0000    0.0000
    622.50      1483.13      0.00     1.00       0.0000    0.0000
    659.20      1481.13      0.00     1.00       0.0000    0.0000
    695.80      1479.99      0.00     1.00       0.0000    0.0000
    732.40      1479.17      0.00     1.00       0.0000    0.0000
    769.00      1479.99      0.00     1.00       0.0000    0.0000
    805.60      1478.82      0.00     1.00       0.0000    0.0000
    842.30      1481.28      0.00     1.00       0.0000    0.0000
    878.90      1476.20      0.00     1.00       0.0000    0.0000
    915.50      1477.95      0.00     1.00       0.0000    0.0000
    952.10      1476.15      0.00     1.00       0.0000    0.0000
    988.70      1475.49      0.00     1.00       0.0000    0.0000

                                 ( RMS roughness =   0.00     )
     ACOUSTO-ELASTIC half-space
   1188.70      1600.00      0.00     1.80       0.0000    0.0000

 __________________________________________________________________________

 Number of Source   depths, Sz =            3
 Source   depths, Sz (m)
   37.0000       99.9000       109.500    


 __________________________________________________________________________

 Number of Receiver depths, Rz =           30
 Receiver depths, Rz (m)
   0.00000       63.4034       126.807       190.210       253.614    
   317.017       380.421       443.824       507.228       570.631    
          ... 
   1838.70    

 Warning in ReadSzRz : Receiver below or too near the bottom bdry has been moved up

 __________________________________________________________________________

 Number of Receiver ranges, Rr =          201
 Receiver ranges, Rr (km)
   0.00000      0.224000      0.448000      0.672000      0.896000    
   1.12000       1.34400       1.56800       1.79200       2.01600    
          ... 
   44.8000    


 Arrivals calculation, ASCII  file output
 Geometric hat beams in Cartesian coordinates
 Point source (cylindrical coordinates)
 Rectilinear receiver grid: Receivers at Rr( : ) x Rz( : )
 __________________________________________________________________________

 Number of beams in elevation   =           38
 Beam take-off angles (degrees)
  -14.3000      -13.5270      -12.7541      -11.9811      -11.2081    
  -10.4351      -9.66216      -8.88919      -8.11622      -7.34324    
          ... 
   14.3000    

 __________________________________________________________________________


 Step length,       deltas =   0.000     m

 Maximum ray depth, Box%z  =   1839.     m
 Maximum ray range, Box%r  =   50.00    km
 No beam shift in effect


 Step length,       deltas =   98.87     m (automatically selected)

 ( Maximum # of arrivals =         3316 )

Tracing beam       1    -14.30

 Geometric hat beams                     
 halfwidth  =    26.594086884319331     
 epsilonOpt =  (  0.0000000000000000     ,  2951097.2075963221     )
 EpsMult    =    1.0000000000000000     

Tracing beam       2    -13.53
Tracing beam       3    -12.75
Tracing beam       4    -11.98
Tracing beam       5    -11.21
Tracing beam       6    -10.44
Tracing beam       7     -9.66
Tracing beam       8     -8.89
Tracing beam       9     -8.12
Tracing beam      10     -7.34
Tracing beam      11     -6.57
Tracing beam      12     -5.80
Tracing beam      13     -5.02
Tracing beam      14     -4.25
Tracing beam      15     -3.48
Tracing beam      16     -2.71
Tracing beam      17     -1.93
Tracing beam      18     -1.16
Tracing beam      19     -0.39
Tracing beam      20      0.39
Tracing beam      21      1.16
Tracing beam      22      1.93
Tracing beam      23      2.71
Tracing beam      24      3.48
Tracing beam      25      4.25
Tracing beam      26      5.02
Tracing beam      27      5.80
Tracing beam      28      6.57
Tracing beam      29      7.34
Tracing beam      30      8.12
Tracing beam      31      8.89
Tracing beam      32      9.66
Tracing beam      33     10.44
Tracing beam      34     11.21
Tracing beam      35     11.98
Tracing beam      36     12.75
Tracing beam      37     13.53
Tracing beam      38     14.30
Tracing beam       1    -14.30
Tracing beam       2    -13.53
Tracing beam       3    -12.75
Tracing beam       4    -11.98
Tracing beam       5    -11.21
Tracing beam       6    -10.44
Tracing beam       7     -9.66
Tracing beam       8     -8.89
Tracing beam       9     -8.12
Tracing beam      10     -7.34
Tracing beam      11     -6.57
Tracing beam      12     -5.80
Tracing beam      13     -5.02
Tracing beam      14     -4.25
Tracing beam      15     -3.48
Tracing beam      16     -2.71
Tracing beam      17     -1.93
Tracing beam      18     -1.16
Tracing beam      19     -0.39
Tracing beam      20      0.39
Tracing beam      21      1.16
Tracing beam      22      1.93
Tracing beam      23      2.71
Tracing beam      24      3.48
Tracing beam      25      4.25
Tracing beam      26      5.02
Tracing beam      27      5.80
Tracing beam      28      6.57
Tracing beam      29      7.34
Tracing beam      30      8.12
Tracing beam      31      8.89
Tracing beam      32      9.66
Tracing beam      33     10.44
Tracing beam      34     11.21
Tracing beam      35     11.98
Tracing beam      36     12.75
Tracing beam      37     13.53
Tracing beam      38     14.30
Tracing beam       1    -14.30
Tracing beam       2    -13.53
Tracing beam       3    -12.75
Tracing beam       4    -11.98
Tracing beam       5    -11.21
Tracing beam       6    -10.44
Tracing beam       7     -9.66
Tracing beam       8     -8.89
Tracing beam       9     -8.12
Tracing beam      10     -7.34
Tracing beam      11     -6.57
Tracing beam      12     -5.80
Tracing beam      13     -5.02
Tracing beam      14     -4.25
Tracing beam      15     -3.48
Tracing beam      16     -2.71
Tracing beam      17     -1.93
Tracing beam      18     -1.16
Tracing beam      19     -0.39
Tracing beam      20      0.39
Tracing beam      21      1.16
Tracing beam      22      1.93
Tracing beam      23      2.71
Tracing beam      24      3.48
Tracing beam      25      4.25
Tracing beam      26      5.02
Tracing beam      27      5.80
Tracing beam      28      6.57
Tracing beam      29      7.34
Tracing beam      30      8.12
Tracing beam      31      8.89
Tracing beam      32      9.66
Tracing beam      33     10.44
Tracing beam      34     11.21
Tracing beam      35     11.98
Tracing beam      36     12.75
Tracing beam      37     13.53
Tracing beam      38     14.30

 CPU Time =       0.500    s
