 BELLHOP/BELLHOP3D

 BELLHOP- Continental Shelf Environment RAY Mode                                 
 frequency =   1328.     Hz

 Dummy parameter NMedia =            1

     Spline approximation to SSP
     Attenuation units: dB/mkHz
     VACUUM

 Depth =     988.70 m

 Sound speed profile:
   z (m)     alphaR (m/s)   betaR  rho (g/cm^3)  alphaI     betaI

      0.00      1501.00      0.00     1.00       0.0000    0.0000
     36.60      1497.11      0.00     1.00       0.0000    0.0000
     73.20      1495.20      0.00     1.00       0.0000    0.0000
    109.90      1499.01      0.00     1.00       0.0000    0.0000
    146.50      1498.26      0.00     1.00       0.0000    0.0000
    183.10      1496.24      0.00     1.00       0.0000    0.0000
    219.70      1494.99      0.00     1.00       0.0000    0.0000
    256.30      1490.62      0.00     1.00       0.0000    0.0000
    293.00      1491.77      0.00     1.00       0.0000    0.0000
    329.60      1491.14      0.00     1.00       0.0000    0.0000
    366.20      1490.27      0.00     1.00       0.0000    0.0000
    402.80      1486.94      0.00     1.00       0.0000    0.0000
    439.40      1485.83      0.00     1.00       0.0000    0.0000
    476.10      1484.84      0.00     1.00       0.0000    0.0000
    512.70      1485.44      0.00     1.00       0.0000    0.0000
    549.30      1485.17      0.00     1.00       0.0000    0.0000
    585.90      1482.05      0.00     1.00       0.0000    0.0000
    622.50      1483.13      0.00     1.00       0.0000    0.0000
    659.20      1481.13      0.00     1.00       0.0000    0.0000
    695.80      1479.99      0.00     1.00       0.0000    0.0000
    732.40      1479.17      0.00     1.00       0.0000    0.0000
    769.00      1479.99      0.00     1.00       0.0000    0.0000
    805.60      1478.82      0.00     1.00       0.0000    0.0000
    842.30      1481.28      0.00     1.00       0.0000    0.0000
    878.90      1476.20      0.00     1.00       0.0000    0.0000
    915.50      1477.95      0.00     1.00       0.0000    0.0000
    952.10      1476.15      0.00     1.00       0.0000    0.0000
    988.70      1475.49      0.00     1.00       0.0000    0.0000

                                 ( RMS roughness =   0.00     )
     ACOUSTO-ELASTIC half-space
   1188.70      1600.00      0.00     1.80       0.0000    0.0000

 __________________________________________________________________________

 Number of Source   depths, Sz =            1
 Source   depths, Sz (m)
   172.800    


 __________________________________________________________________________

 Number of Receiver depths, Rz =           31
 Receiver depths, Rz (m)
   0.00000       61.2900       122.580       183.870       245.160    
   306.450       367.740       429.030       490.320       551.610    
          ... 
   1838.70    

 Warning in ReadSzRz : Receiver below or too near the bottom bdry has been moved up

 __________________________________________________________________________

 Number of Receiver ranges, Rr =          201
 Receiver ranges, Rr (km)
   0.00000      0.219000      0.438000      0.657000      0.876000    
   1.09500       1.31400       1.53300       1.75200       1.97100    
          ... 
   43.8000    


 Ray trace run
 Geometric hat beams in Cartesian coordinates
 Point source (cylindrical coordinates)
 Rectilinear receiver grid: Receivers at Rr( : ) x Rz( : )
 __________________________________________________________________________

 Number of beams in elevation   =           24
 Beam take-off angles (degrees)
  -11.8000      -10.7739      -9.74783      -8.72174      -7.69565    
  -6.66957      -5.64348      -4.61739      -3.59130      -2.56522    
          ... 
   11.8000    

 __________________________________________________________________________


 Step length,       deltas =   0.000     m

 Maximum ray depth, Box%z  =   1839.     m
 Maximum ray range, Box%r  =   50.00    km
 No beam shift in effect


 Step length,       deltas =   98.87     m (automatically selected)

Tracing beam       1    -11.80
Tracing beam       2    -10.77
Tracing beam       3     -9.75
Tracing beam       4     -8.72
Tracing beam       5     -7.70
Tracing beam       6     -6.67
Tracing beam       7     -5.64
Tracing beam       8     -4.62
Tracing beam       9     -3.59
Tracing beam      10     -2.57
Tracing beam      11     -1.54
Tracing beam      12     -0.51
Tracing beam      13      0.51
Tracing beam      14      1.54
Tracing beam      15      2.57
Tracing beam      16      3.59
Tracing beam      17      4.62
Tracing beam      18      5.64
Tracing beam      19      6.67
Tracing beam      20      7.70
Tracing beam      21      8.72
Tracing beam      22      9.75
Tracing beam      23     10.77
Tracing beam      24     11.80

 CPU Time =       0.312E-01s
