 BELLHOP/BELLHOP3D

 BELLHOP- Mixed Layer Environment SHD Mode                                       
 frequency =   1102.     Hz

 Dummy parameter NMedia =            1

     Spline approximation to SSP
     Attenuation units: dB/mkHz
     VACUUM

 Depth =    1507.40 m

 Sound speed profile:
   z (m)     alphaR (m/s)   betaR  rho (g/cm^3)  alphaI     betaI

      0.00      1512.80      0.00     1.00       0.0000    0.0000
     41.90      1509.83      0.00     1.00       0.0000    0.0000
     83.70      1508.84      0.00     1.00       0.0000    0.0000
    125.60      1512.36      0.00     1.00       0.0000    0.0000
    167.50      1513.22      0.00     1.00       0.0000    0.0000
    209.40      1510.03      0.00     1.00       0.0000    0.0000
    251.20      1509.61      0.00     1.00       0.0000    0.0000
    293.10      1503.42      0.00     1.00       0.0000    0.0000
    335.00      1503.39      0.00     1.00       0.0000    0.0000
    376.80      1502.79      0.00     1.00       0.0000    0.0000
    418.70      1498.11      0.00     1.00       0.0000    0.0000
    460.60      1501.38      0.00     1.00       0.0000    0.0000
    502.50      1499.26      0.00     1.00       0.0000    0.0000
    544.30      1496.50      0.00     1.00       0.0000    0.0000
    586.20      1495.60      0.00     1.00       0.0000    0.0000
    628.10      1496.66      0.00     1.00       0.0000    0.0000
    669.90      1492.58      0.00     1.00       0.0000    0.0000
    711.80      1494.80      0.00     1.00       0.0000    0.0000
    753.70      1491.66      0.00     1.00       0.0000    0.0000
    795.60      1492.44      0.00     1.00       0.0000    0.0000
    837.40      1490.81      0.00     1.00       0.0000    0.0000
    879.30      1493.51      0.00     1.00       0.0000    0.0000
    921.20      1488.41      0.00     1.00       0.0000    0.0000
    963.00      1488.56      0.00     1.00       0.0000    0.0000
   1004.90      1484.83      0.00     1.00       0.0000    0.0000
   1046.80      1486.59      0.00     1.00       0.0000    0.0000
   1088.70      1490.45      0.00     1.00       0.0000    0.0000
   1130.50      1492.93      0.00     1.00       0.0000    0.0000
   1172.40      1492.92      0.00     1.00       0.0000    0.0000
   1214.30      1492.82      0.00     1.00       0.0000    0.0000
   1256.10      1492.64      0.00     1.00       0.0000    0.0000
   1298.00      1496.47      0.00     1.00       0.0000    0.0000
   1339.90      1494.85      0.00     1.00       0.0000    0.0000
   1381.80      1495.40      0.00     1.00       0.0000    0.0000
   1423.60      1498.11      0.00     1.00       0.0000    0.0000
   1465.50      1496.67      0.00     1.00       0.0000    0.0000
   1507.40      1498.80      0.00     1.00       0.0000    0.0000

                                 ( RMS roughness =   0.00     )
     ACOUSTO-ELASTIC half-space
   1707.40      1600.00      0.00     1.80       0.0000    0.0000

 __________________________________________________________________________

 Number of Source   depths, Sz =            1
 Source   depths, Sz (m)
   129.400    


 __________________________________________________________________________

 Number of Receiver depths, Rz =           60
 Receiver depths, Rz (m)
   0.00000       39.9559       79.9119       119.868       159.824    
   199.780       239.736       279.691       319.647       359.603    
          ... 
   2357.40    

 Warning in ReadSzRz : Receiver below or too near the bottom bdry has been moved up

 __________________________________________________________________________

 Number of Receiver ranges, Rr =          201
 Receiver ranges, Rr (km)
   0.00000      0.223500      0.447000      0.670500      0.894000    
   1.11750       1.34100       1.56450       1.78800       2.01150    
          ... 
   44.7000    


 Coherent TL calculation
 Geometric hat beams in Cartesian coordinates
 Point source (cylindrical coordinates)
 Rectilinear receiver grid: Receivers at Rr( : ) x Rz( : )
 __________________________________________________________________________

 Number of beams in elevation   =         9850
 Beam take-off angles (degrees)
  -82.0000      -81.9840      -81.9679      -81.9519      -81.9359    
  -81.9198      -81.9038      -81.8878      -81.8717      -81.8557    
          ... 
   75.9000    

 __________________________________________________________________________


 Step length,       deltas =   0.000     m

 Maximum ray depth, Box%z  =   2357.     m
 Maximum ray range, Box%r  =   50.00    km
 No beam shift in effect


 Step length,       deltas =   150.7     m (automatically selected)

Tracing beam       1    -82.00

 Geometric hat beams                     
 halfwidth  =    1561.7786446652362     
 epsilonOpt =  (  0.0000000000000000     ,  8442899135.8338728     )
 EpsMult    =    1.0000000000000000     

Tracing beam     198    -78.84
Tracing beam     395    -75.68
Tracing beam     592    -72.53
Tracing beam     789    -69.37
Tracing beam     986    -66.21
Tracing beam    1183    -63.05
Tracing beam    1380    -59.89
Tracing beam    1577    -56.73
Tracing beam    1774    -53.58
Tracing beam    1971    -50.42
Tracing beam    2168    -47.26
Tracing beam    2365    -44.10
Tracing beam    2562    -40.94
Tracing beam    2759    -37.78
Tracing beam    2956    -34.63
Tracing beam    3153    -31.47
Tracing beam    3350    -28.31
Tracing beam    3547    -25.15
Tracing beam    3744    -21.99
Tracing beam    3941    -18.83
Tracing beam    4138    -15.68
Tracing beam    4335    -12.52
Tracing beam    4532     -9.36
Tracing beam    4729     -6.20
Tracing beam    4926     -3.04
Tracing beam    5123      0.12
Tracing beam    5320      3.27
Tracing beam    5517      6.43
Tracing beam    5714      9.59
Tracing beam    5911     12.75
Tracing beam    6108     15.91
Tracing beam    6305     19.07
Tracing beam    6502     22.22
Tracing beam    6699     25.38
Tracing beam    6896     28.54
Tracing beam    7093     31.70
Tracing beam    7290     34.86
Tracing beam    7487     38.02
Tracing beam    7684     41.17
Tracing beam    7881     44.33
Tracing beam    8078     47.49
Tracing beam    8275     50.65
Tracing beam    8472     53.81
Tracing beam    8669     56.97
Tracing beam    8866     60.12
Tracing beam    9063     63.28
Tracing beam    9260     66.44
Tracing beam    9457     69.60
Tracing beam    9654     72.76

 CPU Time =        1.30    s
