 BELLHOP/BELLHOP3D

 BELLHOP- Mixed Layer Environment RAY Mode                                       
 frequency =   1102.     Hz

 Dummy parameter NMedia =            1

     Spline approximation to SSP
     Attenuation units: dB/mkHz
     VACUUM

 Depth =    1507.40 m

 Sound speed profile:
   z (m)     alphaR (m/s)   betaR  rho (g/cm^3)  alphaI     betaI

      0.00      1512.80      0.00     1.00       0.0000    0.0000
     41.90      1509.83      0.00     1.00       0.0000    0.0000
     83.70      1508.84      0.00     1.00       0.0000    0.0000
    125.60      1512.36      0.00     1.00       0.0000    0.0000
    167.50      1513.22      0.00     1.00       0.0000    0.0000
    209.40      1510.03      0.00     1.00       0.0000    0.0000
    251.20      1509.61      0.00     1.00       0.0000    0.0000
    293.10      1503.42      0.00     1.00       0.0000    0.0000
    335.00      1503.39      0.00     1.00       0.0000    0.0000
    376.80      1502.79      0.00     1.00       0.0000    0.0000
    418.70      1498.11      0.00     1.00       0.0000    0.0000
    460.60      1501.38      0.00     1.00       0.0000    0.0000
    502.50      1499.26      0.00     1.00       0.0000    0.0000
    544.30      1496.50      0.00     1.00       0.0000    0.0000
    586.20      1495.60      0.00     1.00       0.0000    0.0000
    628.10      1496.66      0.00     1.00       0.0000    0.0000
    669.90      1492.58      0.00     1.00       0.0000    0.0000
    711.80      1494.80      0.00     1.00       0.0000    0.0000
    753.70      1491.66      0.00     1.00       0.0000    0.0000
    795.60      1492.44      0.00     1.00       0.0000    0.0000
    837.40      1490.81      0.00     1.00       0.0000    0.0000
    879.30      1493.51      0.00     1.00       0.0000    0.0000
    921.20      1488.41      0.00     1.00       0.0000    0.0000
    963.00      1488.56      0.00     1.00       0.0000    0.0000
   1004.90      1484.83      0.00     1.00       0.0000    0.0000
   1046.80      1486.59      0.00     1.00       0.0000    0.0000
   1088.70      1490.45      0.00     1.00       0.0000    0.0000
   1130.50      1492.93      0.00     1.00       0.0000    0.0000
   1172.40      1492.92      0.00     1.00       0.0000    0.0000
   1214.30      1492.82      0.00     1.00       0.0000    0.0000
   1256.10      1492.64      0.00     1.00       0.0000    0.0000
   1298.00      1496.47      0.00     1.00       0.0000    0.0000
   1339.90      1494.85      0.00     1.00       0.0000    0.0000
   1381.80      1495.40      0.00     1.00       0.0000    0.0000
   1423.60      1498.11      0.00     1.00       0.0000    0.0000
   1465.50      1496.67      0.00     1.00       0.0000    0.0000
   1507.40      1498.80      0.00     1.00       0.0000    0.0000

                                 ( RMS roughness =   0.00     )
     ACOUSTO-ELASTIC half-space
   1707.40      1600.00      0.00     1.80       0.0000    0.0000

 __________________________________________________________________________

 Number of Source   depths, Sz =            2
 Source   depths, Sz (m)
   41.2000       254.300    


 __________________________________________________________________________

 Number of Receiver depths, Rz =           30
 Receiver depths, Rz (m)
   0.00000       81.2896       162.579       243.869       325.159    
   406.448       487.738       569.028       650.317       731.607    
          ... 
   2357.40    

 Warning in ReadSzRz : Receiver below or too near the bottom bdry has been moved up

 __________________________________________________________________________

 Number of Receiver ranges, Rr =          201
 Receiver ranges, Rr (km)
   0.00000      0.287500      0.575000      0.862500       1.15000    
   1.43750       1.72500       2.01250       2.30000       2.58750    
          ... 
   57.5000    


 Ray trace run
 Geometric hat beams in Cartesian coordinates
 Point source (cylindrical coordinates)
 Rectilinear receiver grid: Receivers at Rr( : ) x Rz( : )
 __________________________________________________________________________

 Number of beams in elevation   =           33
 Beam take-off angles (degrees)
  -18.6000      -17.4375      -16.2750      -15.1125      -13.9500    
  -12.7875      -11.6250      -10.4625      -9.30000      -8.13750    
          ... 
   18.6000    

 __________________________________________________________________________


 Step length,       deltas =   0.000     m

 Maximum ray depth, Box%z  =   2357.     m
 Maximum ray range, Box%r  =   50.00    km
 No beam shift in effect


 Step length,       deltas =   150.7     m (automatically selected)

Tracing beam       1    -18.60
Tracing beam       2    -17.44
Tracing beam       3    -16.28
Tracing beam       4    -15.11
Tracing beam       5    -13.95
Tracing beam       6    -12.79
Tracing beam       7    -11.62
Tracing beam       8    -10.46
Tracing beam       9     -9.30
Tracing beam      10     -8.14
Tracing beam      11     -6.98
Tracing beam      12     -5.81
Tracing beam      13     -4.65
Tracing beam      14     -3.49
Tracing beam      15     -2.32
Tracing beam      16     -1.16
Tracing beam      17      0.00
Tracing beam      18      1.16
Tracing beam      19      2.32
Tracing beam      20      3.49
Tracing beam      21      4.65
Tracing beam      22      5.81
Tracing beam      23      6.98
Tracing beam      24      8.14
Tracing beam      25      9.30
Tracing beam      26     10.46
Tracing beam      27     11.62
Tracing beam      28     12.79
Tracing beam      29     13.95
Tracing beam      30     15.11
Tracing beam      31     16.27
Tracing beam      32     17.44
Tracing beam      33     18.60
Tracing beam       1    -18.60
Tracing beam       2    -17.44
Tracing beam       3    -16.28
Tracing beam       4    -15.11
Tracing beam       5    -13.95
Tracing beam       6    -12.79
Tracing beam       7    -11.62
Tracing beam       8    -10.46
Tracing beam       9     -9.30
Tracing beam      10     -8.14
Tracing beam      11     -6.98
Tracing beam      12     -5.81
Tracing beam      13     -4.65
Tracing beam      14     -3.49
Tracing beam      15     -2.32
Tracing beam      16     -1.16
Tracing beam      17      0.00
Tracing beam      18      1.16
Tracing beam      19      2.32
Tracing beam      20      3.49
Tracing beam      21      4.65
Tracing beam      22      5.81
Tracing beam      23      6.98
Tracing beam      24      8.14
Tracing beam      25      9.30
Tracing beam      26     10.46
Tracing beam      27     11.62
Tracing beam      28     12.79
Tracing beam      29     13.95
Tracing beam      30     15.11
Tracing beam      31     16.27
Tracing beam      32     17.44
Tracing beam      33     18.60

 CPU Time =       0.938E-01s
