 BELLHOP/BELLHOP3D

 BELLHOP- Deep Ocean Environment SHD Mode                                        
 frequency =   1073.     Hz

 Dummy parameter NMedia =            1

     Spline approximation to SSP
     Attenuation units: dB/mkHz
     VACUUM

 Depth =    5298.90 m

 Sound speed profile:
   z (m)     alphaR (m/s)   betaR  rho (g/cm^3)  alphaI     betaI

      0.00      1496.04      0.00     1.00       0.0000    0.0000
    100.00      1490.71      0.00     1.00       0.0000    0.0000
    200.00      1493.66      0.00     1.00       0.0000    0.0000
    299.90      1492.91      0.00     1.00       0.0000    0.0000
    399.90      1487.06      0.00     1.00       0.0000    0.0000
    499.90      1486.05      0.00     1.00       0.0000    0.0000
    599.90      1482.68      0.00     1.00       0.0000    0.0000
    699.90      1481.64      0.00     1.00       0.0000    0.0000
    799.80      1478.65      0.00     1.00       0.0000    0.0000
    899.80      1480.05      0.00     1.00       0.0000    0.0000
    999.80      1480.14      0.00     1.00       0.0000    0.0000
   1099.80      1483.19      0.00     1.00       0.0000    0.0000
   1199.80      1483.33      0.00     1.00       0.0000    0.0000
   1299.70      1481.80      0.00     1.00       0.0000    0.0000
   1399.70      1485.84      0.00     1.00       0.0000    0.0000
   1499.70      1485.14      0.00     1.00       0.0000    0.0000
   1599.70      1485.73      0.00     1.00       0.0000    0.0000
   1699.70      1486.03      0.00     1.00       0.0000    0.0000
   1799.60      1485.88      0.00     1.00       0.0000    0.0000
   1899.60      1487.59      0.00     1.00       0.0000    0.0000
   1999.60      1488.59      0.00     1.00       0.0000    0.0000
   2099.60      1485.87      0.00     1.00       0.0000    0.0000
   2199.60      1488.29      0.00     1.00       0.0000    0.0000
   2299.50      1489.33      0.00     1.00       0.0000    0.0000
   2399.50      1490.70      0.00     1.00       0.0000    0.0000
   2499.50      1492.72      0.00     1.00       0.0000    0.0000
   2599.50      1490.38      0.00     1.00       0.0000    0.0000
   2699.50      1491.41      0.00     1.00       0.0000    0.0000
   2799.40      1491.99      0.00     1.00       0.0000    0.0000
   2899.40      1492.17      0.00     1.00       0.0000    0.0000
   2999.40      1493.46      0.00     1.00       0.0000    0.0000
   3099.40      1495.75      0.00     1.00       0.0000    0.0000
   3199.40      1493.63      0.00     1.00       0.0000    0.0000
   3299.30      1496.46      0.00     1.00       0.0000    0.0000
   3399.30      1493.87      0.00     1.00       0.0000    0.0000
   3499.30      1496.20      0.00     1.00       0.0000    0.0000
   3599.30      1497.15      0.00     1.00       0.0000    0.0000
   3699.30      1500.77      0.00     1.00       0.0000    0.0000
   3799.20      1498.46      0.00     1.00       0.0000    0.0000
   3899.20      1496.18      0.00     1.00       0.0000    0.0000
   3999.20      1497.09      0.00     1.00       0.0000    0.0000
   4099.20      1500.75      0.00     1.00       0.0000    0.0000
   4199.20      1502.23      0.00     1.00       0.0000    0.0000
   4299.10      1502.49      0.00     1.00       0.0000    0.0000
   4399.10      1502.79      0.00     1.00       0.0000    0.0000
   4499.10      1504.89      0.00     1.00       0.0000    0.0000
   4599.10      1502.95      0.00     1.00       0.0000    0.0000
   4699.10      1505.71      0.00     1.00       0.0000    0.0000
   4799.00      1502.53      0.00     1.00       0.0000    0.0000
   4899.00      1504.23      0.00     1.00       0.0000    0.0000
   4999.00      1503.49      0.00     1.00       0.0000    0.0000
   5099.00      1506.40      0.00     1.00       0.0000    0.0000
   5199.00      1507.35      0.00     1.00       0.0000    0.0000
   5298.90      1508.20      0.00     1.00       0.0000    0.0000

                                 ( RMS roughness =   0.00     )
     ACOUSTO-ELASTIC half-space
   5498.90      1600.00      0.00     1.80       0.0000    0.0000

 __________________________________________________________________________

 Number of Source   depths, Sz =            1
 Source   depths, Sz (m)
   127.600    


 __________________________________________________________________________

 Number of Receiver depths, Rz =           69
 Receiver depths, Rz (m)
   0.00000       90.4250       180.850       271.275       361.700    
   452.125       542.550       632.975       723.400       813.825    
          ... 
   6148.90    

 Warning in ReadSzRz : Receiver below or too near the bottom bdry has been moved up

 __________________________________________________________________________

 Number of Receiver ranges, Rr =          201
 Receiver ranges, Rr (km)
   0.00000      0.296500      0.593000      0.889500       1.18600    
   1.48250       1.77900       2.07550       2.37200       2.66850    
          ... 
   59.3000    


 Coherent TL calculation
 Geometric hat beams in Cartesian coordinates
 Point source (cylindrical coordinates)
 Rectilinear receiver grid: Receivers at Rr( : ) x Rz( : )
 __________________________________________________________________________

 Number of beams in elevation   =        12722
 Beam take-off angles (degrees)
  -87.5000      -87.4861      -87.4722      -87.4583      -87.4444    
  -87.4305      -87.4167      -87.4028      -87.3889      -87.3750    
          ... 
   89.2000    

 __________________________________________________________________________


 Step length,       deltas =   0.000     m

 Maximum ray depth, Box%z  =   6149.     m
 Maximum ray range, Box%r  =   50.00    km
 No beam shift in effect


 Step length,       deltas =   529.9     m (automatically selected)

Tracing beam       1    -87.50

 Geometric hat beams                     
 halfwidth  =    1825.3108910096619     
 epsilonOpt =  (  0.0000000000000000     ,  11227985510.275520     )
 EpsMult    =    1.0000000000000000     

Tracing beam     255    -83.97
Tracing beam     509    -80.44
Tracing beam     763    -76.92
Tracing beam    1017    -73.39
Tracing beam    1271    -69.86
Tracing beam    1525    -66.33
Tracing beam    1779    -62.80
Tracing beam    2033    -59.27
Tracing beam    2287    -55.75
Tracing beam    2541    -52.22
Tracing beam    2795    -48.69
Tracing beam    3049    -45.16
Tracing beam    3303    -41.63
Tracing beam    3557    -38.11
Tracing beam    3811    -34.58
Tracing beam    4065    -31.05
Tracing beam    4319    -27.52
Tracing beam    4573    -23.99
Tracing beam    4827    -20.46
Tracing beam    5081    -16.94
Tracing beam    5335    -13.41
Tracing beam    5589     -9.88
Tracing beam    5843     -6.35
Tracing beam    6097     -2.82
Tracing beam    6351      0.70
Tracing beam    6605      4.23
Tracing beam    6859      7.76
Tracing beam    7113     11.29
Tracing beam    7367     14.82
Tracing beam    7621     18.34
Tracing beam    7875     21.87
Tracing beam    8129     25.40
Tracing beam    8383     28.93
Tracing beam    8637     32.46
Tracing beam    8891     35.99
Tracing beam    9145     39.51
Tracing beam    9399     43.04
Tracing beam    9653     46.57
Tracing beam    9907     50.10
Tracing beam   10161     53.63
Tracing beam   10415     57.15
Tracing beam   10669     60.68
Tracing beam   10923     64.21
Tracing beam   11177     67.74
Tracing beam   11431     71.27
Tracing beam   11685     74.80
Tracing beam   11939     78.32
Tracing beam   12193     81.85
Tracing beam   12447     85.38
Tracing beam   12701     88.91

 CPU Time =        1.70    s
