 BELLHOP/BELLHOP3D

 BELLHOP- Deep Ocean Environment RAY Mode                                        
 frequency =   1073.     Hz

 Dummy parameter NMedia =            1

     Spline approximation to SSP
     Attenuation units: dB/mkHz
     VACUUM

 Depth =    5298.90 m

 Sound speed profile:
   z (m)     alphaR (m/s)   betaR  rho (g/cm^3)  alphaI     betaI

      0.00      1496.04      0.00     1.00       0.0000    0.0000
    100.00      1490.71      0.00     1.00       0.0000    0.0000
    200.00      1493.66      0.00     1.00       0.0000    0.0000
    299.90      1492.91      0.00     1.00       0.0000    0.0000
    399.90      1487.06      0.00     1.00       0.0000    0.0000
    499.90      1486.05      0.00     1.00       0.0000    0.0000
    599.90      1482.68      0.00     1.00       0.0000    0.0000
    699.90      1481.64      0.00     1.00       0.0000    0.0000
    799.80      1478.65      0.00     1.00       0.0000    0.0000
    899.80      1480.05      0.00     1.00       0.0000    0.0000
    999.80      1480.14      0.00     1.00       0.0000    0.0000
   1099.80      1483.19      0.00     1.00       0.0000    0.0000
   1199.80      1483.33      0.00     1.00       0.0000    0.0000
   1299.70      1481.80      0.00     1.00       0.0000    0.0000
   1399.70      1485.84      0.00     1.00       0.0000    0.0000
   1499.70      1485.14      0.00     1.00       0.0000    0.0000
   1599.70      1485.73      0.00     1.00       0.0000    0.0000
   1699.70      1486.03      0.00     1.00       0.0000    0.0000
   1799.60      1485.88      0.00     1.00       0.0000    0.0000
   1899.60      1487.59      0.00     1.00       0.0000    0.0000
   1999.60      1488.59      0.00     1.00       0.0000    0.0000
   2099.60      1485.87      0.00     1.00       0.0000    0.0000
   2199.60      1488.29      0.00     1.00       0.0000    0.0000
   2299.50      1489.33      0.00     1.00       0.0000    0.0000
   2399.50      1490.70      0.00     1.00       0.0000    0.0000
   2499.50      1492.72      0.00     1.00       0.0000    0.0000
   2599.50      1490.38      0.00     1.00       0.0000    0.0000
   2699.50      1491.41      0.00     1.00       0.0000    0.0000
   2799.40      1491.99      0.00     1.00       0.0000    0.0000
   2899.40      1492.17      0.00     1.00       0.0000    0.0000
   2999.40      1493.46      0.00     1.00       0.0000    0.0000
   3099.40      1495.75      0.00     1.00       0.0000    0.0000
   3199.40      1493.63      0.00     1.00       0.0000    0.0000
   3299.30      1496.46      0.00     1.00       0.0000    0.0000
   3399.30      1493.87      0.00     1.00       0.0000    0.0000
   3499.30      1496.20      0.00     1.00       0.0000    0.0000
   3599.30      1497.15      0.00     1.00       0.0000    0.0000
   3699.30      1500.77      0.00     1.00       0.0000    0.0000
   3799.20      1498.46      0.00     1.00       0.0000    0.0000
   3899.20      1496.18      0.00     1.00       0.0000    0.0000
   3999.20      1497.09      0.00     1.00       0.0000    0.0000
   4099.20      1500.75      0.00     1.00       0.0000    0.0000
   4199.20      1502.23      0.00     1.00       0.0000    0.0000
   4299.10      1502.49      0.00     1.00       0.0000    0.0000
   4399.10      1502.79      0.00     1.00       0.0000    0.0000
   4499.10      1504.89      0.00     1.00       0.0000    0.0000
   4599.10      1502.95      0.00     1.00       0.0000    0.0000
   4699.10      1505.71      0.00     1.00       0.0000    0.0000
   4799.00      1502.53      0.00     1.00       0.0000    0.0000
   4899.00      1504.23      0.00     1.00       0.0000    0.0000
   4999.00      1503.49      0.00     1.00       0.0000    0.0000
   5099.00      1506.40      0.00     1.00       0.0000    0.0000
   5199.00      1507.35      0.00     1.00       0.0000    0.0000
   5298.90      1508.20      0.00     1.00       0.0000    0.0000

                                 ( RMS roughness =   0.00     )
     ACOUSTO-ELASTIC half-space
   5498.90      1600.00      0.00     1.80       0.0000    0.0000

 __________________________________________________________________________

 Number of Source   depths, Sz =            1
 Source   depths, Sz (m)
   178.900    


 __________________________________________________________________________

 Number of Receiver depths, Rz =           33
 Receiver depths, Rz (m)
   0.00000       192.153       384.306       576.459       768.612    
   960.766       1152.92       1345.07       1537.22       1729.38    
          ... 
   6148.90    

 Warning in ReadSzRz : Receiver below or too near the bottom bdry has been moved up

 __________________________________________________________________________

 Number of Receiver ranges, Rr =          201
 Receiver ranges, Rr (km)
   0.00000      0.293500      0.587000      0.880500       1.17400    
   1.46750       1.76100       2.05450       2.34800       2.64150    
          ... 
   58.7000    


 Ray trace run
 Geometric hat beams in Cartesian coordinates
 Point source (cylindrical coordinates)
 Rectilinear receiver grid: Receivers at Rr( : ) x Rz( : )
 __________________________________________________________________________

 Number of beams in elevation   =           23
 Beam take-off angles (degrees)
  -20.6000      -18.7273      -16.8545      -14.9818      -13.1091    
  -11.2364      -9.36364      -7.49091      -5.61818      -3.74545    
          ... 
   20.6000    

 __________________________________________________________________________


 Step length,       deltas =   0.000     m

 Maximum ray depth, Box%z  =   6149.     m
 Maximum ray range, Box%r  =   50.00    km
 No beam shift in effect


 Step length,       deltas =   529.9     m (automatically selected)

Tracing beam       1    -20.60
Tracing beam       2    -18.73
Tracing beam       3    -16.85
Tracing beam       4    -14.98
Tracing beam       5    -13.11
Tracing beam       6    -11.24
Tracing beam       7     -9.36
Tracing beam       8     -7.49
Tracing beam       9     -5.62
Tracing beam      10     -3.75
Tracing beam      11     -1.87
Tracing beam      12      0.00
Tracing beam      13      1.87
Tracing beam      14      3.75
Tracing beam      15      5.62
Tracing beam      16      7.49
Tracing beam      17      9.36
Tracing beam      18     11.24
Tracing beam      19     13.11
Tracing beam      20     14.98
Tracing beam      21     16.85
Tracing beam      22     18.73
Tracing beam      23     20.60

 CPU Time =       0.156E-01s
