 BELLHOP/BELLHOP3D

 BELLHOP- Shallow Water Environment RAY Mode                                     
 frequency =   1790.     Hz

 Dummy parameter NMedia =            1

     Spline approximation to SSP
     Attenuation units: dB/mkHz
     VACUUM

 Depth =     421.20 m

 Sound speed profile:
   z (m)     alphaR (m/s)   betaR  rho (g/cm^3)  alphaI     betaI

      0.00      1502.98      0.00     1.00       0.0000    0.0000
     15.00      1500.92      0.00     1.00       0.0000    0.0000
     30.10      1500.10      0.00     1.00       0.0000    0.0000
     45.10      1498.27      0.00     1.00       0.0000    0.0000
     60.20      1500.34      0.00     1.00       0.0000    0.0000
     75.20      1497.25      0.00     1.00       0.0000    0.0000
     90.30      1498.38      0.00     1.00       0.0000    0.0000
    105.30      1503.59      0.00     1.00       0.0000    0.0000
    120.30      1502.48      0.00     1.00       0.0000    0.0000
    135.40      1500.55      0.00     1.00       0.0000    0.0000
    150.40      1502.46      0.00     1.00       0.0000    0.0000
    165.50      1499.95      0.00     1.00       0.0000    0.0000
    180.50      1498.03      0.00     1.00       0.0000    0.0000
    195.60      1499.08      0.00     1.00       0.0000    0.0000
    210.60      1499.86      0.00     1.00       0.0000    0.0000
    225.70      1497.44      0.00     1.00       0.0000    0.0000
    240.70      1499.25      0.00     1.00       0.0000    0.0000
    255.70      1496.26      0.00     1.00       0.0000    0.0000
    270.80      1495.95      0.00     1.00       0.0000    0.0000
    285.80      1494.82      0.00     1.00       0.0000    0.0000
    300.90      1496.91      0.00     1.00       0.0000    0.0000
    315.90      1495.31      0.00     1.00       0.0000    0.0000
    331.00      1493.42      0.00     1.00       0.0000    0.0000
    346.00      1493.81      0.00     1.00       0.0000    0.0000
    361.00      1489.31      0.00     1.00       0.0000    0.0000
    376.10      1494.60      0.00     1.00       0.0000    0.0000
    391.10      1492.71      0.00     1.00       0.0000    0.0000
    406.20      1488.89      0.00     1.00       0.0000    0.0000
    421.20      1489.86      0.00     1.00       0.0000    0.0000

                                 ( RMS roughness =   0.00     )
     ACOUSTO-ELASTIC half-space
    621.20      1600.00      0.00     1.80       0.0000    0.0000

 __________________________________________________________________________

 Number of Source   depths, Sz =            3
 Source   depths, Sz (m)
   76.5000       249.300       263.800    


 __________________________________________________________________________

 Number of Receiver depths, Rz =           41
 Receiver depths, Rz (m)
   0.00000       31.7800       63.5600       95.3400       127.120    
   158.900       190.680       222.460       254.240       286.020    
          ... 
   1271.20    

 Warning in ReadSzRz : Receiver below or too near the bottom bdry has been moved up

 __________________________________________________________________________

 Number of Receiver ranges, Rr =          201
 Receiver ranges, Rr (km)
   0.00000      0.210000      0.420000      0.630000      0.840000    
   1.05000       1.26000       1.47000       1.68000       1.89000    
          ... 
   42.0000    


 Ray trace run
 Geometric hat beams in Cartesian coordinates
 Point source (cylindrical coordinates)
 Rectilinear receiver grid: Receivers at Rr( : ) x Rz( : )
 __________________________________________________________________________

 Number of beams in elevation   =           27
 Beam take-off angles (degrees)
  -22.8000      -21.0462      -19.2923      -17.5385      -15.7846    
  -14.0308      -12.2769      -10.5231      -8.76923      -7.01538    
          ... 
   22.8000    

 __________________________________________________________________________


 Step length,       deltas =   0.000     m

 Maximum ray depth, Box%z  =   1271.     m
 Maximum ray range, Box%r  =   50.00    km
 No beam shift in effect


 Step length,       deltas =   42.12     m (automatically selected)

Tracing beam       1    -22.80
Tracing beam       2    -21.05
Tracing beam       3    -19.29
Tracing beam       4    -17.54
Tracing beam       5    -15.78
Tracing beam       6    -14.03
Tracing beam       7    -12.28
Tracing beam       8    -10.52
Tracing beam       9     -8.77
Tracing beam      10     -7.02
Tracing beam      11     -5.26
Tracing beam      12     -3.51
Tracing beam      13     -1.75
Tracing beam      14      0.00
Tracing beam      15      1.75
Tracing beam      16      3.51
Tracing beam      17      5.26
Tracing beam      18      7.02
Tracing beam      19      8.77
Tracing beam      20     10.52
Tracing beam      21     12.28
Tracing beam      22     14.03
Tracing beam      23     15.78
Tracing beam      24     17.54
Tracing beam      25     19.29
Tracing beam      26     21.05
Tracing beam      27     22.80
Tracing beam       1    -22.80
Tracing beam       2    -21.05
Tracing beam       3    -19.29
Tracing beam       4    -17.54
Tracing beam       5    -15.78
Tracing beam       6    -14.03
Tracing beam       7    -12.28
Tracing beam       8    -10.52
Tracing beam       9     -8.77
Tracing beam      10     -7.02
Tracing beam      11     -5.26
Tracing beam      12     -3.51
Tracing beam      13     -1.75
Tracing beam      14      0.00
Tracing beam      15      1.75
Tracing beam      16      3.51
Tracing beam      17      5.26
Tracing beam      18      7.02
Tracing beam      19      8.77
Tracing beam      20     10.52
Tracing beam      21     12.28
Tracing beam      22     14.03
Tracing beam      23     15.78
Tracing beam      24     17.54
Tracing beam      25     19.29
Tracing beam      26     21.05
Tracing beam      27     22.80
Tracing beam       1    -22.80
Tracing beam       2    -21.05
Tracing beam       3    -19.29
Tracing beam       4    -17.54
Tracing beam       5    -15.78
Tracing beam       6    -14.03
Tracing beam       7    -12.28
Tracing beam       8    -10.52
Tracing beam       9     -8.77
Tracing beam      10     -7.02
Tracing beam      11     -5.26
Tracing beam      12     -3.51
Tracing beam      13     -1.75
Tracing beam      14      0.00
Tracing beam      15      1.75
Tracing beam      16      3.51
Tracing beam      17      5.26
Tracing beam      18      7.02
Tracing beam      19      8.77
Tracing beam      20     10.52
Tracing beam      21     12.28
Tracing beam      22     14.03
Tracing beam      23     15.78
Tracing beam      24     17.54
Tracing beam      25     19.29
Tracing beam      26     21.05
Tracing beam      27     22.80

 CPU Time =       0.328    s
