 BELLHOP/BELLHOP3D

 BELLHOP- Shallow Water Environment SHD Mode                                     
 frequency =   1790.     Hz

 Dummy parameter NMedia =            1

     Spline approximation to SSP
     Attenuation units: dB/mkHz
     VACUUM

 Depth =     421.20 m

 Sound speed profile:
   z (m)     alphaR (m/s)   betaR  rho (g/cm^3)  alphaI     betaI

      0.00      1502.98      0.00     1.00       0.0000    0.0000
     15.00      1500.92      0.00     1.00       0.0000    0.0000
     30.10      1500.10      0.00     1.00       0.0000    0.0000
     45.10      1498.27      0.00     1.00       0.0000    0.0000
     60.20      1500.34      0.00     1.00       0.0000    0.0000
     75.20      1497.25      0.00     1.00       0.0000    0.0000
     90.30      1498.38      0.00     1.00       0.0000    0.0000
    105.30      1503.59      0.00     1.00       0.0000    0.0000
    120.30      1502.48      0.00     1.00       0.0000    0.0000
    135.40      1500.55      0.00     1.00       0.0000    0.0000
    150.40      1502.46      0.00     1.00       0.0000    0.0000
    165.50      1499.95      0.00     1.00       0.0000    0.0000
    180.50      1498.03      0.00     1.00       0.0000    0.0000
    195.60      1499.08      0.00     1.00       0.0000    0.0000
    210.60      1499.86      0.00     1.00       0.0000    0.0000
    225.70      1497.44      0.00     1.00       0.0000    0.0000
    240.70      1499.25      0.00     1.00       0.0000    0.0000
    255.70      1496.26      0.00     1.00       0.0000    0.0000
    270.80      1495.95      0.00     1.00       0.0000    0.0000
    285.80      1494.82      0.00     1.00       0.0000    0.0000
    300.90      1496.91      0.00     1.00       0.0000    0.0000
    315.90      1495.31      0.00     1.00       0.0000    0.0000
    331.00      1493.42      0.00     1.00       0.0000    0.0000
    346.00      1493.81      0.00     1.00       0.0000    0.0000
    361.00      1489.31      0.00     1.00       0.0000    0.0000
    376.10      1494.60      0.00     1.00       0.0000    0.0000
    391.10      1492.71      0.00     1.00       0.0000    0.0000
    406.20      1488.89      0.00     1.00       0.0000    0.0000
    421.20      1489.86      0.00     1.00       0.0000    0.0000

                                 ( RMS roughness =   0.00     )
     ACOUSTO-ELASTIC half-space
    621.20      1600.00      0.00     1.80       0.0000    0.0000

 __________________________________________________________________________

 Number of Source   depths, Sz =            1
 Source   depths, Sz (m)
   114.100    


 __________________________________________________________________________

 Number of Receiver depths, Rz =           68
 Receiver depths, Rz (m)
   0.00000       18.9731       37.9463       56.9194       75.8925    
   94.8657       113.839       132.812       151.785       170.758    
          ... 
   1271.20    

 Warning in ReadSzRz : Receiver below or too near the bottom bdry has been moved up

 __________________________________________________________________________

 Number of Receiver ranges, Rr =          201
 Receiver ranges, Rr (km)
   0.00000      0.270000      0.540000      0.810000       1.08000    
   1.35000       1.62000       1.89000       2.16000       2.43000    
          ... 
   54.0000    


 Coherent TL calculation
 Geometric hat beams in Cartesian coordinates
 Point source (cylindrical coordinates)
 Rectilinear receiver grid: Receivers at Rr( : ) x Rz( : )
 __________________________________________________________________________

 Number of beams in elevation   =        19330
 Beam take-off angles (degrees)
  -87.4000      -87.3909      -87.3817      -87.3726      -87.3635    
  -87.3544      -87.3452      -87.3361      -87.3270      -87.3179    
          ... 
   89.0000    

 __________________________________________________________________________


 Step length,       deltas =   0.000     m

 Maximum ray depth, Box%z  =   1271.     m
 Maximum ray range, Box%r  =   50.00    km
 No beam shift in effect


 Step length,       deltas =   42.12     m (automatically selected)

Tracing beam       1    -87.40

 Geometric hat beams                     
 halfwidth  =    1678.7584834646925     
 epsilonOpt =  (  0.0000000000000000     ,  15847292773.285757     )
 EpsMult    =    1.0000000000000000     

Tracing beam     387    -83.88
Tracing beam     773    -80.35
Tracing beam    1159    -76.83
Tracing beam    1545    -73.31
Tracing beam    1931    -69.79
Tracing beam    2317    -66.26
Tracing beam    2703    -62.74
Tracing beam    3089    -59.22
Tracing beam    3475    -55.70
Tracing beam    3861    -52.17
Tracing beam    4247    -48.65
Tracing beam    4633    -45.13
Tracing beam    5019    -41.60
Tracing beam    5405    -38.08
Tracing beam    5791    -34.56
Tracing beam    6177    -31.04
Tracing beam    6563    -27.51
Tracing beam    6949    -23.99
Tracing beam    7335    -20.47
Tracing beam    7721    -16.95
Tracing beam    8107    -13.42
Tracing beam    8493     -9.90
Tracing beam    8879     -6.38
Tracing beam    9265     -2.86
Tracing beam    9651      0.67
Tracing beam   10037      4.19
Tracing beam   10423      7.71
Tracing beam   10809     11.24
Tracing beam   11195     14.76
Tracing beam   11581     18.28
Tracing beam   11967     21.80
Tracing beam   12353     25.33
Tracing beam   12739     28.85
Tracing beam   13125     32.37
Tracing beam   13511     35.89
Tracing beam   13897     39.42
Tracing beam   14283     42.94
Tracing beam   14669     46.46
Tracing beam   15055     49.99
Tracing beam   15441     53.51
Tracing beam   15827     57.03
Tracing beam   16213     60.55
Tracing beam   16599     64.08
Tracing beam   16985     67.60
Tracing beam   17371     71.12
Tracing beam   17757     74.64
Tracing beam   18143     78.17
Tracing beam   18529     81.69
Tracing beam   18915     85.21
Tracing beam   19301     88.74

 CPU Time =        3.58    s
