 BELLHOP/BELLHOP3D

 BELLHOP- Shallow Water Environment ARR Mode                                     
 frequency =   1790.     Hz

 Dummy parameter NMedia =            1

     Spline approximation to SSP
     Attenuation units: dB/mkHz
     VACUUM

 Depth =     421.20 m

 Sound speed profile:
   z (m)     alphaR (m/s)   betaR  rho (g/cm^3)  alphaI     betaI

      0.00      1502.98      0.00     1.00       0.0000    0.0000
     15.00      1500.92      0.00     1.00       0.0000    0.0000
     30.10      1500.10      0.00     1.00       0.0000    0.0000
     45.10      1498.27      0.00     1.00       0.0000    0.0000
     60.20      1500.34      0.00     1.00       0.0000    0.0000
     75.20      1497.25      0.00     1.00       0.0000    0.0000
     90.30      1498.38      0.00     1.00       0.0000    0.0000
    105.30      1503.59      0.00     1.00       0.0000    0.0000
    120.30      1502.48      0.00     1.00       0.0000    0.0000
    135.40      1500.55      0.00     1.00       0.0000    0.0000
    150.40      1502.46      0.00     1.00       0.0000    0.0000
    165.50      1499.95      0.00     1.00       0.0000    0.0000
    180.50      1498.03      0.00     1.00       0.0000    0.0000
    195.60      1499.08      0.00     1.00       0.0000    0.0000
    210.60      1499.86      0.00     1.00       0.0000    0.0000
    225.70      1497.44      0.00     1.00       0.0000    0.0000
    240.70      1499.25      0.00     1.00       0.0000    0.0000
    255.70      1496.26      0.00     1.00       0.0000    0.0000
    270.80      1495.95      0.00     1.00       0.0000    0.0000
    285.80      1494.82      0.00     1.00       0.0000    0.0000
    300.90      1496.91      0.00     1.00       0.0000    0.0000
    315.90      1495.31      0.00     1.00       0.0000    0.0000
    331.00      1493.42      0.00     1.00       0.0000    0.0000
    346.00      1493.81      0.00     1.00       0.0000    0.0000
    361.00      1489.31      0.00     1.00       0.0000    0.0000
    376.10      1494.60      0.00     1.00       0.0000    0.0000
    391.10      1492.71      0.00     1.00       0.0000    0.0000
    406.20      1488.89      0.00     1.00       0.0000    0.0000
    421.20      1489.86      0.00     1.00       0.0000    0.0000

                                 ( RMS roughness =   0.00     )
     ACOUSTO-ELASTIC half-space
    621.20      1600.00      0.00     1.80       0.0000    0.0000

 __________________________________________________________________________

 Number of Source   depths, Sz =            3
 Source   depths, Sz (m)
   142.300       160.400       259.900    


 __________________________________________________________________________

 Number of Receiver depths, Rz =           37
 Receiver depths, Rz (m)
   0.00000       35.3111       70.6222       105.933       141.244    
   176.556       211.867       247.178       282.489       317.800    
          ... 
   1271.20    

 Warning in ReadSzRz : Receiver below or too near the bottom bdry has been moved up

 __________________________________________________________________________

 Number of Receiver ranges, Rr =          201
 Receiver ranges, Rr (km)
   0.00000      0.264500      0.529000      0.793500       1.05800    
   1.32250       1.58700       1.85150       2.11600       2.38050    
          ... 
   52.9000    


 Arrivals calculation, ASCII  file output
 Geometric hat beams in Cartesian coordinates
 Point source (cylindrical coordinates)
 Rectilinear receiver grid: Receivers at Rr( : ) x Rz( : )
 __________________________________________________________________________

 Number of beams in elevation   =           27
 Beam take-off angles (degrees)
  -24.7000      -22.8000      -20.9000      -19.0000      -17.1000    
  -15.2000      -13.3000      -11.4000      -9.50000      -7.60000    
          ... 
   24.7000    

 __________________________________________________________________________


 Step length,       deltas =   0.000     m

 Maximum ray depth, Box%z  =   1271.     m
 Maximum ray range, Box%r  =   50.00    km
 No beam shift in effect


 Step length,       deltas =   42.12     m (automatically selected)

 ( Maximum # of arrivals =         2689 )

Tracing beam       1    -24.70

 Geometric hat beams                     
 halfwidth  =    8.0520320325377384     
 epsilonOpt =  (  0.0000000000000000     ,  364577.30360251456     )
 EpsMult    =    1.0000000000000000     

Tracing beam       2    -22.80
Tracing beam       3    -20.90
Tracing beam       4    -19.00
Tracing beam       5    -17.10
Tracing beam       6    -15.20
Tracing beam       7    -13.30
Tracing beam       8    -11.40
Tracing beam       9     -9.50
Tracing beam      10     -7.60
Tracing beam      11     -5.70
Tracing beam      12     -3.80
Tracing beam      13     -1.90
Tracing beam      14      0.00
Tracing beam      15      1.90
Tracing beam      16      3.80
Tracing beam      17      5.70
Tracing beam      18      7.60
Tracing beam      19      9.50
Tracing beam      20     11.40
Tracing beam      21     13.30
Tracing beam      22     15.20
Tracing beam      23     17.10
Tracing beam      24     19.00
Tracing beam      25     20.90
Tracing beam      26     22.80
Tracing beam      27     24.70
Tracing beam       1    -24.70
Tracing beam       2    -22.80
Tracing beam       3    -20.90
Tracing beam       4    -19.00
Tracing beam       5    -17.10
Tracing beam       6    -15.20
Tracing beam       7    -13.30
Tracing beam       8    -11.40
Tracing beam       9     -9.50
Tracing beam      10     -7.60
Tracing beam      11     -5.70
Tracing beam      12     -3.80
Tracing beam      13     -1.90
Tracing beam      14      0.00
Tracing beam      15      1.90
Tracing beam      16      3.80
Tracing beam      17      5.70
Tracing beam      18      7.60
Tracing beam      19      9.50
Tracing beam      20     11.40
Tracing beam      21     13.30
Tracing beam      22     15.20
Tracing beam      23     17.10
Tracing beam      24     19.00
Tracing beam      25     20.90
Tracing beam      26     22.80
Tracing beam      27     24.70
Tracing beam       1    -24.70
Tracing beam       2    -22.80
Tracing beam       3    -20.90
Tracing beam       4    -19.00
Tracing beam       5    -17.10
Tracing beam       6    -15.20
Tracing beam       7    -13.30
Tracing beam       8    -11.40
Tracing beam       9     -9.50
Tracing beam      10     -7.60
Tracing beam      11     -5.70
Tracing beam      12     -3.80
Tracing beam      13     -1.90
Tracing beam      14      0.00
Tracing beam      15      1.90
Tracing beam      16      3.80
Tracing beam      17      5.70
Tracing beam      18      7.60
Tracing beam      19      9.50
Tracing beam      20     11.40
Tracing beam      21     13.30
Tracing beam      22     15.20
Tracing beam      23     17.10
Tracing beam      24     19.00
Tracing beam      25     20.90
Tracing beam      26     22.80
Tracing beam      27     24.70

 CPU Time =       0.703    s
