 BELLHOP/BELLHOP3D

 BELLHOP- Tropical Ocean Environment SHD Mode                                    
 frequency =   1485.     Hz

 Dummy parameter NMedia =            1

     Spline approximation to SSP
     Attenuation units: dB/mkHz
     VACUUM

 Depth =    2858.80 m

 Sound speed profile:
   z (m)     alphaR (m/s)   betaR  rho (g/cm^3)  alphaI     betaI

      0.00      1511.80      0.00     1.00       0.0000    0.0000
     81.70      1506.23      0.00     1.00       0.0000    0.0000
    163.40      1509.77      0.00     1.00       0.0000    0.0000
    245.00      1505.93      0.00     1.00       0.0000    0.0000
    326.70      1504.07      0.00     1.00       0.0000    0.0000
    408.40      1502.81      0.00     1.00       0.0000    0.0000
    490.10      1494.98      0.00     1.00       0.0000    0.0000
    571.80      1498.32      0.00     1.00       0.0000    0.0000
    653.40      1493.25      0.00     1.00       0.0000    0.0000
    735.10      1492.86      0.00     1.00       0.0000    0.0000
    816.80      1491.62      0.00     1.00       0.0000    0.0000
    898.50      1490.79      0.00     1.00       0.0000    0.0000
    980.20      1489.16      0.00     1.00       0.0000    0.0000
   1061.80      1485.09      0.00     1.00       0.0000    0.0000
   1143.50      1485.82      0.00     1.00       0.0000    0.0000
   1225.20      1485.18      0.00     1.00       0.0000    0.0000
   1306.90      1484.23      0.00     1.00       0.0000    0.0000
   1388.60      1485.78      0.00     1.00       0.0000    0.0000
   1470.20      1488.19      0.00     1.00       0.0000    0.0000
   1551.90      1487.91      0.00     1.00       0.0000    0.0000
   1633.60      1488.65      0.00     1.00       0.0000    0.0000
   1715.30      1493.27      0.00     1.00       0.0000    0.0000
   1797.00      1492.60      0.00     1.00       0.0000    0.0000
   1878.60      1491.67      0.00     1.00       0.0000    0.0000
   1960.30      1493.80      0.00     1.00       0.0000    0.0000
   2042.00      1492.90      0.00     1.00       0.0000    0.0000
   2123.70      1494.43      0.00     1.00       0.0000    0.0000
   2205.40      1495.67      0.00     1.00       0.0000    0.0000
   2287.00      1495.12      0.00     1.00       0.0000    0.0000
   2368.70      1495.46      0.00     1.00       0.0000    0.0000
   2450.40      1499.07      0.00     1.00       0.0000    0.0000
   2532.10      1498.89      0.00     1.00       0.0000    0.0000
   2613.80      1495.33      0.00     1.00       0.0000    0.0000
   2695.40      1498.45      0.00     1.00       0.0000    0.0000
   2777.10      1499.02      0.00     1.00       0.0000    0.0000
   2858.80      1500.00      0.00     1.00       0.0000    0.0000

                                 ( RMS roughness =   0.00     )
     ACOUSTO-ELASTIC half-space
   3058.80      1600.00      0.00     1.80       0.0000    0.0000

 __________________________________________________________________________

 Number of Source   depths, Sz =            1
 Source   depths, Sz (m)
   189.900    


 __________________________________________________________________________

 Number of Receiver depths, Rz =           79
 Receiver depths, Rz (m)
   0.00000       47.5487       95.0974       142.646       190.195    
   237.744       285.292       332.841       380.390       427.938    
          ... 
   3708.80    

 Warning in ReadSzRz : Receiver below or too near the bottom bdry has been moved up

 __________________________________________________________________________

 Number of Receiver ranges, Rr =          201
 Receiver ranges, Rr (km)
   0.00000      0.226500      0.453000      0.679500      0.906000    
   1.13250       1.35900       1.58550       1.81200       2.03850    
          ... 
   45.3000    


 Coherent TL calculation
 Geometric hat beams in Cartesian coordinates
 Point source (cylindrical coordinates)
 Rectilinear receiver grid: Receivers at Rr( : ) x Rz( : )
 __________________________________________________________________________

 Number of beams in elevation   =        13455
 Beam take-off angles (degrees)
  -82.3000      -82.2876      -82.2752      -82.2628      -82.2504    
  -82.2380      -82.2256      -82.2132      -82.2008      -82.1884    
          ... 
   84.6000    

 __________________________________________________________________________


 Step length,       deltas =   0.000     m

 Maximum ray depth, Box%z  =   3709.     m
 Maximum ray range, Box%r  =   50.00    km
 No beam shift in effect


 Step length,       deltas =   285.9     m (automatically selected)

Tracing beam       1    -82.30

 Geometric hat beams                     
 halfwidth  =    1493.9796840769184     
 epsilonOpt =  (  0.0000000000000000     ,  10413457629.214472     )
 EpsMult    =    1.0000000000000000     

Tracing beam     270    -78.96
Tracing beam     539    -75.63
Tracing beam     808    -72.29
Tracing beam    1077    -68.95
Tracing beam    1346    -65.61
Tracing beam    1615    -62.28
Tracing beam    1884    -58.94
Tracing beam    2153    -55.60
Tracing beam    2422    -52.27
Tracing beam    2691    -48.93
Tracing beam    2960    -45.59
Tracing beam    3229    -42.26
Tracing beam    3498    -38.92
Tracing beam    3767    -35.58
Tracing beam    4036    -32.24
Tracing beam    4305    -28.91
Tracing beam    4574    -25.57
Tracing beam    4843    -22.23
Tracing beam    5112    -18.90
Tracing beam    5381    -15.56
Tracing beam    5650    -12.22
Tracing beam    5919     -8.89
Tracing beam    6188     -5.55
Tracing beam    6457     -2.21
Tracing beam    6726      1.13
Tracing beam    6995      4.46
Tracing beam    7264      7.80
Tracing beam    7533     11.14
Tracing beam    7802     14.47
Tracing beam    8071     17.81
Tracing beam    8340     21.15
Tracing beam    8609     24.48
Tracing beam    8878     27.82
Tracing beam    9147     31.16
Tracing beam    9416     34.50
Tracing beam    9685     37.83
Tracing beam    9954     41.17
Tracing beam   10223     44.51
Tracing beam   10492     47.84
Tracing beam   10761     51.18
Tracing beam   11030     54.52
Tracing beam   11299     57.85
Tracing beam   11568     61.19
Tracing beam   11837     64.53
Tracing beam   12106     67.87
Tracing beam   12375     71.20
Tracing beam   12644     74.54
Tracing beam   12913     77.88
Tracing beam   13182     81.21
Tracing beam   13451     84.55

 CPU Time =        1.59    s
