 BELLHOP/BELLHOP3D

 BELLHOP- Tropical Ocean Environment ARR Mode                                    
 frequency =   1485.     Hz

 Dummy parameter NMedia =            1

     Spline approximation to SSP
     Attenuation units: dB/mkHz
     VACUUM

 Depth =    2858.80 m

 Sound speed profile:
   z (m)     alphaR (m/s)   betaR  rho (g/cm^3)  alphaI     betaI

      0.00      1511.80      0.00     1.00       0.0000    0.0000
     81.70      1506.23      0.00     1.00       0.0000    0.0000
    163.40      1509.77      0.00     1.00       0.0000    0.0000
    245.00      1505.93      0.00     1.00       0.0000    0.0000
    326.70      1504.07      0.00     1.00       0.0000    0.0000
    408.40      1502.81      0.00     1.00       0.0000    0.0000
    490.10      1494.98      0.00     1.00       0.0000    0.0000
    571.80      1498.32      0.00     1.00       0.0000    0.0000
    653.40      1493.25      0.00     1.00       0.0000    0.0000
    735.10      1492.86      0.00     1.00       0.0000    0.0000
    816.80      1491.62      0.00     1.00       0.0000    0.0000
    898.50      1490.79      0.00     1.00       0.0000    0.0000
    980.20      1489.16      0.00     1.00       0.0000    0.0000
   1061.80      1485.09      0.00     1.00       0.0000    0.0000
   1143.50      1485.82      0.00     1.00       0.0000    0.0000
   1225.20      1485.18      0.00     1.00       0.0000    0.0000
   1306.90      1484.23      0.00     1.00       0.0000    0.0000
   1388.60      1485.78      0.00     1.00       0.0000    0.0000
   1470.20      1488.19      0.00     1.00       0.0000    0.0000
   1551.90      1487.91      0.00     1.00       0.0000    0.0000
   1633.60      1488.65      0.00     1.00       0.0000    0.0000
   1715.30      1493.27      0.00     1.00       0.0000    0.0000
   1797.00      1492.60      0.00     1.00       0.0000    0.0000
   1878.60      1491.67      0.00     1.00       0.0000    0.0000
   1960.30      1493.80      0.00     1.00       0.0000    0.0000
   2042.00      1492.90      0.00     1.00       0.0000    0.0000
   2123.70      1494.43      0.00     1.00       0.0000    0.0000
   2205.40      1495.67      0.00     1.00       0.0000    0.0000
   2287.00      1495.12      0.00     1.00       0.0000    0.0000
   2368.70      1495.46      0.00     1.00       0.0000    0.0000
   2450.40      1499.07      0.00     1.00       0.0000    0.0000
   2532.10      1498.89      0.00     1.00       0.0000    0.0000
   2613.80      1495.33      0.00     1.00       0.0000    0.0000
   2695.40      1498.45      0.00     1.00       0.0000    0.0000
   2777.10      1499.02      0.00     1.00       0.0000    0.0000
   2858.80      1500.00      0.00     1.00       0.0000    0.0000

                                 ( RMS roughness =   0.00     )
     ACOUSTO-ELASTIC half-space
   3058.80      1600.00      0.00     1.80       0.0000    0.0000

 __________________________________________________________________________

 Number of Source   depths, Sz =            2
 Source   depths, Sz (m)
   244.000       289.100    


 __________________________________________________________________________

 Number of Receiver depths, Rz =           45
 Receiver depths, Rz (m)
   0.00000       84.2909       168.582       252.873       337.164    
   421.455       505.745       590.036       674.327       758.618    
          ... 
   3708.80    

 Warning in ReadSzRz : Receiver below or too near the bottom bdry has been moved up

 __________________________________________________________________________

 Number of Receiver ranges, Rr =          201
 Receiver ranges, Rr (km)
   0.00000      0.290500      0.581000      0.871500       1.16200    
   1.45250       1.74300       2.03350       2.32400       2.61450    
          ... 
   58.1000    


 Arrivals calculation, ASCII  file output
 Geometric hat beams in Cartesian coordinates
 Point source (cylindrical coordinates)
 Rectilinear receiver grid: Receivers at Rr( : ) x Rz( : )
 __________________________________________________________________________

 Number of beams in elevation   =           28
 Beam take-off angles (degrees)
  -19.1000      -17.6852      -16.2704      -14.8556      -13.4407    
  -12.0259      -10.6111      -9.19630      -7.78148      -6.36667    
          ... 
   19.1000    

 __________________________________________________________________________


 Step length,       deltas =   0.000     m

 Maximum ray depth, Box%z  =   3709.     m
 Maximum ray range, Box%r  =   50.00    km
 No beam shift in effect


 Step length,       deltas =   285.9     m (automatically selected)

 ( Maximum # of arrivals =         2211 )

Tracing beam       1    -19.10

 Geometric hat beams                     
 halfwidth  =    13.071876043343062     
 epsilonOpt =  (  0.0000000000000000     ,  797225.92416500894     )
 EpsMult    =    1.0000000000000000     

Tracing beam       2    -17.69
Tracing beam       3    -16.27
Tracing beam       4    -14.86
Tracing beam       5    -13.44
Tracing beam       6    -12.03
Tracing beam       7    -10.61
Tracing beam       8     -9.20
Tracing beam       9     -7.78
Tracing beam      10     -6.37
Tracing beam      11     -4.95
Tracing beam      12     -3.54
Tracing beam      13     -2.12
Tracing beam      14     -0.71
Tracing beam      15      0.71
Tracing beam      16      2.12
Tracing beam      17      3.54
Tracing beam      18      4.95
Tracing beam      19      6.37
Tracing beam      20      7.78
Tracing beam      21      9.20
Tracing beam      22     10.61
Tracing beam      23     12.03
Tracing beam      24     13.44
Tracing beam      25     14.86
Tracing beam      26     16.27
Tracing beam      27     17.69
Tracing beam      28     19.10
Tracing beam       1    -19.10
Tracing beam       2    -17.69
Tracing beam       3    -16.27
Tracing beam       4    -14.86
Tracing beam       5    -13.44
Tracing beam       6    -12.03
Tracing beam       7    -10.61
Tracing beam       8     -9.20
Tracing beam       9     -7.78
Tracing beam      10     -6.37
Tracing beam      11     -4.95
Tracing beam      12     -3.54
Tracing beam      13     -2.12
Tracing beam      14     -0.71
Tracing beam      15      0.71
Tracing beam      16      2.12
Tracing beam      17      3.54
Tracing beam      18      4.95
Tracing beam      19      6.37
Tracing beam      20      7.78
Tracing beam      21      9.20
Tracing beam      22     10.61
Tracing beam      23     12.03
Tracing beam      24     13.44
Tracing beam      25     14.86
Tracing beam      26     16.27
Tracing beam      27     17.69
Tracing beam      28     19.10

 CPU Time =       0.297    s
