 BELLHOP/BELLHOP3D

 BELLHOP- Polar Ocean Environment SHD Mode                                       
 frequency =   608.1     Hz

 Dummy parameter NMedia =            1

     Spline approximation to SSP
     Attenuation units: dB/mkHz
     VACUUM

 Depth =    2611.40 m

 Sound speed profile:
   z (m)     alphaR (m/s)   betaR  rho (g/cm^3)  alphaI     betaI

      0.00      1465.79      0.00     1.00       0.0000    0.0000
     63.70      1462.58      0.00     1.00       0.0000    0.0000
    127.40      1466.68      0.00     1.00       0.0000    0.0000
    191.10      1460.36      0.00     1.00       0.0000    0.0000
    254.80      1461.47      0.00     1.00       0.0000    0.0000
    318.50      1460.00      0.00     1.00       0.0000    0.0000
    382.20      1460.00      0.00     1.00       0.0000    0.0000
    445.80      1460.00      0.00     1.00       0.0000    0.0000
    509.50      1460.00      0.00     1.00       0.0000    0.0000
    573.20      1460.00      0.00     1.00       0.0000    0.0000
    636.90      1460.00      0.00     1.00       0.0000    0.0000
    700.60      1460.00      0.00     1.00       0.0000    0.0000
    764.30      1460.00      0.00     1.00       0.0000    0.0000
    828.00      1460.00      0.00     1.00       0.0000    0.0000
    891.70      1460.00      0.00     1.00       0.0000    0.0000
    955.40      1460.00      0.00     1.00       0.0000    0.0000
   1019.10      1460.00      0.00     1.00       0.0000    0.0000
   1082.80      1460.00      0.00     1.00       0.0000    0.0000
   1146.50      1460.00      0.00     1.00       0.0000    0.0000
   1210.20      1460.00      0.00     1.00       0.0000    0.0000
   1273.90      1460.00      0.00     1.00       0.0000    0.0000
   1337.50      1460.10      0.00     1.00       0.0000    0.0000
   1401.20      1460.00      0.00     1.00       0.0000    0.0000
   1464.90      1460.00      0.00     1.00       0.0000    0.0000
   1528.60      1461.26      0.00     1.00       0.0000    0.0000
   1592.30      1461.03      0.00     1.00       0.0000    0.0000
   1656.00      1460.00      0.00     1.00       0.0000    0.0000
   1719.70      1462.81      0.00     1.00       0.0000    0.0000
   1783.40      1462.72      0.00     1.00       0.0000    0.0000
   1847.10      1465.44      0.00     1.00       0.0000    0.0000
   1910.80      1465.19      0.00     1.00       0.0000    0.0000
   1974.50      1465.92      0.00     1.00       0.0000    0.0000
   2038.20      1465.02      0.00     1.00       0.0000    0.0000
   2101.90      1467.05      0.00     1.00       0.0000    0.0000
   2165.60      1469.66      0.00     1.00       0.0000    0.0000
   2229.20      1467.85      0.00     1.00       0.0000    0.0000
   2292.90      1469.78      0.00     1.00       0.0000    0.0000
   2356.60      1469.23      0.00     1.00       0.0000    0.0000
   2420.30      1469.67      0.00     1.00       0.0000    0.0000
   2484.00      1472.13      0.00     1.00       0.0000    0.0000
   2547.70      1473.33      0.00     1.00       0.0000    0.0000
   2611.40      1476.87      0.00     1.00       0.0000    0.0000

                                 ( RMS roughness =   0.00     )
     ACOUSTO-ELASTIC half-space
   2811.40      1600.00      0.00     1.80       0.0000    0.0000

 __________________________________________________________________________

 Number of Source   depths, Sz =            1
 Source   depths, Sz (m)
   143.600    


 __________________________________________________________________________

 Number of Receiver depths, Rz =           85
 Receiver depths, Rz (m)
   0.00000       41.2071       82.4143       123.621       164.829    
   206.036       247.243       288.450       329.657       370.864    
          ... 
   3461.40    

 Warning in ReadSzRz : Receiver below or too near the bottom bdry has been moved up

 __________________________________________________________________________

 Number of Receiver ranges, Rr =          201
 Receiver ranges, Rr (km)
   0.00000      0.286500      0.573000      0.859500       1.14600    
   1.43250       1.71900       2.00550       2.29200       2.57850    
          ... 
   57.3000    


 Coherent TL calculation
 Geometric hat beams in Cartesian coordinates
 Point source (cylindrical coordinates)
 Rectilinear receiver grid: Receivers at Rr( : ) x Rz( : )
 __________________________________________________________________________

 Number of beams in elevation   =         6968
 Beam take-off angles (degrees)
  -87.4000      -87.3752      -87.3505      -87.3257      -87.3010    
  -87.2762      -87.2514      -87.2267      -87.2019      -87.1772    
          ... 
   85.1000    

 __________________________________________________________________________


 Step length,       deltas =   0.000     m

 Maximum ray depth, Box%z  =   3461.     m
 Maximum ray range, Box%r  =   50.00    km
 No beam shift in effect


 Step length,       deltas =   261.1     m (automatically selected)

Tracing beam       1    -87.40

 Geometric hat beams                     
 halfwidth  =    1775.2196863905469     
 epsilonOpt =  (  0.0000000000000000     ,  6020451843.0687885     )
 EpsMult    =    1.0000000000000000     

Tracing beam     140    -83.96
Tracing beam     279    -80.52
Tracing beam     418    -77.08
Tracing beam     557    -73.63
Tracing beam     696    -70.19
Tracing beam     835    -66.75
Tracing beam     974    -63.31
Tracing beam    1113    -59.87
Tracing beam    1252    -56.43
Tracing beam    1391    -52.98
Tracing beam    1530    -49.54
Tracing beam    1669    -46.10
Tracing beam    1808    -42.66
Tracing beam    1947    -39.22
Tracing beam    2086    -35.78
Tracing beam    2225    -32.33
Tracing beam    2364    -28.89
Tracing beam    2503    -25.45
Tracing beam    2642    -22.01
Tracing beam    2781    -18.57
Tracing beam    2920    -15.13
Tracing beam    3059    -11.69
Tracing beam    3198     -8.24
Tracing beam    3337     -4.80
Tracing beam    3476     -1.36
Tracing beam    3615      2.08
Tracing beam    3754      5.52
Tracing beam    3893      8.96
Tracing beam    4032     12.41
Tracing beam    4171     15.85
Tracing beam    4310     19.29
Tracing beam    4449     22.73
Tracing beam    4588     26.17
Tracing beam    4727     29.61
Tracing beam    4866     33.06
Tracing beam    5005     36.50
Tracing beam    5144     39.94
Tracing beam    5283     43.38
Tracing beam    5422     46.82
Tracing beam    5561     50.26
Tracing beam    5700     53.70
Tracing beam    5839     57.15
Tracing beam    5978     60.59
Tracing beam    6117     64.03
Tracing beam    6256     67.47
Tracing beam    6395     70.91
Tracing beam    6534     74.35
Tracing beam    6673     77.80
Tracing beam    6812     81.24
Tracing beam    6951     84.68

 CPU Time =       0.906    s
