 BELLHOP/BELLHOP3D

 BELLHOP- Polar Ocean Environment RAY Mode                                       
 frequency =   608.1     Hz

 Dummy parameter NMedia =            1

     Spline approximation to SSP
     Attenuation units: dB/mkHz
     VACUUM

 Depth =    2611.40 m

 Sound speed profile:
   z (m)     alphaR (m/s)   betaR  rho (g/cm^3)  alphaI     betaI

      0.00      1465.79      0.00     1.00       0.0000    0.0000
     63.70      1462.58      0.00     1.00       0.0000    0.0000
    127.40      1466.68      0.00     1.00       0.0000    0.0000
    191.10      1460.36      0.00     1.00       0.0000    0.0000
    254.80      1461.47      0.00     1.00       0.0000    0.0000
    318.50      1460.00      0.00     1.00       0.0000    0.0000
    382.20      1460.00      0.00     1.00       0.0000    0.0000
    445.80      1460.00      0.00     1.00       0.0000    0.0000
    509.50      1460.00      0.00     1.00       0.0000    0.0000
    573.20      1460.00      0.00     1.00       0.0000    0.0000
    636.90      1460.00      0.00     1.00       0.0000    0.0000
    700.60      1460.00      0.00     1.00       0.0000    0.0000
    764.30      1460.00      0.00     1.00       0.0000    0.0000
    828.00      1460.00      0.00     1.00       0.0000    0.0000
    891.70      1460.00      0.00     1.00       0.0000    0.0000
    955.40      1460.00      0.00     1.00       0.0000    0.0000
   1019.10      1460.00      0.00     1.00       0.0000    0.0000
   1082.80      1460.00      0.00     1.00       0.0000    0.0000
   1146.50      1460.00      0.00     1.00       0.0000    0.0000
   1210.20      1460.00      0.00     1.00       0.0000    0.0000
   1273.90      1460.00      0.00     1.00       0.0000    0.0000
   1337.50      1460.10      0.00     1.00       0.0000    0.0000
   1401.20      1460.00      0.00     1.00       0.0000    0.0000
   1464.90      1460.00      0.00     1.00       0.0000    0.0000
   1528.60      1461.26      0.00     1.00       0.0000    0.0000
   1592.30      1461.03      0.00     1.00       0.0000    0.0000
   1656.00      1460.00      0.00     1.00       0.0000    0.0000
   1719.70      1462.81      0.00     1.00       0.0000    0.0000
   1783.40      1462.72      0.00     1.00       0.0000    0.0000
   1847.10      1465.44      0.00     1.00       0.0000    0.0000
   1910.80      1465.19      0.00     1.00       0.0000    0.0000
   1974.50      1465.92      0.00     1.00       0.0000    0.0000
   2038.20      1465.02      0.00     1.00       0.0000    0.0000
   2101.90      1467.05      0.00     1.00       0.0000    0.0000
   2165.60      1469.66      0.00     1.00       0.0000    0.0000
   2229.20      1467.85      0.00     1.00       0.0000    0.0000
   2292.90      1469.78      0.00     1.00       0.0000    0.0000
   2356.60      1469.23      0.00     1.00       0.0000    0.0000
   2420.30      1469.67      0.00     1.00       0.0000    0.0000
   2484.00      1472.13      0.00     1.00       0.0000    0.0000
   2547.70      1473.33      0.00     1.00       0.0000    0.0000
   2611.40      1476.87      0.00     1.00       0.0000    0.0000

                                 ( RMS roughness =   0.00     )
     ACOUSTO-ELASTIC half-space
   2811.40      1600.00      0.00     1.80       0.0000    0.0000

 __________________________________________________________________________

 Number of Source   depths, Sz =            1
 Source   depths, Sz (m)
   127.700    


 __________________________________________________________________________

 Number of Receiver depths, Rz =           31
 Receiver depths, Rz (m)
   0.00000       115.380       230.760       346.140       461.520    
   576.900       692.280       807.660       923.040       1038.42    
          ... 
   3461.40    

 Warning in ReadSzRz : Receiver below or too near the bottom bdry has been moved up

 __________________________________________________________________________

 Number of Receiver ranges, Rr =          201
 Receiver ranges, Rr (km)
   0.00000      0.282500      0.565000      0.847500       1.13000    
   1.41250       1.69500       1.97750       2.26000       2.54250    
          ... 
   56.5000    


 Ray trace run
 Geometric hat beams in Cartesian coordinates
 Point source (cylindrical coordinates)
 Rectilinear receiver grid: Receivers at Rr( : ) x Rz( : )
 __________________________________________________________________________

 Number of beams in elevation   =           34
 Beam take-off angles (degrees)
  -16.9000      -15.8758      -14.8515      -13.8273      -12.8030    
  -11.7788      -10.7545      -9.73030      -8.70606      -7.68182    
          ... 
   16.9000    

 __________________________________________________________________________


 Step length,       deltas =   0.000     m

 Maximum ray depth, Box%z  =   3461.     m
 Maximum ray range, Box%r  =   50.00    km
 No beam shift in effect


 Step length,       deltas =   261.1     m (automatically selected)

Tracing beam       1    -16.90
Tracing beam       2    -15.88
Tracing beam       3    -14.85
Tracing beam       4    -13.83
Tracing beam       5    -12.80
Tracing beam       6    -11.78
Tracing beam       7    -10.75
Tracing beam       8     -9.73
Tracing beam       9     -8.71
Tracing beam      10     -7.68
Tracing beam      11     -6.66
Tracing beam      12     -5.63
Tracing beam      13     -4.61
Tracing beam      14     -3.58
Tracing beam      15     -2.56
Tracing beam      16     -1.54
Tracing beam      17     -0.51
Tracing beam      18      0.51
Tracing beam      19      1.54
Tracing beam      20      2.56
Tracing beam      21      3.58
Tracing beam      22      4.61
Tracing beam      23      5.63
Tracing beam      24      6.66
Tracing beam      25      7.68
Tracing beam      26      8.71
Tracing beam      27      9.73
Tracing beam      28     10.75
Tracing beam      29     11.78
Tracing beam      30     12.80
Tracing beam      31     13.83
Tracing beam      32     14.85
Tracing beam      33     15.88
Tracing beam      34     16.90

 CPU Time =       0.156E-01s
