 BELLHOP/BELLHOP3D

 BELLHOP- Polar Ocean Environment ARR Mode                                       
 frequency =   608.1     Hz

 Dummy parameter NMedia =            1

     Spline approximation to SSP
     Attenuation units: dB/mkHz
     VACUUM

 Depth =    2611.40 m

 Sound speed profile:
   z (m)     alphaR (m/s)   betaR  rho (g/cm^3)  alphaI     betaI

      0.00      1465.79      0.00     1.00       0.0000    0.0000
     63.70      1462.58      0.00     1.00       0.0000    0.0000
    127.40      1466.68      0.00     1.00       0.0000    0.0000
    191.10      1460.36      0.00     1.00       0.0000    0.0000
    254.80      1461.47      0.00     1.00       0.0000    0.0000
    318.50      1460.00      0.00     1.00       0.0000    0.0000
    382.20      1460.00      0.00     1.00       0.0000    0.0000
    445.80      1460.00      0.00     1.00       0.0000    0.0000
    509.50      1460.00      0.00     1.00       0.0000    0.0000
    573.20      1460.00      0.00     1.00       0.0000    0.0000
    636.90      1460.00      0.00     1.00       0.0000    0.0000
    700.60      1460.00      0.00     1.00       0.0000    0.0000
    764.30      1460.00      0.00     1.00       0.0000    0.0000
    828.00      1460.00      0.00     1.00       0.0000    0.0000
    891.70      1460.00      0.00     1.00       0.0000    0.0000
    955.40      1460.00      0.00     1.00       0.0000    0.0000
   1019.10      1460.00      0.00     1.00       0.0000    0.0000
   1082.80      1460.00      0.00     1.00       0.0000    0.0000
   1146.50      1460.00      0.00     1.00       0.0000    0.0000
   1210.20      1460.00      0.00     1.00       0.0000    0.0000
   1273.90      1460.00      0.00     1.00       0.0000    0.0000
   1337.50      1460.10      0.00     1.00       0.0000    0.0000
   1401.20      1460.00      0.00     1.00       0.0000    0.0000
   1464.90      1460.00      0.00     1.00       0.0000    0.0000
   1528.60      1461.26      0.00     1.00       0.0000    0.0000
   1592.30      1461.03      0.00     1.00       0.0000    0.0000
   1656.00      1460.00      0.00     1.00       0.0000    0.0000
   1719.70      1462.81      0.00     1.00       0.0000    0.0000
   1783.40      1462.72      0.00     1.00       0.0000    0.0000
   1847.10      1465.44      0.00     1.00       0.0000    0.0000
   1910.80      1465.19      0.00     1.00       0.0000    0.0000
   1974.50      1465.92      0.00     1.00       0.0000    0.0000
   2038.20      1465.02      0.00     1.00       0.0000    0.0000
   2101.90      1467.05      0.00     1.00       0.0000    0.0000
   2165.60      1469.66      0.00     1.00       0.0000    0.0000
   2229.20      1467.85      0.00     1.00       0.0000    0.0000
   2292.90      1469.78      0.00     1.00       0.0000    0.0000
   2356.60      1469.23      0.00     1.00       0.0000    0.0000
   2420.30      1469.67      0.00     1.00       0.0000    0.0000
   2484.00      1472.13      0.00     1.00       0.0000    0.0000
   2547.70      1473.33      0.00     1.00       0.0000    0.0000
   2611.40      1476.87      0.00     1.00       0.0000    0.0000

                                 ( RMS roughness =   0.00     )
     ACOUSTO-ELASTIC half-space
   2811.40      1600.00      0.00     1.80       0.0000    0.0000

 __________________________________________________________________________

 Number of Source   depths, Sz =            3
 Source   depths, Sz (m)
   42.5000       157.300       184.300    


 __________________________________________________________________________

 Number of Receiver depths, Rz =           39
 Receiver depths, Rz (m)
   0.00000       91.0895       182.179       273.268       364.358    
   455.447       546.537       637.626       728.716       819.805    
          ... 
   3461.40    

 Warning in ReadSzRz : Receiver below or too near the bottom bdry has been moved up

 __________________________________________________________________________

 Number of Receiver ranges, Rr =          201
 Receiver ranges, Rr (km)
   0.00000      0.286500      0.573000      0.859500       1.14600    
   1.43250       1.71900       2.00550       2.29200       2.57850    
          ... 
   57.3000    


 Arrivals calculation, ASCII  file output
 Geometric hat beams in Cartesian coordinates
 Point source (cylindrical coordinates)
 Rectilinear receiver grid: Receivers at Rr( : ) x Rz( : )
 __________________________________________________________________________

 Number of beams in elevation   =           30
 Beam take-off angles (degrees)
  -19.4000      -18.0621      -16.7241      -15.3862      -14.0483    
  -12.7103      -11.3724      -10.0345      -8.69655      -7.35862    
          ... 
   19.4000    

 __________________________________________________________________________


 Step length,       deltas =   0.000     m

 Maximum ray depth, Box%z  =   3461.     m
 Maximum ray range, Box%r  =   50.00    km
 No beam shift in effect


 Step length,       deltas =   261.1     m (automatically selected)

 ( Maximum # of arrivals =         2551 )

Tracing beam       1    -19.40

 Geometric hat beams                     
 halfwidth  =    32.758705475781632     
 epsilonOpt =  (  0.0000000000000000     ,  2050115.5463536233     )
 EpsMult    =    1.0000000000000000     

Tracing beam       2    -18.06
Tracing beam       3    -16.72
Tracing beam       4    -15.39
Tracing beam       5    -14.05
Tracing beam       6    -12.71
Tracing beam       7    -11.37
Tracing beam       8    -10.03
Tracing beam       9     -8.70
Tracing beam      10     -7.36
Tracing beam      11     -6.02
Tracing beam      12     -4.68
Tracing beam      13     -3.34
Tracing beam      14     -2.01
Tracing beam      15     -0.67
Tracing beam      16      0.67
Tracing beam      17      2.01
Tracing beam      18      3.34
Tracing beam      19      4.68
Tracing beam      20      6.02
Tracing beam      21      7.36
Tracing beam      22      8.70
Tracing beam      23     10.03
Tracing beam      24     11.37
Tracing beam      25     12.71
Tracing beam      26     14.05
Tracing beam      27     15.39
Tracing beam      28     16.72
Tracing beam      29     18.06
Tracing beam      30     19.40
Tracing beam       1    -19.40
Tracing beam       2    -18.06
Tracing beam       3    -16.72
Tracing beam       4    -15.39
Tracing beam       5    -14.05
Tracing beam       6    -12.71
Tracing beam       7    -11.37
Tracing beam       8    -10.03
Tracing beam       9     -8.70
Tracing beam      10     -7.36
Tracing beam      11     -6.02
Tracing beam      12     -4.68
Tracing beam      13     -3.34
Tracing beam      14     -2.01
Tracing beam      15     -0.67
Tracing beam      16      0.67
Tracing beam      17      2.01
Tracing beam      18      3.34
Tracing beam      19      4.68
Tracing beam      20      6.02
Tracing beam      21      7.36
Tracing beam      22      8.70
Tracing beam      23     10.03
Tracing beam      24     11.37
Tracing beam      25     12.71
Tracing beam      26     14.05
Tracing beam      27     15.39
Tracing beam      28     16.72
Tracing beam      29     18.06
Tracing beam      30     19.40
Tracing beam       1    -19.40
Tracing beam       2    -18.06
Tracing beam       3    -16.72
Tracing beam       4    -15.39
Tracing beam       5    -14.05
Tracing beam       6    -12.71
Tracing beam       7    -11.37
Tracing beam       8    -10.03
Tracing beam       9     -8.70
Tracing beam      10     -7.36
Tracing beam      11     -6.02
Tracing beam      12     -4.68
Tracing beam      13     -3.34
Tracing beam      14     -2.01
Tracing beam      15     -0.67
Tracing beam      16      0.67
Tracing beam      17      2.01
Tracing beam      18      3.34
Tracing beam      19      4.68
Tracing beam      20      6.02
Tracing beam      21      7.36
Tracing beam      22      8.70
Tracing beam      23     10.03
Tracing beam      24     11.37
Tracing beam      25     12.71
Tracing beam      26     14.05
Tracing beam      27     15.39
Tracing beam      28     16.72
Tracing beam      29     18.06
Tracing beam      30     19.40

 CPU Time =       0.406    s
