 BELLHOP/BELLHOP3D

 BELLHOP- Continental Shelf Environment SHD Mode                                 
 frequency =   1166.     Hz

 Dummy parameter NMedia =            1

     Spline approximation to SSP
     Attenuation units: dB/mkHz
     VACUUM

 Depth =    1051.50 m

 Sound speed profile:
   z (m)     alphaR (m/s)   betaR  rho (g/cm^3)  alphaI     betaI

      0.00      1496.08      0.00     1.00       0.0000    0.0000
     43.80      1495.91      0.00     1.00       0.0000    0.0000
     87.60      1492.87      0.00     1.00       0.0000    0.0000
    131.40      1495.53      0.00     1.00       0.0000    0.0000
    175.20      1491.30      0.00     1.00       0.0000    0.0000
    219.10      1494.89      0.00     1.00       0.0000    0.0000
    262.90      1490.54      0.00     1.00       0.0000    0.0000
    306.70      1490.56      0.00     1.00       0.0000    0.0000
    350.50      1488.01      0.00     1.00       0.0000    0.0000
    394.30      1486.40      0.00     1.00       0.0000    0.0000
    438.10      1485.77      0.00     1.00       0.0000    0.0000
    481.90      1484.27      0.00     1.00       0.0000    0.0000
    525.70      1482.64      0.00     1.00       0.0000    0.0000
    569.60      1481.85      0.00     1.00       0.0000    0.0000
    613.40      1481.56      0.00     1.00       0.0000    0.0000
    657.20      1480.74      0.00     1.00       0.0000    0.0000
    701.00      1479.22      0.00     1.00       0.0000    0.0000
    744.80      1479.36      0.00     1.00       0.0000    0.0000
    788.60      1477.16      0.00     1.00       0.0000    0.0000
    832.40      1480.62      0.00     1.00       0.0000    0.0000
    876.20      1479.11      0.00     1.00       0.0000    0.0000
    920.00      1477.73      0.00     1.00       0.0000    0.0000
    963.90      1473.50      0.00     1.00       0.0000    0.0000
   1007.70      1494.38      0.00     1.00       0.0000    0.0000
   1051.50      1494.91      0.00     1.00       0.0000    0.0000

                                 ( RMS roughness =   0.00     )
     ACOUSTO-ELASTIC half-space
   1251.50      1600.00      0.00     1.80       0.0000    0.0000

 __________________________________________________________________________

 Number of Source   depths, Sz =            1
 Source   depths, Sz (m)
   111.300    


 __________________________________________________________________________

 Number of Receiver depths, Rz =           80
 Receiver depths, Rz (m)
   0.00000       24.0696       48.1392       72.2089       96.2785    
   120.348       144.418       168.487       192.557       216.627    
          ... 
   1901.50    

 Warning in ReadSzRz : Receiver below or too near the bottom bdry has been moved up

 __________________________________________________________________________

 Number of Receiver ranges, Rr =          201
 Receiver ranges, Rr (km)
   0.00000      0.244500      0.489000      0.733500      0.978000    
   1.22250       1.46700       1.71150       1.95600       2.20050    
          ... 
   48.9000    


 Coherent TL calculation
 Geometric hat beams in Cartesian coordinates
 Point source (cylindrical coordinates)
 Rectilinear receiver grid: Receivers at Rr( : ) x Rz( : )
 __________________________________________________________________________

 Number of beams in elevation   =        11399
 Beam take-off angles (degrees)
  -83.5000      -83.4852      -83.4705      -83.4557      -83.4409    
  -83.4261      -83.4114      -83.3966      -83.3818      -83.3670    
          ... 
   84.9000    

 __________________________________________________________________________


 Step length,       deltas =   0.000     m

 Maximum ray depth, Box%z  =   1902.     m
 Maximum ray range, Box%r  =   50.00    km
 No beam shift in effect


 Step length,       deltas =   105.2     m (automatically selected)

Tracing beam       1    -83.50

 Geometric hat beams                     
 halfwidth  =    1582.9257307060459     
 epsilonOpt =  (  0.0000000000000000     ,  9175304558.2126789     )
 EpsMult    =    1.0000000000000000     

Tracing beam     228    -80.15
Tracing beam     455    -76.79
Tracing beam     682    -73.44
Tracing beam     909    -70.08
Tracing beam    1136    -66.73
Tracing beam    1363    -63.38
Tracing beam    1590    -60.02
Tracing beam    1817    -56.67
Tracing beam    2044    -53.32
Tracing beam    2271    -49.96
Tracing beam    2498    -46.61
Tracing beam    2725    -43.25
Tracing beam    2952    -39.90
Tracing beam    3179    -36.55
Tracing beam    3406    -33.19
Tracing beam    3633    -29.84
Tracing beam    3860    -26.49
Tracing beam    4087    -23.13
Tracing beam    4314    -19.78
Tracing beam    4541    -16.42
Tracing beam    4768    -13.07
Tracing beam    4995     -9.72
Tracing beam    5222     -6.36
Tracing beam    5449     -3.01
Tracing beam    5676      0.35
Tracing beam    5903      3.70
Tracing beam    6130      7.05
Tracing beam    6357     10.41
Tracing beam    6584     13.76
Tracing beam    6811     17.11
Tracing beam    7038     20.47
Tracing beam    7265     23.82
Tracing beam    7492     27.18
Tracing beam    7719     30.53
Tracing beam    7946     33.88
Tracing beam    8173     37.24
Tracing beam    8400     40.59
Tracing beam    8627     43.95
Tracing beam    8854     47.30
Tracing beam    9081     50.65
Tracing beam    9308     54.01
Tracing beam    9535     57.36
Tracing beam    9762     60.71
Tracing beam    9989     64.07
Tracing beam   10216     67.42
Tracing beam   10443     70.78
Tracing beam   10670     74.13
Tracing beam   10897     77.48
Tracing beam   11124     80.84
Tracing beam   11351     84.19

 CPU Time =        1.30    s
