 BELLHOP/BELLHOP3D

 BELLHOP- Mixed Layer Environment RAY Mode                                       
 frequency =   847.8     Hz

 Dummy parameter NMedia =            1

     Spline approximation to SSP
     Attenuation units: dB/mkHz
     VACUUM

 Depth =    1412.90 m

 Sound speed profile:
   z (m)     alphaR (m/s)   betaR  rho (g/cm^3)  alphaI     betaI

      0.00      1503.20      0.00     1.00       0.0000    0.0000
     48.70      1503.86      0.00     1.00       0.0000    0.0000
     97.40      1500.38      0.00     1.00       0.0000    0.0000
    146.20      1505.43      0.00     1.00       0.0000    0.0000
    194.90      1500.67      0.00     1.00       0.0000    0.0000
    243.60      1500.64      0.00     1.00       0.0000    0.0000
    292.30      1501.15      0.00     1.00       0.0000    0.0000
    341.00      1497.02      0.00     1.00       0.0000    0.0000
    389.80      1493.58      0.00     1.00       0.0000    0.0000
    438.50      1495.29      0.00     1.00       0.0000    0.0000
    487.20      1492.57      0.00     1.00       0.0000    0.0000
    535.90      1491.81      0.00     1.00       0.0000    0.0000
    584.60      1489.73      0.00     1.00       0.0000    0.0000
    633.30      1492.63      0.00     1.00       0.0000    0.0000
    682.10      1486.30      0.00     1.00       0.0000    0.0000
    730.80      1491.97      0.00     1.00       0.0000    0.0000
    779.50      1486.35      0.00     1.00       0.0000    0.0000
    828.20      1486.56      0.00     1.00       0.0000    0.0000
    876.90      1484.90      0.00     1.00       0.0000    0.0000
    925.70      1484.47      0.00     1.00       0.0000    0.0000
    974.40      1483.99      0.00     1.00       0.0000    0.0000
   1023.10      1496.07      0.00     1.00       0.0000    0.0000
   1071.80      1493.85      0.00     1.00       0.0000    0.0000
   1120.50      1497.31      0.00     1.00       0.0000    0.0000
   1169.30      1494.29      0.00     1.00       0.0000    0.0000
   1218.00      1498.78      0.00     1.00       0.0000    0.0000
   1266.70      1500.45      0.00     1.00       0.0000    0.0000
   1315.40      1498.07      0.00     1.00       0.0000    0.0000
   1364.10      1501.80      0.00     1.00       0.0000    0.0000
   1412.90      1501.66      0.00     1.00       0.0000    0.0000

                                 ( RMS roughness =   0.00     )
     ACOUSTO-ELASTIC half-space
   1612.90      1600.00      0.00     1.80       0.0000    0.0000

 __________________________________________________________________________

 Number of Source   depths, Sz =            2
 Source   depths, Sz (m)
   159.600       259.400    


 __________________________________________________________________________

 Number of Receiver depths, Rz =           30
 Receiver depths, Rz (m)
   0.00000       78.0310       156.062       234.093       312.124    
   390.155       468.186       546.217       624.248       702.279    
          ... 
   2262.90    

 Warning in ReadSzRz : Receiver below or too near the bottom bdry has been moved up

 __________________________________________________________________________

 Number of Receiver ranges, Rr =          201
 Receiver ranges, Rr (km)
   0.00000      0.254000      0.508000      0.762000       1.01600    
   1.27000       1.52400       1.77800       2.03200       2.28600    
          ... 
   50.8000    


 Ray trace run
 Geometric hat beams in Cartesian coordinates
 Point source (cylindrical coordinates)
 Rectilinear receiver grid: Receivers at Rr( : ) x Rz( : )
 __________________________________________________________________________

 Number of beams in elevation   =           31
 Beam take-off angles (degrees)
  -15.6000      -14.5600      -13.5200      -12.4800      -11.4400    
  -10.4000      -9.36000      -8.32000      -7.28000      -6.24000    
          ... 
   15.6000    

 __________________________________________________________________________


 Step length,       deltas =   0.000     m

 Maximum ray depth, Box%z  =   2263.     m
 Maximum ray range, Box%r  =   50.00    km
 No beam shift in effect


 Step length,       deltas =   141.3     m (automatically selected)

Tracing beam       1    -15.60
Tracing beam       2    -14.56
Tracing beam       3    -13.52
Tracing beam       4    -12.48
Tracing beam       5    -11.44
Tracing beam       6    -10.40
Tracing beam       7     -9.36
Tracing beam       8     -8.32
Tracing beam       9     -7.28
Tracing beam      10     -6.24
Tracing beam      11     -5.20
Tracing beam      12     -4.16
Tracing beam      13     -3.12
Tracing beam      14     -2.08
Tracing beam      15     -1.04
Tracing beam      16      0.00
Tracing beam      17      1.04
Tracing beam      18      2.08
Tracing beam      19      3.12
Tracing beam      20      4.16
Tracing beam      21      5.20
Tracing beam      22      6.24
Tracing beam      23      7.28
Tracing beam      24      8.32
Tracing beam      25      9.36
Tracing beam      26     10.40
Tracing beam      27     11.44
Tracing beam      28     12.48
Tracing beam      29     13.52
Tracing beam      30     14.56
Tracing beam      31     15.60
Tracing beam       1    -15.60
Tracing beam       2    -14.56
Tracing beam       3    -13.52
Tracing beam       4    -12.48
Tracing beam       5    -11.44
Tracing beam       6    -10.40
Tracing beam       7     -9.36
Tracing beam       8     -8.32
Tracing beam       9     -7.28
Tracing beam      10     -6.24
Tracing beam      11     -5.20
Tracing beam      12     -4.16
Tracing beam      13     -3.12
Tracing beam      14     -2.08
Tracing beam      15     -1.04
Tracing beam      16      0.00
Tracing beam      17      1.04
Tracing beam      18      2.08
Tracing beam      19      3.12
Tracing beam      20      4.16
Tracing beam      21      5.20
Tracing beam      22      6.24
Tracing beam      23      7.28
Tracing beam      24      8.32
Tracing beam      25      9.36
Tracing beam      26     10.40
Tracing beam      27     11.44
Tracing beam      28     12.48
Tracing beam      29     13.52
Tracing beam      30     14.56
Tracing beam      31     15.60

 CPU Time =       0.938E-01s
