 BELLHOP/BELLHOP3D

 BELLHOP- Mixed Layer Environment SHD Mode                                       
 frequency =   847.8     Hz

 Dummy parameter NMedia =            1

     Spline approximation to SSP
     Attenuation units: dB/mkHz
     VACUUM

 Depth =    1412.90 m

 Sound speed profile:
   z (m)     alphaR (m/s)   betaR  rho (g/cm^3)  alphaI     betaI

      0.00      1503.20      0.00     1.00       0.0000    0.0000
     48.70      1503.86      0.00     1.00       0.0000    0.0000
     97.40      1500.38      0.00     1.00       0.0000    0.0000
    146.20      1505.43      0.00     1.00       0.0000    0.0000
    194.90      1500.67      0.00     1.00       0.0000    0.0000
    243.60      1500.64      0.00     1.00       0.0000    0.0000
    292.30      1501.15      0.00     1.00       0.0000    0.0000
    341.00      1497.02      0.00     1.00       0.0000    0.0000
    389.80      1493.58      0.00     1.00       0.0000    0.0000
    438.50      1495.29      0.00     1.00       0.0000    0.0000
    487.20      1492.57      0.00     1.00       0.0000    0.0000
    535.90      1491.81      0.00     1.00       0.0000    0.0000
    584.60      1489.73      0.00     1.00       0.0000    0.0000
    633.30      1492.63      0.00     1.00       0.0000    0.0000
    682.10      1486.30      0.00     1.00       0.0000    0.0000
    730.80      1491.97      0.00     1.00       0.0000    0.0000
    779.50      1486.35      0.00     1.00       0.0000    0.0000
    828.20      1486.56      0.00     1.00       0.0000    0.0000
    876.90      1484.90      0.00     1.00       0.0000    0.0000
    925.70      1484.47      0.00     1.00       0.0000    0.0000
    974.40      1483.99      0.00     1.00       0.0000    0.0000
   1023.10      1496.07      0.00     1.00       0.0000    0.0000
   1071.80      1493.85      0.00     1.00       0.0000    0.0000
   1120.50      1497.31      0.00     1.00       0.0000    0.0000
   1169.30      1494.29      0.00     1.00       0.0000    0.0000
   1218.00      1498.78      0.00     1.00       0.0000    0.0000
   1266.70      1500.45      0.00     1.00       0.0000    0.0000
   1315.40      1498.07      0.00     1.00       0.0000    0.0000
   1364.10      1501.80      0.00     1.00       0.0000    0.0000
   1412.90      1501.66      0.00     1.00       0.0000    0.0000

                                 ( RMS roughness =   0.00     )
     ACOUSTO-ELASTIC half-space
   1612.90      1600.00      0.00     1.80       0.0000    0.0000

 __________________________________________________________________________

 Number of Source   depths, Sz =            1
 Source   depths, Sz (m)
   113.400    


 __________________________________________________________________________

 Number of Receiver depths, Rz =           75
 Receiver depths, Rz (m)
   0.00000       30.5797       61.1595       91.7392       122.319    
   152.899       183.478       214.058       244.638       275.218    
          ... 
   2262.90    

 Warning in ReadSzRz : Receiver below or too near the bottom bdry has been moved up

 __________________________________________________________________________

 Number of Receiver ranges, Rr =          201
 Receiver ranges, Rr (km)
   0.00000      0.290000      0.580000      0.870000       1.16000    
   1.45000       1.74000       2.03000       2.32000       2.61000    
          ... 
   58.0000    


 Coherent TL calculation
 Geometric hat beams in Cartesian coordinates
 Point source (cylindrical coordinates)
 Rectilinear receiver grid: Receivers at Rr( : ) x Rz( : )
 __________________________________________________________________________

 Number of beams in elevation   =         9834
 Beam take-off angles (degrees)
  -84.0000      -83.9838      -83.9676      -83.9514      -83.9352    
  -83.9190      -83.9028      -83.8866      -83.8704      -83.8542    
          ... 
   75.3000    

 __________________________________________________________________________


 Step length,       deltas =   0.000     m

 Maximum ray depth, Box%z  =   2263.     m
 Maximum ray range, Box%r  =   50.00    km
 No beam shift in effect


 Step length,       deltas =   141.3     m (automatically selected)

Tracing beam       1    -84.00

 Geometric hat beams                     
 halfwidth  =    1994.3665818114969     
 epsilonOpt =  (  0.0000000000000000     ,  10593836396.160940     )
 EpsMult    =    1.0000000000000000     

Tracing beam     197    -80.82
Tracing beam     393    -77.65
Tracing beam     589    -74.47
Tracing beam     785    -71.30
Tracing beam     981    -68.12
Tracing beam    1177    -64.95
Tracing beam    1373    -61.77
Tracing beam    1569    -58.60
Tracing beam    1765    -55.42
Tracing beam    1961    -52.25
Tracing beam    2157    -49.07
Tracing beam    2353    -45.90
Tracing beam    2549    -42.72
Tracing beam    2745    -39.55
Tracing beam    2941    -36.37
Tracing beam    3137    -33.20
Tracing beam    3333    -30.02
Tracing beam    3529    -26.84
Tracing beam    3725    -23.67
Tracing beam    3921    -20.49
Tracing beam    4117    -17.32
Tracing beam    4313    -14.14
Tracing beam    4509    -10.97
Tracing beam    4705     -7.79
Tracing beam    4901     -4.62
Tracing beam    5097     -1.44
Tracing beam    5293      1.73
Tracing beam    5489      4.91
Tracing beam    5685      8.08
Tracing beam    5881     11.26
Tracing beam    6077     14.43
Tracing beam    6273     17.61
Tracing beam    6469     20.79
Tracing beam    6665     23.96
Tracing beam    6861     27.14
Tracing beam    7057     30.31
Tracing beam    7253     33.49
Tracing beam    7449     36.66
Tracing beam    7645     39.84
Tracing beam    7841     43.01
Tracing beam    8037     46.19
Tracing beam    8233     49.36
Tracing beam    8429     52.54
Tracing beam    8625     55.71
Tracing beam    8821     58.89
Tracing beam    9017     62.06
Tracing beam    9213     65.24
Tracing beam    9409     68.41
Tracing beam    9605     71.59
Tracing beam    9801     74.77

 CPU Time =        1.09    s
