 BELLHOP/BELLHOP3D

 BELLHOP- Mixed Layer Environment ARR Mode                                       
 frequency =   847.8     Hz

 Dummy parameter NMedia =            1

     Spline approximation to SSP
     Attenuation units: dB/mkHz
     VACUUM

 Depth =    1412.90 m

 Sound speed profile:
   z (m)     alphaR (m/s)   betaR  rho (g/cm^3)  alphaI     betaI

      0.00      1503.20      0.00     1.00       0.0000    0.0000
     48.70      1503.86      0.00     1.00       0.0000    0.0000
     97.40      1500.38      0.00     1.00       0.0000    0.0000
    146.20      1505.43      0.00     1.00       0.0000    0.0000
    194.90      1500.67      0.00     1.00       0.0000    0.0000
    243.60      1500.64      0.00     1.00       0.0000    0.0000
    292.30      1501.15      0.00     1.00       0.0000    0.0000
    341.00      1497.02      0.00     1.00       0.0000    0.0000
    389.80      1493.58      0.00     1.00       0.0000    0.0000
    438.50      1495.29      0.00     1.00       0.0000    0.0000
    487.20      1492.57      0.00     1.00       0.0000    0.0000
    535.90      1491.81      0.00     1.00       0.0000    0.0000
    584.60      1489.73      0.00     1.00       0.0000    0.0000
    633.30      1492.63      0.00     1.00       0.0000    0.0000
    682.10      1486.30      0.00     1.00       0.0000    0.0000
    730.80      1491.97      0.00     1.00       0.0000    0.0000
    779.50      1486.35      0.00     1.00       0.0000    0.0000
    828.20      1486.56      0.00     1.00       0.0000    0.0000
    876.90      1484.90      0.00     1.00       0.0000    0.0000
    925.70      1484.47      0.00     1.00       0.0000    0.0000
    974.40      1483.99      0.00     1.00       0.0000    0.0000
   1023.10      1496.07      0.00     1.00       0.0000    0.0000
   1071.80      1493.85      0.00     1.00       0.0000    0.0000
   1120.50      1497.31      0.00     1.00       0.0000    0.0000
   1169.30      1494.29      0.00     1.00       0.0000    0.0000
   1218.00      1498.78      0.00     1.00       0.0000    0.0000
   1266.70      1500.45      0.00     1.00       0.0000    0.0000
   1315.40      1498.07      0.00     1.00       0.0000    0.0000
   1364.10      1501.80      0.00     1.00       0.0000    0.0000
   1412.90      1501.66      0.00     1.00       0.0000    0.0000

                                 ( RMS roughness =   0.00     )
     ACOUSTO-ELASTIC half-space
   1612.90      1600.00      0.00     1.80       0.0000    0.0000

 __________________________________________________________________________

 Number of Source   depths, Sz =            2
 Source   depths, Sz (m)
   41.4000       118.900    


 __________________________________________________________________________

 Number of Receiver depths, Rz =           46
 Receiver depths, Rz (m)
   0.00000       50.2867       100.573       150.860       201.147    
   251.433       301.720       352.007       402.293       452.580    
          ... 
   2262.90    

 Warning in ReadSzRz : Receiver below or too near the bottom bdry has been moved up

 __________________________________________________________________________

 Number of Receiver ranges, Rr =          201
 Receiver ranges, Rr (km)
   0.00000      0.213000      0.426000      0.639000      0.852000    
   1.06500       1.27800       1.49100       1.70400       1.91700    
          ... 
   42.6000    


 Arrivals calculation, ASCII  file output
 Geometric hat beams in Cartesian coordinates
 Point source (cylindrical coordinates)
 Rectilinear receiver grid: Receivers at Rr( : ) x Rz( : )
 __________________________________________________________________________

 Number of beams in elevation   =           32
 Beam take-off angles (degrees)
  -17.4000      -16.2774      -15.1548      -14.0323      -12.9097    
  -11.7871      -10.6645      -9.54194      -8.41935      -7.29677    
          ... 
   17.4000    

 __________________________________________________________________________


 Step length,       deltas =   0.000     m

 Maximum ray depth, Box%z  =   2263.     m
 Maximum ray range, Box%r  =   50.00    km
 No beam shift in effect


 Step length,       deltas =   141.3     m (automatically selected)

 ( Maximum # of arrivals =         2163 )

Tracing beam       1    -17.40

 Geometric hat beams                     
 halfwidth  =    28.832582199538649     
 epsilonOpt =  (  0.0000000000000000     ,  2214166.9432484838     )
 EpsMult    =    1.0000000000000000     

Tracing beam       2    -16.28
Tracing beam       3    -15.15
Tracing beam       4    -14.03
Tracing beam       5    -12.91
Tracing beam       6    -11.79
Tracing beam       7    -10.66
Tracing beam       8     -9.54
Tracing beam       9     -8.42
Tracing beam      10     -7.30
Tracing beam      11     -6.17
Tracing beam      12     -5.05
Tracing beam      13     -3.93
Tracing beam      14     -2.81
Tracing beam      15     -1.68
Tracing beam      16     -0.56
Tracing beam      17      0.56
Tracing beam      18      1.68
Tracing beam      19      2.81
Tracing beam      20      3.93
Tracing beam      21      5.05
Tracing beam      22      6.17
Tracing beam      23      7.30
Tracing beam      24      8.42
Tracing beam      25      9.54
Tracing beam      26     10.66
Tracing beam      27     11.79
Tracing beam      28     12.91
Tracing beam      29     14.03
Tracing beam      30     15.15
Tracing beam      31     16.28
Tracing beam      32     17.40
Tracing beam       1    -17.40
Tracing beam       2    -16.28
Tracing beam       3    -15.15
Tracing beam       4    -14.03
Tracing beam       5    -12.91
Tracing beam       6    -11.79
Tracing beam       7    -10.66
Tracing beam       8     -9.54
Tracing beam       9     -8.42
Tracing beam      10     -7.30
Tracing beam      11     -6.17
Tracing beam      12     -5.05
Tracing beam      13     -3.93
Tracing beam      14     -2.81
Tracing beam      15     -1.68
Tracing beam      16     -0.56
Tracing beam      17      0.56
Tracing beam      18      1.68
Tracing beam      19      2.81
Tracing beam      20      3.93
Tracing beam      21      5.05
Tracing beam      22      6.17
Tracing beam      23      7.30
Tracing beam      24      8.42
Tracing beam      25      9.54
Tracing beam      26     10.66
Tracing beam      27     11.79
Tracing beam      28     12.91
Tracing beam      29     14.03
Tracing beam      30     15.15
Tracing beam      31     16.28
Tracing beam      32     17.40

 CPU Time =       0.406    s
