 BELLHOP/BELLHOP3D

 BELLHOP- Deep Ocean Environment SHD Mode                                        
 frequency =   865.4     Hz

 Dummy parameter NMedia =            1

     Spline approximation to SSP
     Attenuation units: dB/mkHz
     VACUUM

 Depth =    4751.00 m

 Sound speed profile:
   z (m)     alphaR (m/s)   betaR  rho (g/cm^3)  alphaI     betaI

      0.00      1495.09      0.00     1.00       0.0000    0.0000
     95.00      1490.83      0.00     1.00       0.0000    0.0000
    190.00      1492.73      0.00     1.00       0.0000    0.0000
    285.10      1488.63      0.00     1.00       0.0000    0.0000
    380.10      1487.42      0.00     1.00       0.0000    0.0000
    475.10      1481.13      0.00     1.00       0.0000    0.0000
    570.10      1483.81      0.00     1.00       0.0000    0.0000
    665.10      1478.62      0.00     1.00       0.0000    0.0000
    760.20      1478.28      0.00     1.00       0.0000    0.0000
    855.20      1479.13      0.00     1.00       0.0000    0.0000
    950.20      1477.32      0.00     1.00       0.0000    0.0000
   1045.20      1479.33      0.00     1.00       0.0000    0.0000
   1140.20      1478.63      0.00     1.00       0.0000    0.0000
   1235.30      1483.86      0.00     1.00       0.0000    0.0000
   1330.30      1482.08      0.00     1.00       0.0000    0.0000
   1425.30      1480.23      0.00     1.00       0.0000    0.0000
   1520.30      1482.69      0.00     1.00       0.0000    0.0000
   1615.30      1481.26      0.00     1.00       0.0000    0.0000
   1710.40      1486.14      0.00     1.00       0.0000    0.0000
   1805.40      1484.43      0.00     1.00       0.0000    0.0000
   1900.40      1483.23      0.00     1.00       0.0000    0.0000
   1995.40      1486.31      0.00     1.00       0.0000    0.0000
   2090.40      1485.42      0.00     1.00       0.0000    0.0000
   2185.50      1484.47      0.00     1.00       0.0000    0.0000
   2280.50      1487.54      0.00     1.00       0.0000    0.0000
   2375.50      1488.07      0.00     1.00       0.0000    0.0000
   2470.50      1489.81      0.00     1.00       0.0000    0.0000
   2565.50      1488.77      0.00     1.00       0.0000    0.0000
   2660.60      1489.40      0.00     1.00       0.0000    0.0000
   2755.60      1490.05      0.00     1.00       0.0000    0.0000
   2850.60      1492.77      0.00     1.00       0.0000    0.0000
   2945.60      1490.48      0.00     1.00       0.0000    0.0000
   3040.60      1492.22      0.00     1.00       0.0000    0.0000
   3135.70      1493.01      0.00     1.00       0.0000    0.0000
   3230.70      1493.18      0.00     1.00       0.0000    0.0000
   3325.70      1492.70      0.00     1.00       0.0000    0.0000
   3420.70      1493.97      0.00     1.00       0.0000    0.0000
   3515.70      1494.22      0.00     1.00       0.0000    0.0000
   3610.80      1497.87      0.00     1.00       0.0000    0.0000
   3705.80      1494.81      0.00     1.00       0.0000    0.0000
   3800.80      1494.70      0.00     1.00       0.0000    0.0000
   3895.80      1496.62      0.00     1.00       0.0000    0.0000
   3990.80      1497.09      0.00     1.00       0.0000    0.0000
   4085.80      1498.06      0.00     1.00       0.0000    0.0000
   4180.90      1497.65      0.00     1.00       0.0000    0.0000
   4275.90      1499.07      0.00     1.00       0.0000    0.0000
   4370.90      1499.67      0.00     1.00       0.0000    0.0000
   4465.90      1501.40      0.00     1.00       0.0000    0.0000
   4560.90      1500.75      0.00     1.00       0.0000    0.0000
   4656.00      1501.33      0.00     1.00       0.0000    0.0000
   4751.00      1502.52      0.00     1.00       0.0000    0.0000

                                 ( RMS roughness =   0.00     )
     ACOUSTO-ELASTIC half-space
   4951.00      1600.00      0.00     1.80       0.0000    0.0000

 __________________________________________________________________________

 Number of Source   depths, Sz =            1
 Source   depths, Sz (m)
   81.9000    


 __________________________________________________________________________

 Number of Receiver depths, Rz =           89
 Receiver depths, Rz (m)
   0.00000       63.6477       127.295       190.943       254.591    
   318.239       381.886       445.534       509.182       572.830    
          ... 
   5601.00    

 Warning in ReadSzRz : Receiver below or too near the bottom bdry has been moved up

 __________________________________________________________________________

 Number of Receiver ranges, Rr =          201
 Receiver ranges, Rr (km)
   0.00000      0.227000      0.454000      0.681000      0.908000    
   1.13500       1.36200       1.58900       1.81600       2.04300    
          ... 
   45.4000    


 Coherent TL calculation
 Geometric hat beams in Cartesian coordinates
 Point source (cylindrical coordinates)
 Rectilinear receiver grid: Receivers at Rr( : ) x Rz( : )
 __________________________________________________________________________

 Number of beams in elevation   =         7857
 Beam take-off angles (degrees)
  -76.6000      -76.5800      -76.5599      -76.5399      -76.5198    
  -76.4998      -76.4797      -76.4597      -76.4396      -76.4196    
          ... 
   80.9000    

 __________________________________________________________________________


 Step length,       deltas =   0.000     m

 Maximum ray depth, Box%z  =   5601.     m
 Maximum ray range, Box%r  =   50.00    km
 No beam shift in effect


 Step length,       deltas =   475.1     m (automatically selected)

Tracing beam       1    -76.60

 Geometric hat beams                     
 halfwidth  =    1566.8970603650234     
 epsilonOpt =  (  0.0000000000000000     ,  6674945054.6832895     )
 EpsMult    =    1.0000000000000000     

Tracing beam     158    -73.45
Tracing beam     315    -70.30
Tracing beam     472    -67.16
Tracing beam     629    -64.01
Tracing beam     786    -60.86
Tracing beam     943    -57.71
Tracing beam    1100    -54.57
Tracing beam    1257    -51.42
Tracing beam    1414    -48.27
Tracing beam    1571    -45.12
Tracing beam    1728    -41.98
Tracing beam    1885    -38.83
Tracing beam    2042    -35.68
Tracing beam    2199    -32.53
Tracing beam    2356    -29.39
Tracing beam    2513    -26.24
Tracing beam    2670    -23.09
Tracing beam    2827    -19.94
Tracing beam    2984    -16.80
Tracing beam    3141    -13.65
Tracing beam    3298    -10.50
Tracing beam    3455     -7.35
Tracing beam    3612     -4.21
Tracing beam    3769     -1.06
Tracing beam    3926      2.09
Tracing beam    4083      5.24
Tracing beam    4240      8.39
Tracing beam    4397     11.53
Tracing beam    4554     14.68
Tracing beam    4711     17.83
Tracing beam    4868     20.98
Tracing beam    5025     24.12
Tracing beam    5182     27.27
Tracing beam    5339     30.42
Tracing beam    5496     33.57
Tracing beam    5653     36.71
Tracing beam    5810     39.86
Tracing beam    5967     43.01
Tracing beam    6124     46.16
Tracing beam    6281     49.30
Tracing beam    6438     52.45
Tracing beam    6595     55.60
Tracing beam    6752     58.75
Tracing beam    6909     61.89
Tracing beam    7066     65.04
Tracing beam    7223     68.19
Tracing beam    7380     71.34
Tracing beam    7537     74.48
Tracing beam    7694     77.63
Tracing beam    7851     80.78

 CPU Time =        1.06    s
