 BELLHOP/BELLHOP3D

 BELLHOP- Deep Ocean Environment ARR Mode                                        
 frequency =   865.4     Hz

 Dummy parameter NMedia =            1

     Spline approximation to SSP
     Attenuation units: dB/mkHz
     VACUUM

 Depth =    4751.00 m

 Sound speed profile:
   z (m)     alphaR (m/s)   betaR  rho (g/cm^3)  alphaI     betaI

      0.00      1495.09      0.00     1.00       0.0000    0.0000
     95.00      1490.83      0.00     1.00       0.0000    0.0000
    190.00      1492.73      0.00     1.00       0.0000    0.0000
    285.10      1488.63      0.00     1.00       0.0000    0.0000
    380.10      1487.42      0.00     1.00       0.0000    0.0000
    475.10      1481.13      0.00     1.00       0.0000    0.0000
    570.10      1483.81      0.00     1.00       0.0000    0.0000
    665.10      1478.62      0.00     1.00       0.0000    0.0000
    760.20      1478.28      0.00     1.00       0.0000    0.0000
    855.20      1479.13      0.00     1.00       0.0000    0.0000
    950.20      1477.32      0.00     1.00       0.0000    0.0000
   1045.20      1479.33      0.00     1.00       0.0000    0.0000
   1140.20      1478.63      0.00     1.00       0.0000    0.0000
   1235.30      1483.86      0.00     1.00       0.0000    0.0000
   1330.30      1482.08      0.00     1.00       0.0000    0.0000
   1425.30      1480.23      0.00     1.00       0.0000    0.0000
   1520.30      1482.69      0.00     1.00       0.0000    0.0000
   1615.30      1481.26      0.00     1.00       0.0000    0.0000
   1710.40      1486.14      0.00     1.00       0.0000    0.0000
   1805.40      1484.43      0.00     1.00       0.0000    0.0000
   1900.40      1483.23      0.00     1.00       0.0000    0.0000
   1995.40      1486.31      0.00     1.00       0.0000    0.0000
   2090.40      1485.42      0.00     1.00       0.0000    0.0000
   2185.50      1484.47      0.00     1.00       0.0000    0.0000
   2280.50      1487.54      0.00     1.00       0.0000    0.0000
   2375.50      1488.07      0.00     1.00       0.0000    0.0000
   2470.50      1489.81      0.00     1.00       0.0000    0.0000
   2565.50      1488.77      0.00     1.00       0.0000    0.0000
   2660.60      1489.40      0.00     1.00       0.0000    0.0000
   2755.60      1490.05      0.00     1.00       0.0000    0.0000
   2850.60      1492.77      0.00     1.00       0.0000    0.0000
   2945.60      1490.48      0.00     1.00       0.0000    0.0000
   3040.60      1492.22      0.00     1.00       0.0000    0.0000
   3135.70      1493.01      0.00     1.00       0.0000    0.0000
   3230.70      1493.18      0.00     1.00       0.0000    0.0000
   3325.70      1492.70      0.00     1.00       0.0000    0.0000
   3420.70      1493.97      0.00     1.00       0.0000    0.0000
   3515.70      1494.22      0.00     1.00       0.0000    0.0000
   3610.80      1497.87      0.00     1.00       0.0000    0.0000
   3705.80      1494.81      0.00     1.00       0.0000    0.0000
   3800.80      1494.70      0.00     1.00       0.0000    0.0000
   3895.80      1496.62      0.00     1.00       0.0000    0.0000
   3990.80      1497.09      0.00     1.00       0.0000    0.0000
   4085.80      1498.06      0.00     1.00       0.0000    0.0000
   4180.90      1497.65      0.00     1.00       0.0000    0.0000
   4275.90      1499.07      0.00     1.00       0.0000    0.0000
   4370.90      1499.67      0.00     1.00       0.0000    0.0000
   4465.90      1501.40      0.00     1.00       0.0000    0.0000
   4560.90      1500.75      0.00     1.00       0.0000    0.0000
   4656.00      1501.33      0.00     1.00       0.0000    0.0000
   4751.00      1502.52      0.00     1.00       0.0000    0.0000

                                 ( RMS roughness =   0.00     )
     ACOUSTO-ELASTIC half-space
   4951.00      1600.00      0.00     1.80       0.0000    0.0000

 __________________________________________________________________________

 Number of Source   depths, Sz =            1
 Source   depths, Sz (m)
   71.0000    


 __________________________________________________________________________

 Number of Receiver depths, Rz =           34
 Receiver depths, Rz (m)
   0.00000       169.727       339.455       509.182       678.909    
   848.636       1018.36       1188.09       1357.82       1527.55    
          ... 
   5601.00    

 Warning in ReadSzRz : Receiver below or too near the bottom bdry has been moved up

 __________________________________________________________________________

 Number of Receiver ranges, Rr =          201
 Receiver ranges, Rr (km)
   0.00000      0.231000      0.462000      0.693000      0.924000    
   1.15500       1.38600       1.61700       1.84800       2.07900    
          ... 
   46.2000    


 Arrivals calculation, ASCII  file output
 Geometric hat beams in Cartesian coordinates
 Point source (cylindrical coordinates)
 Rectilinear receiver grid: Receivers at Rr( : ) x Rz( : )
 __________________________________________________________________________

 Number of beams in elevation   =           25
 Beam take-off angles (degrees)
  -18.2000      -16.6833      -15.1667      -13.6500      -12.1333    
  -10.6167      -9.10000      -7.58333      -6.06667      -4.55000    
          ... 
   18.2000    

 __________________________________________________________________________


 Step length,       deltas =   0.000     m

 Maximum ray depth, Box%z  =   5601.     m
 Maximum ray range, Box%r  =   50.00    km
 No beam shift in effect


 Step length,       deltas =   475.1     m (automatically selected)

 ( Maximum # of arrivals =         2926 )

Tracing beam       1    -18.20

 Geometric hat beams                     
 halfwidth  =    20.711549050309397     
 epsilonOpt =  (  0.0000000000000000     ,  1166250.7255778322     )
 EpsMult    =    1.0000000000000000     

Tracing beam       2    -16.68
Tracing beam       3    -15.17
Tracing beam       4    -13.65
Tracing beam       5    -12.13
Tracing beam       6    -10.62
Tracing beam       7     -9.10
Tracing beam       8     -7.58
Tracing beam       9     -6.07
Tracing beam      10     -4.55
Tracing beam      11     -3.03
Tracing beam      12     -1.52
Tracing beam      13      0.00
Tracing beam      14      1.52
Tracing beam      15      3.03
Tracing beam      16      4.55
Tracing beam      17      6.07
Tracing beam      18      7.58
Tracing beam      19      9.10
Tracing beam      20     10.62
Tracing beam      21     12.13
Tracing beam      22     13.65
Tracing beam      23     15.17
Tracing beam      24     16.68
Tracing beam      25     18.20

 CPU Time =       0.781E-01s
