 BELLHOP/BELLHOP3D

 BELLHOP- Shallow Water Environment SHD Mode                                     
 frequency =   2333.     Hz

 Dummy parameter NMedia =            1

     Spline approximation to SSP
     Attenuation units: dB/mkHz
     VACUUM

 Depth =     576.70 m

 Sound speed profile:
   z (m)     alphaR (m/s)   betaR  rho (g/cm^3)  alphaI     betaI

      0.00      1510.61      0.00     1.00       0.0000    0.0000
     24.00      1507.66      0.00     1.00       0.0000    0.0000
     48.10      1506.30      0.00     1.00       0.0000    0.0000
     72.10      1507.56      0.00     1.00       0.0000    0.0000
     96.10      1504.50      0.00     1.00       0.0000    0.0000
    120.20      1510.03      0.00     1.00       0.0000    0.0000
    144.20      1508.71      0.00     1.00       0.0000    0.0000
    168.20      1505.18      0.00     1.00       0.0000    0.0000
    192.20      1503.39      0.00     1.00       0.0000    0.0000
    216.30      1503.25      0.00     1.00       0.0000    0.0000
    240.30      1503.61      0.00     1.00       0.0000    0.0000
    264.30      1503.61      0.00     1.00       0.0000    0.0000
    288.40      1501.60      0.00     1.00       0.0000    0.0000
    312.40      1502.81      0.00     1.00       0.0000    0.0000
    336.40      1500.15      0.00     1.00       0.0000    0.0000
    360.50      1500.53      0.00     1.00       0.0000    0.0000
    384.50      1499.54      0.00     1.00       0.0000    0.0000
    408.50      1501.20      0.00     1.00       0.0000    0.0000
    432.60      1496.39      0.00     1.00       0.0000    0.0000
    456.60      1500.44      0.00     1.00       0.0000    0.0000
    480.60      1495.53      0.00     1.00       0.0000    0.0000
    504.70      1493.73      0.00     1.00       0.0000    0.0000
    528.70      1494.75      0.00     1.00       0.0000    0.0000
    552.70      1499.30      0.00     1.00       0.0000    0.0000
    576.70      1495.17      0.00     1.00       0.0000    0.0000

                                 ( RMS roughness =   0.00     )
     ACOUSTO-ELASTIC half-space
    776.70      1600.00      0.00     1.80       0.0000    0.0000

 __________________________________________________________________________

 Number of Source   depths, Sz =            1
 Source   depths, Sz (m)
   191.600    


 __________________________________________________________________________

 Number of Receiver depths, Rz =           67
 Receiver depths, Rz (m)
   0.00000       21.6167       43.2333       64.8500       86.4667    
   108.083       129.700       151.317       172.933       194.550    
          ... 
   1426.70    

 Warning in ReadSzRz : Receiver below or too near the bottom bdry has been moved up

 __________________________________________________________________________

 Number of Receiver ranges, Rr =          201
 Receiver ranges, Rr (km)
   0.00000      0.222000      0.444000      0.666000      0.888000    
   1.11000       1.33200       1.55400       1.77600       1.99800    
          ... 
   44.4000    


 Coherent TL calculation
 Geometric hat beams in Cartesian coordinates
 Point source (cylindrical coordinates)
 Rectilinear receiver grid: Receivers at Rr( : ) x Rz( : )
 __________________________________________________________________________

 Number of beams in elevation   =        20716
 Beam take-off angles (degrees)
  -89.0000      -88.9915      -88.9830      -88.9745      -88.9660    
  -88.9575      -88.9490      -88.9405      -88.9320      -88.9235    
          ... 
   87.0000    

 __________________________________________________________________________


 Step length,       deltas =   0.000     m

 Maximum ray depth, Box%z  =   1427.     m
 Maximum ray range, Box%r  =   50.00    km
 No beam shift in effect


 Step length,       deltas =   57.67     m (automatically selected)

Tracing beam       1    -89.00

 Geometric hat beams                     
 halfwidth  =    1383.3321374865211     
 epsilonOpt =  (  0.0000000000000000     ,  14024872730.829891     )
 EpsMult    =    1.0000000000000000     

Tracing beam     415    -85.48
Tracing beam     829    -81.97
Tracing beam    1243    -78.45
Tracing beam    1657    -74.93
Tracing beam    2071    -71.41
Tracing beam    2485    -67.90
Tracing beam    2899    -64.38
Tracing beam    3313    -60.86
Tracing beam    3727    -57.34
Tracing beam    4141    -53.83
Tracing beam    4555    -50.31
Tracing beam    4969    -46.79
Tracing beam    5383    -43.27
Tracing beam    5797    -39.76
Tracing beam    6211    -36.24
Tracing beam    6625    -32.72
Tracing beam    7039    -29.20
Tracing beam    7453    -25.69
Tracing beam    7867    -22.17
Tracing beam    8281    -18.65
Tracing beam    8695    -15.13
Tracing beam    9109    -11.62
Tracing beam    9523     -8.10
Tracing beam    9937     -4.58
Tracing beam   10351     -1.06
Tracing beam   10765      2.45
Tracing beam   11179      5.97
Tracing beam   11593      9.49
Tracing beam   12007     13.01
Tracing beam   12421     16.52
Tracing beam   12835     20.04
Tracing beam   13249     23.56
Tracing beam   13663     27.08
Tracing beam   14077     30.59
Tracing beam   14491     34.11
Tracing beam   14905     37.63
Tracing beam   15319     41.15
Tracing beam   15733     44.66
Tracing beam   16147     48.18
Tracing beam   16561     51.70
Tracing beam   16975     55.22
Tracing beam   17389     58.73
Tracing beam   17803     62.25
Tracing beam   18217     65.77
Tracing beam   18631     69.29
Tracing beam   19045     72.80
Tracing beam   19459     76.32
Tracing beam   19873     79.84
Tracing beam   20287     83.36
Tracing beam   20701     86.87

 CPU Time =        2.58    s
