 BELLHOP/BELLHOP3D

 BELLHOP- Shallow Water Environment RAY Mode                                     
 frequency =   2333.     Hz

 Dummy parameter NMedia =            1

     Spline approximation to SSP
     Attenuation units: dB/mkHz
     VACUUM

 Depth =     576.70 m

 Sound speed profile:
   z (m)     alphaR (m/s)   betaR  rho (g/cm^3)  alphaI     betaI

      0.00      1510.61      0.00     1.00       0.0000    0.0000
     24.00      1507.66      0.00     1.00       0.0000    0.0000
     48.10      1506.30      0.00     1.00       0.0000    0.0000
     72.10      1507.56      0.00     1.00       0.0000    0.0000
     96.10      1504.50      0.00     1.00       0.0000    0.0000
    120.20      1510.03      0.00     1.00       0.0000    0.0000
    144.20      1508.71      0.00     1.00       0.0000    0.0000
    168.20      1505.18      0.00     1.00       0.0000    0.0000
    192.20      1503.39      0.00     1.00       0.0000    0.0000
    216.30      1503.25      0.00     1.00       0.0000    0.0000
    240.30      1503.61      0.00     1.00       0.0000    0.0000
    264.30      1503.61      0.00     1.00       0.0000    0.0000
    288.40      1501.60      0.00     1.00       0.0000    0.0000
    312.40      1502.81      0.00     1.00       0.0000    0.0000
    336.40      1500.15      0.00     1.00       0.0000    0.0000
    360.50      1500.53      0.00     1.00       0.0000    0.0000
    384.50      1499.54      0.00     1.00       0.0000    0.0000
    408.50      1501.20      0.00     1.00       0.0000    0.0000
    432.60      1496.39      0.00     1.00       0.0000    0.0000
    456.60      1500.44      0.00     1.00       0.0000    0.0000
    480.60      1495.53      0.00     1.00       0.0000    0.0000
    504.70      1493.73      0.00     1.00       0.0000    0.0000
    528.70      1494.75      0.00     1.00       0.0000    0.0000
    552.70      1499.30      0.00     1.00       0.0000    0.0000
    576.70      1495.17      0.00     1.00       0.0000    0.0000

                                 ( RMS roughness =   0.00     )
     ACOUSTO-ELASTIC half-space
    776.70      1600.00      0.00     1.80       0.0000    0.0000

 __________________________________________________________________________

 Number of Source   depths, Sz =            2
 Source   depths, Sz (m)
   211.400       220.500    


 __________________________________________________________________________

 Number of Receiver depths, Rz =           33
 Receiver depths, Rz (m)
   0.00000       44.5844       89.1687       133.753       178.337    
   222.922       267.506       312.091       356.675       401.259    
          ... 
   1426.70    

 Warning in ReadSzRz : Receiver below or too near the bottom bdry has been moved up

 __________________________________________________________________________

 Number of Receiver ranges, Rr =          201
 Receiver ranges, Rr (km)
   0.00000      0.291500      0.583000      0.874500       1.16600    
   1.45750       1.74900       2.04050       2.33200       2.62350    
          ... 
   58.3000    


 Ray trace run
 Geometric hat beams in Cartesian coordinates
 Point source (cylindrical coordinates)
 Rectilinear receiver grid: Receivers at Rr( : ) x Rz( : )
 __________________________________________________________________________

 Number of beams in elevation   =           30
 Beam take-off angles (degrees)
  -15.9000      -14.8034      -13.7069      -12.6103      -11.5138    
  -10.4172      -9.32069      -8.22414      -7.12759      -6.03103    
          ... 
   15.9000    

 __________________________________________________________________________


 Step length,       deltas =   0.000     m

 Maximum ray depth, Box%z  =   1427.     m
 Maximum ray range, Box%r  =   50.00    km
 No beam shift in effect


 Step length,       deltas =   57.67     m (automatically selected)

Tracing beam       1    -15.90
Tracing beam       2    -14.80
Tracing beam       3    -13.71
Tracing beam       4    -12.61
Tracing beam       5    -11.51
Tracing beam       6    -10.42
Tracing beam       7     -9.32
Tracing beam       8     -8.22
Tracing beam       9     -7.13
Tracing beam      10     -6.03
Tracing beam      11     -4.93
Tracing beam      12     -3.84
Tracing beam      13     -2.74
Tracing beam      14     -1.64
Tracing beam      15     -0.55
Tracing beam      16      0.55
Tracing beam      17      1.64
Tracing beam      18      2.74
Tracing beam      19      3.84
Tracing beam      20      4.93
Tracing beam      21      6.03
Tracing beam      22      7.13
Tracing beam      23      8.22
Tracing beam      24      9.32
Tracing beam      25     10.42
Tracing beam      26     11.51
Tracing beam      27     12.61
Tracing beam      28     13.71
Tracing beam      29     14.80
Tracing beam      30     15.90
Tracing beam       1    -15.90
Tracing beam       2    -14.80
Tracing beam       3    -13.71
Tracing beam       4    -12.61
Tracing beam       5    -11.51
Tracing beam       6    -10.42
Tracing beam       7     -9.32
Tracing beam       8     -8.22
Tracing beam       9     -7.13
Tracing beam      10     -6.03
Tracing beam      11     -4.93
Tracing beam      12     -3.84
Tracing beam      13     -2.74
Tracing beam      14     -1.64
Tracing beam      15     -0.55
Tracing beam      16      0.55
Tracing beam      17      1.64
Tracing beam      18      2.74
Tracing beam      19      3.84
Tracing beam      20      4.93
Tracing beam      21      6.03
Tracing beam      22      7.13
Tracing beam      23      8.22
Tracing beam      24      9.32
Tracing beam      25     10.42
Tracing beam      26     11.51
Tracing beam      27     12.61
Tracing beam      28     13.71
Tracing beam      29     14.80
Tracing beam      30     15.90

 CPU Time =       0.141    s
