 BELLHOP/BELLHOP3D

 BELLHOP- Tropical Ocean Environment SHD Mode                                    
 frequency =   1798.     Hz

 Dummy parameter NMedia =            1

     Spline approximation to SSP
     Attenuation units: dB/mkHz
     VACUUM

 Depth =    3136.30 m

 Sound speed profile:
   z (m)     alphaR (m/s)   betaR  rho (g/cm^3)  alphaI     betaI

      0.00      1513.86      0.00     1.00       0.0000    0.0000
     78.40      1506.29      0.00     1.00       0.0000    0.0000
    156.80      1508.23      0.00     1.00       0.0000    0.0000
    235.20      1506.28      0.00     1.00       0.0000    0.0000
    313.60      1502.60      0.00     1.00       0.0000    0.0000
    392.00      1500.96      0.00     1.00       0.0000    0.0000
    470.40      1497.99      0.00     1.00       0.0000    0.0000
    548.80      1496.62      0.00     1.00       0.0000    0.0000
    627.30      1495.98      0.00     1.00       0.0000    0.0000
    705.70      1492.85      0.00     1.00       0.0000    0.0000
    784.10      1491.58      0.00     1.00       0.0000    0.0000
    862.50      1488.70      0.00     1.00       0.0000    0.0000
    940.90      1489.40      0.00     1.00       0.0000    0.0000
   1019.30      1480.81      0.00     1.00       0.0000    0.0000
   1097.70      1483.28      0.00     1.00       0.0000    0.0000
   1176.10      1481.92      0.00     1.00       0.0000    0.0000
   1254.50      1482.59      0.00     1.00       0.0000    0.0000
   1332.90      1485.17      0.00     1.00       0.0000    0.0000
   1411.30      1488.48      0.00     1.00       0.0000    0.0000
   1489.70      1486.05      0.00     1.00       0.0000    0.0000
   1568.10      1487.38      0.00     1.00       0.0000    0.0000
   1646.50      1489.36      0.00     1.00       0.0000    0.0000
   1724.90      1489.52      0.00     1.00       0.0000    0.0000
   1803.30      1490.34      0.00     1.00       0.0000    0.0000
   1881.80      1490.23      0.00     1.00       0.0000    0.0000
   1960.20      1491.07      0.00     1.00       0.0000    0.0000
   2038.60      1490.87      0.00     1.00       0.0000    0.0000
   2117.00      1493.54      0.00     1.00       0.0000    0.0000
   2195.40      1494.32      0.00     1.00       0.0000    0.0000
   2273.80      1495.51      0.00     1.00       0.0000    0.0000
   2352.20      1494.51      0.00     1.00       0.0000    0.0000
   2430.60      1497.30      0.00     1.00       0.0000    0.0000
   2509.00      1498.57      0.00     1.00       0.0000    0.0000
   2587.40      1495.86      0.00     1.00       0.0000    0.0000
   2665.80      1498.05      0.00     1.00       0.0000    0.0000
   2744.20      1501.07      0.00     1.00       0.0000    0.0000
   2822.60      1499.14      0.00     1.00       0.0000    0.0000
   2901.00      1501.72      0.00     1.00       0.0000    0.0000
   2979.40      1501.75      0.00     1.00       0.0000    0.0000
   3057.80      1503.05      0.00     1.00       0.0000    0.0000
   3136.30      1503.42      0.00     1.00       0.0000    0.0000

                                 ( RMS roughness =   0.00     )
     ACOUSTO-ELASTIC half-space
   3336.30      1600.00      0.00     1.80       0.0000    0.0000

 __________________________________________________________________________

 Number of Source   depths, Sz =            1
 Source   depths, Sz (m)
   103.300    


 __________________________________________________________________________

 Number of Receiver depths, Rz =           79
 Receiver depths, Rz (m)
   0.00000       51.1064       102.213       153.319       204.426    
   255.532       306.638       357.745       408.851       459.958    
          ... 
   3986.30    

 Warning in ReadSzRz : Receiver below or too near the bottom bdry has been moved up

 __________________________________________________________________________

 Number of Receiver ranges, Rr =          201
 Receiver ranges, Rr (km)
   0.00000      0.271000      0.542000      0.813000       1.08400    
   1.35500       1.62600       1.89700       2.16800       2.43900    
          ... 
   54.2000    


 Coherent TL calculation
 Geometric hat beams in Cartesian coordinates
 Point source (cylindrical coordinates)
 Rectilinear receiver grid: Receivers at Rr( : ) x Rz( : )
 __________________________________________________________________________

 Number of beams in elevation   =        19495
 Beam take-off angles (degrees)
  -89.0000      -88.9918      -88.9836      -88.9754      -88.9673    
  -88.9591      -88.9509      -88.9427      -88.9345      -88.9263    
          ... 
   70.6000    

 __________________________________________________________________________


 Step length,       deltas =   0.000     m

 Maximum ray depth, Box%z  =   3986.     m
 Maximum ray range, Box%r  =   50.00    km
 No beam shift in effect


 Step length,       deltas =   313.6     m (automatically selected)

Tracing beam       1    -89.00

 Geometric hat beams                     
 halfwidth  =    1866.1932641112421     
 epsilonOpt =  (  0.0000000000000000     ,  19677664421.206295     )
 EpsMult    =    1.0000000000000000     

Tracing beam     390    -85.82
Tracing beam     779    -82.63
Tracing beam    1168    -79.45
Tracing beam    1557    -76.26
Tracing beam    1946    -73.08
Tracing beam    2335    -69.89
Tracing beam    2724    -66.71
Tracing beam    3113    -63.52
Tracing beam    3502    -60.34
Tracing beam    3891    -57.15
Tracing beam    4280    -53.97
Tracing beam    4669    -50.78
Tracing beam    5058    -47.60
Tracing beam    5447    -44.41
Tracing beam    5836    -41.23
Tracing beam    6225    -38.04
Tracing beam    6614    -34.86
Tracing beam    7003    -31.67
Tracing beam    7392    -28.49
Tracing beam    7781    -25.30
Tracing beam    8170    -22.12
Tracing beam    8559    -18.93
Tracing beam    8948    -15.75
Tracing beam    9337    -12.56
Tracing beam    9726     -9.38
Tracing beam   10115     -6.20
Tracing beam   10504     -3.01
Tracing beam   10893      0.17
Tracing beam   11282      3.36
Tracing beam   11671      6.54
Tracing beam   12060      9.73
Tracing beam   12449     12.91
Tracing beam   12838     16.10
Tracing beam   13227     19.28
Tracing beam   13616     22.47
Tracing beam   14005     25.65
Tracing beam   14394     28.84
Tracing beam   14783     32.02
Tracing beam   15172     35.21
Tracing beam   15561     38.39
Tracing beam   15950     41.58
Tracing beam   16339     44.76
Tracing beam   16728     47.95
Tracing beam   17117     51.13
Tracing beam   17506     54.32
Tracing beam   17895     57.50
Tracing beam   18284     60.69
Tracing beam   18673     63.87
Tracing beam   19062     67.05
Tracing beam   19451     70.24

 CPU Time =        2.45    s
