 BELLHOP/BELLHOP3D

 BELLHOP- Tropical Ocean Environment RAY Mode                                    
 frequency =   1798.     Hz

 Dummy parameter NMedia =            1

     Spline approximation to SSP
     Attenuation units: dB/mkHz
     VACUUM

 Depth =    3136.30 m

 Sound speed profile:
   z (m)     alphaR (m/s)   betaR  rho (g/cm^3)  alphaI     betaI

      0.00      1513.86      0.00     1.00       0.0000    0.0000
     78.40      1506.29      0.00     1.00       0.0000    0.0000
    156.80      1508.23      0.00     1.00       0.0000    0.0000
    235.20      1506.28      0.00     1.00       0.0000    0.0000
    313.60      1502.60      0.00     1.00       0.0000    0.0000
    392.00      1500.96      0.00     1.00       0.0000    0.0000
    470.40      1497.99      0.00     1.00       0.0000    0.0000
    548.80      1496.62      0.00     1.00       0.0000    0.0000
    627.30      1495.98      0.00     1.00       0.0000    0.0000
    705.70      1492.85      0.00     1.00       0.0000    0.0000
    784.10      1491.58      0.00     1.00       0.0000    0.0000
    862.50      1488.70      0.00     1.00       0.0000    0.0000
    940.90      1489.40      0.00     1.00       0.0000    0.0000
   1019.30      1480.81      0.00     1.00       0.0000    0.0000
   1097.70      1483.28      0.00     1.00       0.0000    0.0000
   1176.10      1481.92      0.00     1.00       0.0000    0.0000
   1254.50      1482.59      0.00     1.00       0.0000    0.0000
   1332.90      1485.17      0.00     1.00       0.0000    0.0000
   1411.30      1488.48      0.00     1.00       0.0000    0.0000
   1489.70      1486.05      0.00     1.00       0.0000    0.0000
   1568.10      1487.38      0.00     1.00       0.0000    0.0000
   1646.50      1489.36      0.00     1.00       0.0000    0.0000
   1724.90      1489.52      0.00     1.00       0.0000    0.0000
   1803.30      1490.34      0.00     1.00       0.0000    0.0000
   1881.80      1490.23      0.00     1.00       0.0000    0.0000
   1960.20      1491.07      0.00     1.00       0.0000    0.0000
   2038.60      1490.87      0.00     1.00       0.0000    0.0000
   2117.00      1493.54      0.00     1.00       0.0000    0.0000
   2195.40      1494.32      0.00     1.00       0.0000    0.0000
   2273.80      1495.51      0.00     1.00       0.0000    0.0000
   2352.20      1494.51      0.00     1.00       0.0000    0.0000
   2430.60      1497.30      0.00     1.00       0.0000    0.0000
   2509.00      1498.57      0.00     1.00       0.0000    0.0000
   2587.40      1495.86      0.00     1.00       0.0000    0.0000
   2665.80      1498.05      0.00     1.00       0.0000    0.0000
   2744.20      1501.07      0.00     1.00       0.0000    0.0000
   2822.60      1499.14      0.00     1.00       0.0000    0.0000
   2901.00      1501.72      0.00     1.00       0.0000    0.0000
   2979.40      1501.75      0.00     1.00       0.0000    0.0000
   3057.80      1503.05      0.00     1.00       0.0000    0.0000
   3136.30      1503.42      0.00     1.00       0.0000    0.0000

                                 ( RMS roughness =   0.00     )
     ACOUSTO-ELASTIC half-space
   3336.30      1600.00      0.00     1.80       0.0000    0.0000

 __________________________________________________________________________

 Number of Source   depths, Sz =            1
 Source   depths, Sz (m)
   190.400    


 __________________________________________________________________________

 Number of Receiver depths, Rz =           48
 Receiver depths, Rz (m)
   0.00000       84.8149       169.630       254.445       339.260    
   424.074       508.889       593.704       678.519       763.334    
          ... 
   3986.30    

 Warning in ReadSzRz : Receiver below or too near the bottom bdry has been moved up

 __________________________________________________________________________

 Number of Receiver ranges, Rr =          201
 Receiver ranges, Rr (km)
   0.00000      0.259500      0.519000      0.778500       1.03800    
   1.29750       1.55700       1.81650       2.07600       2.33550    
          ... 
   51.9000    


 Ray trace run
 Geometric hat beams in Cartesian coordinates
 Point source (cylindrical coordinates)
 Rectilinear receiver grid: Receivers at Rr( : ) x Rz( : )
 __________________________________________________________________________

 Number of beams in elevation   =           22
 Beam take-off angles (degrees)
  -20.2000      -18.2762      -16.3524      -14.4286      -12.5048    
  -10.5810      -8.65714      -6.73333      -4.80952      -2.88571    
          ... 
   20.2000    

 __________________________________________________________________________


 Step length,       deltas =   0.000     m

 Maximum ray depth, Box%z  =   3986.     m
 Maximum ray range, Box%r  =   50.00    km
 No beam shift in effect


 Step length,       deltas =   313.6     m (automatically selected)

Tracing beam       1    -20.20
Tracing beam       2    -18.28
Tracing beam       3    -16.35
Tracing beam       4    -14.43
Tracing beam       5    -12.50
Tracing beam       6    -10.58
Tracing beam       7     -8.66
Tracing beam       8     -6.73
Tracing beam       9     -4.81
Tracing beam      10     -2.89
Tracing beam      11     -0.96
Tracing beam      12      0.96
Tracing beam      13      2.89
Tracing beam      14      4.81
Tracing beam      15      6.73
Tracing beam      16      8.66
Tracing beam      17     10.58
Tracing beam      18     12.50
Tracing beam      19     14.43
Tracing beam      20     16.35
Tracing beam      21     18.28
Tracing beam      22     20.20

 CPU Time =       0.156E-01s
