 BELLHOP/BELLHOP3D

 BELLHOP- Polar Ocean Environment SHD Mode                                       
 frequency =   821.7     Hz

 Dummy parameter NMedia =            1

     Spline approximation to SSP
     Attenuation units: dB/mkHz
     VACUUM

 Depth =    2599.30 m

 Sound speed profile:
   z (m)     alphaR (m/s)   betaR  rho (g/cm^3)  alphaI     betaI

      0.00      1462.52      0.00     1.00       0.0000    0.0000
     74.30      1460.00      0.00     1.00       0.0000    0.0000
    148.50      1460.33      0.00     1.00       0.0000    0.0000
    222.80      1460.00      0.00     1.00       0.0000    0.0000
    297.10      1460.00      0.00     1.00       0.0000    0.0000
    371.30      1460.00      0.00     1.00       0.0000    0.0000
    445.60      1460.00      0.00     1.00       0.0000    0.0000
    519.90      1460.00      0.00     1.00       0.0000    0.0000
    594.10      1460.00      0.00     1.00       0.0000    0.0000
    668.40      1460.00      0.00     1.00       0.0000    0.0000
    742.70      1460.00      0.00     1.00       0.0000    0.0000
    816.90      1460.00      0.00     1.00       0.0000    0.0000
    891.20      1460.00      0.00     1.00       0.0000    0.0000
    965.50      1460.00      0.00     1.00       0.0000    0.0000
   1039.70      1460.00      0.00     1.00       0.0000    0.0000
   1114.00      1460.00      0.00     1.00       0.0000    0.0000
   1188.20      1460.00      0.00     1.00       0.0000    0.0000
   1262.50      1460.00      0.00     1.00       0.0000    0.0000
   1336.80      1460.00      0.00     1.00       0.0000    0.0000
   1411.00      1460.00      0.00     1.00       0.0000    0.0000
   1485.30      1460.00      0.00     1.00       0.0000    0.0000
   1559.60      1460.00      0.00     1.00       0.0000    0.0000
   1633.80      1460.85      0.00     1.00       0.0000    0.0000
   1708.10      1460.00      0.00     1.00       0.0000    0.0000
   1782.40      1464.20      0.00     1.00       0.0000    0.0000
   1856.60      1465.15      0.00     1.00       0.0000    0.0000
   1930.90      1464.37      0.00     1.00       0.0000    0.0000
   2005.20      1466.28      0.00     1.00       0.0000    0.0000
   2079.40      1466.35      0.00     1.00       0.0000    0.0000
   2153.70      1468.89      0.00     1.00       0.0000    0.0000
   2228.00      1467.62      0.00     1.00       0.0000    0.0000
   2302.20      1471.93      0.00     1.00       0.0000    0.0000
   2376.50      1472.06      0.00     1.00       0.0000    0.0000
   2450.80      1473.17      0.00     1.00       0.0000    0.0000
   2525.00      1473.01      0.00     1.00       0.0000    0.0000
   2599.30      1472.13      0.00     1.00       0.0000    0.0000

                                 ( RMS roughness =   0.00     )
     ACOUSTO-ELASTIC half-space
   2799.30      1600.00      0.00     1.80       0.0000    0.0000

 __________________________________________________________________________

 Number of Source   depths, Sz =            1
 Source   depths, Sz (m)
   84.5000    


 __________________________________________________________________________

 Number of Receiver depths, Rz =           85
 Receiver depths, Rz (m)
   0.00000       41.0631       82.1262       123.189       164.252    
   205.315       246.379       287.442       328.505       369.568    
          ... 
   3449.30    

 Warning in ReadSzRz : Receiver below or too near the bottom bdry has been moved up

 __________________________________________________________________________

 Number of Receiver ranges, Rr =          201
 Receiver ranges, Rr (km)
   0.00000      0.222500      0.445000      0.667500      0.890000    
   1.11250       1.33500       1.55750       1.78000       2.00250    
          ... 
   44.5000    


 Coherent TL calculation
 Geometric hat beams in Cartesian coordinates
 Point source (cylindrical coordinates)
 Rectilinear receiver grid: Receivers at Rr( : ) x Rz( : )
 __________________________________________________________________________

 Number of beams in elevation   =         7313
 Beam take-off angles (degrees)
  -79.7000      -79.6788      -79.6577      -79.6365      -79.6153    
  -79.5941      -79.5730      -79.5518      -79.5306      -79.5095    
          ... 
   75.1000    

 __________________________________________________________________________


 Step length,       deltas =   0.000     m

 Maximum ray depth, Box%z  =   3449.     m
 Maximum ray range, Box%r  =   50.00    km
 No beam shift in effect


 Step length,       deltas =   259.9     m (automatically selected)

Tracing beam       1    -79.70

 Geometric hat beams                     
 halfwidth  =    1530.6399739880067     
 epsilonOpt =  (  0.0000000000000000     ,  6047964898.2840528     )
 EpsMult    =    1.0000000000000000     

Tracing beam     147    -76.61
Tracing beam     293    -73.52
Tracing beam     439    -70.43
Tracing beam     585    -67.34
Tracing beam     731    -64.25
Tracing beam     877    -61.15
Tracing beam    1023    -58.06
Tracing beam    1169    -54.97
Tracing beam    1315    -51.88
Tracing beam    1461    -48.79
Tracing beam    1607    -45.70
Tracing beam    1753    -42.61
Tracing beam    1899    -39.52
Tracing beam    2045    -36.43
Tracing beam    2191    -33.34
Tracing beam    2337    -30.25
Tracing beam    2483    -27.15
Tracing beam    2629    -24.06
Tracing beam    2775    -20.97
Tracing beam    2921    -17.88
Tracing beam    3067    -14.79
Tracing beam    3213    -11.70
Tracing beam    3359     -8.61
Tracing beam    3505     -5.52
Tracing beam    3651     -2.43
Tracing beam    3797      0.66
Tracing beam    3943      3.75
Tracing beam    4089      6.85
Tracing beam    4235      9.94
Tracing beam    4381     13.03
Tracing beam    4527     16.12
Tracing beam    4673     19.21
Tracing beam    4819     22.30
Tracing beam    4965     25.39
Tracing beam    5111     28.48
Tracing beam    5257     31.57
Tracing beam    5403     34.66
Tracing beam    5549     37.75
Tracing beam    5695     40.85
Tracing beam    5841     43.94
Tracing beam    5987     47.03
Tracing beam    6133     50.12
Tracing beam    6279     53.21
Tracing beam    6425     56.30
Tracing beam    6571     59.39
Tracing beam    6717     62.48
Tracing beam    6863     65.57
Tracing beam    7009     68.66
Tracing beam    7155     71.76
Tracing beam    7301     74.85

 CPU Time =       0.812    s
