 BELLHOP/BELLHOP3D

 BELLHOP- Polar Ocean Environment ARR Mode                                       
 frequency =   821.7     Hz

 Dummy parameter NMedia =            1

     Spline approximation to SSP
     Attenuation units: dB/mkHz
     VACUUM

 Depth =    2599.30 m

 Sound speed profile:
   z (m)     alphaR (m/s)   betaR  rho (g/cm^3)  alphaI     betaI

      0.00      1462.52      0.00     1.00       0.0000    0.0000
     74.30      1460.00      0.00     1.00       0.0000    0.0000
    148.50      1460.33      0.00     1.00       0.0000    0.0000
    222.80      1460.00      0.00     1.00       0.0000    0.0000
    297.10      1460.00      0.00     1.00       0.0000    0.0000
    371.30      1460.00      0.00     1.00       0.0000    0.0000
    445.60      1460.00      0.00     1.00       0.0000    0.0000
    519.90      1460.00      0.00     1.00       0.0000    0.0000
    594.10      1460.00      0.00     1.00       0.0000    0.0000
    668.40      1460.00      0.00     1.00       0.0000    0.0000
    742.70      1460.00      0.00     1.00       0.0000    0.0000
    816.90      1460.00      0.00     1.00       0.0000    0.0000
    891.20      1460.00      0.00     1.00       0.0000    0.0000
    965.50      1460.00      0.00     1.00       0.0000    0.0000
   1039.70      1460.00      0.00     1.00       0.0000    0.0000
   1114.00      1460.00      0.00     1.00       0.0000    0.0000
   1188.20      1460.00      0.00     1.00       0.0000    0.0000
   1262.50      1460.00      0.00     1.00       0.0000    0.0000
   1336.80      1460.00      0.00     1.00       0.0000    0.0000
   1411.00      1460.00      0.00     1.00       0.0000    0.0000
   1485.30      1460.00      0.00     1.00       0.0000    0.0000
   1559.60      1460.00      0.00     1.00       0.0000    0.0000
   1633.80      1460.85      0.00     1.00       0.0000    0.0000
   1708.10      1460.00      0.00     1.00       0.0000    0.0000
   1782.40      1464.20      0.00     1.00       0.0000    0.0000
   1856.60      1465.15      0.00     1.00       0.0000    0.0000
   1930.90      1464.37      0.00     1.00       0.0000    0.0000
   2005.20      1466.28      0.00     1.00       0.0000    0.0000
   2079.40      1466.35      0.00     1.00       0.0000    0.0000
   2153.70      1468.89      0.00     1.00       0.0000    0.0000
   2228.00      1467.62      0.00     1.00       0.0000    0.0000
   2302.20      1471.93      0.00     1.00       0.0000    0.0000
   2376.50      1472.06      0.00     1.00       0.0000    0.0000
   2450.80      1473.17      0.00     1.00       0.0000    0.0000
   2525.00      1473.01      0.00     1.00       0.0000    0.0000
   2599.30      1472.13      0.00     1.00       0.0000    0.0000

                                 ( RMS roughness =   0.00     )
     ACOUSTO-ELASTIC half-space
   2799.30      1600.00      0.00     1.80       0.0000    0.0000

 __________________________________________________________________________

 Number of Source   depths, Sz =            3
 Source   depths, Sz (m)
   193.000       282.200       287.800    


 __________________________________________________________________________

 Number of Receiver depths, Rz =           37
 Receiver depths, Rz (m)
   0.00000       95.8139       191.628       287.442       383.256    
   479.069       574.883       670.697       766.511       862.325    
          ... 
   3449.30    

 Warning in ReadSzRz : Receiver below or too near the bottom bdry has been moved up

 __________________________________________________________________________

 Number of Receiver ranges, Rr =          201
 Receiver ranges, Rr (km)
   0.00000      0.249000      0.498000      0.747000      0.996000    
   1.24500       1.49400       1.74300       1.99200       2.24100    
          ... 
   49.8000    


 Arrivals calculation, ASCII  file output
 Geometric hat beams in Cartesian coordinates
 Point source (cylindrical coordinates)
 Rectilinear receiver grid: Receivers at Rr( : ) x Rz( : )
 __________________________________________________________________________

 Number of beams in elevation   =           26
 Beam take-off angles (degrees)
  -13.1000      -12.0520      -11.0040      -9.95600      -8.90800    
  -7.86000      -6.81200      -5.76400      -4.71600      -3.66800    
          ... 
   13.1000    

 __________________________________________________________________________


 Step length,       deltas =   0.000     m

 Maximum ray depth, Box%z  =   3449.     m
 Maximum ray range, Box%r  =   50.00    km
 No beam shift in effect


 Step length,       deltas =   259.9     m (automatically selected)

 ( Maximum # of arrivals =         2689 )

Tracing beam       1    -13.10

 Geometric hat beams                     
 halfwidth  =    30.924529938703984     
 epsilonOpt =  (  0.0000000000000000     ,  2468706.0057788859     )
 EpsMult    =    1.0000000000000000     

Tracing beam       2    -12.05
Tracing beam       3    -11.00
Tracing beam       4     -9.96
Tracing beam       5     -8.91
Tracing beam       6     -7.86
Tracing beam       7     -6.81
Tracing beam       8     -5.76
Tracing beam       9     -4.72
Tracing beam      10     -3.67
Tracing beam      11     -2.62
Tracing beam      12     -1.57
Tracing beam      13     -0.52
Tracing beam      14      0.52
Tracing beam      15      1.57
Tracing beam      16      2.62
Tracing beam      17      3.67
Tracing beam      18      4.72
Tracing beam      19      5.76
Tracing beam      20      6.81
Tracing beam      21      7.86
Tracing beam      22      8.91
Tracing beam      23      9.96
Tracing beam      24     11.00
Tracing beam      25     12.05
Tracing beam      26     13.10
Tracing beam       1    -13.10
Tracing beam       2    -12.05
Tracing beam       3    -11.00
Tracing beam       4     -9.96
Tracing beam       5     -8.91
Tracing beam       6     -7.86
Tracing beam       7     -6.81
Tracing beam       8     -5.76
Tracing beam       9     -4.72
Tracing beam      10     -3.67
Tracing beam      11     -2.62
Tracing beam      12     -1.57
Tracing beam      13     -0.52
Tracing beam      14      0.52
Tracing beam      15      1.57
Tracing beam      16      2.62
Tracing beam      17      3.67
Tracing beam      18      4.72
Tracing beam      19      5.76
Tracing beam      20      6.81
Tracing beam      21      7.86
Tracing beam      22      8.91
Tracing beam      23      9.96
Tracing beam      24     11.00
Tracing beam      25     12.05
Tracing beam      26     13.10
Tracing beam       1    -13.10
Tracing beam       2    -12.05
Tracing beam       3    -11.00
Tracing beam       4     -9.96
Tracing beam       5     -8.91
Tracing beam       6     -7.86
Tracing beam       7     -6.81
Tracing beam       8     -5.76
Tracing beam       9     -4.72
Tracing beam      10     -3.67
Tracing beam      11     -2.62
Tracing beam      12     -1.57
Tracing beam      13     -0.52
Tracing beam      14      0.52
Tracing beam      15      1.57
Tracing beam      16      2.62
Tracing beam      17      3.67
Tracing beam      18      4.72
Tracing beam      19      5.76
Tracing beam      20      6.81
Tracing beam      21      7.86
Tracing beam      22      8.91
Tracing beam      23      9.96
Tracing beam      24     11.00
Tracing beam      25     12.05
Tracing beam      26     13.10

 CPU Time =       0.391    s
