 BELLHOP/BELLHOP3D

 BELLHOP- Polar Ocean Environment RAY Mode                                       
 frequency =   821.7     Hz

 Dummy parameter NMedia =            1

     Spline approximation to SSP
     Attenuation units: dB/mkHz
     VACUUM

 Depth =    2599.30 m

 Sound speed profile:
   z (m)     alphaR (m/s)   betaR  rho (g/cm^3)  alphaI     betaI

      0.00      1462.52      0.00     1.00       0.0000    0.0000
     74.30      1460.00      0.00     1.00       0.0000    0.0000
    148.50      1460.33      0.00     1.00       0.0000    0.0000
    222.80      1460.00      0.00     1.00       0.0000    0.0000
    297.10      1460.00      0.00     1.00       0.0000    0.0000
    371.30      1460.00      0.00     1.00       0.0000    0.0000
    445.60      1460.00      0.00     1.00       0.0000    0.0000
    519.90      1460.00      0.00     1.00       0.0000    0.0000
    594.10      1460.00      0.00     1.00       0.0000    0.0000
    668.40      1460.00      0.00     1.00       0.0000    0.0000
    742.70      1460.00      0.00     1.00       0.0000    0.0000
    816.90      1460.00      0.00     1.00       0.0000    0.0000
    891.20      1460.00      0.00     1.00       0.0000    0.0000
    965.50      1460.00      0.00     1.00       0.0000    0.0000
   1039.70      1460.00      0.00     1.00       0.0000    0.0000
   1114.00      1460.00      0.00     1.00       0.0000    0.0000
   1188.20      1460.00      0.00     1.00       0.0000    0.0000
   1262.50      1460.00      0.00     1.00       0.0000    0.0000
   1336.80      1460.00      0.00     1.00       0.0000    0.0000
   1411.00      1460.00      0.00     1.00       0.0000    0.0000
   1485.30      1460.00      0.00     1.00       0.0000    0.0000
   1559.60      1460.00      0.00     1.00       0.0000    0.0000
   1633.80      1460.85      0.00     1.00       0.0000    0.0000
   1708.10      1460.00      0.00     1.00       0.0000    0.0000
   1782.40      1464.20      0.00     1.00       0.0000    0.0000
   1856.60      1465.15      0.00     1.00       0.0000    0.0000
   1930.90      1464.37      0.00     1.00       0.0000    0.0000
   2005.20      1466.28      0.00     1.00       0.0000    0.0000
   2079.40      1466.35      0.00     1.00       0.0000    0.0000
   2153.70      1468.89      0.00     1.00       0.0000    0.0000
   2228.00      1467.62      0.00     1.00       0.0000    0.0000
   2302.20      1471.93      0.00     1.00       0.0000    0.0000
   2376.50      1472.06      0.00     1.00       0.0000    0.0000
   2450.80      1473.17      0.00     1.00       0.0000    0.0000
   2525.00      1473.01      0.00     1.00       0.0000    0.0000
   2599.30      1472.13      0.00     1.00       0.0000    0.0000

                                 ( RMS roughness =   0.00     )
     ACOUSTO-ELASTIC half-space
   2799.30      1600.00      0.00     1.80       0.0000    0.0000

 __________________________________________________________________________

 Number of Source   depths, Sz =            1
 Source   depths, Sz (m)
   67.3000    


 __________________________________________________________________________

 Number of Receiver depths, Rz =           38
 Receiver depths, Rz (m)
   0.00000       93.2243       186.449       279.673       372.897    
   466.122       559.346       652.570       745.795       839.019    
          ... 
   3449.30    

 Warning in ReadSzRz : Receiver below or too near the bottom bdry has been moved up

 __________________________________________________________________________

 Number of Receiver ranges, Rr =          201
 Receiver ranges, Rr (km)
   0.00000      0.231500      0.463000      0.694500      0.926000    
   1.15750       1.38900       1.62050       1.85200       2.08350    
          ... 
   46.3000    


 Ray trace run
 Geometric hat beams in Cartesian coordinates
 Point source (cylindrical coordinates)
 Rectilinear receiver grid: Receivers at Rr( : ) x Rz( : )
 __________________________________________________________________________

 Number of beams in elevation   =           29
 Beam take-off angles (degrees)
  -11.6000      -10.7714      -9.94286      -9.11429      -8.28571    
  -7.45714      -6.62857      -5.80000      -4.97143      -4.14286    
          ... 
   11.6000    

 __________________________________________________________________________


 Step length,       deltas =   0.000     m

 Maximum ray depth, Box%z  =   3449.     m
 Maximum ray range, Box%r  =   50.00    km
 No beam shift in effect


 Step length,       deltas =   259.9     m (automatically selected)

Tracing beam       1    -11.60
Tracing beam       2    -10.77
Tracing beam       3     -9.94
Tracing beam       4     -9.11
Tracing beam       5     -8.29
Tracing beam       6     -7.46
Tracing beam       7     -6.63
Tracing beam       8     -5.80
Tracing beam       9     -4.97
Tracing beam      10     -4.14
Tracing beam      11     -3.31
Tracing beam      12     -2.49
Tracing beam      13     -1.66
Tracing beam      14     -0.83
Tracing beam      15      0.00
Tracing beam      16      0.83
Tracing beam      17      1.66
Tracing beam      18      2.49
Tracing beam      19      3.31
Tracing beam      20      4.14
Tracing beam      21      4.97
Tracing beam      22      5.80
Tracing beam      23      6.63
Tracing beam      24      7.46
Tracing beam      25      8.29
Tracing beam      26      9.11
Tracing beam      27      9.94
Tracing beam      28     10.77
Tracing beam      29     11.60

 CPU Time =        0.00    s
