 BELLHOP/BELLHOP3D

 BELLHOP- Continental Shelf Environment SHD Mode                                 
 frequency =   1564.     Hz

 Dummy parameter NMedia =            1

     Spline approximation to SSP
     Attenuation units: dB/mkHz
     VACUUM

 Depth =     994.20 m

 Sound speed profile:
   z (m)     alphaR (m/s)   betaR  rho (g/cm^3)  alphaI     betaI

      0.00      1502.01      0.00     1.00       0.0000    0.0000
     31.10      1499.61      0.00     1.00       0.0000    0.0000
     62.10      1496.32      0.00     1.00       0.0000    0.0000
     93.20      1497.03      0.00     1.00       0.0000    0.0000
    124.30      1499.00      0.00     1.00       0.0000    0.0000
    155.30      1496.89      0.00     1.00       0.0000    0.0000
    186.40      1497.45      0.00     1.00       0.0000    0.0000
    217.50      1493.35      0.00     1.00       0.0000    0.0000
    248.60      1497.27      0.00     1.00       0.0000    0.0000
    279.60      1495.11      0.00     1.00       0.0000    0.0000
    310.70      1493.30      0.00     1.00       0.0000    0.0000
    341.80      1489.25      0.00     1.00       0.0000    0.0000
    372.80      1489.55      0.00     1.00       0.0000    0.0000
    403.90      1489.61      0.00     1.00       0.0000    0.0000
    435.00      1488.13      0.00     1.00       0.0000    0.0000
    466.00      1485.00      0.00     1.00       0.0000    0.0000
    497.10      1484.61      0.00     1.00       0.0000    0.0000
    528.20      1485.24      0.00     1.00       0.0000    0.0000
    559.20      1482.86      0.00     1.00       0.0000    0.0000
    590.30      1486.00      0.00     1.00       0.0000    0.0000
    621.40      1483.90      0.00     1.00       0.0000    0.0000
    652.50      1481.20      0.00     1.00       0.0000    0.0000
    683.50      1483.46      0.00     1.00       0.0000    0.0000
    714.60      1482.51      0.00     1.00       0.0000    0.0000
    745.70      1480.90      0.00     1.00       0.0000    0.0000
    776.70      1479.86      0.00     1.00       0.0000    0.0000
    807.80      1478.99      0.00     1.00       0.0000    0.0000
    838.90      1478.19      0.00     1.00       0.0000    0.0000
    869.90      1476.62      0.00     1.00       0.0000    0.0000
    901.00      1480.60      0.00     1.00       0.0000    0.0000
    932.10      1477.27      0.00     1.00       0.0000    0.0000
    963.10      1477.89      0.00     1.00       0.0000    0.0000
    994.20      1476.33      0.00     1.00       0.0000    0.0000

                                 ( RMS roughness =   0.00     )
     ACOUSTO-ELASTIC half-space
   1194.20      1600.00      0.00     1.80       0.0000    0.0000

 __________________________________________________________________________

 Number of Source   depths, Sz =            1
 Source   depths, Sz (m)
   86.7000    


 __________________________________________________________________________

 Number of Receiver depths, Rz =           97
 Receiver depths, Rz (m)
   0.00000       19.2104       38.4208       57.6312       76.8417    
   96.0521       115.262       134.473       153.683       172.894    
          ... 
   1844.20    

 Warning in ReadSzRz : Receiver below or too near the bottom bdry has been moved up

 __________________________________________________________________________

 Number of Receiver ranges, Rr =          201
 Receiver ranges, Rr (km)
   0.00000      0.273000      0.546000      0.819000       1.09200    
   1.36500       1.63800       1.91100       2.18400       2.45700    
          ... 
   54.6000    


 Coherent TL calculation
 Geometric hat beams in Cartesian coordinates
 Point source (cylindrical coordinates)
 Rectilinear receiver grid: Receivers at Rr( : ) x Rz( : )
 __________________________________________________________________________

 Number of beams in elevation   =        17082
 Beam take-off angles (degrees)
  -76.4000      -76.3913      -76.3826      -76.3739      -76.3652    
  -76.3564      -76.3477      -76.3390      -76.3303      -76.3216    
          ... 
   72.4000    

 __________________________________________________________________________


 Step length,       deltas =   0.000     m

 Maximum ray depth, Box%z  =   1844.     m
 Maximum ray range, Box%r  =   50.00    km
 No beam shift in effect


 Step length,       deltas =   99.42     m (automatically selected)

Tracing beam       1    -76.40

 Geometric hat beams                     
 halfwidth  =    2002.8865347071899     
 epsilonOpt =  (  0.0000000000000000     ,  19714356767.490921     )
 EpsMult    =    1.0000000000000000     

Tracing beam     342    -73.43
Tracing beam     683    -70.46
Tracing beam    1024    -67.49
Tracing beam    1365    -64.52
Tracing beam    1706    -61.55
Tracing beam    2047    -58.58
Tracing beam    2388    -55.61
Tracing beam    2729    -52.64
Tracing beam    3070    -49.66
Tracing beam    3411    -46.69
Tracing beam    3752    -43.72
Tracing beam    4093    -40.75
Tracing beam    4434    -37.78
Tracing beam    4775    -34.81
Tracing beam    5116    -31.84
Tracing beam    5457    -28.87
Tracing beam    5798    -25.90
Tracing beam    6139    -22.93
Tracing beam    6480    -19.96
Tracing beam    6821    -16.99
Tracing beam    7162    -14.02
Tracing beam    7503    -11.05
Tracing beam    7844     -8.08
Tracing beam    8185     -5.11
Tracing beam    8526     -2.14
Tracing beam    8867      0.84
Tracing beam    9208      3.81
Tracing beam    9549      6.78
Tracing beam    9890      9.75
Tracing beam   10231     12.72
Tracing beam   10572     15.69
Tracing beam   10913     18.66
Tracing beam   11254     21.63
Tracing beam   11595     24.60
Tracing beam   11936     27.57
Tracing beam   12277     30.54
Tracing beam   12618     33.51
Tracing beam   12959     36.48
Tracing beam   13300     39.45
Tracing beam   13641     42.42
Tracing beam   13982     45.39
Tracing beam   14323     48.37
Tracing beam   14664     51.34
Tracing beam   15005     54.31
Tracing beam   15346     57.28
Tracing beam   15687     60.25
Tracing beam   16028     63.22
Tracing beam   16369     66.19
Tracing beam   16710     69.16
Tracing beam   17051     72.13

 CPU Time =        2.36    s
