 BELLHOP/BELLHOP3D

 BELLHOP- Continental Shelf Environment ARR Mode                                 
 frequency =   1564.     Hz

 Dummy parameter NMedia =            1

     Spline approximation to SSP
     Attenuation units: dB/mkHz
     VACUUM

 Depth =     994.20 m

 Sound speed profile:
   z (m)     alphaR (m/s)   betaR  rho (g/cm^3)  alphaI     betaI

      0.00      1502.01      0.00     1.00       0.0000    0.0000
     31.10      1499.61      0.00     1.00       0.0000    0.0000
     62.10      1496.32      0.00     1.00       0.0000    0.0000
     93.20      1497.03      0.00     1.00       0.0000    0.0000
    124.30      1499.00      0.00     1.00       0.0000    0.0000
    155.30      1496.89      0.00     1.00       0.0000    0.0000
    186.40      1497.45      0.00     1.00       0.0000    0.0000
    217.50      1493.35      0.00     1.00       0.0000    0.0000
    248.60      1497.27      0.00     1.00       0.0000    0.0000
    279.60      1495.11      0.00     1.00       0.0000    0.0000
    310.70      1493.30      0.00     1.00       0.0000    0.0000
    341.80      1489.25      0.00     1.00       0.0000    0.0000
    372.80      1489.55      0.00     1.00       0.0000    0.0000
    403.90      1489.61      0.00     1.00       0.0000    0.0000
    435.00      1488.13      0.00     1.00       0.0000    0.0000
    466.00      1485.00      0.00     1.00       0.0000    0.0000
    497.10      1484.61      0.00     1.00       0.0000    0.0000
    528.20      1485.24      0.00     1.00       0.0000    0.0000
    559.20      1482.86      0.00     1.00       0.0000    0.0000
    590.30      1486.00      0.00     1.00       0.0000    0.0000
    621.40      1483.90      0.00     1.00       0.0000    0.0000
    652.50      1481.20      0.00     1.00       0.0000    0.0000
    683.50      1483.46      0.00     1.00       0.0000    0.0000
    714.60      1482.51      0.00     1.00       0.0000    0.0000
    745.70      1480.90      0.00     1.00       0.0000    0.0000
    776.70      1479.86      0.00     1.00       0.0000    0.0000
    807.80      1478.99      0.00     1.00       0.0000    0.0000
    838.90      1478.19      0.00     1.00       0.0000    0.0000
    869.90      1476.62      0.00     1.00       0.0000    0.0000
    901.00      1480.60      0.00     1.00       0.0000    0.0000
    932.10      1477.27      0.00     1.00       0.0000    0.0000
    963.10      1477.89      0.00     1.00       0.0000    0.0000
    994.20      1476.33      0.00     1.00       0.0000    0.0000

                                 ( RMS roughness =   0.00     )
     ACOUSTO-ELASTIC half-space
   1194.20      1600.00      0.00     1.80       0.0000    0.0000

 __________________________________________________________________________

 Number of Source   depths, Sz =            3
 Source   depths, Sz (m)
   149.200       162.500       246.400    


 __________________________________________________________________________

 Number of Receiver depths, Rz =           42
 Receiver depths, Rz (m)
   0.00000       44.9805       89.9610       134.941       179.922    
   224.902       269.883       314.863       359.844       404.824    
          ... 
   1844.20    

 Warning in ReadSzRz : Receiver below or too near the bottom bdry has been moved up

 __________________________________________________________________________

 Number of Receiver ranges, Rr =          201
 Receiver ranges, Rr (km)
   0.00000      0.221000      0.442000      0.663000      0.884000    
   1.10500       1.32600       1.54700       1.76800       1.98900    
          ... 
   44.2000    


 Arrivals calculation, ASCII  file output
 Geometric hat beams in Cartesian coordinates
 Point source (cylindrical coordinates)
 Rectilinear receiver grid: Receivers at Rr( : ) x Rz( : )
 __________________________________________________________________________

 Number of beams in elevation   =           22
 Beam take-off angles (degrees)
  -22.7000      -20.5381      -18.3762      -16.2143      -14.0524    
  -11.8905      -9.72857      -7.56667      -5.40476      -3.24286    
          ... 
   22.7000    

 __________________________________________________________________________


 Step length,       deltas =   0.000     m

 Maximum ray depth, Box%z  =   1844.     m
 Maximum ray range, Box%r  =   50.00    km
 No beam shift in effect


 Step length,       deltas =   99.42     m (automatically selected)

 ( Maximum # of arrivals =         2369 )

Tracing beam       1    -22.70

 Geometric hat beams                     
 halfwidth  =    8.0737468937091172     
 epsilonOpt =  (  0.0000000000000000     ,  320346.64422312786     )
 EpsMult    =    1.0000000000000000     

Tracing beam       2    -20.54
Tracing beam       3    -18.38
Tracing beam       4    -16.21
Tracing beam       5    -14.05
Tracing beam       6    -11.89
Tracing beam       7     -9.73
Tracing beam       8     -7.57
Tracing beam       9     -5.40
Tracing beam      10     -3.24
Tracing beam      11     -1.08
Tracing beam      12      1.08
Tracing beam      13      3.24
Tracing beam      14      5.40
Tracing beam      15      7.57
Tracing beam      16      9.73
Tracing beam      17     11.89
Tracing beam      18     14.05
Tracing beam      19     16.21
Tracing beam      20     18.38
Tracing beam      21     20.54
Tracing beam      22     22.70
Tracing beam       1    -22.70
Tracing beam       2    -20.54
Tracing beam       3    -18.38
Tracing beam       4    -16.21
Tracing beam       5    -14.05
Tracing beam       6    -11.89
Tracing beam       7     -9.73
Tracing beam       8     -7.57
Tracing beam       9     -5.40
Tracing beam      10     -3.24
Tracing beam      11     -1.08
Tracing beam      12      1.08
Tracing beam      13      3.24
Tracing beam      14      5.40
Tracing beam      15      7.57
Tracing beam      16      9.73
Tracing beam      17     11.89
Tracing beam      18     14.05
Tracing beam      19     16.21
Tracing beam      20     18.38
Tracing beam      21     20.54
Tracing beam      22     22.70
Tracing beam       1    -22.70
Tracing beam       2    -20.54
Tracing beam       3    -18.38
Tracing beam       4    -16.21
Tracing beam       5    -14.05
Tracing beam       6    -11.89
Tracing beam       7     -9.73
Tracing beam       8     -7.57
Tracing beam       9     -5.40
Tracing beam      10     -3.24
Tracing beam      11     -1.08
Tracing beam      12      1.08
Tracing beam      13      3.24
Tracing beam      14      5.40
Tracing beam      15      7.57
Tracing beam      16      9.73
Tracing beam      17     11.89
Tracing beam      18     14.05
Tracing beam      19     16.21
Tracing beam      20     18.38
Tracing beam      21     20.54
Tracing beam      22     22.70

 CPU Time =       0.688    s
