 BELLHOP/BELLHOP3D

 BELLHOP- Mixed Layer Environment SHD Mode                                       
 frequency =   868.3     Hz

 Dummy parameter NMedia =            1

     Spline approximation to SSP
     Attenuation units: dB/mkHz
     VACUUM

 Depth =    1525.00 m

 Sound speed profile:
   z (m)     alphaR (m/s)   betaR  rho (g/cm^3)  alphaI     betaI

      0.00      1514.55      0.00     1.00       0.0000    0.0000
     40.10      1511.35      0.00     1.00       0.0000    0.0000
     80.30      1513.36      0.00     1.00       0.0000    0.0000
    120.40      1514.11      0.00     1.00       0.0000    0.0000
    160.50      1511.70      0.00     1.00       0.0000    0.0000
    200.70      1511.06      0.00     1.00       0.0000    0.0000
    240.80      1508.07      0.00     1.00       0.0000    0.0000
    280.90      1507.24      0.00     1.00       0.0000    0.0000
    321.10      1510.03      0.00     1.00       0.0000    0.0000
    361.20      1503.94      0.00     1.00       0.0000    0.0000
    401.30      1503.68      0.00     1.00       0.0000    0.0000
    441.40      1501.86      0.00     1.00       0.0000    0.0000
    481.60      1499.79      0.00     1.00       0.0000    0.0000
    521.70      1500.85      0.00     1.00       0.0000    0.0000
    561.80      1499.20      0.00     1.00       0.0000    0.0000
    602.00      1499.51      0.00     1.00       0.0000    0.0000
    642.10      1498.44      0.00     1.00       0.0000    0.0000
    682.20      1497.73      0.00     1.00       0.0000    0.0000
    722.40      1494.24      0.00     1.00       0.0000    0.0000
    762.50      1495.91      0.00     1.00       0.0000    0.0000
    802.60      1495.36      0.00     1.00       0.0000    0.0000
    842.80      1492.34      0.00     1.00       0.0000    0.0000
    882.90      1493.00      0.00     1.00       0.0000    0.0000
    923.00      1490.99      0.00     1.00       0.0000    0.0000
    963.20      1493.98      0.00     1.00       0.0000    0.0000
   1003.30      1488.92      0.00     1.00       0.0000    0.0000
   1043.40      1491.73      0.00     1.00       0.0000    0.0000
   1083.50      1490.90      0.00     1.00       0.0000    0.0000
   1123.70      1493.58      0.00     1.00       0.0000    0.0000
   1163.80      1496.05      0.00     1.00       0.0000    0.0000
   1203.90      1495.09      0.00     1.00       0.0000    0.0000
   1244.10      1496.52      0.00     1.00       0.0000    0.0000
   1284.20      1498.46      0.00     1.00       0.0000    0.0000
   1324.30      1500.68      0.00     1.00       0.0000    0.0000
   1364.50      1501.56      0.00     1.00       0.0000    0.0000
   1404.60      1503.50      0.00     1.00       0.0000    0.0000
   1444.70      1507.50      0.00     1.00       0.0000    0.0000
   1484.90      1507.70      0.00     1.00       0.0000    0.0000
   1525.00      1509.96      0.00     1.00       0.0000    0.0000

                                 ( RMS roughness =   0.00     )
     ACOUSTO-ELASTIC half-space
   1725.00      1600.00      0.00     1.80       0.0000    0.0000

 __________________________________________________________________________

 Number of Source   depths, Sz =            1
 Source   depths, Sz (m)
   169.100    


 __________________________________________________________________________

 Number of Receiver depths, Rz =           67
 Receiver depths, Rz (m)
   0.00000       35.9848       71.9697       107.955       143.939    
   179.924       215.909       251.894       287.879       323.864    
          ... 
   2375.00    

 Warning in ReadSzRz : Receiver below or too near the bottom bdry has been moved up

 __________________________________________________________________________

 Number of Receiver ranges, Rr =          201
 Receiver ranges, Rr (km)
   0.00000      0.282000      0.564000      0.846000       1.12800    
   1.41000       1.69200       1.97400       2.25600       2.53800    
          ... 
   56.4000    


 Coherent TL calculation
 Geometric hat beams in Cartesian coordinates
 Point source (cylindrical coordinates)
 Rectilinear receiver grid: Receivers at Rr( : ) x Rz( : )
 __________________________________________________________________________

 Number of beams in elevation   =         9794
 Beam take-off angles (degrees)
  -72.5000      -72.4837      -72.4674      -72.4511      -72.4349    
  -72.4186      -72.4023      -72.3860      -72.3697      -72.3534    
          ... 
   87.0000    

 __________________________________________________________________________


 Step length,       deltas =   0.000     m

 Maximum ray depth, Box%z  =   2375.     m
 Maximum ray range, Box%r  =   50.00    km
 No beam shift in effect


 Step length,       deltas =   152.5     m (automatically selected)

Tracing beam       1    -72.50

 Geometric hat beams                     
 halfwidth  =    1949.2123915475374     
 epsilonOpt =  (  0.0000000000000000     ,  10364252881.200136     )
 EpsMult    =    1.0000000000000000     

Tracing beam     196    -69.32
Tracing beam     391    -66.15
Tracing beam     586    -62.97
Tracing beam     781    -59.80
Tracing beam     976    -56.62
Tracing beam    1171    -53.44
Tracing beam    1366    -50.27
Tracing beam    1561    -47.09
Tracing beam    1756    -43.92
Tracing beam    1951    -40.74
Tracing beam    2146    -37.56
Tracing beam    2341    -34.39
Tracing beam    2536    -31.21
Tracing beam    2731    -28.04
Tracing beam    2926    -24.86
Tracing beam    3121    -21.68
Tracing beam    3316    -18.51
Tracing beam    3511    -15.33
Tracing beam    3706    -12.16
Tracing beam    3901     -8.98
Tracing beam    4096     -5.80
Tracing beam    4291     -2.63
Tracing beam    4486      0.55
Tracing beam    4681      3.72
Tracing beam    4876      6.90
Tracing beam    5071     10.08
Tracing beam    5266     13.25
Tracing beam    5461     16.43
Tracing beam    5656     19.60
Tracing beam    5851     22.78
Tracing beam    6046     25.96
Tracing beam    6241     29.13
Tracing beam    6436     32.31
Tracing beam    6631     35.48
Tracing beam    6826     38.66
Tracing beam    7021     41.84
Tracing beam    7216     45.01
Tracing beam    7411     48.19
Tracing beam    7606     51.36
Tracing beam    7801     54.54
Tracing beam    7996     57.72
Tracing beam    8191     60.89
Tracing beam    8386     64.07
Tracing beam    8581     67.24
Tracing beam    8776     70.42
Tracing beam    8971     73.60
Tracing beam    9166     76.77
Tracing beam    9361     79.95
Tracing beam    9556     83.12
Tracing beam    9751     86.30

 CPU Time =        1.33    s
