 BELLHOP/BELLHOP3D

 BELLHOP- Mixed Layer Environment ARR Mode                                       
 frequency =   868.3     Hz

 Dummy parameter NMedia =            1

     Spline approximation to SSP
     Attenuation units: dB/mkHz
     VACUUM

 Depth =    1525.00 m

 Sound speed profile:
   z (m)     alphaR (m/s)   betaR  rho (g/cm^3)  alphaI     betaI

      0.00      1514.55      0.00     1.00       0.0000    0.0000
     40.10      1511.35      0.00     1.00       0.0000    0.0000
     80.30      1513.36      0.00     1.00       0.0000    0.0000
    120.40      1514.11      0.00     1.00       0.0000    0.0000
    160.50      1511.70      0.00     1.00       0.0000    0.0000
    200.70      1511.06      0.00     1.00       0.0000    0.0000
    240.80      1508.07      0.00     1.00       0.0000    0.0000
    280.90      1507.24      0.00     1.00       0.0000    0.0000
    321.10      1510.03      0.00     1.00       0.0000    0.0000
    361.20      1503.94      0.00     1.00       0.0000    0.0000
    401.30      1503.68      0.00     1.00       0.0000    0.0000
    441.40      1501.86      0.00     1.00       0.0000    0.0000
    481.60      1499.79      0.00     1.00       0.0000    0.0000
    521.70      1500.85      0.00     1.00       0.0000    0.0000
    561.80      1499.20      0.00     1.00       0.0000    0.0000
    602.00      1499.51      0.00     1.00       0.0000    0.0000
    642.10      1498.44      0.00     1.00       0.0000    0.0000
    682.20      1497.73      0.00     1.00       0.0000    0.0000
    722.40      1494.24      0.00     1.00       0.0000    0.0000
    762.50      1495.91      0.00     1.00       0.0000    0.0000
    802.60      1495.36      0.00     1.00       0.0000    0.0000
    842.80      1492.34      0.00     1.00       0.0000    0.0000
    882.90      1493.00      0.00     1.00       0.0000    0.0000
    923.00      1490.99      0.00     1.00       0.0000    0.0000
    963.20      1493.98      0.00     1.00       0.0000    0.0000
   1003.30      1488.92      0.00     1.00       0.0000    0.0000
   1043.40      1491.73      0.00     1.00       0.0000    0.0000
   1083.50      1490.90      0.00     1.00       0.0000    0.0000
   1123.70      1493.58      0.00     1.00       0.0000    0.0000
   1163.80      1496.05      0.00     1.00       0.0000    0.0000
   1203.90      1495.09      0.00     1.00       0.0000    0.0000
   1244.10      1496.52      0.00     1.00       0.0000    0.0000
   1284.20      1498.46      0.00     1.00       0.0000    0.0000
   1324.30      1500.68      0.00     1.00       0.0000    0.0000
   1364.50      1501.56      0.00     1.00       0.0000    0.0000
   1404.60      1503.50      0.00     1.00       0.0000    0.0000
   1444.70      1507.50      0.00     1.00       0.0000    0.0000
   1484.90      1507.70      0.00     1.00       0.0000    0.0000
   1525.00      1509.96      0.00     1.00       0.0000    0.0000

                                 ( RMS roughness =   0.00     )
     ACOUSTO-ELASTIC half-space
   1725.00      1600.00      0.00     1.80       0.0000    0.0000

 __________________________________________________________________________

 Number of Source   depths, Sz =            2
 Source   depths, Sz (m)
   151.000       201.900    


 __________________________________________________________________________

 Number of Receiver depths, Rz =           40
 Receiver depths, Rz (m)
   0.00000       60.8974       121.795       182.692       243.590    
   304.487       365.385       426.282       487.179       548.077    
          ... 
   2375.00    

 Warning in ReadSzRz : Receiver below or too near the bottom bdry has been moved up

 __________________________________________________________________________

 Number of Receiver ranges, Rr =          201
 Receiver ranges, Rr (km)
   0.00000      0.292500      0.585000      0.877500       1.17000    
   1.46250       1.75500       2.04750       2.34000       2.63250    
          ... 
   58.5000    


 Arrivals calculation, ASCII  file output
 Geometric hat beams in Cartesian coordinates
 Point source (cylindrical coordinates)
 Rectilinear receiver grid: Receivers at Rr( : ) x Rz( : )
 __________________________________________________________________________

 Number of beams in elevation   =           36
 Beam take-off angles (degrees)
  -13.3000      -12.5400      -11.7800      -11.0200      -10.2600    
  -9.50000      -8.74000      -7.98000      -7.22000      -6.46000    
          ... 
   13.3000    

 __________________________________________________________________________


 Step length,       deltas =   0.000     m

 Maximum ray depth, Box%z  =   2375.     m
 Maximum ray range, Box%r  =   50.00    km
 No beam shift in effect


 Step length,       deltas =   152.5     m (automatically selected)

 ( Maximum # of arrivals =         2487 )

Tracing beam       1    -13.30

 Geometric hat beams                     
 halfwidth  =    41.792346965311253     
 epsilonOpt =  (  0.0000000000000000     ,  4764454.6268037036     )
 EpsMult    =    1.0000000000000000     

Tracing beam       2    -12.54
Tracing beam       3    -11.78
Tracing beam       4    -11.02
Tracing beam       5    -10.26
Tracing beam       6     -9.50
Tracing beam       7     -8.74
Tracing beam       8     -7.98
Tracing beam       9     -7.22
Tracing beam      10     -6.46
Tracing beam      11     -5.70
Tracing beam      12     -4.94
Tracing beam      13     -4.18
Tracing beam      14     -3.42
Tracing beam      15     -2.66
Tracing beam      16     -1.90
Tracing beam      17     -1.14
Tracing beam      18     -0.38
Tracing beam      19      0.38
Tracing beam      20      1.14
Tracing beam      21      1.90
Tracing beam      22      2.66
Tracing beam      23      3.42
Tracing beam      24      4.18
Tracing beam      25      4.94
Tracing beam      26      5.70
Tracing beam      27      6.46
Tracing beam      28      7.22
Tracing beam      29      7.98
Tracing beam      30      8.74
Tracing beam      31      9.50
Tracing beam      32     10.26
Tracing beam      33     11.02
Tracing beam      34     11.78
Tracing beam      35     12.54
Tracing beam      36     13.30
Tracing beam       1    -13.30
Tracing beam       2    -12.54
Tracing beam       3    -11.78
Tracing beam       4    -11.02
Tracing beam       5    -10.26
Tracing beam       6     -9.50
Tracing beam       7     -8.74
Tracing beam       8     -7.98
Tracing beam       9     -7.22
Tracing beam      10     -6.46
Tracing beam      11     -5.70
Tracing beam      12     -4.94
Tracing beam      13     -4.18
Tracing beam      14     -3.42
Tracing beam      15     -2.66
Tracing beam      16     -1.90
Tracing beam      17     -1.14
Tracing beam      18     -0.38
Tracing beam      19      0.38
Tracing beam      20      1.14
Tracing beam      21      1.90
Tracing beam      22      2.66
Tracing beam      23      3.42
Tracing beam      24      4.18
Tracing beam      25      4.94
Tracing beam      26      5.70
Tracing beam      27      6.46
Tracing beam      28      7.22
Tracing beam      29      7.98
Tracing beam      30      8.74
Tracing beam      31      9.50
Tracing beam      32     10.26
Tracing beam      33     11.02
Tracing beam      34     11.78
Tracing beam      35     12.54
Tracing beam      36     13.30

 CPU Time =       0.141    s
