 BELLHOP/BELLHOP3D

 BELLHOP- Mixed Layer Environment RAY Mode                                       
 frequency =   868.3     Hz

 Dummy parameter NMedia =            1

     Spline approximation to SSP
     Attenuation units: dB/mkHz
     VACUUM

 Depth =    1525.00 m

 Sound speed profile:
   z (m)     alphaR (m/s)   betaR  rho (g/cm^3)  alphaI     betaI

      0.00      1514.55      0.00     1.00       0.0000    0.0000
     40.10      1511.35      0.00     1.00       0.0000    0.0000
     80.30      1513.36      0.00     1.00       0.0000    0.0000
    120.40      1514.11      0.00     1.00       0.0000    0.0000
    160.50      1511.70      0.00     1.00       0.0000    0.0000
    200.70      1511.06      0.00     1.00       0.0000    0.0000
    240.80      1508.07      0.00     1.00       0.0000    0.0000
    280.90      1507.24      0.00     1.00       0.0000    0.0000
    321.10      1510.03      0.00     1.00       0.0000    0.0000
    361.20      1503.94      0.00     1.00       0.0000    0.0000
    401.30      1503.68      0.00     1.00       0.0000    0.0000
    441.40      1501.86      0.00     1.00       0.0000    0.0000
    481.60      1499.79      0.00     1.00       0.0000    0.0000
    521.70      1500.85      0.00     1.00       0.0000    0.0000
    561.80      1499.20      0.00     1.00       0.0000    0.0000
    602.00      1499.51      0.00     1.00       0.0000    0.0000
    642.10      1498.44      0.00     1.00       0.0000    0.0000
    682.20      1497.73      0.00     1.00       0.0000    0.0000
    722.40      1494.24      0.00     1.00       0.0000    0.0000
    762.50      1495.91      0.00     1.00       0.0000    0.0000
    802.60      1495.36      0.00     1.00       0.0000    0.0000
    842.80      1492.34      0.00     1.00       0.0000    0.0000
    882.90      1493.00      0.00     1.00       0.0000    0.0000
    923.00      1490.99      0.00     1.00       0.0000    0.0000
    963.20      1493.98      0.00     1.00       0.0000    0.0000
   1003.30      1488.92      0.00     1.00       0.0000    0.0000
   1043.40      1491.73      0.00     1.00       0.0000    0.0000
   1083.50      1490.90      0.00     1.00       0.0000    0.0000
   1123.70      1493.58      0.00     1.00       0.0000    0.0000
   1163.80      1496.05      0.00     1.00       0.0000    0.0000
   1203.90      1495.09      0.00     1.00       0.0000    0.0000
   1244.10      1496.52      0.00     1.00       0.0000    0.0000
   1284.20      1498.46      0.00     1.00       0.0000    0.0000
   1324.30      1500.68      0.00     1.00       0.0000    0.0000
   1364.50      1501.56      0.00     1.00       0.0000    0.0000
   1404.60      1503.50      0.00     1.00       0.0000    0.0000
   1444.70      1507.50      0.00     1.00       0.0000    0.0000
   1484.90      1507.70      0.00     1.00       0.0000    0.0000
   1525.00      1509.96      0.00     1.00       0.0000    0.0000

                                 ( RMS roughness =   0.00     )
     ACOUSTO-ELASTIC half-space
   1725.00      1600.00      0.00     1.80       0.0000    0.0000

 __________________________________________________________________________

 Number of Source   depths, Sz =            2
 Source   depths, Sz (m)
   152.700       189.100    


 __________________________________________________________________________

 Number of Receiver depths, Rz =           39
 Receiver depths, Rz (m)
   0.00000       62.5000       125.000       187.500       250.000    
   312.500       375.000       437.500       500.000       562.500    
          ... 
   2375.00    

 Warning in ReadSzRz : Receiver below or too near the bottom bdry has been moved up

 __________________________________________________________________________

 Number of Receiver ranges, Rr =          201
 Receiver ranges, Rr (km)
   0.00000      0.233500      0.467000      0.700500      0.934000    
   1.16750       1.40100       1.63450       1.86800       2.10150    
          ... 
   46.7000    


 Ray trace run
 Geometric hat beams in Cartesian coordinates
 Point source (cylindrical coordinates)
 Rectilinear receiver grid: Receivers at Rr( : ) x Rz( : )
 __________________________________________________________________________

 Number of beams in elevation   =           22
 Beam take-off angles (degrees)
  -21.2000      -19.1810      -17.1619      -15.1429      -13.1238    
  -11.1048      -9.08571      -7.06667      -5.04762      -3.02857    
          ... 
   21.2000    

 __________________________________________________________________________


 Step length,       deltas =   0.000     m

 Maximum ray depth, Box%z  =   2375.     m
 Maximum ray range, Box%r  =   50.00    km
 No beam shift in effect


 Step length,       deltas =   152.5     m (automatically selected)

Tracing beam       1    -21.20
Tracing beam       2    -19.18
Tracing beam       3    -17.16
Tracing beam       4    -15.14
Tracing beam       5    -13.12
Tracing beam       6    -11.10
Tracing beam       7     -9.09
Tracing beam       8     -7.07
Tracing beam       9     -5.05
Tracing beam      10     -3.03
Tracing beam      11     -1.01
Tracing beam      12      1.01
Tracing beam      13      3.03
Tracing beam      14      5.05
Tracing beam      15      7.07
Tracing beam      16      9.09
Tracing beam      17     11.10
Tracing beam      18     13.12
Tracing beam      19     15.14
Tracing beam      20     17.16
Tracing beam      21     19.18
Tracing beam      22     21.20
Tracing beam       1    -21.20
Tracing beam       2    -19.18
Tracing beam       3    -17.16
Tracing beam       4    -15.14
Tracing beam       5    -13.12
Tracing beam       6    -11.10
Tracing beam       7     -9.09
Tracing beam       8     -7.07
Tracing beam       9     -5.05
Tracing beam      10     -3.03
Tracing beam      11     -1.01
Tracing beam      12      1.01
Tracing beam      13      3.03
Tracing beam      14      5.05
Tracing beam      15      7.07
Tracing beam      16      9.09
Tracing beam      17     11.10
Tracing beam      18     13.12
Tracing beam      19     15.14
Tracing beam      20     17.16
Tracing beam      21     19.18
Tracing beam      22     21.20

 CPU Time =       0.781E-01s
