 BELLHOP/BELLHOP3D

 BELLHOP- Deep Ocean Environment ARR Mode                                        
 frequency =   1111.     Hz

 Dummy parameter NMedia =            1

     Spline approximation to SSP
     Attenuation units: dB/mkHz
     VACUUM

 Depth =    5311.90 m

 Sound speed profile:
   z (m)     alphaR (m/s)   betaR  rho (g/cm^3)  alphaI     betaI

      0.00      1503.97      0.00     1.00       0.0000    0.0000
    100.20      1504.02      0.00     1.00       0.0000    0.0000
    200.40      1502.01      0.00     1.00       0.0000    0.0000
    300.70      1496.86      0.00     1.00       0.0000    0.0000
    400.90      1493.78      0.00     1.00       0.0000    0.0000
    501.10      1490.81      0.00     1.00       0.0000    0.0000
    601.30      1488.97      0.00     1.00       0.0000    0.0000
    701.60      1484.74      0.00     1.00       0.0000    0.0000
    801.80      1483.54      0.00     1.00       0.0000    0.0000
    902.00      1486.44      0.00     1.00       0.0000    0.0000
   1002.20      1478.30      0.00     1.00       0.0000    0.0000
   1102.50      1479.36      0.00     1.00       0.0000    0.0000
   1202.70      1478.84      0.00     1.00       0.0000    0.0000
   1302.90      1479.07      0.00     1.00       0.0000    0.0000
   1403.10      1480.49      0.00     1.00       0.0000    0.0000
   1503.40      1481.43      0.00     1.00       0.0000    0.0000
   1603.60      1482.13      0.00     1.00       0.0000    0.0000
   1703.80      1481.20      0.00     1.00       0.0000    0.0000
   1804.00      1483.35      0.00     1.00       0.0000    0.0000
   1904.30      1478.75      0.00     1.00       0.0000    0.0000
   2004.50      1484.32      0.00     1.00       0.0000    0.0000
   2104.70      1482.87      0.00     1.00       0.0000    0.0000
   2204.90      1484.86      0.00     1.00       0.0000    0.0000
   2305.20      1483.59      0.00     1.00       0.0000    0.0000
   2405.40      1483.10      0.00     1.00       0.0000    0.0000
   2505.60      1486.13      0.00     1.00       0.0000    0.0000
   2605.80      1483.89      0.00     1.00       0.0000    0.0000
   2706.10      1486.08      0.00     1.00       0.0000    0.0000
   2806.30      1485.98      0.00     1.00       0.0000    0.0000
   2906.50      1487.47      0.00     1.00       0.0000    0.0000
   3006.70      1489.46      0.00     1.00       0.0000    0.0000
   3107.00      1488.05      0.00     1.00       0.0000    0.0000
   3207.20      1489.79      0.00     1.00       0.0000    0.0000
   3307.40      1490.95      0.00     1.00       0.0000    0.0000
   3407.60      1489.46      0.00     1.00       0.0000    0.0000
   3507.90      1490.01      0.00     1.00       0.0000    0.0000
   3608.10      1493.48      0.00     1.00       0.0000    0.0000
   3708.30      1491.84      0.00     1.00       0.0000    0.0000
   3808.50      1493.25      0.00     1.00       0.0000    0.0000
   3908.70      1493.77      0.00     1.00       0.0000    0.0000
   4009.00      1491.75      0.00     1.00       0.0000    0.0000
   4109.20      1492.93      0.00     1.00       0.0000    0.0000
   4209.40      1495.16      0.00     1.00       0.0000    0.0000
   4309.60      1492.03      0.00     1.00       0.0000    0.0000
   4409.90      1495.34      0.00     1.00       0.0000    0.0000
   4510.10      1494.89      0.00     1.00       0.0000    0.0000
   4610.30      1498.38      0.00     1.00       0.0000    0.0000
   4710.50      1497.76      0.00     1.00       0.0000    0.0000
   4810.80      1499.56      0.00     1.00       0.0000    0.0000
   4911.00      1498.24      0.00     1.00       0.0000    0.0000
   5011.20      1498.65      0.00     1.00       0.0000    0.0000
   5111.40      1498.90      0.00     1.00       0.0000    0.0000
   5211.70      1499.13      0.00     1.00       0.0000    0.0000
   5311.90      1504.44      0.00     1.00       0.0000    0.0000

                                 ( RMS roughness =   0.00     )
     ACOUSTO-ELASTIC half-space
   5511.90      1600.00      0.00     1.80       0.0000    0.0000

 __________________________________________________________________________

 Number of Source   depths, Sz =            2
 Source   depths, Sz (m)
   138.700       142.200    


 __________________________________________________________________________

 Number of Receiver depths, Rz =           34
 Receiver depths, Rz (m)
   0.00000       186.724       373.448       560.173       746.897    
   933.621       1120.35       1307.07       1493.79       1680.52    
          ... 
   6161.90    

 Warning in ReadSzRz : Receiver below or too near the bottom bdry has been moved up

 __________________________________________________________________________

 Number of Receiver ranges, Rr =          201
 Receiver ranges, Rr (km)
   0.00000      0.279000      0.558000      0.837000       1.11600    
   1.39500       1.67400       1.95300       2.23200       2.51100    
          ... 
   55.8000    


 Arrivals calculation, ASCII  file output
 Geometric hat beams in Cartesian coordinates
 Point source (cylindrical coordinates)
 Rectilinear receiver grid: Receivers at Rr( : ) x Rz( : )
 __________________________________________________________________________

 Number of beams in elevation   =           24
 Beam take-off angles (degrees)
  -10.5000      -9.58696      -8.67391      -7.76087      -6.84783    
  -5.93478      -5.02174      -4.10870      -3.19565      -2.28261    
          ... 
   10.5000    

 __________________________________________________________________________


 Step length,       deltas =   0.000     m

 Maximum ray depth, Box%z  =   6162.     m
 Maximum ray range, Box%r  =   50.00    km
 No beam shift in effect


 Step length,       deltas =   531.2     m (automatically selected)

 ( Maximum # of arrivals =         2926 )

Tracing beam       1    -10.50

 Geometric hat beams                     
 halfwidth  =    27.037108787413391     
 epsilonOpt =  (  0.0000000000000000     ,  2551204.8768539717     )
 EpsMult    =    1.0000000000000000     

Tracing beam       2     -9.59
Tracing beam       3     -8.67
Tracing beam       4     -7.76
Tracing beam       5     -6.85
Tracing beam       6     -5.93
Tracing beam       7     -5.02
Tracing beam       8     -4.11
Tracing beam       9     -3.20
Tracing beam      10     -2.28
Tracing beam      11     -1.37
Tracing beam      12     -0.46
Tracing beam      13      0.46
Tracing beam      14      1.37
Tracing beam      15      2.28
Tracing beam      16      3.20
Tracing beam      17      4.11
Tracing beam      18      5.02
Tracing beam      19      5.93
Tracing beam      20      6.85
Tracing beam      21      7.76
Tracing beam      22      8.67
Tracing beam      23      9.59
Tracing beam      24     10.50
Tracing beam       1    -10.50
Tracing beam       2     -9.59
Tracing beam       3     -8.67
Tracing beam       4     -7.76
Tracing beam       5     -6.85
Tracing beam       6     -5.93
Tracing beam       7     -5.02
Tracing beam       8     -4.11
Tracing beam       9     -3.20
Tracing beam      10     -2.28
Tracing beam      11     -1.37
Tracing beam      12     -0.46
Tracing beam      13      0.46
Tracing beam      14      1.37
Tracing beam      15      2.28
Tracing beam      16      3.20
Tracing beam      17      4.11
Tracing beam      18      5.02
Tracing beam      19      5.93
Tracing beam      20      6.85
Tracing beam      21      7.76
Tracing beam      22      8.67
Tracing beam      23      9.59
Tracing beam      24     10.50

 CPU Time =       0.625E-01s
