 BELLHOP/BELLHOP3D

 BELLHOP- Deep Ocean Environment SHD Mode                                        
 frequency =   1111.     Hz

 Dummy parameter NMedia =            1

     Spline approximation to SSP
     Attenuation units: dB/mkHz
     VACUUM

 Depth =    5311.90 m

 Sound speed profile:
   z (m)     alphaR (m/s)   betaR  rho (g/cm^3)  alphaI     betaI

      0.00      1503.97      0.00     1.00       0.0000    0.0000
    100.20      1504.02      0.00     1.00       0.0000    0.0000
    200.40      1502.01      0.00     1.00       0.0000    0.0000
    300.70      1496.86      0.00     1.00       0.0000    0.0000
    400.90      1493.78      0.00     1.00       0.0000    0.0000
    501.10      1490.81      0.00     1.00       0.0000    0.0000
    601.30      1488.97      0.00     1.00       0.0000    0.0000
    701.60      1484.74      0.00     1.00       0.0000    0.0000
    801.80      1483.54      0.00     1.00       0.0000    0.0000
    902.00      1486.44      0.00     1.00       0.0000    0.0000
   1002.20      1478.30      0.00     1.00       0.0000    0.0000
   1102.50      1479.36      0.00     1.00       0.0000    0.0000
   1202.70      1478.84      0.00     1.00       0.0000    0.0000
   1302.90      1479.07      0.00     1.00       0.0000    0.0000
   1403.10      1480.49      0.00     1.00       0.0000    0.0000
   1503.40      1481.43      0.00     1.00       0.0000    0.0000
   1603.60      1482.13      0.00     1.00       0.0000    0.0000
   1703.80      1481.20      0.00     1.00       0.0000    0.0000
   1804.00      1483.35      0.00     1.00       0.0000    0.0000
   1904.30      1478.75      0.00     1.00       0.0000    0.0000
   2004.50      1484.32      0.00     1.00       0.0000    0.0000
   2104.70      1482.87      0.00     1.00       0.0000    0.0000
   2204.90      1484.86      0.00     1.00       0.0000    0.0000
   2305.20      1483.59      0.00     1.00       0.0000    0.0000
   2405.40      1483.10      0.00     1.00       0.0000    0.0000
   2505.60      1486.13      0.00     1.00       0.0000    0.0000
   2605.80      1483.89      0.00     1.00       0.0000    0.0000
   2706.10      1486.08      0.00     1.00       0.0000    0.0000
   2806.30      1485.98      0.00     1.00       0.0000    0.0000
   2906.50      1487.47      0.00     1.00       0.0000    0.0000
   3006.70      1489.46      0.00     1.00       0.0000    0.0000
   3107.00      1488.05      0.00     1.00       0.0000    0.0000
   3207.20      1489.79      0.00     1.00       0.0000    0.0000
   3307.40      1490.95      0.00     1.00       0.0000    0.0000
   3407.60      1489.46      0.00     1.00       0.0000    0.0000
   3507.90      1490.01      0.00     1.00       0.0000    0.0000
   3608.10      1493.48      0.00     1.00       0.0000    0.0000
   3708.30      1491.84      0.00     1.00       0.0000    0.0000
   3808.50      1493.25      0.00     1.00       0.0000    0.0000
   3908.70      1493.77      0.00     1.00       0.0000    0.0000
   4009.00      1491.75      0.00     1.00       0.0000    0.0000
   4109.20      1492.93      0.00     1.00       0.0000    0.0000
   4209.40      1495.16      0.00     1.00       0.0000    0.0000
   4309.60      1492.03      0.00     1.00       0.0000    0.0000
   4409.90      1495.34      0.00     1.00       0.0000    0.0000
   4510.10      1494.89      0.00     1.00       0.0000    0.0000
   4610.30      1498.38      0.00     1.00       0.0000    0.0000
   4710.50      1497.76      0.00     1.00       0.0000    0.0000
   4810.80      1499.56      0.00     1.00       0.0000    0.0000
   4911.00      1498.24      0.00     1.00       0.0000    0.0000
   5011.20      1498.65      0.00     1.00       0.0000    0.0000
   5111.40      1498.90      0.00     1.00       0.0000    0.0000
   5211.70      1499.13      0.00     1.00       0.0000    0.0000
   5311.90      1504.44      0.00     1.00       0.0000    0.0000

                                 ( RMS roughness =   0.00     )
     ACOUSTO-ELASTIC half-space
   5511.90      1600.00      0.00     1.80       0.0000    0.0000

 __________________________________________________________________________

 Number of Source   depths, Sz =            1
 Source   depths, Sz (m)
   106.400    


 __________________________________________________________________________

 Number of Receiver depths, Rz =           75
 Receiver depths, Rz (m)
   0.00000       83.2689       166.538       249.807       333.076    
   416.345       499.614       582.882       666.151       749.420    
          ... 
   6161.90    

 Warning in ReadSzRz : Receiver below or too near the bottom bdry has been moved up

 __________________________________________________________________________

 Number of Receiver ranges, Rr =          201
 Receiver ranges, Rr (km)
   0.00000      0.257000      0.514000      0.771000       1.02800    
   1.28500       1.54200       1.79900       2.05600       2.31300    
          ... 
   51.4000    


 Coherent TL calculation
 Geometric hat beams in Cartesian coordinates
 Point source (cylindrical coordinates)
 Rectilinear receiver grid: Receivers at Rr( : ) x Rz( : )
 __________________________________________________________________________

 Number of beams in elevation   =        11420
 Beam take-off angles (degrees)
  -82.7000      -82.6865      -82.6731      -82.6596      -82.6462    
  -82.6327      -82.6192      -82.6058      -82.5923      -82.5789    
          ... 
   71.0000    

 __________________________________________________________________________


 Step length,       deltas =   0.000     m

 Maximum ray depth, Box%z  =   6162.     m
 Maximum ray range, Box%r  =   50.00    km
 No beam shift in effect


 Step length,       deltas =   531.2     m (automatically selected)

Tracing beam       1    -82.70

 Geometric hat beams                     
 halfwidth  =    1834.4121891508341     
 epsilonOpt =  (  0.0000000000000000     ,  11744071711.256920     )
 EpsMult    =    1.0000000000000000     

Tracing beam     229    -79.63
Tracing beam     457    -76.56
Tracing beam     685    -73.49
Tracing beam     913    -70.42
Tracing beam    1141    -67.36
Tracing beam    1369    -64.29
Tracing beam    1597    -61.22
Tracing beam    1825    -58.15
Tracing beam    2053    -55.08
Tracing beam    2281    -52.01
Tracing beam    2509    -48.94
Tracing beam    2737    -45.87
Tracing beam    2965    -42.80
Tracing beam    3193    -39.74
Tracing beam    3421    -36.67
Tracing beam    3649    -33.60
Tracing beam    3877    -30.53
Tracing beam    4105    -27.46
Tracing beam    4333    -24.39
Tracing beam    4561    -21.32
Tracing beam    4789    -18.25
Tracing beam    5017    -15.18
Tracing beam    5245    -12.12
Tracing beam    5473     -9.05
Tracing beam    5701     -5.98
Tracing beam    5929     -2.91
Tracing beam    6157      0.16
Tracing beam    6385      3.23
Tracing beam    6613      6.30
Tracing beam    6841      9.37
Tracing beam    7069     12.44
Tracing beam    7297     15.50
Tracing beam    7525     18.57
Tracing beam    7753     21.64
Tracing beam    7981     24.71
Tracing beam    8209     27.78
Tracing beam    8437     30.85
Tracing beam    8665     33.92
Tracing beam    8893     36.99
Tracing beam    9121     40.06
Tracing beam    9349     43.12
Tracing beam    9577     46.19
Tracing beam    9805     49.26
Tracing beam   10033     52.33
Tracing beam   10261     55.40
Tracing beam   10489     58.47
Tracing beam   10717     61.54
Tracing beam   10945     64.61
Tracing beam   11173     67.68
Tracing beam   11401     70.74

 CPU Time =        1.56    s
