 BELLHOP/BELLHOP3D

 BELLHOP- Shallow Water Environment ARR Mode                                     
 frequency =   2186.     Hz

 Dummy parameter NMedia =            1

     Spline approximation to SSP
     Attenuation units: dB/mkHz
     VACUUM

 Depth =     531.90 m

 Sound speed profile:
   z (m)     alphaR (m/s)   betaR  rho (g/cm^3)  alphaI     betaI

      0.00      1504.09      0.00     1.00       0.0000    0.0000
     16.60      1500.28      0.00     1.00       0.0000    0.0000
     33.20      1502.71      0.00     1.00       0.0000    0.0000
     49.90      1499.34      0.00     1.00       0.0000    0.0000
     66.50      1499.74      0.00     1.00       0.0000    0.0000
     83.10      1498.16      0.00     1.00       0.0000    0.0000
     99.70      1495.99      0.00     1.00       0.0000    0.0000
    116.30      1502.06      0.00     1.00       0.0000    0.0000
    133.00      1502.62      0.00     1.00       0.0000    0.0000
    149.60      1499.33      0.00     1.00       0.0000    0.0000
    166.20      1501.78      0.00     1.00       0.0000    0.0000
    182.80      1498.71      0.00     1.00       0.0000    0.0000
    199.50      1498.68      0.00     1.00       0.0000    0.0000
    216.10      1499.63      0.00     1.00       0.0000    0.0000
    232.70      1497.27      0.00     1.00       0.0000    0.0000
    249.30      1497.76      0.00     1.00       0.0000    0.0000
    265.90      1496.67      0.00     1.00       0.0000    0.0000
    282.60      1496.78      0.00     1.00       0.0000    0.0000
    299.20      1492.46      0.00     1.00       0.0000    0.0000
    315.80      1492.74      0.00     1.00       0.0000    0.0000
    332.40      1495.87      0.00     1.00       0.0000    0.0000
    349.00      1495.97      0.00     1.00       0.0000    0.0000
    365.70      1492.52      0.00     1.00       0.0000    0.0000
    382.30      1493.00      0.00     1.00       0.0000    0.0000
    398.90      1493.30      0.00     1.00       0.0000    0.0000
    415.50      1493.40      0.00     1.00       0.0000    0.0000
    432.10      1488.82      0.00     1.00       0.0000    0.0000
    448.80      1490.05      0.00     1.00       0.0000    0.0000
    465.40      1490.41      0.00     1.00       0.0000    0.0000
    482.00      1491.49      0.00     1.00       0.0000    0.0000
    498.60      1493.73      0.00     1.00       0.0000    0.0000
    515.20      1489.20      0.00     1.00       0.0000    0.0000
    531.90      1487.00      0.00     1.00       0.0000    0.0000

                                 ( RMS roughness =   0.00     )
     ACOUSTO-ELASTIC half-space
    731.90      1600.00      0.00     1.80       0.0000    0.0000

 __________________________________________________________________________

 Number of Source   depths, Sz =            1
 Source   depths, Sz (m)
   152.600    


 __________________________________________________________________________

 Number of Receiver depths, Rz =           34
 Receiver depths, Rz (m)
   0.00000       41.8758       83.7515       125.627       167.503    
   209.379       251.255       293.130       335.006       376.882    
          ... 
   1381.90    

 Warning in ReadSzRz : Receiver below or too near the bottom bdry has been moved up

 __________________________________________________________________________

 Number of Receiver ranges, Rr =          201
 Receiver ranges, Rr (km)
   0.00000      0.205000      0.410000      0.615000      0.820000    
   1.02500       1.23000       1.43500       1.64000       1.84500    
          ... 
   41.0000    


 Arrivals calculation, ASCII  file output
 Geometric hat beams in Cartesian coordinates
 Point source (cylindrical coordinates)
 Rectilinear receiver grid: Receivers at Rr( : ) x Rz( : )
 __________________________________________________________________________

 Number of beams in elevation   =           23
 Beam take-off angles (degrees)
  -15.4000      -14.0000      -12.6000      -11.2000      -9.80000    
  -8.40000      -7.00000      -5.60000      -4.20000      -2.80000    
          ... 
   15.4000    

 __________________________________________________________________________


 Step length,       deltas =   0.000     m

 Maximum ray depth, Box%z  =   1382.     m
 Maximum ray range, Box%r  =   50.00    km
 No beam shift in effect


 Step length,       deltas =   53.19     m (automatically selected)

 ( Maximum # of arrivals =         2926 )

Tracing beam       1    -15.40

 Geometric hat beams                     
 halfwidth  =    8.9383387245069947     
 epsilonOpt =  (  0.0000000000000000     ,  548547.57637120970     )
 EpsMult    =    1.0000000000000000     

Tracing beam       2    -14.00
Tracing beam       3    -12.60
Tracing beam       4    -11.20
Tracing beam       5     -9.80
Tracing beam       6     -8.40
Tracing beam       7     -7.00
Tracing beam       8     -5.60
Tracing beam       9     -4.20
Tracing beam      10     -2.80
Tracing beam      11     -1.40
Tracing beam      12      0.00
Tracing beam      13      1.40
Tracing beam      14      2.80
Tracing beam      15      4.20
Tracing beam      16      5.60
Tracing beam      17      7.00
Tracing beam      18      8.40
Tracing beam      19      9.80
Tracing beam      20     11.20
Tracing beam      21     12.60
Tracing beam      22     14.00
Tracing beam      23     15.40

 CPU Time =       0.188    s
