 BELLHOP/BELLHOP3D

 BELLHOP- Shallow Water Environment RAY Mode                                     
 frequency =   2186.     Hz

 Dummy parameter NMedia =            1

     Spline approximation to SSP
     Attenuation units: dB/mkHz
     VACUUM

 Depth =     531.90 m

 Sound speed profile:
   z (m)     alphaR (m/s)   betaR  rho (g/cm^3)  alphaI     betaI

      0.00      1504.09      0.00     1.00       0.0000    0.0000
     16.60      1500.28      0.00     1.00       0.0000    0.0000
     33.20      1502.71      0.00     1.00       0.0000    0.0000
     49.90      1499.34      0.00     1.00       0.0000    0.0000
     66.50      1499.74      0.00     1.00       0.0000    0.0000
     83.10      1498.16      0.00     1.00       0.0000    0.0000
     99.70      1495.99      0.00     1.00       0.0000    0.0000
    116.30      1502.06      0.00     1.00       0.0000    0.0000
    133.00      1502.62      0.00     1.00       0.0000    0.0000
    149.60      1499.33      0.00     1.00       0.0000    0.0000
    166.20      1501.78      0.00     1.00       0.0000    0.0000
    182.80      1498.71      0.00     1.00       0.0000    0.0000
    199.50      1498.68      0.00     1.00       0.0000    0.0000
    216.10      1499.63      0.00     1.00       0.0000    0.0000
    232.70      1497.27      0.00     1.00       0.0000    0.0000
    249.30      1497.76      0.00     1.00       0.0000    0.0000
    265.90      1496.67      0.00     1.00       0.0000    0.0000
    282.60      1496.78      0.00     1.00       0.0000    0.0000
    299.20      1492.46      0.00     1.00       0.0000    0.0000
    315.80      1492.74      0.00     1.00       0.0000    0.0000
    332.40      1495.87      0.00     1.00       0.0000    0.0000
    349.00      1495.97      0.00     1.00       0.0000    0.0000
    365.70      1492.52      0.00     1.00       0.0000    0.0000
    382.30      1493.00      0.00     1.00       0.0000    0.0000
    398.90      1493.30      0.00     1.00       0.0000    0.0000
    415.50      1493.40      0.00     1.00       0.0000    0.0000
    432.10      1488.82      0.00     1.00       0.0000    0.0000
    448.80      1490.05      0.00     1.00       0.0000    0.0000
    465.40      1490.41      0.00     1.00       0.0000    0.0000
    482.00      1491.49      0.00     1.00       0.0000    0.0000
    498.60      1493.73      0.00     1.00       0.0000    0.0000
    515.20      1489.20      0.00     1.00       0.0000    0.0000
    531.90      1487.00      0.00     1.00       0.0000    0.0000

                                 ( RMS roughness =   0.00     )
     ACOUSTO-ELASTIC half-space
    731.90      1600.00      0.00     1.80       0.0000    0.0000

 __________________________________________________________________________

 Number of Source   depths, Sz =            2
 Source   depths, Sz (m)
   57.9000       298.900    


 __________________________________________________________________________

 Number of Receiver depths, Rz =           47
 Receiver depths, Rz (m)
   0.00000       30.0413       60.0826       90.1239       120.165    
   150.207       180.248       210.289       240.330       270.372    
          ... 
   1381.90    

 Warning in ReadSzRz : Receiver below or too near the bottom bdry has been moved up

 __________________________________________________________________________

 Number of Receiver ranges, Rr =          201
 Receiver ranges, Rr (km)
   0.00000      0.224500      0.449000      0.673500      0.898000    
   1.12250       1.34700       1.57150       1.79600       2.02050    
          ... 
   44.9000    


 Ray trace run
 Geometric hat beams in Cartesian coordinates
 Point source (cylindrical coordinates)
 Rectilinear receiver grid: Receivers at Rr( : ) x Rz( : )
 __________________________________________________________________________

 Number of beams in elevation   =           39
 Beam take-off angles (degrees)
  -12.7000      -12.0316      -11.3632      -10.6947      -10.0263    
  -9.35789      -8.68947      -8.02105      -7.35263      -6.68421    
          ... 
   12.7000    

 __________________________________________________________________________


 Step length,       deltas =   0.000     m

 Maximum ray depth, Box%z  =   1382.     m
 Maximum ray range, Box%r  =   50.00    km
 No beam shift in effect


 Step length,       deltas =   53.19     m (automatically selected)

Tracing beam       1    -12.70
Tracing beam       2    -12.03
Tracing beam       3    -11.36
Tracing beam       4    -10.69
Tracing beam       5    -10.03
Tracing beam       6     -9.36
Tracing beam       7     -8.69
Tracing beam       8     -8.02
Tracing beam       9     -7.35
Tracing beam      10     -6.68
Tracing beam      11     -6.02
Tracing beam      12     -5.35
Tracing beam      13     -4.68
Tracing beam      14     -4.01
Tracing beam      15     -3.34
Tracing beam      16     -2.67
Tracing beam      17     -2.01
Tracing beam      18     -1.34
Tracing beam      19     -0.67
Tracing beam      20      0.00
Tracing beam      21      0.67
Tracing beam      22      1.34
Tracing beam      23      2.01
Tracing beam      24      2.67
Tracing beam      25      3.34
Tracing beam      26      4.01
Tracing beam      27      4.68
Tracing beam      28      5.35
Tracing beam      29      6.02
Tracing beam      30      6.68
Tracing beam      31      7.35
Tracing beam      32      8.02
Tracing beam      33      8.69
Tracing beam      34      9.36
Tracing beam      35     10.03
Tracing beam      36     10.69
Tracing beam      37     11.36
Tracing beam      38     12.03
Tracing beam      39     12.70
Tracing beam       1    -12.70
Tracing beam       2    -12.03
Tracing beam       3    -11.36
Tracing beam       4    -10.69
Tracing beam       5    -10.03
Tracing beam       6     -9.36
Tracing beam       7     -8.69
Tracing beam       8     -8.02
Tracing beam       9     -7.35
Tracing beam      10     -6.68
Tracing beam      11     -6.02
Tracing beam      12     -5.35
Tracing beam      13     -4.68
Tracing beam      14     -4.01
Tracing beam      15     -3.34
Tracing beam      16     -2.67
Tracing beam      17     -2.01
Tracing beam      18     -1.34
Tracing beam      19     -0.67
Tracing beam      20      0.00
Tracing beam      21      0.67
Tracing beam      22      1.34
Tracing beam      23      2.01
Tracing beam      24      2.67
Tracing beam      25      3.34
Tracing beam      26      4.01
Tracing beam      27      4.68
Tracing beam      28      5.35
Tracing beam      29      6.02
Tracing beam      30      6.68
Tracing beam      31      7.35
Tracing beam      32      8.02
Tracing beam      33      8.69
Tracing beam      34      9.36
Tracing beam      35     10.03
Tracing beam      36     10.69
Tracing beam      37     11.36
Tracing beam      38     12.03
Tracing beam      39     12.70

 CPU Time =       0.219    s
