 BELLHOP/BELLHOP3D

 BELLHOP- Shallow Water Environment SHD Mode                                     
 frequency =   2186.     Hz

 Dummy parameter NMedia =            1

     Spline approximation to SSP
     Attenuation units: dB/mkHz
     VACUUM

 Depth =     531.90 m

 Sound speed profile:
   z (m)     alphaR (m/s)   betaR  rho (g/cm^3)  alphaI     betaI

      0.00      1504.09      0.00     1.00       0.0000    0.0000
     16.60      1500.28      0.00     1.00       0.0000    0.0000
     33.20      1502.71      0.00     1.00       0.0000    0.0000
     49.90      1499.34      0.00     1.00       0.0000    0.0000
     66.50      1499.74      0.00     1.00       0.0000    0.0000
     83.10      1498.16      0.00     1.00       0.0000    0.0000
     99.70      1495.99      0.00     1.00       0.0000    0.0000
    116.30      1502.06      0.00     1.00       0.0000    0.0000
    133.00      1502.62      0.00     1.00       0.0000    0.0000
    149.60      1499.33      0.00     1.00       0.0000    0.0000
    166.20      1501.78      0.00     1.00       0.0000    0.0000
    182.80      1498.71      0.00     1.00       0.0000    0.0000
    199.50      1498.68      0.00     1.00       0.0000    0.0000
    216.10      1499.63      0.00     1.00       0.0000    0.0000
    232.70      1497.27      0.00     1.00       0.0000    0.0000
    249.30      1497.76      0.00     1.00       0.0000    0.0000
    265.90      1496.67      0.00     1.00       0.0000    0.0000
    282.60      1496.78      0.00     1.00       0.0000    0.0000
    299.20      1492.46      0.00     1.00       0.0000    0.0000
    315.80      1492.74      0.00     1.00       0.0000    0.0000
    332.40      1495.87      0.00     1.00       0.0000    0.0000
    349.00      1495.97      0.00     1.00       0.0000    0.0000
    365.70      1492.52      0.00     1.00       0.0000    0.0000
    382.30      1493.00      0.00     1.00       0.0000    0.0000
    398.90      1493.30      0.00     1.00       0.0000    0.0000
    415.50      1493.40      0.00     1.00       0.0000    0.0000
    432.10      1488.82      0.00     1.00       0.0000    0.0000
    448.80      1490.05      0.00     1.00       0.0000    0.0000
    465.40      1490.41      0.00     1.00       0.0000    0.0000
    482.00      1491.49      0.00     1.00       0.0000    0.0000
    498.60      1493.73      0.00     1.00       0.0000    0.0000
    515.20      1489.20      0.00     1.00       0.0000    0.0000
    531.90      1487.00      0.00     1.00       0.0000    0.0000

                                 ( RMS roughness =   0.00     )
     ACOUSTO-ELASTIC half-space
    731.90      1600.00      0.00     1.80       0.0000    0.0000

 __________________________________________________________________________

 Number of Source   depths, Sz =            1
 Source   depths, Sz (m)
   172.300    


 __________________________________________________________________________

 Number of Receiver depths, Rz =           78
 Receiver depths, Rz (m)
   0.00000       17.9468       35.8935       53.8403       71.7870    
   89.7338       107.681       125.627       143.574       161.521    
          ... 
   1381.90    

 Warning in ReadSzRz : Receiver below or too near the bottom bdry has been moved up

 __________________________________________________________________________

 Number of Receiver ranges, Rr =          201
 Receiver ranges, Rr (km)
   0.00000      0.201500      0.403000      0.604500      0.806000    
   1.00750       1.20900       1.41050       1.61200       1.81350    
          ... 
   40.3000    


 Coherent TL calculation
 Geometric hat beams in Cartesian coordinates
 Point source (cylindrical coordinates)
 Rectilinear receiver grid: Receivers at Rr( : ) x Rz( : )
 __________________________________________________________________________

 Number of beams in elevation   =        17615
 Beam take-off angles (degrees)
  -88.7000      -88.6901      -88.6801      -88.6702      -88.6603    
  -88.6503      -88.6404      -88.6305      -88.6205      -88.6106    
          ... 
   86.3000    

 __________________________________________________________________________


 Step length,       deltas =   0.000     m

 Maximum ray depth, Box%z  =   1382.     m
 Maximum ray range, Box%r  =   50.00    km
 No beam shift in effect


 Step length,       deltas =   53.19     m (automatically selected)

Tracing beam       1    -88.70

 Geometric hat beams                     
 halfwidth  =    1260.8228081005427     
 epsilonOpt =  (  0.0000000000000000     ,  10914624437.104980     )
 EpsMult    =    1.0000000000000000     

Tracing beam     353    -85.20
Tracing beam     705    -81.71
Tracing beam    1057    -78.21
Tracing beam    1409    -74.71
Tracing beam    1761    -71.21
Tracing beam    2113    -67.72
Tracing beam    2465    -64.22
Tracing beam    2817    -60.72
Tracing beam    3169    -57.23
Tracing beam    3521    -53.73
Tracing beam    3873    -50.23
Tracing beam    4225    -46.73
Tracing beam    4577    -43.24
Tracing beam    4929    -39.74
Tracing beam    5281    -36.24
Tracing beam    5633    -32.74
Tracing beam    5985    -29.25
Tracing beam    6337    -25.75
Tracing beam    6689    -22.25
Tracing beam    7041    -18.76
Tracing beam    7393    -15.26
Tracing beam    7745    -11.76
Tracing beam    8097     -8.26
Tracing beam    8449     -4.77
Tracing beam    8801     -1.27
Tracing beam    9153      2.23
Tracing beam    9505      5.72
Tracing beam    9857      9.22
Tracing beam   10209     12.72
Tracing beam   10561     16.22
Tracing beam   10913     19.71
Tracing beam   11265     23.21
Tracing beam   11617     26.71
Tracing beam   11969     30.21
Tracing beam   12321     33.70
Tracing beam   12673     37.20
Tracing beam   13025     40.70
Tracing beam   13377     44.19
Tracing beam   13729     47.69
Tracing beam   14081     51.19
Tracing beam   14433     54.69
Tracing beam   14785     58.18
Tracing beam   15137     61.68
Tracing beam   15489     65.18
Tracing beam   15841     68.67
Tracing beam   16193     72.17
Tracing beam   16545     75.67
Tracing beam   16897     79.17
Tracing beam   17249     82.66
Tracing beam   17601     86.16

 CPU Time =        3.14    s
