 BELLHOP/BELLHOP3D

 BELLHOP- Tropical Ocean Environment RAY Mode                                    
 frequency =   1497.     Hz

 Dummy parameter NMedia =            1

     Spline approximation to SSP
     Attenuation units: dB/mkHz
     VACUUM

 Depth =    3089.20 m

 Sound speed profile:
   z (m)     alphaR (m/s)   betaR  rho (g/cm^3)  alphaI     betaI

      0.00      1516.22      0.00     1.00       0.0000    0.0000
     79.20      1510.42      0.00     1.00       0.0000    0.0000
    158.40      1514.74      0.00     1.00       0.0000    0.0000
    237.60      1511.58      0.00     1.00       0.0000    0.0000
    316.80      1507.73      0.00     1.00       0.0000    0.0000
    396.00      1504.88      0.00     1.00       0.0000    0.0000
    475.30      1503.68      0.00     1.00       0.0000    0.0000
    554.50      1500.44      0.00     1.00       0.0000    0.0000
    633.70      1496.74      0.00     1.00       0.0000    0.0000
    712.90      1495.70      0.00     1.00       0.0000    0.0000
    792.10      1495.37      0.00     1.00       0.0000    0.0000
    871.30      1490.38      0.00     1.00       0.0000    0.0000
    950.50      1491.30      0.00     1.00       0.0000    0.0000
   1029.70      1484.79      0.00     1.00       0.0000    0.0000
   1108.90      1486.38      0.00     1.00       0.0000    0.0000
   1188.10      1486.89      0.00     1.00       0.0000    0.0000
   1267.40      1487.49      0.00     1.00       0.0000    0.0000
   1346.60      1487.14      0.00     1.00       0.0000    0.0000
   1425.80      1486.20      0.00     1.00       0.0000    0.0000
   1505.00      1488.24      0.00     1.00       0.0000    0.0000
   1584.20      1486.34      0.00     1.00       0.0000    0.0000
   1663.40      1492.07      0.00     1.00       0.0000    0.0000
   1742.60      1489.69      0.00     1.00       0.0000    0.0000
   1821.80      1490.91      0.00     1.00       0.0000    0.0000
   1901.00      1494.09      0.00     1.00       0.0000    0.0000
   1980.20      1490.88      0.00     1.00       0.0000    0.0000
   2059.40      1492.31      0.00     1.00       0.0000    0.0000
   2138.70      1495.29      0.00     1.00       0.0000    0.0000
   2217.90      1496.46      0.00     1.00       0.0000    0.0000
   2297.10      1496.37      0.00     1.00       0.0000    0.0000
   2376.30      1497.21      0.00     1.00       0.0000    0.0000
   2455.50      1499.96      0.00     1.00       0.0000    0.0000
   2534.70      1499.81      0.00     1.00       0.0000    0.0000
   2613.90      1500.40      0.00     1.00       0.0000    0.0000
   2693.10      1501.61      0.00     1.00       0.0000    0.0000
   2772.30      1500.79      0.00     1.00       0.0000    0.0000
   2851.50      1505.29      0.00     1.00       0.0000    0.0000
   2930.80      1499.36      0.00     1.00       0.0000    0.0000
   3010.00      1505.81      0.00     1.00       0.0000    0.0000
   3089.20      1505.77      0.00     1.00       0.0000    0.0000

                                 ( RMS roughness =   0.00     )
     ACOUSTO-ELASTIC half-space
   3289.20      1600.00      0.00     1.80       0.0000    0.0000

 __________________________________________________________________________

 Number of Source   depths, Sz =            3
 Source   depths, Sz (m)
   120.000       162.700       293.400    


 __________________________________________________________________________

 Number of Receiver depths, Rz =           41
 Receiver depths, Rz (m)
   0.00000       98.4800       196.960       295.440       393.920    
   492.400       590.880       689.360       787.840       886.320    
          ... 
   3939.20    

 Warning in ReadSzRz : Receiver below or too near the bottom bdry has been moved up

 __________________________________________________________________________

 Number of Receiver ranges, Rr =          201
 Receiver ranges, Rr (km)
   0.00000      0.226000      0.452000      0.678000      0.904000    
   1.13000       1.35600       1.58200       1.80800       2.03400    
          ... 
   45.2000    


 Ray trace run
 Geometric hat beams in Cartesian coordinates
 Point source (cylindrical coordinates)
 Rectilinear receiver grid: Receivers at Rr( : ) x Rz( : )
 __________________________________________________________________________

 Number of beams in elevation   =           36
 Beam take-off angles (degrees)
  -18.9000      -17.8200      -16.7400      -15.6600      -14.5800    
  -13.5000      -12.4200      -11.3400      -10.2600      -9.18000    
          ... 
   18.9000    

 __________________________________________________________________________


 Step length,       deltas =   0.000     m

 Maximum ray depth, Box%z  =   3939.     m
 Maximum ray range, Box%r  =   50.00    km
 No beam shift in effect


 Step length,       deltas =   308.9     m (automatically selected)

Tracing beam       1    -18.90
Tracing beam       2    -17.82
Tracing beam       3    -16.74
Tracing beam       4    -15.66
Tracing beam       5    -14.58
Tracing beam       6    -13.50
Tracing beam       7    -12.42
Tracing beam       8    -11.34
Tracing beam       9    -10.26
Tracing beam      10     -9.18
Tracing beam      11     -8.10
Tracing beam      12     -7.02
Tracing beam      13     -5.94
Tracing beam      14     -4.86
Tracing beam      15     -3.78
Tracing beam      16     -2.70
Tracing beam      17     -1.62
Tracing beam      18     -0.54
Tracing beam      19      0.54
Tracing beam      20      1.62
Tracing beam      21      2.70
Tracing beam      22      3.78
Tracing beam      23      4.86
Tracing beam      24      5.94
Tracing beam      25      7.02
Tracing beam      26      8.10
Tracing beam      27      9.18
Tracing beam      28     10.26
Tracing beam      29     11.34
Tracing beam      30     12.42
Tracing beam      31     13.50
Tracing beam      32     14.58
Tracing beam      33     15.66
Tracing beam      34     16.74
Tracing beam      35     17.82
Tracing beam      36     18.90
Tracing beam       1    -18.90
Tracing beam       2    -17.82
Tracing beam       3    -16.74
Tracing beam       4    -15.66
Tracing beam       5    -14.58
Tracing beam       6    -13.50
Tracing beam       7    -12.42
Tracing beam       8    -11.34
Tracing beam       9    -10.26
Tracing beam      10     -9.18
Tracing beam      11     -8.10
Tracing beam      12     -7.02
Tracing beam      13     -5.94
Tracing beam      14     -4.86
Tracing beam      15     -3.78
Tracing beam      16     -2.70
Tracing beam      17     -1.62
Tracing beam      18     -0.54
Tracing beam      19      0.54
Tracing beam      20      1.62
Tracing beam      21      2.70
Tracing beam      22      3.78
Tracing beam      23      4.86
Tracing beam      24      5.94
Tracing beam      25      7.02
Tracing beam      26      8.10
Tracing beam      27      9.18
Tracing beam      28     10.26
Tracing beam      29     11.34
Tracing beam      30     12.42
Tracing beam      31     13.50
Tracing beam      32     14.58
Tracing beam      33     15.66
Tracing beam      34     16.74
Tracing beam      35     17.82
Tracing beam      36     18.90
Tracing beam       1    -18.90
Tracing beam       2    -17.82
Tracing beam       3    -16.74
Tracing beam       4    -15.66
Tracing beam       5    -14.58
Tracing beam       6    -13.50
Tracing beam       7    -12.42
Tracing beam       8    -11.34
Tracing beam       9    -10.26
Tracing beam      10     -9.18
Tracing beam      11     -8.10
Tracing beam      12     -7.02
Tracing beam      13     -5.94
Tracing beam      14     -4.86
Tracing beam      15     -3.78
Tracing beam      16     -2.70
Tracing beam      17     -1.62
Tracing beam      18     -0.54
Tracing beam      19      0.54
Tracing beam      20      1.62
Tracing beam      21      2.70
Tracing beam      22      3.78
Tracing beam      23      4.86
Tracing beam      24      5.94
Tracing beam      25      7.02
Tracing beam      26      8.10
Tracing beam      27      9.18
Tracing beam      28     10.26
Tracing beam      29     11.34
Tracing beam      30     12.42
Tracing beam      31     13.50
Tracing beam      32     14.58
Tracing beam      33     15.66
Tracing beam      34     16.74
Tracing beam      35     17.82
Tracing beam      36     18.90

 CPU Time =       0.781E-01s
