 BELLHOP/BELLHOP3D

 BELLHOP- Tropical Ocean Environment ARR Mode                                    
 frequency =   1497.     Hz

 Dummy parameter NMedia =            1

     Spline approximation to SSP
     Attenuation units: dB/mkHz
     VACUUM

 Depth =    3089.20 m

 Sound speed profile:
   z (m)     alphaR (m/s)   betaR  rho (g/cm^3)  alphaI     betaI

      0.00      1516.22      0.00     1.00       0.0000    0.0000
     79.20      1510.42      0.00     1.00       0.0000    0.0000
    158.40      1514.74      0.00     1.00       0.0000    0.0000
    237.60      1511.58      0.00     1.00       0.0000    0.0000
    316.80      1507.73      0.00     1.00       0.0000    0.0000
    396.00      1504.88      0.00     1.00       0.0000    0.0000
    475.30      1503.68      0.00     1.00       0.0000    0.0000
    554.50      1500.44      0.00     1.00       0.0000    0.0000
    633.70      1496.74      0.00     1.00       0.0000    0.0000
    712.90      1495.70      0.00     1.00       0.0000    0.0000
    792.10      1495.37      0.00     1.00       0.0000    0.0000
    871.30      1490.38      0.00     1.00       0.0000    0.0000
    950.50      1491.30      0.00     1.00       0.0000    0.0000
   1029.70      1484.79      0.00     1.00       0.0000    0.0000
   1108.90      1486.38      0.00     1.00       0.0000    0.0000
   1188.10      1486.89      0.00     1.00       0.0000    0.0000
   1267.40      1487.49      0.00     1.00       0.0000    0.0000
   1346.60      1487.14      0.00     1.00       0.0000    0.0000
   1425.80      1486.20      0.00     1.00       0.0000    0.0000
   1505.00      1488.24      0.00     1.00       0.0000    0.0000
   1584.20      1486.34      0.00     1.00       0.0000    0.0000
   1663.40      1492.07      0.00     1.00       0.0000    0.0000
   1742.60      1489.69      0.00     1.00       0.0000    0.0000
   1821.80      1490.91      0.00     1.00       0.0000    0.0000
   1901.00      1494.09      0.00     1.00       0.0000    0.0000
   1980.20      1490.88      0.00     1.00       0.0000    0.0000
   2059.40      1492.31      0.00     1.00       0.0000    0.0000
   2138.70      1495.29      0.00     1.00       0.0000    0.0000
   2217.90      1496.46      0.00     1.00       0.0000    0.0000
   2297.10      1496.37      0.00     1.00       0.0000    0.0000
   2376.30      1497.21      0.00     1.00       0.0000    0.0000
   2455.50      1499.96      0.00     1.00       0.0000    0.0000
   2534.70      1499.81      0.00     1.00       0.0000    0.0000
   2613.90      1500.40      0.00     1.00       0.0000    0.0000
   2693.10      1501.61      0.00     1.00       0.0000    0.0000
   2772.30      1500.79      0.00     1.00       0.0000    0.0000
   2851.50      1505.29      0.00     1.00       0.0000    0.0000
   2930.80      1499.36      0.00     1.00       0.0000    0.0000
   3010.00      1505.81      0.00     1.00       0.0000    0.0000
   3089.20      1505.77      0.00     1.00       0.0000    0.0000

                                 ( RMS roughness =   0.00     )
     ACOUSTO-ELASTIC half-space
   3289.20      1600.00      0.00     1.80       0.0000    0.0000

 __________________________________________________________________________

 Number of Source   depths, Sz =            2
 Source   depths, Sz (m)
   109.300       156.600    


 __________________________________________________________________________

 Number of Receiver depths, Rz =           38
 Receiver depths, Rz (m)
   0.00000       106.465       212.930       319.395       425.859    
   532.324       638.789       745.254       851.719       958.184    
          ... 
   3939.20    

 Warning in ReadSzRz : Receiver below or too near the bottom bdry has been moved up

 __________________________________________________________________________

 Number of Receiver ranges, Rr =          201
 Receiver ranges, Rr (km)
   0.00000      0.262000      0.524000      0.786000       1.04800    
   1.31000       1.57200       1.83400       2.09600       2.35800    
          ... 
   52.4000    


 Arrivals calculation, ASCII  file output
 Geometric hat beams in Cartesian coordinates
 Point source (cylindrical coordinates)
 Rectilinear receiver grid: Receivers at Rr( : ) x Rz( : )
 __________________________________________________________________________

 Number of beams in elevation   =           36
 Beam take-off angles (degrees)
  -14.2000      -13.3886      -12.5771      -11.7657      -10.9543    
  -10.1429      -9.33143      -8.52000      -7.70857      -6.89714    
          ... 
   14.2000    

 __________________________________________________________________________


 Step length,       deltas =   0.000     m

 Maximum ray depth, Box%z  =   3939.     m
 Maximum ray range, Box%r  =   50.00    km
 No beam shift in effect


 Step length,       deltas =   308.9     m (automatically selected)

 ( Maximum # of arrivals =         2618 )

Tracing beam       1    -14.20

 Geometric hat beams                     
 halfwidth  =    22.705878369667222     
 epsilonOpt =  (  0.0000000000000000     ,  2424483.7369980984     )
 EpsMult    =    1.0000000000000000     

Tracing beam       2    -13.39
Tracing beam       3    -12.58
Tracing beam       4    -11.77
Tracing beam       5    -10.95
Tracing beam       6    -10.14
Tracing beam       7     -9.33
Tracing beam       8     -8.52
Tracing beam       9     -7.71
Tracing beam      10     -6.90
Tracing beam      11     -6.09
Tracing beam      12     -5.27
Tracing beam      13     -4.46
Tracing beam      14     -3.65
Tracing beam      15     -2.84
Tracing beam      16     -2.03
Tracing beam      17     -1.22
Tracing beam      18     -0.41
Tracing beam      19      0.41
Tracing beam      20      1.22
Tracing beam      21      2.03
Tracing beam      22      2.84
Tracing beam      23      3.65
Tracing beam      24      4.46
Tracing beam      25      5.27
Tracing beam      26      6.09
Tracing beam      27      6.90
Tracing beam      28      7.71
Tracing beam      29      8.52
Tracing beam      30      9.33
Tracing beam      31     10.14
Tracing beam      32     10.95
Tracing beam      33     11.77
Tracing beam      34     12.58
Tracing beam      35     13.39
Tracing beam      36     14.20
Tracing beam       1    -14.20
Tracing beam       2    -13.39
Tracing beam       3    -12.58
Tracing beam       4    -11.77
Tracing beam       5    -10.95
Tracing beam       6    -10.14
Tracing beam       7     -9.33
Tracing beam       8     -8.52
Tracing beam       9     -7.71
Tracing beam      10     -6.90
Tracing beam      11     -6.09
Tracing beam      12     -5.27
Tracing beam      13     -4.46
Tracing beam      14     -3.65
Tracing beam      15     -2.84
Tracing beam      16     -2.03
Tracing beam      17     -1.22
Tracing beam      18     -0.41
Tracing beam      19      0.41
Tracing beam      20      1.22
Tracing beam      21      2.03
Tracing beam      22      2.84
Tracing beam      23      3.65
Tracing beam      24      4.46
Tracing beam      25      5.27
Tracing beam      26      6.09
Tracing beam      27      6.90
Tracing beam      28      7.71
Tracing beam      29      8.52
Tracing beam      30      9.33
Tracing beam      31     10.14
Tracing beam      32     10.95
Tracing beam      33     11.77
Tracing beam      34     12.58
Tracing beam      35     13.39
Tracing beam      36     14.20

 CPU Time =       0.156    s
