 BELLHOP/BELLHOP3D

 BELLHOP- Polar Ocean Environment RAY Mode                                       
 frequency =   982.7     Hz

 Dummy parameter NMedia =            1

     Spline approximation to SSP
     Attenuation units: dB/mkHz
     VACUUM

 Depth =    2610.20 m

 Sound speed profile:
   z (m)     alphaR (m/s)   betaR  rho (g/cm^3)  alphaI     betaI

      0.00      1461.47      0.00     1.00       0.0000    0.0000
     62.10      1460.00      0.00     1.00       0.0000    0.0000
    124.30      1460.00      0.00     1.00       0.0000    0.0000
    186.40      1460.00      0.00     1.00       0.0000    0.0000
    248.60      1460.00      0.00     1.00       0.0000    0.0000
    310.70      1460.00      0.00     1.00       0.0000    0.0000
    372.90      1460.00      0.00     1.00       0.0000    0.0000
    435.00      1460.00      0.00     1.00       0.0000    0.0000
    497.20      1460.00      0.00     1.00       0.0000    0.0000
    559.30      1460.00      0.00     1.00       0.0000    0.0000
    621.50      1460.00      0.00     1.00       0.0000    0.0000
    683.60      1460.00      0.00     1.00       0.0000    0.0000
    745.80      1460.00      0.00     1.00       0.0000    0.0000
    807.90      1460.00      0.00     1.00       0.0000    0.0000
    870.10      1460.00      0.00     1.00       0.0000    0.0000
    932.20      1460.00      0.00     1.00       0.0000    0.0000
    994.30      1460.00      0.00     1.00       0.0000    0.0000
   1056.50      1460.00      0.00     1.00       0.0000    0.0000
   1118.60      1460.00      0.00     1.00       0.0000    0.0000
   1180.80      1460.00      0.00     1.00       0.0000    0.0000
   1242.90      1460.00      0.00     1.00       0.0000    0.0000
   1305.10      1460.00      0.00     1.00       0.0000    0.0000
   1367.20      1460.54      0.00     1.00       0.0000    0.0000
   1429.40      1460.00      0.00     1.00       0.0000    0.0000
   1491.50      1462.49      0.00     1.00       0.0000    0.0000
   1553.70      1462.68      0.00     1.00       0.0000    0.0000
   1615.80      1465.42      0.00     1.00       0.0000    0.0000
   1678.00      1463.57      0.00     1.00       0.0000    0.0000
   1740.10      1464.81      0.00     1.00       0.0000    0.0000
   1802.30      1461.76      0.00     1.00       0.0000    0.0000
   1864.40      1466.16      0.00     1.00       0.0000    0.0000
   1926.50      1467.16      0.00     1.00       0.0000    0.0000
   1988.70      1468.30      0.00     1.00       0.0000    0.0000
   2050.80      1466.88      0.00     1.00       0.0000    0.0000
   2113.00      1466.83      0.00     1.00       0.0000    0.0000
   2175.10      1466.36      0.00     1.00       0.0000    0.0000
   2237.30      1467.14      0.00     1.00       0.0000    0.0000
   2299.40      1469.25      0.00     1.00       0.0000    0.0000
   2361.60      1467.31      0.00     1.00       0.0000    0.0000
   2423.70      1469.44      0.00     1.00       0.0000    0.0000
   2485.90      1471.37      0.00     1.00       0.0000    0.0000
   2548.00      1471.99      0.00     1.00       0.0000    0.0000
   2610.20      1471.08      0.00     1.00       0.0000    0.0000

                                 ( RMS roughness =   0.00     )
     ACOUSTO-ELASTIC half-space
   2810.20      1600.00      0.00     1.80       0.0000    0.0000

 __________________________________________________________________________

 Number of Source   depths, Sz =            1
 Source   depths, Sz (m)
   122.500    


 __________________________________________________________________________

 Number of Receiver depths, Rz =           41
 Receiver depths, Rz (m)
   0.00000       86.5050       173.010       259.515       346.020    
   432.525       519.030       605.535       692.040       778.545    
          ... 
   3460.20    

 Warning in ReadSzRz : Receiver below or too near the bottom bdry has been moved up

 __________________________________________________________________________

 Number of Receiver ranges, Rr =          201
 Receiver ranges, Rr (km)
   0.00000      0.241500      0.483000      0.724500      0.966000    
   1.20750       1.44900       1.69050       1.93200       2.17350    
          ... 
   48.3000    


 Ray trace run
 Geometric hat beams in Cartesian coordinates
 Point source (cylindrical coordinates)
 Rectilinear receiver grid: Receivers at Rr( : ) x Rz( : )
 __________________________________________________________________________

 Number of beams in elevation   =           35
 Beam take-off angles (degrees)
  -14.0000      -13.1765      -12.3529      -11.5294      -10.7059    
  -9.88235      -9.05882      -8.23529      -7.41176      -6.58824    
          ... 
   14.0000    

 __________________________________________________________________________


 Step length,       deltas =   0.000     m

 Maximum ray depth, Box%z  =   3460.     m
 Maximum ray range, Box%r  =   50.00    km
 No beam shift in effect


 Step length,       deltas =   261.0     m (automatically selected)

Tracing beam       1    -14.00
Tracing beam       2    -13.18
Tracing beam       3    -12.35
Tracing beam       4    -11.53
Tracing beam       5    -10.71
Tracing beam       6     -9.88
Tracing beam       7     -9.06
Tracing beam       8     -8.24
Tracing beam       9     -7.41
Tracing beam      10     -6.59
Tracing beam      11     -5.76
Tracing beam      12     -4.94
Tracing beam      13     -4.12
Tracing beam      14     -3.29
Tracing beam      15     -2.47
Tracing beam      16     -1.65
Tracing beam      17     -0.82
Tracing beam      18      0.00
Tracing beam      19      0.82
Tracing beam      20      1.65
Tracing beam      21      2.47
Tracing beam      22      3.29
Tracing beam      23      4.12
Tracing beam      24      4.94
Tracing beam      25      5.76
Tracing beam      26      6.59
Tracing beam      27      7.41
Tracing beam      28      8.24
Tracing beam      29      9.06
Tracing beam      30      9.88
Tracing beam      31     10.71
Tracing beam      32     11.53
Tracing beam      33     12.35
Tracing beam      34     13.18
Tracing beam      35     14.00

 CPU Time =       0.156E-01s
