 BELLHOP/BELLHOP3D

 BELLHOP- Polar Ocean Environment ARR Mode                                       
 frequency =   982.7     Hz

 Dummy parameter NMedia =            1

     Spline approximation to SSP
     Attenuation units: dB/mkHz
     VACUUM

 Depth =    2610.20 m

 Sound speed profile:
   z (m)     alphaR (m/s)   betaR  rho (g/cm^3)  alphaI     betaI

      0.00      1461.47      0.00     1.00       0.0000    0.0000
     62.10      1460.00      0.00     1.00       0.0000    0.0000
    124.30      1460.00      0.00     1.00       0.0000    0.0000
    186.40      1460.00      0.00     1.00       0.0000    0.0000
    248.60      1460.00      0.00     1.00       0.0000    0.0000
    310.70      1460.00      0.00     1.00       0.0000    0.0000
    372.90      1460.00      0.00     1.00       0.0000    0.0000
    435.00      1460.00      0.00     1.00       0.0000    0.0000
    497.20      1460.00      0.00     1.00       0.0000    0.0000
    559.30      1460.00      0.00     1.00       0.0000    0.0000
    621.50      1460.00      0.00     1.00       0.0000    0.0000
    683.60      1460.00      0.00     1.00       0.0000    0.0000
    745.80      1460.00      0.00     1.00       0.0000    0.0000
    807.90      1460.00      0.00     1.00       0.0000    0.0000
    870.10      1460.00      0.00     1.00       0.0000    0.0000
    932.20      1460.00      0.00     1.00       0.0000    0.0000
    994.30      1460.00      0.00     1.00       0.0000    0.0000
   1056.50      1460.00      0.00     1.00       0.0000    0.0000
   1118.60      1460.00      0.00     1.00       0.0000    0.0000
   1180.80      1460.00      0.00     1.00       0.0000    0.0000
   1242.90      1460.00      0.00     1.00       0.0000    0.0000
   1305.10      1460.00      0.00     1.00       0.0000    0.0000
   1367.20      1460.54      0.00     1.00       0.0000    0.0000
   1429.40      1460.00      0.00     1.00       0.0000    0.0000
   1491.50      1462.49      0.00     1.00       0.0000    0.0000
   1553.70      1462.68      0.00     1.00       0.0000    0.0000
   1615.80      1465.42      0.00     1.00       0.0000    0.0000
   1678.00      1463.57      0.00     1.00       0.0000    0.0000
   1740.10      1464.81      0.00     1.00       0.0000    0.0000
   1802.30      1461.76      0.00     1.00       0.0000    0.0000
   1864.40      1466.16      0.00     1.00       0.0000    0.0000
   1926.50      1467.16      0.00     1.00       0.0000    0.0000
   1988.70      1468.30      0.00     1.00       0.0000    0.0000
   2050.80      1466.88      0.00     1.00       0.0000    0.0000
   2113.00      1466.83      0.00     1.00       0.0000    0.0000
   2175.10      1466.36      0.00     1.00       0.0000    0.0000
   2237.30      1467.14      0.00     1.00       0.0000    0.0000
   2299.40      1469.25      0.00     1.00       0.0000    0.0000
   2361.60      1467.31      0.00     1.00       0.0000    0.0000
   2423.70      1469.44      0.00     1.00       0.0000    0.0000
   2485.90      1471.37      0.00     1.00       0.0000    0.0000
   2548.00      1471.99      0.00     1.00       0.0000    0.0000
   2610.20      1471.08      0.00     1.00       0.0000    0.0000

                                 ( RMS roughness =   0.00     )
     ACOUSTO-ELASTIC half-space
   2810.20      1600.00      0.00     1.80       0.0000    0.0000

 __________________________________________________________________________

 Number of Source   depths, Sz =            1
 Source   depths, Sz (m)
   153.600    


 __________________________________________________________________________

 Number of Receiver depths, Rz =           30
 Receiver depths, Rz (m)
   0.00000       119.317       238.634       357.952       477.269    
   596.586       715.903       835.221       954.538       1073.86    
          ... 
   3460.20    

 Warning in ReadSzRz : Receiver below or too near the bottom bdry has been moved up

 __________________________________________________________________________

 Number of Receiver ranges, Rr =          201
 Receiver ranges, Rr (km)
   0.00000      0.202000      0.404000      0.606000      0.808000    
   1.01000       1.21200       1.41400       1.61600       1.81800    
          ... 
   40.4000    


 Arrivals calculation, ASCII  file output
 Geometric hat beams in Cartesian coordinates
 Point source (cylindrical coordinates)
 Rectilinear receiver grid: Receivers at Rr( : ) x Rz( : )
 __________________________________________________________________________

 Number of beams in elevation   =           26
 Beam take-off angles (degrees)
  -21.8000      -20.0560      -18.3120      -16.5680      -14.8240    
  -13.0800      -11.3360      -9.59200      -7.84800      -6.10400    
          ... 
   21.8000    

 __________________________________________________________________________


 Step length,       deltas =   0.000     m

 Maximum ray depth, Box%z  =   3460.     m
 Maximum ray range, Box%r  =   50.00    km
 No beam shift in effect


 Step length,       deltas =   261.0     m (automatically selected)

 ( Maximum # of arrivals =         3316 )

Tracing beam       1    -21.80

 Geometric hat beams                     
 halfwidth  =    15.536876044071832     
 epsilonOpt =  (  0.0000000000000000     ,  745243.55779566255     )
 EpsMult    =    1.0000000000000000     

Tracing beam       2    -20.06
Tracing beam       3    -18.31
Tracing beam       4    -16.57
Tracing beam       5    -14.82
Tracing beam       6    -13.08
Tracing beam       7    -11.34
Tracing beam       8     -9.59
Tracing beam       9     -7.85
Tracing beam      10     -6.10
Tracing beam      11     -4.36
Tracing beam      12     -2.62
Tracing beam      13     -0.87
Tracing beam      14      0.87
Tracing beam      15      2.62
Tracing beam      16      4.36
Tracing beam      17      6.10
Tracing beam      18      7.85
Tracing beam      19      9.59
Tracing beam      20     11.34
Tracing beam      21     13.08
Tracing beam      22     14.82
Tracing beam      23     16.57
Tracing beam      24     18.31
Tracing beam      25     20.06
Tracing beam      26     21.80

 CPU Time =       0.156    s
