 BELLHOP/BELLHOP3D

 BELLHOP- Polar Ocean Environment SHD Mode                                       
 frequency =   982.7     Hz

 Dummy parameter NMedia =            1

     Spline approximation to SSP
     Attenuation units: dB/mkHz
     VACUUM

 Depth =    2610.20 m

 Sound speed profile:
   z (m)     alphaR (m/s)   betaR  rho (g/cm^3)  alphaI     betaI

      0.00      1461.47      0.00     1.00       0.0000    0.0000
     62.10      1460.00      0.00     1.00       0.0000    0.0000
    124.30      1460.00      0.00     1.00       0.0000    0.0000
    186.40      1460.00      0.00     1.00       0.0000    0.0000
    248.60      1460.00      0.00     1.00       0.0000    0.0000
    310.70      1460.00      0.00     1.00       0.0000    0.0000
    372.90      1460.00      0.00     1.00       0.0000    0.0000
    435.00      1460.00      0.00     1.00       0.0000    0.0000
    497.20      1460.00      0.00     1.00       0.0000    0.0000
    559.30      1460.00      0.00     1.00       0.0000    0.0000
    621.50      1460.00      0.00     1.00       0.0000    0.0000
    683.60      1460.00      0.00     1.00       0.0000    0.0000
    745.80      1460.00      0.00     1.00       0.0000    0.0000
    807.90      1460.00      0.00     1.00       0.0000    0.0000
    870.10      1460.00      0.00     1.00       0.0000    0.0000
    932.20      1460.00      0.00     1.00       0.0000    0.0000
    994.30      1460.00      0.00     1.00       0.0000    0.0000
   1056.50      1460.00      0.00     1.00       0.0000    0.0000
   1118.60      1460.00      0.00     1.00       0.0000    0.0000
   1180.80      1460.00      0.00     1.00       0.0000    0.0000
   1242.90      1460.00      0.00     1.00       0.0000    0.0000
   1305.10      1460.00      0.00     1.00       0.0000    0.0000
   1367.20      1460.54      0.00     1.00       0.0000    0.0000
   1429.40      1460.00      0.00     1.00       0.0000    0.0000
   1491.50      1462.49      0.00     1.00       0.0000    0.0000
   1553.70      1462.68      0.00     1.00       0.0000    0.0000
   1615.80      1465.42      0.00     1.00       0.0000    0.0000
   1678.00      1463.57      0.00     1.00       0.0000    0.0000
   1740.10      1464.81      0.00     1.00       0.0000    0.0000
   1802.30      1461.76      0.00     1.00       0.0000    0.0000
   1864.40      1466.16      0.00     1.00       0.0000    0.0000
   1926.50      1467.16      0.00     1.00       0.0000    0.0000
   1988.70      1468.30      0.00     1.00       0.0000    0.0000
   2050.80      1466.88      0.00     1.00       0.0000    0.0000
   2113.00      1466.83      0.00     1.00       0.0000    0.0000
   2175.10      1466.36      0.00     1.00       0.0000    0.0000
   2237.30      1467.14      0.00     1.00       0.0000    0.0000
   2299.40      1469.25      0.00     1.00       0.0000    0.0000
   2361.60      1467.31      0.00     1.00       0.0000    0.0000
   2423.70      1469.44      0.00     1.00       0.0000    0.0000
   2485.90      1471.37      0.00     1.00       0.0000    0.0000
   2548.00      1471.99      0.00     1.00       0.0000    0.0000
   2610.20      1471.08      0.00     1.00       0.0000    0.0000

                                 ( RMS roughness =   0.00     )
     ACOUSTO-ELASTIC half-space
   2810.20      1600.00      0.00     1.80       0.0000    0.0000

 __________________________________________________________________________

 Number of Source   depths, Sz =            1
 Source   depths, Sz (m)
   129.500    


 __________________________________________________________________________

 Number of Receiver depths, Rz =           80
 Receiver depths, Rz (m)
   0.00000       43.8000       87.6000       131.400       175.200    
   219.000       262.800       306.600       350.400       394.200    
          ... 
   3460.20    

 Warning in ReadSzRz : Receiver below or too near the bottom bdry has been moved up

 __________________________________________________________________________

 Number of Receiver ranges, Rr =          201
 Receiver ranges, Rr (km)
   0.00000      0.266000      0.532000      0.798000       1.06400    
   1.33000       1.59600       1.86200       2.12800       2.39400    
          ... 
   53.2000    


 Coherent TL calculation
 Geometric hat beams in Cartesian coordinates
 Point source (cylindrical coordinates)
 Rectilinear receiver grid: Receivers at Rr( : ) x Rz( : )
 __________________________________________________________________________

 Number of beams in elevation   =        10455
 Beam take-off angles (degrees)
  -82.2000      -82.1843      -82.1685      -82.1528      -82.1370    
  -82.1213      -82.1055      -82.0898      -82.0740      -82.0583    
          ... 
   82.4000    

 __________________________________________________________________________


 Step length,       deltas =   0.000     m

 Maximum ray depth, Box%z  =   3460.     m
 Maximum ray range, Box%r  =   50.00    km
 No beam shift in effect


 Step length,       deltas =   261.0     m (automatically selected)

Tracing beam       1    -82.20

 Geometric hat beams                     
 halfwidth  =    1720.9163549620300     
 epsilonOpt =  (  0.0000000000000000     ,  9143034377.6755352     )
 EpsMult    =    1.0000000000000000     

Tracing beam     210    -78.91
Tracing beam     419    -75.62
Tracing beam     628    -72.33
Tracing beam     837    -69.04
Tracing beam    1046    -65.75
Tracing beam    1255    -62.46
Tracing beam    1464    -59.16
Tracing beam    1673    -55.87
Tracing beam    1882    -52.58
Tracing beam    2091    -49.29
Tracing beam    2300    -46.00
Tracing beam    2509    -42.71
Tracing beam    2718    -39.42
Tracing beam    2927    -36.13
Tracing beam    3136    -32.84
Tracing beam    3345    -29.55
Tracing beam    3554    -26.26
Tracing beam    3763    -22.97
Tracing beam    3972    -19.68
Tracing beam    4181    -16.39
Tracing beam    4390    -13.09
Tracing beam    4599     -9.80
Tracing beam    4808     -6.51
Tracing beam    5017     -3.22
Tracing beam    5226      0.07
Tracing beam    5435      3.36
Tracing beam    5644      6.65
Tracing beam    5853      9.94
Tracing beam    6062     13.23
Tracing beam    6271     16.52
Tracing beam    6480     19.81
Tracing beam    6689     23.10
Tracing beam    6898     26.39
Tracing beam    7107     29.69
Tracing beam    7316     32.98
Tracing beam    7525     36.27
Tracing beam    7734     39.56
Tracing beam    7943     42.85
Tracing beam    8152     46.14
Tracing beam    8361     49.43
Tracing beam    8570     52.72
Tracing beam    8779     56.01
Tracing beam    8988     59.30
Tracing beam    9197     62.59
Tracing beam    9406     65.88
Tracing beam    9615     69.17
Tracing beam    9824     72.46
Tracing beam   10033     75.76
Tracing beam   10242     79.05
Tracing beam   10451     82.34

 CPU Time =        1.34    s
