 BELLHOP/BELLHOP3D

 BELLHOP- Continental Shelf Environment RAY Mode                                 
 frequency =   1581.     Hz

 Dummy parameter NMedia =            1

     Spline approximation to SSP
     Attenuation units: dB/mkHz
     VACUUM

 Depth =     918.20 m

 Sound speed profile:
   z (m)     alphaR (m/s)   betaR  rho (g/cm^3)  alphaI     betaI

      0.00      1497.28      0.00     1.00       0.0000    0.0000
     38.30      1497.65      0.00     1.00       0.0000    0.0000
     76.50      1496.42      0.00     1.00       0.0000    0.0000
    114.80      1498.54      0.00     1.00       0.0000    0.0000
    153.00      1498.80      0.00     1.00       0.0000    0.0000
    191.30      1497.12      0.00     1.00       0.0000    0.0000
    229.60      1494.67      0.00     1.00       0.0000    0.0000
    267.80      1493.05      0.00     1.00       0.0000    0.0000
    306.10      1493.31      0.00     1.00       0.0000    0.0000
    344.30      1489.60      0.00     1.00       0.0000    0.0000
    382.60      1487.18      0.00     1.00       0.0000    0.0000
    420.80      1485.99      0.00     1.00       0.0000    0.0000
    459.10      1485.93      0.00     1.00       0.0000    0.0000
    497.40      1487.03      0.00     1.00       0.0000    0.0000
    535.60      1484.38      0.00     1.00       0.0000    0.0000
    573.90      1484.35      0.00     1.00       0.0000    0.0000
    612.10      1482.40      0.00     1.00       0.0000    0.0000
    650.40      1481.58      0.00     1.00       0.0000    0.0000
    688.70      1480.02      0.00     1.00       0.0000    0.0000
    726.90      1480.73      0.00     1.00       0.0000    0.0000
    765.20      1480.01      0.00     1.00       0.0000    0.0000
    803.40      1480.37      0.00     1.00       0.0000    0.0000
    841.70      1479.74      0.00     1.00       0.0000    0.0000
    879.90      1478.67      0.00     1.00       0.0000    0.0000
    918.20      1476.44      0.00     1.00       0.0000    0.0000

                                 ( RMS roughness =   0.00     )
     ACOUSTO-ELASTIC half-space
   1118.20      1600.00      0.00     1.80       0.0000    0.0000

 __________________________________________________________________________

 Number of Source   depths, Sz =            2
 Source   depths, Sz (m)
   140.200       215.600    


 __________________________________________________________________________

 Number of Receiver depths, Rz =           39
 Receiver depths, Rz (m)
   0.00000       46.5316       93.0632       139.595       186.126    
   232.658       279.189       325.721       372.253       418.784    
          ... 
   1768.20    

 Warning in ReadSzRz : Receiver below or too near the bottom bdry has been moved up

 __________________________________________________________________________

 Number of Receiver ranges, Rr =          201
 Receiver ranges, Rr (km)
   0.00000      0.245000      0.490000      0.735000      0.980000    
   1.22500       1.47000       1.71500       1.96000       2.20500    
          ... 
   49.0000    


 Ray trace run
 Geometric hat beams in Cartesian coordinates
 Point source (cylindrical coordinates)
 Rectilinear receiver grid: Receivers at Rr( : ) x Rz( : )
 __________________________________________________________________________

 Number of beams in elevation   =           27
 Beam take-off angles (degrees)
  -13.7000      -12.6462      -11.5923      -10.5385      -9.48462    
  -8.43077      -7.37692      -6.32308      -5.26923      -4.21538    
          ... 
   13.7000    

 __________________________________________________________________________


 Step length,       deltas =   0.000     m

 Maximum ray depth, Box%z  =   1768.     m
 Maximum ray range, Box%r  =   50.00    km
 No beam shift in effect


 Step length,       deltas =   91.82     m (automatically selected)

Tracing beam       1    -13.70
Tracing beam       2    -12.65
Tracing beam       3    -11.59
Tracing beam       4    -10.54
Tracing beam       5     -9.48
Tracing beam       6     -8.43
Tracing beam       7     -7.38
Tracing beam       8     -6.32
Tracing beam       9     -5.27
Tracing beam      10     -4.22
Tracing beam      11     -3.16
Tracing beam      12     -2.11
Tracing beam      13     -1.05
Tracing beam      14      0.00
Tracing beam      15      1.05
Tracing beam      16      2.11
Tracing beam      17      3.16
Tracing beam      18      4.22
Tracing beam      19      5.27
Tracing beam      20      6.32
Tracing beam      21      7.38
Tracing beam      22      8.43
Tracing beam      23      9.48
Tracing beam      24     10.54
Tracing beam      25     11.59
Tracing beam      26     12.65
Tracing beam      27     13.70
Tracing beam       1    -13.70
Tracing beam       2    -12.65
Tracing beam       3    -11.59
Tracing beam       4    -10.54
Tracing beam       5     -9.48
Tracing beam       6     -8.43
Tracing beam       7     -7.38
Tracing beam       8     -6.32
Tracing beam       9     -5.27
Tracing beam      10     -4.22
Tracing beam      11     -3.16
Tracing beam      12     -2.11
Tracing beam      13     -1.05
Tracing beam      14      0.00
Tracing beam      15      1.05
Tracing beam      16      2.11
Tracing beam      17      3.16
Tracing beam      18      4.22
Tracing beam      19      5.27
Tracing beam      20      6.32
Tracing beam      21      7.38
Tracing beam      22      8.43
Tracing beam      23      9.48
Tracing beam      24     10.54
Tracing beam      25     11.59
Tracing beam      26     12.65
Tracing beam      27     13.70

 CPU Time =       0.781E-01s
