 BELLHOP/BELLHOP3D

 BELLHOP- Mixed Layer Environment RAY Mode                                       
 frequency =   809.0     Hz

 Dummy parameter NMedia =            1

     Spline approximation to SSP
     Attenuation units: dB/mkHz
     VACUUM

 Depth =    1507.20 m

 Sound speed profile:
   z (m)     alphaR (m/s)   betaR  rho (g/cm^3)  alphaI     betaI

      0.00      1510.67      0.00     1.00       0.0000    0.0000
     50.20      1503.96      0.00     1.00       0.0000    0.0000
    100.50      1506.53      0.00     1.00       0.0000    0.0000
    150.70      1506.25      0.00     1.00       0.0000    0.0000
    201.00      1503.04      0.00     1.00       0.0000    0.0000
    251.20      1498.66      0.00     1.00       0.0000    0.0000
    301.40      1500.69      0.00     1.00       0.0000    0.0000
    351.70      1500.66      0.00     1.00       0.0000    0.0000
    401.90      1497.75      0.00     1.00       0.0000    0.0000
    452.20      1497.21      0.00     1.00       0.0000    0.0000
    502.40      1495.57      0.00     1.00       0.0000    0.0000
    552.70      1491.98      0.00     1.00       0.0000    0.0000
    602.90      1492.41      0.00     1.00       0.0000    0.0000
    653.10      1488.93      0.00     1.00       0.0000    0.0000
    703.40      1489.48      0.00     1.00       0.0000    0.0000
    753.60      1489.48      0.00     1.00       0.0000    0.0000
    803.90      1488.71      0.00     1.00       0.0000    0.0000
    854.10      1486.22      0.00     1.00       0.0000    0.0000
    904.30      1486.12      0.00     1.00       0.0000    0.0000
    954.60      1487.94      0.00     1.00       0.0000    0.0000
   1004.80      1495.62      0.00     1.00       0.0000    0.0000
   1055.10      1495.22      0.00     1.00       0.0000    0.0000
   1105.30      1496.30      0.00     1.00       0.0000    0.0000
   1155.50      1499.23      0.00     1.00       0.0000    0.0000
   1205.80      1497.83      0.00     1.00       0.0000    0.0000
   1256.00      1502.72      0.00     1.00       0.0000    0.0000
   1306.30      1499.27      0.00     1.00       0.0000    0.0000
   1356.50      1504.01      0.00     1.00       0.0000    0.0000
   1406.80      1504.39      0.00     1.00       0.0000    0.0000
   1457.00      1508.35      0.00     1.00       0.0000    0.0000
   1507.20      1504.20      0.00     1.00       0.0000    0.0000

                                 ( RMS roughness =   0.00     )
     ACOUSTO-ELASTIC half-space
   1707.20      1600.00      0.00     1.80       0.0000    0.0000

 __________________________________________________________________________

 Number of Source   depths, Sz =            1
 Source   depths, Sz (m)
   97.0000    


 __________________________________________________________________________

 Number of Receiver depths, Rz =           34
 Receiver depths, Rz (m)
   0.00000       71.4303       142.861       214.291       285.721    
   357.151       428.582       500.012       571.442       642.873    
          ... 
   2357.20    

 Warning in ReadSzRz : Receiver below or too near the bottom bdry has been moved up

 __________________________________________________________________________

 Number of Receiver ranges, Rr =          201
 Receiver ranges, Rr (km)
   0.00000      0.249500      0.499000      0.748500      0.998000    
   1.24750       1.49700       1.74650       1.99600       2.24550    
          ... 
   49.9000    


 Ray trace run
 Geometric hat beams in Cartesian coordinates
 Point source (cylindrical coordinates)
 Rectilinear receiver grid: Receivers at Rr( : ) x Rz( : )
 __________________________________________________________________________

 Number of beams in elevation   =           35
 Beam take-off angles (degrees)
  -21.3000      -20.0471      -18.7941      -17.5412      -16.2882    
  -15.0353      -13.7824      -12.5294      -11.2765      -10.0235    
          ... 
   21.3000    

 __________________________________________________________________________


 Step length,       deltas =   0.000     m

 Maximum ray depth, Box%z  =   2357.     m
 Maximum ray range, Box%r  =   50.00    km
 No beam shift in effect


 Step length,       deltas =   150.7     m (automatically selected)

Tracing beam       1    -21.30
Tracing beam       2    -20.05
Tracing beam       3    -18.79
Tracing beam       4    -17.54
Tracing beam       5    -16.29
Tracing beam       6    -15.04
Tracing beam       7    -13.78
Tracing beam       8    -12.53
Tracing beam       9    -11.28
Tracing beam      10    -10.02
Tracing beam      11     -8.77
Tracing beam      12     -7.52
Tracing beam      13     -6.26
Tracing beam      14     -5.01
Tracing beam      15     -3.76
Tracing beam      16     -2.51
Tracing beam      17     -1.25
Tracing beam      18      0.00
Tracing beam      19      1.25
Tracing beam      20      2.51
Tracing beam      21      3.76
Tracing beam      22      5.01
Tracing beam      23      6.26
Tracing beam      24      7.52
Tracing beam      25      8.77
Tracing beam      26     10.02
Tracing beam      27     11.28
Tracing beam      28     12.53
Tracing beam      29     13.78
Tracing beam      30     15.04
Tracing beam      31     16.29
Tracing beam      32     17.54
Tracing beam      33     18.79
Tracing beam      34     20.05
Tracing beam      35     21.30

 CPU Time =       0.469E-01s
