 BELLHOP/BELLHOP3D

 BELLHOP- Mixed Layer Environment ARR Mode                                       
 frequency =   809.0     Hz

 Dummy parameter NMedia =            1

     Spline approximation to SSP
     Attenuation units: dB/mkHz
     VACUUM

 Depth =    1507.20 m

 Sound speed profile:
   z (m)     alphaR (m/s)   betaR  rho (g/cm^3)  alphaI     betaI

      0.00      1510.67      0.00     1.00       0.0000    0.0000
     50.20      1503.96      0.00     1.00       0.0000    0.0000
    100.50      1506.53      0.00     1.00       0.0000    0.0000
    150.70      1506.25      0.00     1.00       0.0000    0.0000
    201.00      1503.04      0.00     1.00       0.0000    0.0000
    251.20      1498.66      0.00     1.00       0.0000    0.0000
    301.40      1500.69      0.00     1.00       0.0000    0.0000
    351.70      1500.66      0.00     1.00       0.0000    0.0000
    401.90      1497.75      0.00     1.00       0.0000    0.0000
    452.20      1497.21      0.00     1.00       0.0000    0.0000
    502.40      1495.57      0.00     1.00       0.0000    0.0000
    552.70      1491.98      0.00     1.00       0.0000    0.0000
    602.90      1492.41      0.00     1.00       0.0000    0.0000
    653.10      1488.93      0.00     1.00       0.0000    0.0000
    703.40      1489.48      0.00     1.00       0.0000    0.0000
    753.60      1489.48      0.00     1.00       0.0000    0.0000
    803.90      1488.71      0.00     1.00       0.0000    0.0000
    854.10      1486.22      0.00     1.00       0.0000    0.0000
    904.30      1486.12      0.00     1.00       0.0000    0.0000
    954.60      1487.94      0.00     1.00       0.0000    0.0000
   1004.80      1495.62      0.00     1.00       0.0000    0.0000
   1055.10      1495.22      0.00     1.00       0.0000    0.0000
   1105.30      1496.30      0.00     1.00       0.0000    0.0000
   1155.50      1499.23      0.00     1.00       0.0000    0.0000
   1205.80      1497.83      0.00     1.00       0.0000    0.0000
   1256.00      1502.72      0.00     1.00       0.0000    0.0000
   1306.30      1499.27      0.00     1.00       0.0000    0.0000
   1356.50      1504.01      0.00     1.00       0.0000    0.0000
   1406.80      1504.39      0.00     1.00       0.0000    0.0000
   1457.00      1508.35      0.00     1.00       0.0000    0.0000
   1507.20      1504.20      0.00     1.00       0.0000    0.0000

                                 ( RMS roughness =   0.00     )
     ACOUSTO-ELASTIC half-space
   1707.20      1600.00      0.00     1.80       0.0000    0.0000

 __________________________________________________________________________

 Number of Source   depths, Sz =            1
 Source   depths, Sz (m)
   170.900    


 __________________________________________________________________________

 Number of Receiver depths, Rz =           39
 Receiver depths, Rz (m)
   0.00000       62.0316       124.063       186.095       248.126    
   310.158       372.189       434.221       496.253       558.284    
          ... 
   2357.20    

 Warning in ReadSzRz : Receiver below or too near the bottom bdry has been moved up

 __________________________________________________________________________

 Number of Receiver ranges, Rr =          201
 Receiver ranges, Rr (km)
   0.00000      0.223500      0.447000      0.670500      0.894000    
   1.11750       1.34100       1.56450       1.78800       2.01150    
          ... 
   44.7000    


 Arrivals calculation, ASCII  file output
 Geometric hat beams in Cartesian coordinates
 Point source (cylindrical coordinates)
 Rectilinear receiver grid: Receivers at Rr( : ) x Rz( : )
 __________________________________________________________________________

 Number of beams in elevation   =           25
 Beam take-off angles (degrees)
  -14.3000      -13.1083      -11.9167      -10.7250      -9.53333    
  -8.34167      -7.15000      -5.95833      -4.76667      -3.57500    
          ... 
   14.3000    

 __________________________________________________________________________


 Step length,       deltas =   0.000     m

 Maximum ray depth, Box%z  =   2357.     m
 Maximum ray range, Box%r  =   50.00    km
 No beam shift in effect


 Step length,       deltas =   150.7     m (automatically selected)

 ( Maximum # of arrivals =         2551 )

Tracing beam       1    -14.30

 Geometric hat beams                     
 halfwidth  =    28.477210472148471     
 epsilonOpt =  (  0.0000000000000000     ,  2061072.5746912709     )
 EpsMult    =    1.0000000000000000     

Tracing beam       2    -13.11
Tracing beam       3    -11.92
Tracing beam       4    -10.73
Tracing beam       5     -9.53
Tracing beam       6     -8.34
Tracing beam       7     -7.15
Tracing beam       8     -5.96
Tracing beam       9     -4.77
Tracing beam      10     -3.58
Tracing beam      11     -2.38
Tracing beam      12     -1.19
Tracing beam      13      0.00
Tracing beam      14      1.19
Tracing beam      15      2.38
Tracing beam      16      3.57
Tracing beam      17      4.77
Tracing beam      18      5.96
Tracing beam      19      7.15
Tracing beam      20      8.34
Tracing beam      21      9.53
Tracing beam      22     10.72
Tracing beam      23     11.92
Tracing beam      24     13.11
Tracing beam      25     14.30

 CPU Time =       0.141    s
