 BELLHOP/BELLHOP3D

 BELLHOP- Mixed Layer Environment SHD Mode                                       
 frequency =   809.0     Hz

 Dummy parameter NMedia =            1

     Spline approximation to SSP
     Attenuation units: dB/mkHz
     VACUUM

 Depth =    1507.20 m

 Sound speed profile:
   z (m)     alphaR (m/s)   betaR  rho (g/cm^3)  alphaI     betaI

      0.00      1510.67      0.00     1.00       0.0000    0.0000
     50.20      1503.96      0.00     1.00       0.0000    0.0000
    100.50      1506.53      0.00     1.00       0.0000    0.0000
    150.70      1506.25      0.00     1.00       0.0000    0.0000
    201.00      1503.04      0.00     1.00       0.0000    0.0000
    251.20      1498.66      0.00     1.00       0.0000    0.0000
    301.40      1500.69      0.00     1.00       0.0000    0.0000
    351.70      1500.66      0.00     1.00       0.0000    0.0000
    401.90      1497.75      0.00     1.00       0.0000    0.0000
    452.20      1497.21      0.00     1.00       0.0000    0.0000
    502.40      1495.57      0.00     1.00       0.0000    0.0000
    552.70      1491.98      0.00     1.00       0.0000    0.0000
    602.90      1492.41      0.00     1.00       0.0000    0.0000
    653.10      1488.93      0.00     1.00       0.0000    0.0000
    703.40      1489.48      0.00     1.00       0.0000    0.0000
    753.60      1489.48      0.00     1.00       0.0000    0.0000
    803.90      1488.71      0.00     1.00       0.0000    0.0000
    854.10      1486.22      0.00     1.00       0.0000    0.0000
    904.30      1486.12      0.00     1.00       0.0000    0.0000
    954.60      1487.94      0.00     1.00       0.0000    0.0000
   1004.80      1495.62      0.00     1.00       0.0000    0.0000
   1055.10      1495.22      0.00     1.00       0.0000    0.0000
   1105.30      1496.30      0.00     1.00       0.0000    0.0000
   1155.50      1499.23      0.00     1.00       0.0000    0.0000
   1205.80      1497.83      0.00     1.00       0.0000    0.0000
   1256.00      1502.72      0.00     1.00       0.0000    0.0000
   1306.30      1499.27      0.00     1.00       0.0000    0.0000
   1356.50      1504.01      0.00     1.00       0.0000    0.0000
   1406.80      1504.39      0.00     1.00       0.0000    0.0000
   1457.00      1508.35      0.00     1.00       0.0000    0.0000
   1507.20      1504.20      0.00     1.00       0.0000    0.0000

                                 ( RMS roughness =   0.00     )
     ACOUSTO-ELASTIC half-space
   1707.20      1600.00      0.00     1.80       0.0000    0.0000

 __________________________________________________________________________

 Number of Source   depths, Sz =            1
 Source   depths, Sz (m)
   161.500    


 __________________________________________________________________________

 Number of Receiver depths, Rz =           71
 Receiver depths, Rz (m)
   0.00000       33.6743       67.3486       101.023       134.697    
   168.371       202.046       235.720       269.394       303.069    
          ... 
   2357.20    

 Warning in ReadSzRz : Receiver below or too near the bottom bdry has been moved up

 __________________________________________________________________________

 Number of Receiver ranges, Rr =          201
 Receiver ranges, Rr (km)
   0.00000      0.262500      0.525000      0.787500       1.05000    
   1.31250       1.57500       1.83750       2.10000       2.36250    
          ... 
   52.5000    


 Coherent TL calculation
 Geometric hat beams in Cartesian coordinates
 Point source (cylindrical coordinates)
 Rectilinear receiver grid: Receivers at Rr( : ) x Rz( : )
 __________________________________________________________________________

 Number of beams in elevation   =         8494
 Beam take-off angles (degrees)
  -85.0000      -84.9807      -84.9614      -84.9420      -84.9227    
  -84.9034      -84.8841      -84.8647      -84.8454      -84.8261    
          ... 
   79.1000    

 __________________________________________________________________________


 Step length,       deltas =   0.000     m

 Maximum ray depth, Box%z  =   2357.     m
 Maximum ray range, Box%r  =   50.00    km
 No beam shift in effect


 Step length,       deltas =   150.7     m (automatically selected)

Tracing beam       1    -85.00

 Geometric hat beams                     
 halfwidth  =    1756.8849152796474     
 epsilonOpt =  (  0.0000000000000000     ,  7844856833.7515211     )
 EpsMult    =    1.0000000000000000     

Tracing beam     170    -81.73
Tracing beam     339    -78.47
Tracing beam     508    -75.20
Tracing beam     677    -71.94
Tracing beam     846    -68.67
Tracing beam    1015    -65.41
Tracing beam    1184    -62.14
Tracing beam    1353    -58.88
Tracing beam    1522    -55.61
Tracing beam    1691    -52.35
Tracing beam    1860    -49.08
Tracing beam    2029    -45.82
Tracing beam    2198    -42.55
Tracing beam    2367    -39.28
Tracing beam    2536    -36.02
Tracing beam    2705    -32.75
Tracing beam    2874    -29.49
Tracing beam    3043    -26.22
Tracing beam    3212    -22.96
Tracing beam    3381    -19.69
Tracing beam    3550    -16.43
Tracing beam    3719    -13.16
Tracing beam    3888     -9.90
Tracing beam    4057     -6.63
Tracing beam    4226     -3.37
Tracing beam    4395     -0.10
Tracing beam    4564      3.17
Tracing beam    4733      6.43
Tracing beam    4902      9.70
Tracing beam    5071     12.96
Tracing beam    5240     16.23
Tracing beam    5409     19.49
Tracing beam    5578     22.76
Tracing beam    5747     26.02
Tracing beam    5916     29.29
Tracing beam    6085     32.55
Tracing beam    6254     35.82
Tracing beam    6423     39.08
Tracing beam    6592     42.35
Tracing beam    6761     45.62
Tracing beam    6930     48.88
Tracing beam    7099     52.15
Tracing beam    7268     55.41
Tracing beam    7437     58.68
Tracing beam    7606     61.94
Tracing beam    7775     65.21
Tracing beam    7944     68.47
Tracing beam    8113     71.74
Tracing beam    8282     75.00
Tracing beam    8451     78.27

 CPU Time =       0.922    s
