 BELLHOP/BELLHOP3D

 BELLHOP- Deep Ocean Environment SHD Mode                                        
 frequency =   954.3     Hz

 Dummy parameter NMedia =            1

     Spline approximation to SSP
     Attenuation units: dB/mkHz
     VACUUM

 Depth =    4891.10 m

 Sound speed profile:
   z (m)     alphaR (m/s)   betaR  rho (g/cm^3)  alphaI     betaI

      0.00      1492.71      0.00     1.00       0.0000    0.0000
     94.10      1490.45      0.00     1.00       0.0000    0.0000
    188.10      1493.56      0.00     1.00       0.0000    0.0000
    282.20      1491.70      0.00     1.00       0.0000    0.0000
    376.20      1487.67      0.00     1.00       0.0000    0.0000
    470.30      1484.94      0.00     1.00       0.0000    0.0000
    564.40      1484.56      0.00     1.00       0.0000    0.0000
    658.40      1480.96      0.00     1.00       0.0000    0.0000
    752.50      1478.68      0.00     1.00       0.0000    0.0000
    846.50      1477.08      0.00     1.00       0.0000    0.0000
    940.60      1480.09      0.00     1.00       0.0000    0.0000
   1034.70      1478.98      0.00     1.00       0.0000    0.0000
   1128.70      1479.17      0.00     1.00       0.0000    0.0000
   1222.80      1479.62      0.00     1.00       0.0000    0.0000
   1316.80      1483.01      0.00     1.00       0.0000    0.0000
   1410.90      1480.90      0.00     1.00       0.0000    0.0000
   1505.00      1483.81      0.00     1.00       0.0000    0.0000
   1599.00      1482.55      0.00     1.00       0.0000    0.0000
   1693.10      1481.65      0.00     1.00       0.0000    0.0000
   1787.10      1483.54      0.00     1.00       0.0000    0.0000
   1881.20      1484.56      0.00     1.00       0.0000    0.0000
   1975.20      1485.01      0.00     1.00       0.0000    0.0000
   2069.30      1485.54      0.00     1.00       0.0000    0.0000
   2163.40      1485.84      0.00     1.00       0.0000    0.0000
   2257.40      1485.71      0.00     1.00       0.0000    0.0000
   2351.50      1487.48      0.00     1.00       0.0000    0.0000
   2445.50      1488.85      0.00     1.00       0.0000    0.0000
   2539.60      1486.41      0.00     1.00       0.0000    0.0000
   2633.70      1491.12      0.00     1.00       0.0000    0.0000
   2727.70      1484.20      0.00     1.00       0.0000    0.0000
   2821.80      1490.43      0.00     1.00       0.0000    0.0000
   2915.80      1491.59      0.00     1.00       0.0000    0.0000
   3009.90      1490.55      0.00     1.00       0.0000    0.0000
   3104.00      1488.84      0.00     1.00       0.0000    0.0000
   3198.00      1492.46      0.00     1.00       0.0000    0.0000
   3292.10      1493.43      0.00     1.00       0.0000    0.0000
   3386.10      1492.02      0.00     1.00       0.0000    0.0000
   3480.20      1493.07      0.00     1.00       0.0000    0.0000
   3574.30      1496.33      0.00     1.00       0.0000    0.0000
   3668.30      1495.63      0.00     1.00       0.0000    0.0000
   3762.40      1493.76      0.00     1.00       0.0000    0.0000
   3856.40      1497.27      0.00     1.00       0.0000    0.0000
   3950.50      1495.77      0.00     1.00       0.0000    0.0000
   4044.60      1496.58      0.00     1.00       0.0000    0.0000
   4138.60      1498.61      0.00     1.00       0.0000    0.0000
   4232.70      1499.04      0.00     1.00       0.0000    0.0000
   4326.70      1498.85      0.00     1.00       0.0000    0.0000
   4420.80      1499.27      0.00     1.00       0.0000    0.0000
   4514.90      1500.22      0.00     1.00       0.0000    0.0000
   4608.90      1499.99      0.00     1.00       0.0000    0.0000
   4703.00      1503.37      0.00     1.00       0.0000    0.0000
   4797.00      1499.95      0.00     1.00       0.0000    0.0000
   4891.10      1502.51      0.00     1.00       0.0000    0.0000

                                 ( RMS roughness =   0.00     )
     ACOUSTO-ELASTIC half-space
   5091.10      1600.00      0.00     1.80       0.0000    0.0000

 __________________________________________________________________________

 Number of Source   depths, Sz =            1
 Source   depths, Sz (m)
   124.500    


 __________________________________________________________________________

 Number of Receiver depths, Rz =           78
 Receiver depths, Rz (m)
   0.00000       74.5597       149.119       223.679       298.239    
   372.799       447.358       521.918       596.478       671.038    
          ... 
   5741.10    

 Warning in ReadSzRz : Receiver below or too near the bottom bdry has been moved up

 __________________________________________________________________________

 Number of Receiver ranges, Rr =          201
 Receiver ranges, Rr (km)
   0.00000      0.251000      0.502000      0.753000       1.00400    
   1.25500       1.50600       1.75700       2.00800       2.25900    
          ... 
   50.2000    


 Coherent TL calculation
 Geometric hat beams in Cartesian coordinates
 Point source (cylindrical coordinates)
 Rectilinear receiver grid: Receivers at Rr( : ) x Rz( : )
 __________________________________________________________________________

 Number of beams in elevation   =         9581
 Beam take-off angles (degrees)
  -87.1000      -87.0817      -87.0634      -87.0450      -87.0267    
  -87.0084      -86.9901      -86.9718      -86.9534      -86.9351    
          ... 
   88.4000    

 __________________________________________________________________________


 Step length,       deltas =   0.000     m

 Maximum ray depth, Box%z  =   5741.     m
 Maximum ray range, Box%r  =   50.00    km
 No beam shift in effect


 Step length,       deltas =   489.1     m (automatically selected)

Tracing beam       1    -87.10

 Geometric hat beams                     
 halfwidth  =    1556.0004941383881     
 epsilonOpt =  (  0.0000000000000000     ,  7258623286.8345909     )
 EpsMult    =    1.0000000000000000     

Tracing beam     192    -83.60
Tracing beam     383    -80.10
Tracing beam     574    -76.60
Tracing beam     765    -73.10
Tracing beam     956    -69.60
Tracing beam    1147    -66.11
Tracing beam    1338    -62.61
Tracing beam    1529    -59.11
Tracing beam    1720    -55.61
Tracing beam    1911    -52.11
Tracing beam    2102    -48.61
Tracing beam    2293    -45.11
Tracing beam    2484    -41.61
Tracing beam    2675    -38.11
Tracing beam    2866    -34.61
Tracing beam    3057    -31.12
Tracing beam    3248    -27.62
Tracing beam    3439    -24.12
Tracing beam    3630    -20.62
Tracing beam    3821    -17.12
Tracing beam    4012    -13.62
Tracing beam    4203    -10.12
Tracing beam    4394     -6.62
Tracing beam    4585     -3.12
Tracing beam    4776      0.38
Tracing beam    4967      3.87
Tracing beam    5158      7.37
Tracing beam    5349     10.87
Tracing beam    5540     14.37
Tracing beam    5731     17.87
Tracing beam    5922     21.37
Tracing beam    6113     24.87
Tracing beam    6304     28.37
Tracing beam    6495     31.87
Tracing beam    6686     35.37
Tracing beam    6877     38.86
Tracing beam    7068     42.36
Tracing beam    7259     45.86
Tracing beam    7450     49.36
Tracing beam    7641     52.86
Tracing beam    7832     56.36
Tracing beam    8023     59.86
Tracing beam    8214     63.36
Tracing beam    8405     66.86
Tracing beam    8596     70.36
Tracing beam    8787     73.85
Tracing beam    8978     77.35
Tracing beam    9169     80.85
Tracing beam    9360     84.35
Tracing beam    9551     87.85

 CPU Time =        1.38    s
