 BELLHOP/BELLHOP3D

 BELLHOP- Deep Ocean Environment RAY Mode                                        
 frequency =   954.3     Hz

 Dummy parameter NMedia =            1

     Spline approximation to SSP
     Attenuation units: dB/mkHz
     VACUUM

 Depth =    4891.10 m

 Sound speed profile:
   z (m)     alphaR (m/s)   betaR  rho (g/cm^3)  alphaI     betaI

      0.00      1492.71      0.00     1.00       0.0000    0.0000
     94.10      1490.45      0.00     1.00       0.0000    0.0000
    188.10      1493.56      0.00     1.00       0.0000    0.0000
    282.20      1491.70      0.00     1.00       0.0000    0.0000
    376.20      1487.67      0.00     1.00       0.0000    0.0000
    470.30      1484.94      0.00     1.00       0.0000    0.0000
    564.40      1484.56      0.00     1.00       0.0000    0.0000
    658.40      1480.96      0.00     1.00       0.0000    0.0000
    752.50      1478.68      0.00     1.00       0.0000    0.0000
    846.50      1477.08      0.00     1.00       0.0000    0.0000
    940.60      1480.09      0.00     1.00       0.0000    0.0000
   1034.70      1478.98      0.00     1.00       0.0000    0.0000
   1128.70      1479.17      0.00     1.00       0.0000    0.0000
   1222.80      1479.62      0.00     1.00       0.0000    0.0000
   1316.80      1483.01      0.00     1.00       0.0000    0.0000
   1410.90      1480.90      0.00     1.00       0.0000    0.0000
   1505.00      1483.81      0.00     1.00       0.0000    0.0000
   1599.00      1482.55      0.00     1.00       0.0000    0.0000
   1693.10      1481.65      0.00     1.00       0.0000    0.0000
   1787.10      1483.54      0.00     1.00       0.0000    0.0000
   1881.20      1484.56      0.00     1.00       0.0000    0.0000
   1975.20      1485.01      0.00     1.00       0.0000    0.0000
   2069.30      1485.54      0.00     1.00       0.0000    0.0000
   2163.40      1485.84      0.00     1.00       0.0000    0.0000
   2257.40      1485.71      0.00     1.00       0.0000    0.0000
   2351.50      1487.48      0.00     1.00       0.0000    0.0000
   2445.50      1488.85      0.00     1.00       0.0000    0.0000
   2539.60      1486.41      0.00     1.00       0.0000    0.0000
   2633.70      1491.12      0.00     1.00       0.0000    0.0000
   2727.70      1484.20      0.00     1.00       0.0000    0.0000
   2821.80      1490.43      0.00     1.00       0.0000    0.0000
   2915.80      1491.59      0.00     1.00       0.0000    0.0000
   3009.90      1490.55      0.00     1.00       0.0000    0.0000
   3104.00      1488.84      0.00     1.00       0.0000    0.0000
   3198.00      1492.46      0.00     1.00       0.0000    0.0000
   3292.10      1493.43      0.00     1.00       0.0000    0.0000
   3386.10      1492.02      0.00     1.00       0.0000    0.0000
   3480.20      1493.07      0.00     1.00       0.0000    0.0000
   3574.30      1496.33      0.00     1.00       0.0000    0.0000
   3668.30      1495.63      0.00     1.00       0.0000    0.0000
   3762.40      1493.76      0.00     1.00       0.0000    0.0000
   3856.40      1497.27      0.00     1.00       0.0000    0.0000
   3950.50      1495.77      0.00     1.00       0.0000    0.0000
   4044.60      1496.58      0.00     1.00       0.0000    0.0000
   4138.60      1498.61      0.00     1.00       0.0000    0.0000
   4232.70      1499.04      0.00     1.00       0.0000    0.0000
   4326.70      1498.85      0.00     1.00       0.0000    0.0000
   4420.80      1499.27      0.00     1.00       0.0000    0.0000
   4514.90      1500.22      0.00     1.00       0.0000    0.0000
   4608.90      1499.99      0.00     1.00       0.0000    0.0000
   4703.00      1503.37      0.00     1.00       0.0000    0.0000
   4797.00      1499.95      0.00     1.00       0.0000    0.0000
   4891.10      1502.51      0.00     1.00       0.0000    0.0000

                                 ( RMS roughness =   0.00     )
     ACOUSTO-ELASTIC half-space
   5091.10      1600.00      0.00     1.80       0.0000    0.0000

 __________________________________________________________________________

 Number of Source   depths, Sz =            1
 Source   depths, Sz (m)
   94.8000    


 __________________________________________________________________________

 Number of Receiver depths, Rz =           37
 Receiver depths, Rz (m)
   0.00000       159.475       318.950       478.425       637.900    
   797.375       956.850       1116.33       1275.80       1435.28    
          ... 
   5741.10    

 Warning in ReadSzRz : Receiver below or too near the bottom bdry has been moved up

 __________________________________________________________________________

 Number of Receiver ranges, Rr =          201
 Receiver ranges, Rr (km)
   0.00000      0.235000      0.470000      0.705000      0.940000    
   1.17500       1.41000       1.64500       1.88000       2.11500    
          ... 
   47.0000    


 Ray trace run
 Geometric hat beams in Cartesian coordinates
 Point source (cylindrical coordinates)
 Rectilinear receiver grid: Receivers at Rr( : ) x Rz( : )
 __________________________________________________________________________

 Number of beams in elevation   =           36
 Beam take-off angles (degrees)
  -18.4000      -17.3486      -16.2971      -15.2457      -14.1943    
  -13.1429      -12.0914      -11.0400      -9.98857      -8.93714    
          ... 
   18.4000    

 __________________________________________________________________________


 Step length,       deltas =   0.000     m

 Maximum ray depth, Box%z  =   5741.     m
 Maximum ray range, Box%r  =   50.00    km
 No beam shift in effect


 Step length,       deltas =   489.1     m (automatically selected)

Tracing beam       1    -18.40
Tracing beam       2    -17.35
Tracing beam       3    -16.30
Tracing beam       4    -15.25
Tracing beam       5    -14.19
Tracing beam       6    -13.14
Tracing beam       7    -12.09
Tracing beam       8    -11.04
Tracing beam       9     -9.99
Tracing beam      10     -8.94
Tracing beam      11     -7.89
Tracing beam      12     -6.83
Tracing beam      13     -5.78
Tracing beam      14     -4.73
Tracing beam      15     -3.68
Tracing beam      16     -2.63
Tracing beam      17     -1.58
Tracing beam      18     -0.53
Tracing beam      19      0.53
Tracing beam      20      1.58
Tracing beam      21      2.63
Tracing beam      22      3.68
Tracing beam      23      4.73
Tracing beam      24      5.78
Tracing beam      25      6.83
Tracing beam      26      7.89
Tracing beam      27      8.94
Tracing beam      28      9.99
Tracing beam      29     11.04
Tracing beam      30     12.09
Tracing beam      31     13.14
Tracing beam      32     14.19
Tracing beam      33     15.25
Tracing beam      34     16.30
Tracing beam      35     17.35
Tracing beam      36     18.40

 CPU Time =       0.156E-01s
