 BELLHOP/BELLHOP3D

 BELLHOP- Deep Ocean Environment ARR Mode                                        
 frequency =   954.3     Hz

 Dummy parameter NMedia =            1

     Spline approximation to SSP
     Attenuation units: dB/mkHz
     VACUUM

 Depth =    4891.10 m

 Sound speed profile:
   z (m)     alphaR (m/s)   betaR  rho (g/cm^3)  alphaI     betaI

      0.00      1492.71      0.00     1.00       0.0000    0.0000
     94.10      1490.45      0.00     1.00       0.0000    0.0000
    188.10      1493.56      0.00     1.00       0.0000    0.0000
    282.20      1491.70      0.00     1.00       0.0000    0.0000
    376.20      1487.67      0.00     1.00       0.0000    0.0000
    470.30      1484.94      0.00     1.00       0.0000    0.0000
    564.40      1484.56      0.00     1.00       0.0000    0.0000
    658.40      1480.96      0.00     1.00       0.0000    0.0000
    752.50      1478.68      0.00     1.00       0.0000    0.0000
    846.50      1477.08      0.00     1.00       0.0000    0.0000
    940.60      1480.09      0.00     1.00       0.0000    0.0000
   1034.70      1478.98      0.00     1.00       0.0000    0.0000
   1128.70      1479.17      0.00     1.00       0.0000    0.0000
   1222.80      1479.62      0.00     1.00       0.0000    0.0000
   1316.80      1483.01      0.00     1.00       0.0000    0.0000
   1410.90      1480.90      0.00     1.00       0.0000    0.0000
   1505.00      1483.81      0.00     1.00       0.0000    0.0000
   1599.00      1482.55      0.00     1.00       0.0000    0.0000
   1693.10      1481.65      0.00     1.00       0.0000    0.0000
   1787.10      1483.54      0.00     1.00       0.0000    0.0000
   1881.20      1484.56      0.00     1.00       0.0000    0.0000
   1975.20      1485.01      0.00     1.00       0.0000    0.0000
   2069.30      1485.54      0.00     1.00       0.0000    0.0000
   2163.40      1485.84      0.00     1.00       0.0000    0.0000
   2257.40      1485.71      0.00     1.00       0.0000    0.0000
   2351.50      1487.48      0.00     1.00       0.0000    0.0000
   2445.50      1488.85      0.00     1.00       0.0000    0.0000
   2539.60      1486.41      0.00     1.00       0.0000    0.0000
   2633.70      1491.12      0.00     1.00       0.0000    0.0000
   2727.70      1484.20      0.00     1.00       0.0000    0.0000
   2821.80      1490.43      0.00     1.00       0.0000    0.0000
   2915.80      1491.59      0.00     1.00       0.0000    0.0000
   3009.90      1490.55      0.00     1.00       0.0000    0.0000
   3104.00      1488.84      0.00     1.00       0.0000    0.0000
   3198.00      1492.46      0.00     1.00       0.0000    0.0000
   3292.10      1493.43      0.00     1.00       0.0000    0.0000
   3386.10      1492.02      0.00     1.00       0.0000    0.0000
   3480.20      1493.07      0.00     1.00       0.0000    0.0000
   3574.30      1496.33      0.00     1.00       0.0000    0.0000
   3668.30      1495.63      0.00     1.00       0.0000    0.0000
   3762.40      1493.76      0.00     1.00       0.0000    0.0000
   3856.40      1497.27      0.00     1.00       0.0000    0.0000
   3950.50      1495.77      0.00     1.00       0.0000    0.0000
   4044.60      1496.58      0.00     1.00       0.0000    0.0000
   4138.60      1498.61      0.00     1.00       0.0000    0.0000
   4232.70      1499.04      0.00     1.00       0.0000    0.0000
   4326.70      1498.85      0.00     1.00       0.0000    0.0000
   4420.80      1499.27      0.00     1.00       0.0000    0.0000
   4514.90      1500.22      0.00     1.00       0.0000    0.0000
   4608.90      1499.99      0.00     1.00       0.0000    0.0000
   4703.00      1503.37      0.00     1.00       0.0000    0.0000
   4797.00      1499.95      0.00     1.00       0.0000    0.0000
   4891.10      1502.51      0.00     1.00       0.0000    0.0000

                                 ( RMS roughness =   0.00     )
     ACOUSTO-ELASTIC half-space
   5091.10      1600.00      0.00     1.80       0.0000    0.0000

 __________________________________________________________________________

 Number of Source   depths, Sz =            2
 Source   depths, Sz (m)
   174.200       257.300    


 __________________________________________________________________________

 Number of Receiver depths, Rz =           35
 Receiver depths, Rz (m)
   0.00000       168.856       337.712       506.568       675.424    
   844.279       1013.14       1181.99       1350.85       1519.70    
          ... 
   5741.10    

 Warning in ReadSzRz : Receiver below or too near the bottom bdry has been moved up

 __________________________________________________________________________

 Number of Receiver ranges, Rr =          201
 Receiver ranges, Rr (km)
   0.00000      0.297000      0.594000      0.891000       1.18800    
   1.48500       1.78200       2.07900       2.37600       2.67300    
          ... 
   59.4000    


 Arrivals calculation, ASCII  file output
 Geometric hat beams in Cartesian coordinates
 Point source (cylindrical coordinates)
 Rectilinear receiver grid: Receivers at Rr( : ) x Rz( : )
 __________________________________________________________________________

 Number of beams in elevation   =           35
 Beam take-off angles (degrees)
  -18.8000      -17.6941      -16.5882      -15.4824      -14.3765    
  -13.2706      -12.1647      -11.0588      -9.95294      -8.84706    
          ... 
   18.8000    

 __________________________________________________________________________


 Step length,       deltas =   0.000     m

 Maximum ray depth, Box%z  =   5741.     m
 Maximum ray range, Box%r  =   50.00    km
 No beam shift in effect


 Step length,       deltas =   489.1     m (automatically selected)

 ( Maximum # of arrivals =         2842 )

Tracing beam       1    -18.80

 Geometric hat beams                     
 halfwidth  =    25.806296949854762     
 epsilonOpt =  (  0.0000000000000000     ,  1996577.5210690869     )
 EpsMult    =    1.0000000000000000     

Tracing beam       2    -17.69
Tracing beam       3    -16.59
Tracing beam       4    -15.48
Tracing beam       5    -14.38
Tracing beam       6    -13.27
Tracing beam       7    -12.16
Tracing beam       8    -11.06
Tracing beam       9     -9.95
Tracing beam      10     -8.85
Tracing beam      11     -7.74
Tracing beam      12     -6.64
Tracing beam      13     -5.53
Tracing beam      14     -4.42
Tracing beam      15     -3.32
Tracing beam      16     -2.21
Tracing beam      17     -1.11
Tracing beam      18      0.00
Tracing beam      19      1.11
Tracing beam      20      2.21
Tracing beam      21      3.32
Tracing beam      22      4.42
Tracing beam      23      5.53
Tracing beam      24      6.64
Tracing beam      25      7.74
Tracing beam      26      8.85
Tracing beam      27      9.95
Tracing beam      28     11.06
Tracing beam      29     12.16
Tracing beam      30     13.27
Tracing beam      31     14.38
Tracing beam      32     15.48
Tracing beam      33     16.59
Tracing beam      34     17.69
Tracing beam      35     18.80
Tracing beam       1    -18.80
Tracing beam       2    -17.69
Tracing beam       3    -16.59
Tracing beam       4    -15.48
Tracing beam       5    -14.38
Tracing beam       6    -13.27
Tracing beam       7    -12.16
Tracing beam       8    -11.06
Tracing beam       9     -9.95
Tracing beam      10     -8.85
Tracing beam      11     -7.74
Tracing beam      12     -6.64
Tracing beam      13     -5.53
Tracing beam      14     -4.42
Tracing beam      15     -3.32
Tracing beam      16     -2.21
Tracing beam      17     -1.11
Tracing beam      18      0.00
Tracing beam      19      1.11
Tracing beam      20      2.21
Tracing beam      21      3.32
Tracing beam      22      4.42
Tracing beam      23      5.53
Tracing beam      24      6.64
Tracing beam      25      7.74
Tracing beam      26      8.85
Tracing beam      27      9.95
Tracing beam      28     11.06
Tracing beam      29     12.16
Tracing beam      30     13.27
Tracing beam      31     14.38
Tracing beam      32     15.48
Tracing beam      33     16.59
Tracing beam      34     17.69
Tracing beam      35     18.80

 CPU Time =       0.125    s
