 BELLHOP/BELLHOP3D

 BELLHOP- Shallow Water Environment ARR Mode                                     
 frequency =   1941.     Hz

 Dummy parameter NMedia =            1

     Spline approximation to SSP
     Attenuation units: dB/mkHz
     VACUUM

 Depth =     556.80 m

 Sound speed profile:
   z (m)     alphaR (m/s)   betaR  rho (g/cm^3)  alphaI     betaI

      0.00      1502.34      0.00     1.00       0.0000    0.0000
     19.90      1502.60      0.00     1.00       0.0000    0.0000
     39.80      1500.43      0.00     1.00       0.0000    0.0000
     59.70      1500.63      0.00     1.00       0.0000    0.0000
     79.50      1499.51      0.00     1.00       0.0000    0.0000
     99.40      1500.41      0.00     1.00       0.0000    0.0000
    119.30      1503.60      0.00     1.00       0.0000    0.0000
    139.20      1506.60      0.00     1.00       0.0000    0.0000
    159.10      1499.05      0.00     1.00       0.0000    0.0000
    179.00      1501.83      0.00     1.00       0.0000    0.0000
    198.90      1499.98      0.00     1.00       0.0000    0.0000
    218.70      1498.52      0.00     1.00       0.0000    0.0000
    238.60      1499.22      0.00     1.00       0.0000    0.0000
    258.50      1498.42      0.00     1.00       0.0000    0.0000
    278.40      1499.51      0.00     1.00       0.0000    0.0000
    298.30      1497.36      0.00     1.00       0.0000    0.0000
    318.20      1495.51      0.00     1.00       0.0000    0.0000
    338.00      1496.40      0.00     1.00       0.0000    0.0000
    357.90      1494.90      0.00     1.00       0.0000    0.0000
    377.80      1492.92      0.00     1.00       0.0000    0.0000
    397.70      1493.61      0.00     1.00       0.0000    0.0000
    417.60      1493.71      0.00     1.00       0.0000    0.0000
    437.50      1492.88      0.00     1.00       0.0000    0.0000
    457.40      1492.67      0.00     1.00       0.0000    0.0000
    477.20      1490.81      0.00     1.00       0.0000    0.0000
    497.10      1491.52      0.00     1.00       0.0000    0.0000
    517.00      1490.68      0.00     1.00       0.0000    0.0000
    536.90      1490.17      0.00     1.00       0.0000    0.0000
    556.80      1489.51      0.00     1.00       0.0000    0.0000

                                 ( RMS roughness =   0.00     )
     ACOUSTO-ELASTIC half-space
    756.80      1600.00      0.00     1.80       0.0000    0.0000

 __________________________________________________________________________

 Number of Source   depths, Sz =            3
 Source   depths, Sz (m)
   76.3000       194.600       210.300    


 __________________________________________________________________________

 Number of Receiver depths, Rz =           46
 Receiver depths, Rz (m)
   0.00000       31.2622       62.5244       93.7867       125.049    
   156.311       187.573       218.836       250.098       281.360    
          ... 
   1406.80    

 Warning in ReadSzRz : Receiver below or too near the bottom bdry has been moved up

 __________________________________________________________________________

 Number of Receiver ranges, Rr =          201
 Receiver ranges, Rr (km)
   0.00000      0.216500      0.433000      0.649500      0.866000    
   1.08250       1.29900       1.51550       1.73200       1.94850    
          ... 
   43.3000    


 Arrivals calculation, ASCII  file output
 Geometric hat beams in Cartesian coordinates
 Point source (cylindrical coordinates)
 Rectilinear receiver grid: Receivers at Rr( : ) x Rz( : )
 __________________________________________________________________________

 Number of beams in elevation   =           33
 Beam take-off angles (degrees)
  -19.7000      -18.4688      -17.2375      -16.0063      -14.7750    
  -13.5437      -12.3125      -11.0812      -9.85000      -8.61875    
          ... 
   19.7000    

 __________________________________________________________________________


 Step length,       deltas =   0.000     m

 Maximum ray depth, Box%z  =   1407.     m
 Maximum ray range, Box%r  =   50.00    km
 No beam shift in effect


 Step length,       deltas =   55.68     m (automatically selected)

 ( Maximum # of arrivals =         2163 )

Tracing beam       1    -19.70

 Geometric hat beams                     
 halfwidth  =    11.445482720912976     
 epsilonOpt =  (  0.0000000000000000     ,  798727.95424118720     )
 EpsMult    =    1.0000000000000000     

Tracing beam       2    -18.47
Tracing beam       3    -17.24
Tracing beam       4    -16.01
Tracing beam       5    -14.77
Tracing beam       6    -13.54
Tracing beam       7    -12.31
Tracing beam       8    -11.08
Tracing beam       9     -9.85
Tracing beam      10     -8.62
Tracing beam      11     -7.39
Tracing beam      12     -6.16
Tracing beam      13     -4.93
Tracing beam      14     -3.69
Tracing beam      15     -2.46
Tracing beam      16     -1.23
Tracing beam      17      0.00
Tracing beam      18      1.23
Tracing beam      19      2.46
Tracing beam      20      3.69
Tracing beam      21      4.93
Tracing beam      22      6.16
Tracing beam      23      7.39
Tracing beam      24      8.62
Tracing beam      25      9.85
Tracing beam      26     11.08
Tracing beam      27     12.31
Tracing beam      28     13.54
Tracing beam      29     14.78
Tracing beam      30     16.01
Tracing beam      31     17.24
Tracing beam      32     18.47
Tracing beam      33     19.70
Tracing beam       1    -19.70
Tracing beam       2    -18.47
Tracing beam       3    -17.24
Tracing beam       4    -16.01
Tracing beam       5    -14.77
Tracing beam       6    -13.54
Tracing beam       7    -12.31
Tracing beam       8    -11.08
Tracing beam       9     -9.85
Tracing beam      10     -8.62
Tracing beam      11     -7.39
Tracing beam      12     -6.16
Tracing beam      13     -4.93
Tracing beam      14     -3.69
Tracing beam      15     -2.46
Tracing beam      16     -1.23
Tracing beam      17      0.00
Tracing beam      18      1.23
Tracing beam      19      2.46
Tracing beam      20      3.69
Tracing beam      21      4.93
Tracing beam      22      6.16
Tracing beam      23      7.39
Tracing beam      24      8.62
Tracing beam      25      9.85
Tracing beam      26     11.08
Tracing beam      27     12.31
Tracing beam      28     13.54
Tracing beam      29     14.78
Tracing beam      30     16.01
Tracing beam      31     17.24
Tracing beam      32     18.47
Tracing beam      33     19.70
Tracing beam       1    -19.70
Tracing beam       2    -18.47
Tracing beam       3    -17.24
Tracing beam       4    -16.01
Tracing beam       5    -14.77
Tracing beam       6    -13.54
Tracing beam       7    -12.31
Tracing beam       8    -11.08
Tracing beam       9     -9.85
Tracing beam      10     -8.62
Tracing beam      11     -7.39
Tracing beam      12     -6.16
Tracing beam      13     -4.93
Tracing beam      14     -3.69
Tracing beam      15     -2.46
Tracing beam      16     -1.23
Tracing beam      17      0.00
Tracing beam      18      1.23
Tracing beam      19      2.46
Tracing beam      20      3.69
Tracing beam      21      4.93
Tracing beam      22      6.16
Tracing beam      23      7.39
Tracing beam      24      8.62
Tracing beam      25      9.85
Tracing beam      26     11.08
Tracing beam      27     12.31
Tracing beam      28     13.54
Tracing beam      29     14.78
Tracing beam      30     16.01
Tracing beam      31     17.24
Tracing beam      32     18.47
Tracing beam      33     19.70

 CPU Time =       0.953    s
