 BELLHOP/BELLHOP3D

 BELLHOP- Shallow Water Environment SHD Mode                                     
 frequency =   1941.     Hz

 Dummy parameter NMedia =            1

     Spline approximation to SSP
     Attenuation units: dB/mkHz
     VACUUM

 Depth =     556.80 m

 Sound speed profile:
   z (m)     alphaR (m/s)   betaR  rho (g/cm^3)  alphaI     betaI

      0.00      1502.34      0.00     1.00       0.0000    0.0000
     19.90      1502.60      0.00     1.00       0.0000    0.0000
     39.80      1500.43      0.00     1.00       0.0000    0.0000
     59.70      1500.63      0.00     1.00       0.0000    0.0000
     79.50      1499.51      0.00     1.00       0.0000    0.0000
     99.40      1500.41      0.00     1.00       0.0000    0.0000
    119.30      1503.60      0.00     1.00       0.0000    0.0000
    139.20      1506.60      0.00     1.00       0.0000    0.0000
    159.10      1499.05      0.00     1.00       0.0000    0.0000
    179.00      1501.83      0.00     1.00       0.0000    0.0000
    198.90      1499.98      0.00     1.00       0.0000    0.0000
    218.70      1498.52      0.00     1.00       0.0000    0.0000
    238.60      1499.22      0.00     1.00       0.0000    0.0000
    258.50      1498.42      0.00     1.00       0.0000    0.0000
    278.40      1499.51      0.00     1.00       0.0000    0.0000
    298.30      1497.36      0.00     1.00       0.0000    0.0000
    318.20      1495.51      0.00     1.00       0.0000    0.0000
    338.00      1496.40      0.00     1.00       0.0000    0.0000
    357.90      1494.90      0.00     1.00       0.0000    0.0000
    377.80      1492.92      0.00     1.00       0.0000    0.0000
    397.70      1493.61      0.00     1.00       0.0000    0.0000
    417.60      1493.71      0.00     1.00       0.0000    0.0000
    437.50      1492.88      0.00     1.00       0.0000    0.0000
    457.40      1492.67      0.00     1.00       0.0000    0.0000
    477.20      1490.81      0.00     1.00       0.0000    0.0000
    497.10      1491.52      0.00     1.00       0.0000    0.0000
    517.00      1490.68      0.00     1.00       0.0000    0.0000
    536.90      1490.17      0.00     1.00       0.0000    0.0000
    556.80      1489.51      0.00     1.00       0.0000    0.0000

                                 ( RMS roughness =   0.00     )
     ACOUSTO-ELASTIC half-space
    756.80      1600.00      0.00     1.80       0.0000    0.0000

 __________________________________________________________________________

 Number of Source   depths, Sz =            1
 Source   depths, Sz (m)
   181.300    


 __________________________________________________________________________

 Number of Receiver depths, Rz =           79
 Receiver depths, Rz (m)
   0.00000       18.0359       36.0718       54.1077       72.1436    
   90.1795       108.215       126.251       144.287       162.323    
          ... 
   1406.80    

 Warning in ReadSzRz : Receiver below or too near the bottom bdry has been moved up

 __________________________________________________________________________

 Number of Receiver ranges, Rr =          201
 Receiver ranges, Rr (km)
   0.00000      0.228000      0.456000      0.684000      0.912000    
   1.14000       1.36800       1.59600       1.82400       2.05200    
          ... 
   45.6000    


 Coherent TL calculation
 Geometric hat beams in Cartesian coordinates
 Point source (cylindrical coordinates)
 Rectilinear receiver grid: Receivers at Rr( : ) x Rz( : )
 __________________________________________________________________________

 Number of beams in elevation   =        17700
 Beam take-off angles (degrees)
  -89.5000      -89.4904      -89.4807      -89.4711      -89.4614    
  -89.4518      -89.4421      -89.4325      -89.4228      -89.4132    
          ... 
   81.2000    

 __________________________________________________________________________


 Step length,       deltas =   0.000     m

 Maximum ray depth, Box%z  =   1407.     m
 Maximum ray range, Box%r  =   50.00    km
 No beam shift in effect


 Step length,       deltas =   55.68     m (automatically selected)

Tracing beam       1    -89.50

 Geometric hat beams                     
 halfwidth  =    1463.4508287717738     
 epsilonOpt =  (  0.0000000000000000     ,  13058308547.269611     )
 EpsMult    =    1.0000000000000000     

Tracing beam     355    -86.09
Tracing beam     709    -82.67
Tracing beam    1063    -79.26
Tracing beam    1417    -75.84
Tracing beam    1771    -72.43
Tracing beam    2125    -69.01
Tracing beam    2479    -65.60
Tracing beam    2833    -62.19
Tracing beam    3187    -58.77
Tracing beam    3541    -55.36
Tracing beam    3895    -51.94
Tracing beam    4249    -48.53
Tracing beam    4603    -45.12
Tracing beam    4957    -41.70
Tracing beam    5311    -38.29
Tracing beam    5665    -34.87
Tracing beam    6019    -31.46
Tracing beam    6373    -28.04
Tracing beam    6727    -24.63
Tracing beam    7081    -21.22
Tracing beam    7435    -17.80
Tracing beam    7789    -14.39
Tracing beam    8143    -10.97
Tracing beam    8497     -7.56
Tracing beam    8851     -4.15
Tracing beam    9205     -0.73
Tracing beam    9559      2.68
Tracing beam    9913      6.10
Tracing beam   10267      9.51
Tracing beam   10621     12.93
Tracing beam   10975     16.34
Tracing beam   11329     19.75
Tracing beam   11683     23.17
Tracing beam   12037     26.58
Tracing beam   12391     30.00
Tracing beam   12745     33.41
Tracing beam   13099     36.83
Tracing beam   13453     40.24
Tracing beam   13807     43.65
Tracing beam   14161     47.07
Tracing beam   14515     50.48
Tracing beam   14869     53.90
Tracing beam   15223     57.31
Tracing beam   15577     60.72
Tracing beam   15931     64.14
Tracing beam   16285     67.55
Tracing beam   16639     70.97
Tracing beam   16993     74.38
Tracing beam   17347     77.80

 CPU Time =        2.86    s
