 BELLHOP/BELLHOP3D

 BELLHOP- Tropical Ocean Environment SHD Mode                                    
 frequency =   1329.     Hz

 Dummy parameter NMedia =            1

     Spline approximation to SSP
     Attenuation units: dB/mkHz
     VACUUM

 Depth =    2846.60 m

 Sound speed profile:
   z (m)     alphaR (m/s)   betaR  rho (g/cm^3)  alphaI     betaI

      0.00      1517.20      0.00     1.00       0.0000    0.0000
     83.70      1508.58      0.00     1.00       0.0000    0.0000
    167.40      1510.34      0.00     1.00       0.0000    0.0000
    251.20      1507.64      0.00     1.00       0.0000    0.0000
    334.90      1501.85      0.00     1.00       0.0000    0.0000
    418.60      1502.29      0.00     1.00       0.0000    0.0000
    502.30      1496.55      0.00     1.00       0.0000    0.0000
    586.10      1497.03      0.00     1.00       0.0000    0.0000
    669.80      1496.14      0.00     1.00       0.0000    0.0000
    753.50      1492.38      0.00     1.00       0.0000    0.0000
    837.20      1494.24      0.00     1.00       0.0000    0.0000
    921.00      1488.58      0.00     1.00       0.0000    0.0000
   1004.70      1479.50      0.00     1.00       0.0000    0.0000
   1088.40      1479.82      0.00     1.00       0.0000    0.0000
   1172.10      1477.32      0.00     1.00       0.0000    0.0000
   1255.80      1485.05      0.00     1.00       0.0000    0.0000
   1339.60      1481.98      0.00     1.00       0.0000    0.0000
   1423.30      1481.85      0.00     1.00       0.0000    0.0000
   1507.00      1482.14      0.00     1.00       0.0000    0.0000
   1590.70      1485.01      0.00     1.00       0.0000    0.0000
   1674.50      1486.24      0.00     1.00       0.0000    0.0000
   1758.20      1487.67      0.00     1.00       0.0000    0.0000
   1841.90      1488.16      0.00     1.00       0.0000    0.0000
   1925.60      1490.65      0.00     1.00       0.0000    0.0000
   2009.30      1490.21      0.00     1.00       0.0000    0.0000
   2093.10      1488.97      0.00     1.00       0.0000    0.0000
   2176.80      1492.74      0.00     1.00       0.0000    0.0000
   2260.50      1490.50      0.00     1.00       0.0000    0.0000
   2344.20      1495.68      0.00     1.00       0.0000    0.0000
   2428.00      1494.77      0.00     1.00       0.0000    0.0000
   2511.70      1497.57      0.00     1.00       0.0000    0.0000
   2595.40      1500.39      0.00     1.00       0.0000    0.0000
   2679.10      1498.08      0.00     1.00       0.0000    0.0000
   2762.90      1502.18      0.00     1.00       0.0000    0.0000
   2846.60      1501.03      0.00     1.00       0.0000    0.0000

                                 ( RMS roughness =   0.00     )
     ACOUSTO-ELASTIC half-space
   3046.60      1600.00      0.00     1.80       0.0000    0.0000

 __________________________________________________________________________

 Number of Source   depths, Sz =            1
 Source   depths, Sz (m)
   178.600    


 __________________________________________________________________________

 Number of Receiver depths, Rz =           65
 Receiver depths, Rz (m)
   0.00000       57.7594       115.519       173.278       231.038    
   288.797       346.556       404.316       462.075       519.834    
          ... 
   3696.60    

 Warning in ReadSzRz : Receiver below or too near the bottom bdry has been moved up

 __________________________________________________________________________

 Number of Receiver ranges, Rr =          201
 Receiver ranges, Rr (km)
   0.00000      0.225500      0.451000      0.676500      0.902000    
   1.12750       1.35300       1.57850       1.80400       2.02950    
          ... 
   45.1000    


 Coherent TL calculation
 Geometric hat beams in Cartesian coordinates
 Point source (cylindrical coordinates)
 Rectilinear receiver grid: Receivers at Rr( : ) x Rz( : )
 __________________________________________________________________________

 Number of beams in elevation   =        11983
 Beam take-off angles (degrees)
  -84.7000      -84.6862      -84.6725      -84.6587      -84.6449    
  -84.6311      -84.6174      -84.6036      -84.5898      -84.5761    
          ... 
   80.3000    

 __________________________________________________________________________


 Step length,       deltas =   0.000     m

 Maximum ray depth, Box%z  =   3697.     m
 Maximum ray range, Box%r  =   50.00    km
 No beam shift in effect


 Step length,       deltas =   284.7     m (automatically selected)

Tracing beam       1    -84.70

 Geometric hat beams                     
 halfwidth  =    1505.6196062544470     
 epsilonOpt =  (  0.0000000000000000     ,  9461819172.1008892     )
 EpsMult    =    1.0000000000000000     

Tracing beam     240    -81.41
Tracing beam     479    -78.12
Tracing beam     718    -74.83
Tracing beam     957    -71.54
Tracing beam    1196    -68.24
Tracing beam    1435    -64.95
Tracing beam    1674    -61.66
Tracing beam    1913    -58.37
Tracing beam    2152    -55.08
Tracing beam    2391    -51.79
Tracing beam    2630    -48.50
Tracing beam    2869    -45.21
Tracing beam    3108    -41.91
Tracing beam    3347    -38.62
Tracing beam    3586    -35.33
Tracing beam    3825    -32.04
Tracing beam    4064    -28.75
Tracing beam    4303    -25.46
Tracing beam    4542    -22.17
Tracing beam    4781    -18.88
Tracing beam    5020    -15.59
Tracing beam    5259    -12.29
Tracing beam    5498     -9.00
Tracing beam    5737     -5.71
Tracing beam    5976     -2.42
Tracing beam    6215      0.87
Tracing beam    6454      4.16
Tracing beam    6693      7.45
Tracing beam    6932     10.74
Tracing beam    7171     14.04
Tracing beam    7410     17.33
Tracing beam    7649     20.62
Tracing beam    7888     23.91
Tracing beam    8127     27.20
Tracing beam    8366     30.49
Tracing beam    8605     33.78
Tracing beam    8844     37.07
Tracing beam    9083     40.37
Tracing beam    9322     43.66
Tracing beam    9561     46.95
Tracing beam    9800     50.24
Tracing beam   10039     53.53
Tracing beam   10278     56.82
Tracing beam   10517     60.11
Tracing beam   10756     63.40
Tracing beam   10995     66.69
Tracing beam   11234     69.99
Tracing beam   11473     73.28
Tracing beam   11712     76.57
Tracing beam   11951     79.86

 CPU Time =        1.30    s
