 BELLHOP/BELLHOP3D

 BELLHOP- Tropical Ocean Environment RAY Mode                                    
 frequency =   1329.     Hz

 Dummy parameter NMedia =            1

     Spline approximation to SSP
     Attenuation units: dB/mkHz
     VACUUM

 Depth =    2846.60 m

 Sound speed profile:
   z (m)     alphaR (m/s)   betaR  rho (g/cm^3)  alphaI     betaI

      0.00      1517.20      0.00     1.00       0.0000    0.0000
     83.70      1508.58      0.00     1.00       0.0000    0.0000
    167.40      1510.34      0.00     1.00       0.0000    0.0000
    251.20      1507.64      0.00     1.00       0.0000    0.0000
    334.90      1501.85      0.00     1.00       0.0000    0.0000
    418.60      1502.29      0.00     1.00       0.0000    0.0000
    502.30      1496.55      0.00     1.00       0.0000    0.0000
    586.10      1497.03      0.00     1.00       0.0000    0.0000
    669.80      1496.14      0.00     1.00       0.0000    0.0000
    753.50      1492.38      0.00     1.00       0.0000    0.0000
    837.20      1494.24      0.00     1.00       0.0000    0.0000
    921.00      1488.58      0.00     1.00       0.0000    0.0000
   1004.70      1479.50      0.00     1.00       0.0000    0.0000
   1088.40      1479.82      0.00     1.00       0.0000    0.0000
   1172.10      1477.32      0.00     1.00       0.0000    0.0000
   1255.80      1485.05      0.00     1.00       0.0000    0.0000
   1339.60      1481.98      0.00     1.00       0.0000    0.0000
   1423.30      1481.85      0.00     1.00       0.0000    0.0000
   1507.00      1482.14      0.00     1.00       0.0000    0.0000
   1590.70      1485.01      0.00     1.00       0.0000    0.0000
   1674.50      1486.24      0.00     1.00       0.0000    0.0000
   1758.20      1487.67      0.00     1.00       0.0000    0.0000
   1841.90      1488.16      0.00     1.00       0.0000    0.0000
   1925.60      1490.65      0.00     1.00       0.0000    0.0000
   2009.30      1490.21      0.00     1.00       0.0000    0.0000
   2093.10      1488.97      0.00     1.00       0.0000    0.0000
   2176.80      1492.74      0.00     1.00       0.0000    0.0000
   2260.50      1490.50      0.00     1.00       0.0000    0.0000
   2344.20      1495.68      0.00     1.00       0.0000    0.0000
   2428.00      1494.77      0.00     1.00       0.0000    0.0000
   2511.70      1497.57      0.00     1.00       0.0000    0.0000
   2595.40      1500.39      0.00     1.00       0.0000    0.0000
   2679.10      1498.08      0.00     1.00       0.0000    0.0000
   2762.90      1502.18      0.00     1.00       0.0000    0.0000
   2846.60      1501.03      0.00     1.00       0.0000    0.0000

                                 ( RMS roughness =   0.00     )
     ACOUSTO-ELASTIC half-space
   3046.60      1600.00      0.00     1.80       0.0000    0.0000

 __________________________________________________________________________

 Number of Source   depths, Sz =            3
 Source   depths, Sz (m)
   109.800       186.900       222.000    


 __________________________________________________________________________

 Number of Receiver depths, Rz =           46
 Receiver depths, Rz (m)
   0.00000       82.1467       164.293       246.440       328.587    
   410.733       492.880       575.027       657.173       739.320    
          ... 
   3696.60    

 Warning in ReadSzRz : Receiver below or too near the bottom bdry has been moved up

 __________________________________________________________________________

 Number of Receiver ranges, Rr =          201
 Receiver ranges, Rr (km)
   0.00000      0.294000      0.588000      0.882000       1.17600    
   1.47000       1.76400       2.05800       2.35200       2.64600    
          ... 
   58.8000    


 Ray trace run
 Geometric hat beams in Cartesian coordinates
 Point source (cylindrical coordinates)
 Rectilinear receiver grid: Receivers at Rr( : ) x Rz( : )
 __________________________________________________________________________

 Number of beams in elevation   =           37
 Beam take-off angles (degrees)
  -24.2000      -22.8556      -21.5111      -20.1667      -18.8222    
  -17.4778      -16.1333      -14.7889      -13.4444      -12.1000    
          ... 
   24.2000    

 __________________________________________________________________________


 Step length,       deltas =   0.000     m

 Maximum ray depth, Box%z  =   3697.     m
 Maximum ray range, Box%r  =   50.00    km
 No beam shift in effect


 Step length,       deltas =   284.7     m (automatically selected)

Tracing beam       1    -24.20
Tracing beam       2    -22.86
Tracing beam       3    -21.51
Tracing beam       4    -20.17
Tracing beam       5    -18.82
Tracing beam       6    -17.48
Tracing beam       7    -16.13
Tracing beam       8    -14.79
Tracing beam       9    -13.44
Tracing beam      10    -12.10
Tracing beam      11    -10.76
Tracing beam      12     -9.41
Tracing beam      13     -8.07
Tracing beam      14     -6.72
Tracing beam      15     -5.38
Tracing beam      16     -4.03
Tracing beam      17     -2.69
Tracing beam      18     -1.34
Tracing beam      19      0.00
Tracing beam      20      1.34
Tracing beam      21      2.69
Tracing beam      22      4.03
Tracing beam      23      5.38
Tracing beam      24      6.72
Tracing beam      25      8.07
Tracing beam      26      9.41
Tracing beam      27     10.76
Tracing beam      28     12.10
Tracing beam      29     13.44
Tracing beam      30     14.79
Tracing beam      31     16.13
Tracing beam      32     17.48
Tracing beam      33     18.82
Tracing beam      34     20.17
Tracing beam      35     21.51
Tracing beam      36     22.86
Tracing beam      37     24.20
Tracing beam       1    -24.20
Tracing beam       2    -22.86
Tracing beam       3    -21.51
Tracing beam       4    -20.17
Tracing beam       5    -18.82
Tracing beam       6    -17.48
Tracing beam       7    -16.13
Tracing beam       8    -14.79
Tracing beam       9    -13.44
Tracing beam      10    -12.10
Tracing beam      11    -10.76
Tracing beam      12     -9.41
Tracing beam      13     -8.07
Tracing beam      14     -6.72
Tracing beam      15     -5.38
Tracing beam      16     -4.03
Tracing beam      17     -2.69
Tracing beam      18     -1.34
Tracing beam      19      0.00
Tracing beam      20      1.34
Tracing beam      21      2.69
Tracing beam      22      4.03
Tracing beam      23      5.38
Tracing beam      24      6.72
Tracing beam      25      8.07
Tracing beam      26      9.41
Tracing beam      27     10.76
Tracing beam      28     12.10
Tracing beam      29     13.44
Tracing beam      30     14.79
Tracing beam      31     16.13
Tracing beam      32     17.48
Tracing beam      33     18.82
Tracing beam      34     20.17
Tracing beam      35     21.51
Tracing beam      36     22.86
Tracing beam      37     24.20
Tracing beam       1    -24.20
Tracing beam       2    -22.86
Tracing beam       3    -21.51
Tracing beam       4    -20.17
Tracing beam       5    -18.82
Tracing beam       6    -17.48
Tracing beam       7    -16.13
Tracing beam       8    -14.79
Tracing beam       9    -13.44
Tracing beam      10    -12.10
Tracing beam      11    -10.76
Tracing beam      12     -9.41
Tracing beam      13     -8.07
Tracing beam      14     -6.72
Tracing beam      15     -5.38
Tracing beam      16     -4.03
Tracing beam      17     -2.69
Tracing beam      18     -1.34
Tracing beam      19      0.00
Tracing beam      20      1.34
Tracing beam      21      2.69
Tracing beam      22      4.03
Tracing beam      23      5.38
Tracing beam      24      6.72
Tracing beam      25      8.07
Tracing beam      26      9.41
Tracing beam      27     10.76
Tracing beam      28     12.10
Tracing beam      29     13.44
Tracing beam      30     14.79
Tracing beam      31     16.13
Tracing beam      32     17.48
Tracing beam      33     18.82
Tracing beam      34     20.17
Tracing beam      35     21.51
Tracing beam      36     22.86
Tracing beam      37     24.20

 CPU Time =       0.938E-01s
