 BELLHOP/BELLHOP3D

 BELLHOP- Polar Ocean Environment ARR Mode                                       
 frequency =   642.8     Hz

 Dummy parameter NMedia =            1

     Spline approximation to SSP
     Attenuation units: dB/mkHz
     VACUUM

 Depth =    2316.50 m

 Sound speed profile:
   z (m)     alphaR (m/s)   betaR  rho (g/cm^3)  alphaI     betaI

      0.00      1464.03      0.00     1.00       0.0000    0.0000
     56.50      1461.14      0.00     1.00       0.0000    0.0000
    113.00      1464.79      0.00     1.00       0.0000    0.0000
    169.50      1461.85      0.00     1.00       0.0000    0.0000
    226.00      1460.00      0.00     1.00       0.0000    0.0000
    282.50      1460.75      0.00     1.00       0.0000    0.0000
    339.00      1460.00      0.00     1.00       0.0000    0.0000
    395.50      1460.00      0.00     1.00       0.0000    0.0000
    452.00      1460.00      0.00     1.00       0.0000    0.0000
    508.50      1460.00      0.00     1.00       0.0000    0.0000
    565.00      1460.00      0.00     1.00       0.0000    0.0000
    621.50      1460.00      0.00     1.00       0.0000    0.0000
    678.00      1460.00      0.00     1.00       0.0000    0.0000
    734.50      1460.00      0.00     1.00       0.0000    0.0000
    791.00      1460.00      0.00     1.00       0.0000    0.0000
    847.50      1460.00      0.00     1.00       0.0000    0.0000
    904.00      1460.00      0.00     1.00       0.0000    0.0000
    960.50      1460.00      0.00     1.00       0.0000    0.0000
   1017.00      1460.00      0.00     1.00       0.0000    0.0000
   1073.50      1460.00      0.00     1.00       0.0000    0.0000
   1130.00      1460.00      0.00     1.00       0.0000    0.0000
   1186.50      1460.00      0.00     1.00       0.0000    0.0000
   1243.00      1460.00      0.00     1.00       0.0000    0.0000
   1299.50      1460.00      0.00     1.00       0.0000    0.0000
   1356.00      1460.00      0.00     1.00       0.0000    0.0000
   1412.50      1460.00      0.00     1.00       0.0000    0.0000
   1469.00      1461.32      0.00     1.00       0.0000    0.0000
   1525.50      1460.94      0.00     1.00       0.0000    0.0000
   1582.00      1463.57      0.00     1.00       0.0000    0.0000
   1638.50      1462.25      0.00     1.00       0.0000    0.0000
   1695.00      1464.29      0.00     1.00       0.0000    0.0000
   1751.50      1464.25      0.00     1.00       0.0000    0.0000
   1808.00      1469.11      0.00     1.00       0.0000    0.0000
   1864.50      1467.84      0.00     1.00       0.0000    0.0000
   1921.00      1465.94      0.00     1.00       0.0000    0.0000
   1977.50      1471.43      0.00     1.00       0.0000    0.0000
   2034.00      1468.59      0.00     1.00       0.0000    0.0000
   2090.50      1470.75      0.00     1.00       0.0000    0.0000
   2147.00      1472.47      0.00     1.00       0.0000    0.0000
   2203.50      1473.63      0.00     1.00       0.0000    0.0000
   2260.00      1474.57      0.00     1.00       0.0000    0.0000
   2316.50      1473.18      0.00     1.00       0.0000    0.0000

                                 ( RMS roughness =   0.00     )
     ACOUSTO-ELASTIC half-space
   2516.50      1600.00      0.00     1.80       0.0000    0.0000

 __________________________________________________________________________

 Number of Source   depths, Sz =            1
 Source   depths, Sz (m)
   190.000    


 __________________________________________________________________________

 Number of Receiver depths, Rz =           33
 Receiver depths, Rz (m)
   0.00000       98.9531       197.906       296.859       395.812    
   494.766       593.719       692.672       791.625       890.578    
          ... 
   3166.50    

 Warning in ReadSzRz : Receiver below or too near the bottom bdry has been moved up

 __________________________________________________________________________

 Number of Receiver ranges, Rr =          201
 Receiver ranges, Rr (km)
   0.00000      0.231000      0.462000      0.693000      0.924000    
   1.15500       1.38600       1.61700       1.84800       2.07900    
          ... 
   46.2000    


 Arrivals calculation, ASCII  file output
 Geometric hat beams in Cartesian coordinates
 Point source (cylindrical coordinates)
 Rectilinear receiver grid: Receivers at Rr( : ) x Rz( : )
 __________________________________________________________________________

 Number of beams in elevation   =           32
 Beam take-off angles (degrees)
  -15.0000      -14.0323      -13.0645      -12.0968      -11.1290    
  -10.1613      -9.19355      -8.22581      -7.25806      -6.29032    
          ... 
   15.0000    

 __________________________________________________________________________


 Step length,       deltas =   0.000     m

 Maximum ray depth, Box%z  =   3166.     m
 Maximum ray range, Box%r  =   50.00    km
 No beam shift in effect


 Step length,       deltas =   231.7     m (automatically selected)

 ( Maximum # of arrivals =         3015 )

Tracing beam       1    -15.00

 Geometric hat beams                     
 halfwidth  =    42.826145153444408     
 epsilonOpt =  (  0.0000000000000000     ,  3703767.4452691837     )
 EpsMult    =    1.0000000000000000     

Tracing beam       2    -14.03
Tracing beam       3    -13.06
Tracing beam       4    -12.10
Tracing beam       5    -11.13
Tracing beam       6    -10.16
Tracing beam       7     -9.19
Tracing beam       8     -8.23
Tracing beam       9     -7.26
Tracing beam      10     -6.29
Tracing beam      11     -5.32
Tracing beam      12     -4.35
Tracing beam      13     -3.39
Tracing beam      14     -2.42
Tracing beam      15     -1.45
Tracing beam      16     -0.48
Tracing beam      17      0.48
Tracing beam      18      1.45
Tracing beam      19      2.42
Tracing beam      20      3.39
Tracing beam      21      4.35
Tracing beam      22      5.32
Tracing beam      23      6.29
Tracing beam      24      7.26
Tracing beam      25      8.23
Tracing beam      26      9.19
Tracing beam      27     10.16
Tracing beam      28     11.13
Tracing beam      29     12.10
Tracing beam      30     13.06
Tracing beam      31     14.03
Tracing beam      32     15.00

 CPU Time =       0.141    s
