 BELLHOP/BELLHOP3D

 BELLHOP- Polar Ocean Environment RAY Mode                                       
 frequency =   642.8     Hz

 Dummy parameter NMedia =            1

     Spline approximation to SSP
     Attenuation units: dB/mkHz
     VACUUM

 Depth =    2316.50 m

 Sound speed profile:
   z (m)     alphaR (m/s)   betaR  rho (g/cm^3)  alphaI     betaI

      0.00      1464.03      0.00     1.00       0.0000    0.0000
     56.50      1461.14      0.00     1.00       0.0000    0.0000
    113.00      1464.79      0.00     1.00       0.0000    0.0000
    169.50      1461.85      0.00     1.00       0.0000    0.0000
    226.00      1460.00      0.00     1.00       0.0000    0.0000
    282.50      1460.75      0.00     1.00       0.0000    0.0000
    339.00      1460.00      0.00     1.00       0.0000    0.0000
    395.50      1460.00      0.00     1.00       0.0000    0.0000
    452.00      1460.00      0.00     1.00       0.0000    0.0000
    508.50      1460.00      0.00     1.00       0.0000    0.0000
    565.00      1460.00      0.00     1.00       0.0000    0.0000
    621.50      1460.00      0.00     1.00       0.0000    0.0000
    678.00      1460.00      0.00     1.00       0.0000    0.0000
    734.50      1460.00      0.00     1.00       0.0000    0.0000
    791.00      1460.00      0.00     1.00       0.0000    0.0000
    847.50      1460.00      0.00     1.00       0.0000    0.0000
    904.00      1460.00      0.00     1.00       0.0000    0.0000
    960.50      1460.00      0.00     1.00       0.0000    0.0000
   1017.00      1460.00      0.00     1.00       0.0000    0.0000
   1073.50      1460.00      0.00     1.00       0.0000    0.0000
   1130.00      1460.00      0.00     1.00       0.0000    0.0000
   1186.50      1460.00      0.00     1.00       0.0000    0.0000
   1243.00      1460.00      0.00     1.00       0.0000    0.0000
   1299.50      1460.00      0.00     1.00       0.0000    0.0000
   1356.00      1460.00      0.00     1.00       0.0000    0.0000
   1412.50      1460.00      0.00     1.00       0.0000    0.0000
   1469.00      1461.32      0.00     1.00       0.0000    0.0000
   1525.50      1460.94      0.00     1.00       0.0000    0.0000
   1582.00      1463.57      0.00     1.00       0.0000    0.0000
   1638.50      1462.25      0.00     1.00       0.0000    0.0000
   1695.00      1464.29      0.00     1.00       0.0000    0.0000
   1751.50      1464.25      0.00     1.00       0.0000    0.0000
   1808.00      1469.11      0.00     1.00       0.0000    0.0000
   1864.50      1467.84      0.00     1.00       0.0000    0.0000
   1921.00      1465.94      0.00     1.00       0.0000    0.0000
   1977.50      1471.43      0.00     1.00       0.0000    0.0000
   2034.00      1468.59      0.00     1.00       0.0000    0.0000
   2090.50      1470.75      0.00     1.00       0.0000    0.0000
   2147.00      1472.47      0.00     1.00       0.0000    0.0000
   2203.50      1473.63      0.00     1.00       0.0000    0.0000
   2260.00      1474.57      0.00     1.00       0.0000    0.0000
   2316.50      1473.18      0.00     1.00       0.0000    0.0000

                                 ( RMS roughness =   0.00     )
     ACOUSTO-ELASTIC half-space
   2516.50      1600.00      0.00     1.80       0.0000    0.0000

 __________________________________________________________________________

 Number of Source   depths, Sz =            1
 Source   depths, Sz (m)
   54.5000    


 __________________________________________________________________________

 Number of Receiver depths, Rz =           33
 Receiver depths, Rz (m)
   0.00000       98.9531       197.906       296.859       395.812    
   494.766       593.719       692.672       791.625       890.578    
          ... 
   3166.50    

 Warning in ReadSzRz : Receiver below or too near the bottom bdry has been moved up

 __________________________________________________________________________

 Number of Receiver ranges, Rr =          201
 Receiver ranges, Rr (km)
   0.00000      0.244000      0.488000      0.732000      0.976000    
   1.22000       1.46400       1.70800       1.95200       2.19600    
          ... 
   48.8000    


 Ray trace run
 Geometric hat beams in Cartesian coordinates
 Point source (cylindrical coordinates)
 Rectilinear receiver grid: Receivers at Rr( : ) x Rz( : )
 __________________________________________________________________________

 Number of beams in elevation   =           26
 Beam take-off angles (degrees)
  -21.6000      -19.8720      -18.1440      -16.4160      -14.6880    
  -12.9600      -11.2320      -9.50400      -7.77600      -6.04800    
          ... 
   21.6000    

 __________________________________________________________________________


 Step length,       deltas =   0.000     m

 Maximum ray depth, Box%z  =   3166.     m
 Maximum ray range, Box%r  =   50.00    km
 No beam shift in effect


 Step length,       deltas =   231.7     m (automatically selected)

Tracing beam       1    -21.60
Tracing beam       2    -19.87
Tracing beam       3    -18.14
Tracing beam       4    -16.42
Tracing beam       5    -14.69
Tracing beam       6    -12.96
Tracing beam       7    -11.23
Tracing beam       8     -9.50
Tracing beam       9     -7.78
Tracing beam      10     -6.05
Tracing beam      11     -4.32
Tracing beam      12     -2.59
Tracing beam      13     -0.86
Tracing beam      14      0.86
Tracing beam      15      2.59
Tracing beam      16      4.32
Tracing beam      17      6.05
Tracing beam      18      7.78
Tracing beam      19      9.50
Tracing beam      20     11.23
Tracing beam      21     12.96
Tracing beam      22     14.69
Tracing beam      23     16.42
Tracing beam      24     18.14
Tracing beam      25     19.87
Tracing beam      26     21.60

 CPU Time =       0.156E-01s
