 BELLHOP/BELLHOP3D

 BELLHOP- Polar Ocean Environment SHD Mode                                       
 frequency =   642.8     Hz

 Dummy parameter NMedia =            1

     Spline approximation to SSP
     Attenuation units: dB/mkHz
     VACUUM

 Depth =    2316.50 m

 Sound speed profile:
   z (m)     alphaR (m/s)   betaR  rho (g/cm^3)  alphaI     betaI

      0.00      1464.03      0.00     1.00       0.0000    0.0000
     56.50      1461.14      0.00     1.00       0.0000    0.0000
    113.00      1464.79      0.00     1.00       0.0000    0.0000
    169.50      1461.85      0.00     1.00       0.0000    0.0000
    226.00      1460.00      0.00     1.00       0.0000    0.0000
    282.50      1460.75      0.00     1.00       0.0000    0.0000
    339.00      1460.00      0.00     1.00       0.0000    0.0000
    395.50      1460.00      0.00     1.00       0.0000    0.0000
    452.00      1460.00      0.00     1.00       0.0000    0.0000
    508.50      1460.00      0.00     1.00       0.0000    0.0000
    565.00      1460.00      0.00     1.00       0.0000    0.0000
    621.50      1460.00      0.00     1.00       0.0000    0.0000
    678.00      1460.00      0.00     1.00       0.0000    0.0000
    734.50      1460.00      0.00     1.00       0.0000    0.0000
    791.00      1460.00      0.00     1.00       0.0000    0.0000
    847.50      1460.00      0.00     1.00       0.0000    0.0000
    904.00      1460.00      0.00     1.00       0.0000    0.0000
    960.50      1460.00      0.00     1.00       0.0000    0.0000
   1017.00      1460.00      0.00     1.00       0.0000    0.0000
   1073.50      1460.00      0.00     1.00       0.0000    0.0000
   1130.00      1460.00      0.00     1.00       0.0000    0.0000
   1186.50      1460.00      0.00     1.00       0.0000    0.0000
   1243.00      1460.00      0.00     1.00       0.0000    0.0000
   1299.50      1460.00      0.00     1.00       0.0000    0.0000
   1356.00      1460.00      0.00     1.00       0.0000    0.0000
   1412.50      1460.00      0.00     1.00       0.0000    0.0000
   1469.00      1461.32      0.00     1.00       0.0000    0.0000
   1525.50      1460.94      0.00     1.00       0.0000    0.0000
   1582.00      1463.57      0.00     1.00       0.0000    0.0000
   1638.50      1462.25      0.00     1.00       0.0000    0.0000
   1695.00      1464.29      0.00     1.00       0.0000    0.0000
   1751.50      1464.25      0.00     1.00       0.0000    0.0000
   1808.00      1469.11      0.00     1.00       0.0000    0.0000
   1864.50      1467.84      0.00     1.00       0.0000    0.0000
   1921.00      1465.94      0.00     1.00       0.0000    0.0000
   1977.50      1471.43      0.00     1.00       0.0000    0.0000
   2034.00      1468.59      0.00     1.00       0.0000    0.0000
   2090.50      1470.75      0.00     1.00       0.0000    0.0000
   2147.00      1472.47      0.00     1.00       0.0000    0.0000
   2203.50      1473.63      0.00     1.00       0.0000    0.0000
   2260.00      1474.57      0.00     1.00       0.0000    0.0000
   2316.50      1473.18      0.00     1.00       0.0000    0.0000

                                 ( RMS roughness =   0.00     )
     ACOUSTO-ELASTIC half-space
   2516.50      1600.00      0.00     1.80       0.0000    0.0000

 __________________________________________________________________________

 Number of Source   depths, Sz =            1
 Source   depths, Sz (m)
   111.200    


 __________________________________________________________________________

 Number of Receiver depths, Rz =           85
 Receiver depths, Rz (m)
   0.00000       37.6964       75.3929       113.089       150.786    
   188.482       226.179       263.875       301.571       339.268    
          ... 
   3166.50    

 Warning in ReadSzRz : Receiver below or too near the bottom bdry has been moved up

 __________________________________________________________________________

 Number of Receiver ranges, Rr =          201
 Receiver ranges, Rr (km)
   0.00000      0.259000      0.518000      0.777000       1.03600    
   1.29500       1.55400       1.81300       2.07200       2.33100    
          ... 
   51.8000    


 Coherent TL calculation
 Geometric hat beams in Cartesian coordinates
 Point source (cylindrical coordinates)
 Rectilinear receiver grid: Receivers at Rr( : ) x Rz( : )
 __________________________________________________________________________

 Number of beams in elevation   =         6659
 Beam take-off angles (degrees)
  -87.7000      -87.6743      -87.6486      -87.6229      -87.5971    
  -87.5714      -87.5457      -87.5200      -87.4943      -87.4686    
          ... 
   83.5000    

 __________________________________________________________________________


 Step length,       deltas =   0.000     m

 Maximum ray depth, Box%z  =   3166.     m
 Maximum ray range, Box%r  =   50.00    km
 No beam shift in effect


 Step length,       deltas =   231.7     m (automatically selected)

Tracing beam       1    -87.70

 Geometric hat beams                     
 halfwidth  =    1616.2365148234114     
 epsilonOpt =  (  0.0000000000000000     ,  5275159183.5093431     )
 EpsMult    =    1.0000000000000000     

Tracing beam     134    -84.28
Tracing beam     267    -80.86
Tracing beam     400    -77.44
Tracing beam     533    -74.02
Tracing beam     666    -70.60
Tracing beam     799    -67.18
Tracing beam     932    -63.76
Tracing beam    1065    -60.34
Tracing beam    1198    -56.92
Tracing beam    1331    -53.50
Tracing beam    1464    -50.08
Tracing beam    1597    -46.66
Tracing beam    1730    -43.24
Tracing beam    1863    -39.82
Tracing beam    1996    -36.40
Tracing beam    2129    -32.98
Tracing beam    2262    -29.56
Tracing beam    2395    -26.14
Tracing beam    2528    -22.72
Tracing beam    2661    -19.30
Tracing beam    2794    -15.88
Tracing beam    2927    -12.46
Tracing beam    3060     -9.04
Tracing beam    3193     -5.62
Tracing beam    3326     -2.20
Tracing beam    3459      1.22
Tracing beam    3592      4.64
Tracing beam    3725      8.06
Tracing beam    3858     11.48
Tracing beam    3991     14.90
Tracing beam    4124     18.32
Tracing beam    4257     21.74
Tracing beam    4390     25.16
Tracing beam    4523     28.58
Tracing beam    4656     32.00
Tracing beam    4789     35.42
Tracing beam    4922     38.84
Tracing beam    5055     42.26
Tracing beam    5188     45.68
Tracing beam    5321     49.10
Tracing beam    5454     52.52
Tracing beam    5587     55.94
Tracing beam    5720     59.36
Tracing beam    5853     62.77
Tracing beam    5986     66.19
Tracing beam    6119     69.61
Tracing beam    6252     73.03
Tracing beam    6385     76.45
Tracing beam    6518     79.87
Tracing beam    6651     83.29

 CPU Time =       0.891    s
