 BELLHOP/BELLHOP3D

 BELLHOP- Continental Shelf Environment RAY Mode                                 
 frequency =   1421.     Hz

 Dummy parameter NMedia =            1

     Spline approximation to SSP
     Attenuation units: dB/mkHz
     VACUUM

 Depth =     915.20 m

 Sound speed profile:
   z (m)     alphaR (m/s)   betaR  rho (g/cm^3)  alphaI     betaI

      0.00      1503.32      0.00     1.00       0.0000    0.0000
     36.60      1500.30      0.00     1.00       0.0000    0.0000
     73.20      1498.62      0.00     1.00       0.0000    0.0000
    109.80      1500.39      0.00     1.00       0.0000    0.0000
    146.40      1497.68      0.00     1.00       0.0000    0.0000
    183.00      1499.25      0.00     1.00       0.0000    0.0000
    219.70      1498.89      0.00     1.00       0.0000    0.0000
    256.30      1495.85      0.00     1.00       0.0000    0.0000
    292.90      1497.03      0.00     1.00       0.0000    0.0000
    329.50      1492.52      0.00     1.00       0.0000    0.0000
    366.10      1490.74      0.00     1.00       0.0000    0.0000
    402.70      1490.99      0.00     1.00       0.0000    0.0000
    439.30      1489.79      0.00     1.00       0.0000    0.0000
    475.90      1489.93      0.00     1.00       0.0000    0.0000
    512.50      1486.52      0.00     1.00       0.0000    0.0000
    549.10      1488.70      0.00     1.00       0.0000    0.0000
    585.70      1488.63      0.00     1.00       0.0000    0.0000
    622.30      1484.70      0.00     1.00       0.0000    0.0000
    659.00      1485.78      0.00     1.00       0.0000    0.0000
    695.60      1481.54      0.00     1.00       0.0000    0.0000
    732.20      1484.03      0.00     1.00       0.0000    0.0000
    768.80      1483.35      0.00     1.00       0.0000    0.0000
    805.40      1482.51      0.00     1.00       0.0000    0.0000
    842.00      1480.70      0.00     1.00       0.0000    0.0000
    878.60      1475.88      0.00     1.00       0.0000    0.0000
    915.20      1479.02      0.00     1.00       0.0000    0.0000

                                 ( RMS roughness =   0.00     )
     ACOUSTO-ELASTIC half-space
   1115.20      1600.00      0.00     1.80       0.0000    0.0000

 __________________________________________________________________________

 Number of Source   depths, Sz =            1
 Source   depths, Sz (m)
   193.600    


 __________________________________________________________________________

 Number of Receiver depths, Rz =           48
 Receiver depths, Rz (m)
   0.00000       37.5574       75.1149       112.672       150.230    
   187.787       225.345       262.902       300.460       338.017    
          ... 
   1765.20    

 Warning in ReadSzRz : Receiver below or too near the bottom bdry has been moved up

 __________________________________________________________________________

 Number of Receiver ranges, Rr =          201
 Receiver ranges, Rr (km)
   0.00000      0.256500      0.513000      0.769500       1.02600    
   1.28250       1.53900       1.79550       2.05200       2.30850    
          ... 
   51.3000    


 Ray trace run
 Geometric hat beams in Cartesian coordinates
 Point source (cylindrical coordinates)
 Rectilinear receiver grid: Receivers at Rr( : ) x Rz( : )
 __________________________________________________________________________

 Number of beams in elevation   =           30
 Beam take-off angles (degrees)
  -14.8000      -13.7793      -12.7586      -11.7379      -10.7172    
  -9.69655      -8.67586      -7.65517      -6.63448      -5.61379    
          ... 
   14.8000    

 __________________________________________________________________________


 Step length,       deltas =   0.000     m

 Maximum ray depth, Box%z  =   1765.     m
 Maximum ray range, Box%r  =   50.00    km
 No beam shift in effect


 Step length,       deltas =   91.52     m (automatically selected)

Tracing beam       1    -14.80
Tracing beam       2    -13.78
Tracing beam       3    -12.76
Tracing beam       4    -11.74
Tracing beam       5    -10.72
Tracing beam       6     -9.70
Tracing beam       7     -8.68
Tracing beam       8     -7.66
Tracing beam       9     -6.63
Tracing beam      10     -5.61
Tracing beam      11     -4.59
Tracing beam      12     -3.57
Tracing beam      13     -2.55
Tracing beam      14     -1.53
Tracing beam      15     -0.51
Tracing beam      16      0.51
Tracing beam      17      1.53
Tracing beam      18      2.55
Tracing beam      19      3.57
Tracing beam      20      4.59
Tracing beam      21      5.61
Tracing beam      22      6.63
Tracing beam      23      7.66
Tracing beam      24      8.68
Tracing beam      25      9.70
Tracing beam      26     10.72
Tracing beam      27     11.74
Tracing beam      28     12.76
Tracing beam      29     13.78
Tracing beam      30     14.80

 CPU Time =       0.469E-01s
