 BELLHOP/BELLHOP3D

 BELLHOP- Continental Shelf Environment SHD Mode                                 
 frequency =   1421.     Hz

 Dummy parameter NMedia =            1

     Spline approximation to SSP
     Attenuation units: dB/mkHz
     VACUUM

 Depth =     915.20 m

 Sound speed profile:
   z (m)     alphaR (m/s)   betaR  rho (g/cm^3)  alphaI     betaI

      0.00      1503.32      0.00     1.00       0.0000    0.0000
     36.60      1500.30      0.00     1.00       0.0000    0.0000
     73.20      1498.62      0.00     1.00       0.0000    0.0000
    109.80      1500.39      0.00     1.00       0.0000    0.0000
    146.40      1497.68      0.00     1.00       0.0000    0.0000
    183.00      1499.25      0.00     1.00       0.0000    0.0000
    219.70      1498.89      0.00     1.00       0.0000    0.0000
    256.30      1495.85      0.00     1.00       0.0000    0.0000
    292.90      1497.03      0.00     1.00       0.0000    0.0000
    329.50      1492.52      0.00     1.00       0.0000    0.0000
    366.10      1490.74      0.00     1.00       0.0000    0.0000
    402.70      1490.99      0.00     1.00       0.0000    0.0000
    439.30      1489.79      0.00     1.00       0.0000    0.0000
    475.90      1489.93      0.00     1.00       0.0000    0.0000
    512.50      1486.52      0.00     1.00       0.0000    0.0000
    549.10      1488.70      0.00     1.00       0.0000    0.0000
    585.70      1488.63      0.00     1.00       0.0000    0.0000
    622.30      1484.70      0.00     1.00       0.0000    0.0000
    659.00      1485.78      0.00     1.00       0.0000    0.0000
    695.60      1481.54      0.00     1.00       0.0000    0.0000
    732.20      1484.03      0.00     1.00       0.0000    0.0000
    768.80      1483.35      0.00     1.00       0.0000    0.0000
    805.40      1482.51      0.00     1.00       0.0000    0.0000
    842.00      1480.70      0.00     1.00       0.0000    0.0000
    878.60      1475.88      0.00     1.00       0.0000    0.0000
    915.20      1479.02      0.00     1.00       0.0000    0.0000

                                 ( RMS roughness =   0.00     )
     ACOUSTO-ELASTIC half-space
   1115.20      1600.00      0.00     1.80       0.0000    0.0000

 __________________________________________________________________________

 Number of Source   depths, Sz =            1
 Source   depths, Sz (m)
   131.200    


 __________________________________________________________________________

 Number of Receiver depths, Rz =           75
 Receiver depths, Rz (m)
   0.00000       23.8541       47.7081       71.5622       95.4162    
   119.270       143.124       166.978       190.832       214.686    
          ... 
   1765.20    

 Warning in ReadSzRz : Receiver below or too near the bottom bdry has been moved up

 __________________________________________________________________________

 Number of Receiver ranges, Rr =          201
 Receiver ranges, Rr (km)
   0.00000      0.238000      0.476000      0.714000      0.952000    
   1.19000       1.42800       1.66600       1.90400       2.14200    
          ... 
   47.6000    


 Coherent TL calculation
 Geometric hat beams in Cartesian coordinates
 Point source (cylindrical coordinates)
 Rectilinear receiver grid: Receivers at Rr( : ) x Rz( : )
 __________________________________________________________________________

 Number of beams in elevation   =        13530
 Beam take-off angles (degrees)
  -89.5000      -89.4881      -89.4762      -89.4643      -89.4524    
  -89.4405      -89.4286      -89.4166      -89.4047      -89.3928    
          ... 
   71.6000    

 __________________________________________________________________________


 Step length,       deltas =   0.000     m

 Maximum ray depth, Box%z  =   1765.     m
 Maximum ray range, Box%r  =   50.00    km
 No beam shift in effect


 Step length,       deltas =   91.52     m (automatically selected)

Tracing beam       1    -89.50

 Geometric hat beams                     
 halfwidth  =    1615.0954711364218     
 epsilonOpt =  (  0.0000000000000000     ,  11647481448.665092     )
 EpsMult    =    1.0000000000000000     

Tracing beam     271    -86.28
Tracing beam     541    -83.07
Tracing beam     811    -79.85
Tracing beam    1081    -76.64
Tracing beam    1351    -73.42
Tracing beam    1621    -70.21
Tracing beam    1891    -66.99
Tracing beam    2161    -63.78
Tracing beam    2431    -60.56
Tracing beam    2701    -57.35
Tracing beam    2971    -54.13
Tracing beam    3241    -50.92
Tracing beam    3511    -47.70
Tracing beam    3781    -44.49
Tracing beam    4051    -41.27
Tracing beam    4321    -38.06
Tracing beam    4591    -34.84
Tracing beam    4861    -31.63
Tracing beam    5131    -28.41
Tracing beam    5401    -25.20
Tracing beam    5671    -21.98
Tracing beam    5941    -18.77
Tracing beam    6211    -15.55
Tracing beam    6481    -12.34
Tracing beam    6751     -9.12
Tracing beam    7021     -5.91
Tracing beam    7291     -2.69
Tracing beam    7561      0.52
Tracing beam    7831      3.74
Tracing beam    8101      6.95
Tracing beam    8371     10.17
Tracing beam    8641     13.38
Tracing beam    8911     16.60
Tracing beam    9181     19.81
Tracing beam    9451     23.03
Tracing beam    9721     26.24
Tracing beam    9991     29.46
Tracing beam   10261     32.67
Tracing beam   10531     35.89
Tracing beam   10801     39.10
Tracing beam   11071     42.32
Tracing beam   11341     45.53
Tracing beam   11611     48.75
Tracing beam   11881     51.96
Tracing beam   12151     55.18
Tracing beam   12421     58.39
Tracing beam   12691     61.61
Tracing beam   12961     64.82
Tracing beam   13231     68.04
Tracing beam   13501     71.25

 CPU Time =        1.36    s
