 BELLHOP/BELLHOP3D

 BELLHOP- Mixed Layer Environment RAY Mode                                       
 frequency =   1051.     Hz

 Dummy parameter NMedia =            1

     Spline approximation to SSP
     Attenuation units: dB/mkHz
     VACUUM

 Depth =    1427.80 m

 Sound speed profile:
   z (m)     alphaR (m/s)   betaR  rho (g/cm^3)  alphaI     betaI

      0.00      1508.67      0.00     1.00       0.0000    0.0000
     37.60      1506.13      0.00     1.00       0.0000    0.0000
     75.10      1506.86      0.00     1.00       0.0000    0.0000
    112.70      1512.10      0.00     1.00       0.0000    0.0000
    150.30      1508.40      0.00     1.00       0.0000    0.0000
    187.90      1507.95      0.00     1.00       0.0000    0.0000
    225.40      1507.58      0.00     1.00       0.0000    0.0000
    263.00      1503.94      0.00     1.00       0.0000    0.0000
    300.60      1502.45      0.00     1.00       0.0000    0.0000
    338.20      1502.09      0.00     1.00       0.0000    0.0000
    375.70      1501.10      0.00     1.00       0.0000    0.0000
    413.30      1496.81      0.00     1.00       0.0000    0.0000
    450.90      1498.18      0.00     1.00       0.0000    0.0000
    488.50      1496.62      0.00     1.00       0.0000    0.0000
    526.00      1494.37      0.00     1.00       0.0000    0.0000
    563.60      1494.44      0.00     1.00       0.0000    0.0000
    601.20      1491.84      0.00     1.00       0.0000    0.0000
    638.70      1490.44      0.00     1.00       0.0000    0.0000
    676.30      1492.00      0.00     1.00       0.0000    0.0000
    713.90      1492.51      0.00     1.00       0.0000    0.0000
    751.50      1489.97      0.00     1.00       0.0000    0.0000
    789.00      1488.47      0.00     1.00       0.0000    0.0000
    826.60      1488.19      0.00     1.00       0.0000    0.0000
    864.20      1489.80      0.00     1.00       0.0000    0.0000
    901.80      1491.14      0.00     1.00       0.0000    0.0000
    939.30      1489.53      0.00     1.00       0.0000    0.0000
    976.90      1490.16      0.00     1.00       0.0000    0.0000
   1014.50      1492.58      0.00     1.00       0.0000    0.0000
   1052.10      1494.93      0.00     1.00       0.0000    0.0000
   1089.60      1497.46      0.00     1.00       0.0000    0.0000
   1127.20      1494.73      0.00     1.00       0.0000    0.0000
   1164.80      1496.73      0.00     1.00       0.0000    0.0000
   1202.40      1500.03      0.00     1.00       0.0000    0.0000
   1239.90      1499.90      0.00     1.00       0.0000    0.0000
   1277.50      1498.95      0.00     1.00       0.0000    0.0000
   1315.10      1498.85      0.00     1.00       0.0000    0.0000
   1352.60      1504.19      0.00     1.00       0.0000    0.0000
   1390.20      1500.00      0.00     1.00       0.0000    0.0000
   1427.80      1504.92      0.00     1.00       0.0000    0.0000

                                 ( RMS roughness =   0.00     )
     ACOUSTO-ELASTIC half-space
   1627.80      1600.00      0.00     1.80       0.0000    0.0000

 __________________________________________________________________________

 Number of Source   depths, Sz =            3
 Source   depths, Sz (m)
   38.0000       45.3000       279.100    


 __________________________________________________________________________

 Number of Receiver depths, Rz =           41
 Receiver depths, Rz (m)
   0.00000       56.9450       113.890       170.835       227.780    
   284.725       341.670       398.615       455.560       512.505    
          ... 
   2277.80    

 Warning in ReadSzRz : Receiver below or too near the bottom bdry has been moved up

 __________________________________________________________________________

 Number of Receiver ranges, Rr =          201
 Receiver ranges, Rr (km)
   0.00000      0.265500      0.531000      0.796500       1.06200    
   1.32750       1.59300       1.85850       2.12400       2.38950    
          ... 
   53.1000    


 Ray trace run
 Geometric hat beams in Cartesian coordinates
 Point source (cylindrical coordinates)
 Rectilinear receiver grid: Receivers at Rr( : ) x Rz( : )
 __________________________________________________________________________

 Number of beams in elevation   =           30
 Beam take-off angles (degrees)
  -12.7000      -11.8241      -10.9483      -10.0724      -9.19655    
  -8.32069      -7.44483      -6.56897      -5.69310      -4.81724    
          ... 
   12.7000    

 __________________________________________________________________________


 Step length,       deltas =   0.000     m

 Maximum ray depth, Box%z  =   2278.     m
 Maximum ray range, Box%r  =   50.00    km
 No beam shift in effect


 Step length,       deltas =   142.8     m (automatically selected)

Tracing beam       1    -12.70
Tracing beam       2    -11.82
Tracing beam       3    -10.95
Tracing beam       4    -10.07
Tracing beam       5     -9.20
Tracing beam       6     -8.32
Tracing beam       7     -7.44
Tracing beam       8     -6.57
Tracing beam       9     -5.69
Tracing beam      10     -4.82
Tracing beam      11     -3.94
Tracing beam      12     -3.07
Tracing beam      13     -2.19
Tracing beam      14     -1.31
Tracing beam      15     -0.44
Tracing beam      16      0.44
Tracing beam      17      1.31
Tracing beam      18      2.19
Tracing beam      19      3.07
Tracing beam      20      3.94
Tracing beam      21      4.82
Tracing beam      22      5.69
Tracing beam      23      6.57
Tracing beam      24      7.44
Tracing beam      25      8.32
Tracing beam      26      9.20
Tracing beam      27     10.07
Tracing beam      28     10.95
Tracing beam      29     11.82
Tracing beam      30     12.70
Tracing beam       1    -12.70
Tracing beam       2    -11.82
Tracing beam       3    -10.95
Tracing beam       4    -10.07
Tracing beam       5     -9.20
Tracing beam       6     -8.32
Tracing beam       7     -7.44
Tracing beam       8     -6.57
Tracing beam       9     -5.69
Tracing beam      10     -4.82
Tracing beam      11     -3.94
Tracing beam      12     -3.07
Tracing beam      13     -2.19
Tracing beam      14     -1.31
Tracing beam      15     -0.44
Tracing beam      16      0.44
Tracing beam      17      1.31
Tracing beam      18      2.19
Tracing beam      19      3.07
Tracing beam      20      3.94
Tracing beam      21      4.82
Tracing beam      22      5.69
Tracing beam      23      6.57
Tracing beam      24      7.44
Tracing beam      25      8.32
Tracing beam      26      9.20
Tracing beam      27     10.07
Tracing beam      28     10.95
Tracing beam      29     11.82
Tracing beam      30     12.70
Tracing beam       1    -12.70
Tracing beam       2    -11.82
Tracing beam       3    -10.95
Tracing beam       4    -10.07
Tracing beam       5     -9.20
Tracing beam       6     -8.32
Tracing beam       7     -7.44
Tracing beam       8     -6.57
Tracing beam       9     -5.69
Tracing beam      10     -4.82
Tracing beam      11     -3.94
Tracing beam      12     -3.07
Tracing beam      13     -2.19
Tracing beam      14     -1.31
Tracing beam      15     -0.44
Tracing beam      16      0.44
Tracing beam      17      1.31
Tracing beam      18      2.19
Tracing beam      19      3.07
Tracing beam      20      3.94
Tracing beam      21      4.82
Tracing beam      22      5.69
Tracing beam      23      6.57
Tracing beam      24      7.44
Tracing beam      25      8.32
Tracing beam      26      9.20
Tracing beam      27     10.07
Tracing beam      28     10.95
Tracing beam      29     11.82
Tracing beam      30     12.70

 CPU Time =       0.938E-01s
