 BELLHOP/BELLHOP3D

 BELLHOP- Mixed Layer Environment ARR Mode                                       
 frequency =   1051.     Hz

 Dummy parameter NMedia =            1

     Spline approximation to SSP
     Attenuation units: dB/mkHz
     VACUUM

 Depth =    1427.80 m

 Sound speed profile:
   z (m)     alphaR (m/s)   betaR  rho (g/cm^3)  alphaI     betaI

      0.00      1508.67      0.00     1.00       0.0000    0.0000
     37.60      1506.13      0.00     1.00       0.0000    0.0000
     75.10      1506.86      0.00     1.00       0.0000    0.0000
    112.70      1512.10      0.00     1.00       0.0000    0.0000
    150.30      1508.40      0.00     1.00       0.0000    0.0000
    187.90      1507.95      0.00     1.00       0.0000    0.0000
    225.40      1507.58      0.00     1.00       0.0000    0.0000
    263.00      1503.94      0.00     1.00       0.0000    0.0000
    300.60      1502.45      0.00     1.00       0.0000    0.0000
    338.20      1502.09      0.00     1.00       0.0000    0.0000
    375.70      1501.10      0.00     1.00       0.0000    0.0000
    413.30      1496.81      0.00     1.00       0.0000    0.0000
    450.90      1498.18      0.00     1.00       0.0000    0.0000
    488.50      1496.62      0.00     1.00       0.0000    0.0000
    526.00      1494.37      0.00     1.00       0.0000    0.0000
    563.60      1494.44      0.00     1.00       0.0000    0.0000
    601.20      1491.84      0.00     1.00       0.0000    0.0000
    638.70      1490.44      0.00     1.00       0.0000    0.0000
    676.30      1492.00      0.00     1.00       0.0000    0.0000
    713.90      1492.51      0.00     1.00       0.0000    0.0000
    751.50      1489.97      0.00     1.00       0.0000    0.0000
    789.00      1488.47      0.00     1.00       0.0000    0.0000
    826.60      1488.19      0.00     1.00       0.0000    0.0000
    864.20      1489.80      0.00     1.00       0.0000    0.0000
    901.80      1491.14      0.00     1.00       0.0000    0.0000
    939.30      1489.53      0.00     1.00       0.0000    0.0000
    976.90      1490.16      0.00     1.00       0.0000    0.0000
   1014.50      1492.58      0.00     1.00       0.0000    0.0000
   1052.10      1494.93      0.00     1.00       0.0000    0.0000
   1089.60      1497.46      0.00     1.00       0.0000    0.0000
   1127.20      1494.73      0.00     1.00       0.0000    0.0000
   1164.80      1496.73      0.00     1.00       0.0000    0.0000
   1202.40      1500.03      0.00     1.00       0.0000    0.0000
   1239.90      1499.90      0.00     1.00       0.0000    0.0000
   1277.50      1498.95      0.00     1.00       0.0000    0.0000
   1315.10      1498.85      0.00     1.00       0.0000    0.0000
   1352.60      1504.19      0.00     1.00       0.0000    0.0000
   1390.20      1500.00      0.00     1.00       0.0000    0.0000
   1427.80      1504.92      0.00     1.00       0.0000    0.0000

                                 ( RMS roughness =   0.00     )
     ACOUSTO-ELASTIC half-space
   1627.80      1600.00      0.00     1.80       0.0000    0.0000

 __________________________________________________________________________

 Number of Source   depths, Sz =            2
 Source   depths, Sz (m)
   96.2000       248.400    


 __________________________________________________________________________

 Number of Receiver depths, Rz =           38
 Receiver depths, Rz (m)
   0.00000       61.5622       123.124       184.686       246.249    
   307.811       369.373       430.935       492.497       554.059    
          ... 
   2277.80    

 Warning in ReadSzRz : Receiver below or too near the bottom bdry has been moved up

 __________________________________________________________________________

 Number of Receiver ranges, Rr =          201
 Receiver ranges, Rr (km)
   0.00000      0.218000      0.436000      0.654000      0.872000    
   1.09000       1.30800       1.52600       1.74400       1.96200    
          ... 
   43.6000    


 Arrivals calculation, ASCII  file output
 Geometric hat beams in Cartesian coordinates
 Point source (cylindrical coordinates)
 Rectilinear receiver grid: Receivers at Rr( : ) x Rz( : )
 __________________________________________________________________________

 Number of beams in elevation   =           31
 Beam take-off angles (degrees)
  -19.2000      -17.9200      -16.6400      -15.3600      -14.0800    
  -12.8000      -11.5200      -10.2400      -8.96000      -7.68000    
          ... 
   19.2000    

 __________________________________________________________________________


 Step length,       deltas =   0.000     m

 Maximum ray depth, Box%z  =   2278.     m
 Maximum ray range, Box%r  =   50.00    km
 No beam shift in effect


 Step length,       deltas =   142.8     m (automatically selected)

 ( Maximum # of arrivals =         2618 )

Tracing beam       1    -19.20

 Geometric hat beams                     
 halfwidth  =    20.479682478820102     
 epsilonOpt =  (  0.0000000000000000     ,  1384574.6462804843     )
 EpsMult    =    1.0000000000000000     

Tracing beam       2    -17.92
Tracing beam       3    -16.64
Tracing beam       4    -15.36
Tracing beam       5    -14.08
Tracing beam       6    -12.80
Tracing beam       7    -11.52
Tracing beam       8    -10.24
Tracing beam       9     -8.96
Tracing beam      10     -7.68
Tracing beam      11     -6.40
Tracing beam      12     -5.12
Tracing beam      13     -3.84
Tracing beam      14     -2.56
Tracing beam      15     -1.28
Tracing beam      16      0.00
Tracing beam      17      1.28
Tracing beam      18      2.56
Tracing beam      19      3.84
Tracing beam      20      5.12
Tracing beam      21      6.40
Tracing beam      22      7.68
Tracing beam      23      8.96
Tracing beam      24     10.24
Tracing beam      25     11.52
Tracing beam      26     12.80
Tracing beam      27     14.08
Tracing beam      28     15.36
Tracing beam      29     16.64
Tracing beam      30     17.92
Tracing beam      31     19.20
Tracing beam       1    -19.20
Tracing beam       2    -17.92
Tracing beam       3    -16.64
Tracing beam       4    -15.36
Tracing beam       5    -14.08
Tracing beam       6    -12.80
Tracing beam       7    -11.52
Tracing beam       8    -10.24
Tracing beam       9     -8.96
Tracing beam      10     -7.68
Tracing beam      11     -6.40
Tracing beam      12     -5.12
Tracing beam      13     -3.84
Tracing beam      14     -2.56
Tracing beam      15     -1.28
Tracing beam      16      0.00
Tracing beam      17      1.28
Tracing beam      18      2.56
Tracing beam      19      3.84
Tracing beam      20      5.12
Tracing beam      21      6.40
Tracing beam      22      7.68
Tracing beam      23      8.96
Tracing beam      24     10.24
Tracing beam      25     11.52
Tracing beam      26     12.80
Tracing beam      27     14.08
Tracing beam      28     15.36
Tracing beam      29     16.64
Tracing beam      30     17.92
Tracing beam      31     19.20

 CPU Time =       0.422    s
