 BELLHOP/BELLHOP3D

 BELLHOP- Deep Ocean Environment ARR Mode                                        
 frequency =   837.7     Hz

 Dummy parameter NMedia =            1

     Spline approximation to SSP
     Attenuation units: dB/mkHz
     VACUUM

 Depth =    4786.40 m

 Sound speed profile:
   z (m)     alphaR (m/s)   betaR  rho (g/cm^3)  alphaI     betaI

      0.00      1498.81      0.00     1.00       0.0000    0.0000
     97.70      1495.89      0.00     1.00       0.0000    0.0000
    195.40      1495.59      0.00     1.00       0.0000    0.0000
    293.00      1494.89      0.00     1.00       0.0000    0.0000
    390.70      1489.57      0.00     1.00       0.0000    0.0000
    488.40      1486.46      0.00     1.00       0.0000    0.0000
    586.10      1485.41      0.00     1.00       0.0000    0.0000
    683.80      1481.10      0.00     1.00       0.0000    0.0000
    781.40      1482.72      0.00     1.00       0.0000    0.0000
    879.10      1478.63      0.00     1.00       0.0000    0.0000
    976.80      1478.23      0.00     1.00       0.0000    0.0000
   1074.50      1478.92      0.00     1.00       0.0000    0.0000
   1172.20      1481.95      0.00     1.00       0.0000    0.0000
   1269.90      1480.41      0.00     1.00       0.0000    0.0000
   1367.50      1479.84      0.00     1.00       0.0000    0.0000
   1465.20      1481.47      0.00     1.00       0.0000    0.0000
   1562.90      1482.86      0.00     1.00       0.0000    0.0000
   1660.60      1481.66      0.00     1.00       0.0000    0.0000
   1758.30      1482.23      0.00     1.00       0.0000    0.0000
   1855.90      1487.65      0.00     1.00       0.0000    0.0000
   1953.60      1483.72      0.00     1.00       0.0000    0.0000
   2051.30      1485.05      0.00     1.00       0.0000    0.0000
   2149.00      1485.51      0.00     1.00       0.0000    0.0000
   2246.70      1485.95      0.00     1.00       0.0000    0.0000
   2344.30      1488.04      0.00     1.00       0.0000    0.0000
   2442.00      1489.05      0.00     1.00       0.0000    0.0000
   2539.70      1487.70      0.00     1.00       0.0000    0.0000
   2637.40      1486.83      0.00     1.00       0.0000    0.0000
   2735.10      1491.12      0.00     1.00       0.0000    0.0000
   2832.70      1489.59      0.00     1.00       0.0000    0.0000
   2930.40      1492.85      0.00     1.00       0.0000    0.0000
   3028.10      1487.41      0.00     1.00       0.0000    0.0000
   3125.80      1491.60      0.00     1.00       0.0000    0.0000
   3223.50      1494.71      0.00     1.00       0.0000    0.0000
   3321.20      1491.82      0.00     1.00       0.0000    0.0000
   3418.80      1492.54      0.00     1.00       0.0000    0.0000
   3516.50      1493.85      0.00     1.00       0.0000    0.0000
   3614.20      1493.09      0.00     1.00       0.0000    0.0000
   3711.90      1493.98      0.00     1.00       0.0000    0.0000
   3809.60      1494.47      0.00     1.00       0.0000    0.0000
   3907.20      1494.56      0.00     1.00       0.0000    0.0000
   4004.90      1497.87      0.00     1.00       0.0000    0.0000
   4102.60      1497.24      0.00     1.00       0.0000    0.0000
   4200.30      1497.45      0.00     1.00       0.0000    0.0000
   4298.00      1498.81      0.00     1.00       0.0000    0.0000
   4395.60      1497.73      0.00     1.00       0.0000    0.0000
   4493.30      1497.49      0.00     1.00       0.0000    0.0000
   4591.00      1498.27      0.00     1.00       0.0000    0.0000
   4688.70      1499.70      0.00     1.00       0.0000    0.0000
   4786.40      1498.64      0.00     1.00       0.0000    0.0000

                                 ( RMS roughness =   0.00     )
     ACOUSTO-ELASTIC half-space
   4986.40      1600.00      0.00     1.80       0.0000    0.0000

 __________________________________________________________________________

 Number of Source   depths, Sz =            3
 Source   depths, Sz (m)
   177.300       286.600       294.700    


 __________________________________________________________________________

 Number of Receiver depths, Rz =           34
 Receiver depths, Rz (m)
   0.00000       170.800       341.600       512.400       683.200    
   854.000       1024.80       1195.60       1366.40       1537.20    
          ... 
   5636.40    

 Warning in ReadSzRz : Receiver below or too near the bottom bdry has been moved up

 __________________________________________________________________________

 Number of Receiver ranges, Rr =          201
 Receiver ranges, Rr (km)
   0.00000      0.249500      0.499000      0.748500      0.998000    
   1.24750       1.49700       1.74650       1.99600       2.24550    
          ... 
   49.9000    


 Arrivals calculation, ASCII  file output
 Geometric hat beams in Cartesian coordinates
 Point source (cylindrical coordinates)
 Rectilinear receiver grid: Receivers at Rr( : ) x Rz( : )
 __________________________________________________________________________

 Number of beams in elevation   =           36
 Beam take-off angles (degrees)
  -24.3000      -22.9114      -21.5229      -20.1343      -18.7457    
  -17.3571      -15.9686      -14.5800      -13.1914      -11.8029    
          ... 
   24.3000    

 __________________________________________________________________________


 Step length,       deltas =   0.000     m

 Maximum ray depth, Box%z  =   5636.     m
 Maximum ray range, Box%r  =   50.00    km
 No beam shift in effect


 Step length,       deltas =   478.6     m (automatically selected)

 ( Maximum # of arrivals =         2926 )

Tracing beam       1    -24.30

 Geometric hat beams                     
 halfwidth  =    23.448310186833144     
 epsilonOpt =  (  0.0000000000000000     ,  1446976.5377526199     )
 EpsMult    =    1.0000000000000000     

Tracing beam       2    -22.91
Tracing beam       3    -21.52
Tracing beam       4    -20.13
Tracing beam       5    -18.75
Tracing beam       6    -17.36
Tracing beam       7    -15.97
Tracing beam       8    -14.58
Tracing beam       9    -13.19
Tracing beam      10    -11.80
Tracing beam      11    -10.41
Tracing beam      12     -9.03
Tracing beam      13     -7.64
Tracing beam      14     -6.25
Tracing beam      15     -4.86
Tracing beam      16     -3.47
Tracing beam      17     -2.08
Tracing beam      18     -0.69
Tracing beam      19      0.69
Tracing beam      20      2.08
Tracing beam      21      3.47
Tracing beam      22      4.86
Tracing beam      23      6.25
Tracing beam      24      7.64
Tracing beam      25      9.03
Tracing beam      26     10.41
Tracing beam      27     11.80
Tracing beam      28     13.19
Tracing beam      29     14.58
Tracing beam      30     15.97
Tracing beam      31     17.36
Tracing beam      32     18.75
Tracing beam      33     20.13
Tracing beam      34     21.52
Tracing beam      35     22.91
Tracing beam      36     24.30
Tracing beam       1    -24.30
Tracing beam       2    -22.91
Tracing beam       3    -21.52
Tracing beam       4    -20.13
Tracing beam       5    -18.75
Tracing beam       6    -17.36
Tracing beam       7    -15.97
Tracing beam       8    -14.58
Tracing beam       9    -13.19
Tracing beam      10    -11.80
Tracing beam      11    -10.41
Tracing beam      12     -9.03
Tracing beam      13     -7.64
Tracing beam      14     -6.25
Tracing beam      15     -4.86
Tracing beam      16     -3.47
Tracing beam      17     -2.08
Tracing beam      18     -0.69
Tracing beam      19      0.69
Tracing beam      20      2.08
Tracing beam      21      3.47
Tracing beam      22      4.86
Tracing beam      23      6.25
Tracing beam      24      7.64
Tracing beam      25      9.03
Tracing beam      26     10.41
Tracing beam      27     11.80
Tracing beam      28     13.19
Tracing beam      29     14.58
Tracing beam      30     15.97
Tracing beam      31     17.36
Tracing beam      32     18.75
Tracing beam      33     20.13
Tracing beam      34     21.52
Tracing beam      35     22.91
Tracing beam      36     24.30
Tracing beam       1    -24.30
Tracing beam       2    -22.91
Tracing beam       3    -21.52
Tracing beam       4    -20.13
Tracing beam       5    -18.75
Tracing beam       6    -17.36
Tracing beam       7    -15.97
Tracing beam       8    -14.58
Tracing beam       9    -13.19
Tracing beam      10    -11.80
Tracing beam      11    -10.41
Tracing beam      12     -9.03
Tracing beam      13     -7.64
Tracing beam      14     -6.25
Tracing beam      15     -4.86
Tracing beam      16     -3.47
Tracing beam      17     -2.08
Tracing beam      18     -0.69
Tracing beam      19      0.69
Tracing beam      20      2.08
Tracing beam      21      3.47
Tracing beam      22      4.86
Tracing beam      23      6.25
Tracing beam      24      7.64
Tracing beam      25      9.03
Tracing beam      26     10.41
Tracing beam      27     11.80
Tracing beam      28     13.19
Tracing beam      29     14.58
Tracing beam      30     15.97
Tracing beam      31     17.36
Tracing beam      32     18.75
Tracing beam      33     20.13
Tracing beam      34     21.52
Tracing beam      35     22.91
Tracing beam      36     24.30

 CPU Time =       0.344    s
