 BELLHOP/BELLHOP3D

 BELLHOP- Deep Ocean Environment SHD Mode                                        
 frequency =   837.7     Hz

 Dummy parameter NMedia =            1

     Spline approximation to SSP
     Attenuation units: dB/mkHz
     VACUUM

 Depth =    4786.40 m

 Sound speed profile:
   z (m)     alphaR (m/s)   betaR  rho (g/cm^3)  alphaI     betaI

      0.00      1498.81      0.00     1.00       0.0000    0.0000
     97.70      1495.89      0.00     1.00       0.0000    0.0000
    195.40      1495.59      0.00     1.00       0.0000    0.0000
    293.00      1494.89      0.00     1.00       0.0000    0.0000
    390.70      1489.57      0.00     1.00       0.0000    0.0000
    488.40      1486.46      0.00     1.00       0.0000    0.0000
    586.10      1485.41      0.00     1.00       0.0000    0.0000
    683.80      1481.10      0.00     1.00       0.0000    0.0000
    781.40      1482.72      0.00     1.00       0.0000    0.0000
    879.10      1478.63      0.00     1.00       0.0000    0.0000
    976.80      1478.23      0.00     1.00       0.0000    0.0000
   1074.50      1478.92      0.00     1.00       0.0000    0.0000
   1172.20      1481.95      0.00     1.00       0.0000    0.0000
   1269.90      1480.41      0.00     1.00       0.0000    0.0000
   1367.50      1479.84      0.00     1.00       0.0000    0.0000
   1465.20      1481.47      0.00     1.00       0.0000    0.0000
   1562.90      1482.86      0.00     1.00       0.0000    0.0000
   1660.60      1481.66      0.00     1.00       0.0000    0.0000
   1758.30      1482.23      0.00     1.00       0.0000    0.0000
   1855.90      1487.65      0.00     1.00       0.0000    0.0000
   1953.60      1483.72      0.00     1.00       0.0000    0.0000
   2051.30      1485.05      0.00     1.00       0.0000    0.0000
   2149.00      1485.51      0.00     1.00       0.0000    0.0000
   2246.70      1485.95      0.00     1.00       0.0000    0.0000
   2344.30      1488.04      0.00     1.00       0.0000    0.0000
   2442.00      1489.05      0.00     1.00       0.0000    0.0000
   2539.70      1487.70      0.00     1.00       0.0000    0.0000
   2637.40      1486.83      0.00     1.00       0.0000    0.0000
   2735.10      1491.12      0.00     1.00       0.0000    0.0000
   2832.70      1489.59      0.00     1.00       0.0000    0.0000
   2930.40      1492.85      0.00     1.00       0.0000    0.0000
   3028.10      1487.41      0.00     1.00       0.0000    0.0000
   3125.80      1491.60      0.00     1.00       0.0000    0.0000
   3223.50      1494.71      0.00     1.00       0.0000    0.0000
   3321.20      1491.82      0.00     1.00       0.0000    0.0000
   3418.80      1492.54      0.00     1.00       0.0000    0.0000
   3516.50      1493.85      0.00     1.00       0.0000    0.0000
   3614.20      1493.09      0.00     1.00       0.0000    0.0000
   3711.90      1493.98      0.00     1.00       0.0000    0.0000
   3809.60      1494.47      0.00     1.00       0.0000    0.0000
   3907.20      1494.56      0.00     1.00       0.0000    0.0000
   4004.90      1497.87      0.00     1.00       0.0000    0.0000
   4102.60      1497.24      0.00     1.00       0.0000    0.0000
   4200.30      1497.45      0.00     1.00       0.0000    0.0000
   4298.00      1498.81      0.00     1.00       0.0000    0.0000
   4395.60      1497.73      0.00     1.00       0.0000    0.0000
   4493.30      1497.49      0.00     1.00       0.0000    0.0000
   4591.00      1498.27      0.00     1.00       0.0000    0.0000
   4688.70      1499.70      0.00     1.00       0.0000    0.0000
   4786.40      1498.64      0.00     1.00       0.0000    0.0000

                                 ( RMS roughness =   0.00     )
     ACOUSTO-ELASTIC half-space
   4986.40      1600.00      0.00     1.80       0.0000    0.0000

 __________________________________________________________________________

 Number of Source   depths, Sz =            1
 Source   depths, Sz (m)
   75.9000    


 __________________________________________________________________________

 Number of Receiver depths, Rz =           72
 Receiver depths, Rz (m)
   0.00000       79.3859       158.772       238.158       317.544    
   396.930       476.315       555.701       635.087       714.473    
          ... 
   5636.40    

 Warning in ReadSzRz : Receiver below or too near the bottom bdry has been moved up

 __________________________________________________________________________

 Number of Receiver ranges, Rr =          201
 Receiver ranges, Rr (km)
   0.00000      0.261000      0.522000      0.783000       1.04400    
   1.30500       1.56600       1.82700       2.08800       2.34900    
          ... 
   52.2000    


 Coherent TL calculation
 Geometric hat beams in Cartesian coordinates
 Point source (cylindrical coordinates)
 Rectilinear receiver grid: Receivers at Rr( : ) x Rz( : )
 __________________________________________________________________________

 Number of beams in elevation   =         8745
 Beam take-off angles (degrees)
  -82.9000      -82.8808      -82.8617      -82.8425      -82.8234    
  -82.8042      -82.7851      -82.7659      -82.7468      -82.7276    
          ... 
   84.6000    

 __________________________________________________________________________


 Step length,       deltas =   0.000     m

 Maximum ray depth, Box%z  =   5636.     m
 Maximum ray range, Box%r  =   50.00    km
 No beam shift in effect


 Step length,       deltas =   478.6     m (automatically selected)

Tracing beam       1    -82.90

 Geometric hat beams                     
 halfwidth  =    1700.5276130340253     
 epsilonOpt =  (  0.0000000000000000     ,  7610369879.2682438     )
 EpsMult    =    1.0000000000000000     

Tracing beam     175    -79.57
Tracing beam     349    -76.23
Tracing beam     523    -72.90
Tracing beam     697    -69.57
Tracing beam     871    -66.23
Tracing beam    1045    -62.90
Tracing beam    1219    -59.57
Tracing beam    1393    -56.23
Tracing beam    1567    -52.90
Tracing beam    1741    -49.57
Tracing beam    1915    -46.24
Tracing beam    2089    -42.90
Tracing beam    2263    -39.57
Tracing beam    2437    -36.24
Tracing beam    2611    -32.90
Tracing beam    2785    -29.57
Tracing beam    2959    -26.24
Tracing beam    3133    -22.90
Tracing beam    3307    -19.57
Tracing beam    3481    -16.24
Tracing beam    3655    -12.90
Tracing beam    3829     -9.57
Tracing beam    4003     -6.24
Tracing beam    4177     -2.90
Tracing beam    4351      0.43
Tracing beam    4525      3.76
Tracing beam    4699      7.09
Tracing beam    4873     10.43
Tracing beam    5047     13.76
Tracing beam    5221     17.09
Tracing beam    5395     20.43
Tracing beam    5569     23.76
Tracing beam    5743     27.09
Tracing beam    5917     30.43
Tracing beam    6091     33.76
Tracing beam    6265     37.09
Tracing beam    6439     40.43
Tracing beam    6613     43.76
Tracing beam    6787     47.09
Tracing beam    6961     50.43
Tracing beam    7135     53.76
Tracing beam    7309     57.09
Tracing beam    7483     60.43
Tracing beam    7657     63.76
Tracing beam    7831     67.09
Tracing beam    8005     70.42
Tracing beam    8179     73.76
Tracing beam    8353     77.09
Tracing beam    8527     80.42
Tracing beam    8701     83.76

 CPU Time =        1.27    s
