 BELLHOP/BELLHOP3D

 BELLHOP- Shallow Water Environment RAY Mode                                     
 frequency =   2464.     Hz

 Dummy parameter NMedia =            1

     Spline approximation to SSP
     Attenuation units: dB/mkHz
     VACUUM

 Depth =     406.80 m

 Sound speed profile:
   z (m)     alphaR (m/s)   betaR  rho (g/cm^3)  alphaI     betaI

      0.00      1499.94      0.00     1.00       0.0000    0.0000
     15.60      1500.42      0.00     1.00       0.0000    0.0000
     31.30      1502.00      0.00     1.00       0.0000    0.0000
     46.90      1496.06      0.00     1.00       0.0000    0.0000
     62.60      1495.83      0.00     1.00       0.0000    0.0000
     78.20      1498.06      0.00     1.00       0.0000    0.0000
     93.90      1496.40      0.00     1.00       0.0000    0.0000
    109.50      1502.32      0.00     1.00       0.0000    0.0000
    125.20      1499.77      0.00     1.00       0.0000    0.0000
    140.80      1497.93      0.00     1.00       0.0000    0.0000
    156.40      1498.35      0.00     1.00       0.0000    0.0000
    172.10      1495.82      0.00     1.00       0.0000    0.0000
    187.70      1495.87      0.00     1.00       0.0000    0.0000
    203.40      1498.47      0.00     1.00       0.0000    0.0000
    219.00      1497.77      0.00     1.00       0.0000    0.0000
    234.70      1496.45      0.00     1.00       0.0000    0.0000
    250.30      1492.78      0.00     1.00       0.0000    0.0000
    266.00      1494.29      0.00     1.00       0.0000    0.0000
    281.60      1492.45      0.00     1.00       0.0000    0.0000
    297.20      1495.52      0.00     1.00       0.0000    0.0000
    312.90      1492.36      0.00     1.00       0.0000    0.0000
    328.50      1491.08      0.00     1.00       0.0000    0.0000
    344.20      1492.24      0.00     1.00       0.0000    0.0000
    359.80      1490.73      0.00     1.00       0.0000    0.0000
    375.50      1493.41      0.00     1.00       0.0000    0.0000
    391.10      1489.59      0.00     1.00       0.0000    0.0000
    406.80      1488.10      0.00     1.00       0.0000    0.0000

                                 ( RMS roughness =   0.00     )
     ACOUSTO-ELASTIC half-space
    606.80      1600.00      0.00     1.80       0.0000    0.0000

 __________________________________________________________________________

 Number of Source   depths, Sz =            3
 Source   depths, Sz (m)
   74.6000       108.400       220.700    


 __________________________________________________________________________

 Number of Receiver depths, Rz =           40
 Receiver depths, Rz (m)
   0.00000       32.2256       64.4513       96.6769       128.903    
   161.128       193.354       225.579       257.805       290.031    
          ... 
   1256.80    

 Warning in ReadSzRz : Receiver below or too near the bottom bdry has been moved up

 __________________________________________________________________________

 Number of Receiver ranges, Rr =          201
 Receiver ranges, Rr (km)
   0.00000      0.285000      0.570000      0.855000       1.14000    
   1.42500       1.71000       1.99500       2.28000       2.56500    
          ... 
   57.0000    


 Ray trace run
 Geometric hat beams in Cartesian coordinates
 Point source (cylindrical coordinates)
 Rectilinear receiver grid: Receivers at Rr( : ) x Rz( : )
 __________________________________________________________________________

 Number of beams in elevation   =           20
 Beam take-off angles (degrees)
  -23.8000      -21.2947      -18.7895      -16.2842      -13.7789    
  -11.2737      -8.76842      -6.26316      -3.75789      -1.25263    
          ... 
   23.8000    

 __________________________________________________________________________


 Step length,       deltas =   0.000     m

 Maximum ray depth, Box%z  =   1257.     m
 Maximum ray range, Box%r  =   50.00    km
 No beam shift in effect


 Step length,       deltas =   40.68     m (automatically selected)

Tracing beam       1    -23.80
Tracing beam       2    -21.29
Tracing beam       3    -18.79
Tracing beam       4    -16.28
Tracing beam       5    -13.78
Tracing beam       6    -11.27
Tracing beam       7     -8.77
Tracing beam       8     -6.26
Tracing beam       9     -3.76
Tracing beam      10     -1.25
Tracing beam      11      1.25
Tracing beam      12      3.76
Tracing beam      13      6.26
Tracing beam      14      8.77
Tracing beam      15     11.27
Tracing beam      16     13.78
Tracing beam      17     16.28
Tracing beam      18     18.79
Tracing beam      19     21.29
Tracing beam      20     23.80
Tracing beam       1    -23.80
Tracing beam       2    -21.29
Tracing beam       3    -18.79
Tracing beam       4    -16.28
Tracing beam       5    -13.78
Tracing beam       6    -11.27
Tracing beam       7     -8.77
Tracing beam       8     -6.26
Tracing beam       9     -3.76
Tracing beam      10     -1.25
Tracing beam      11      1.25
Tracing beam      12      3.76
Tracing beam      13      6.26
Tracing beam      14      8.77
Tracing beam      15     11.27
Tracing beam      16     13.78
Tracing beam      17     16.28
Tracing beam      18     18.79
Tracing beam      19     21.29
Tracing beam      20     23.80
Tracing beam       1    -23.80
Tracing beam       2    -21.29
Tracing beam       3    -18.79
Tracing beam       4    -16.28
Tracing beam       5    -13.78
Tracing beam       6    -11.27
Tracing beam       7     -8.77
Tracing beam       8     -6.26
Tracing beam       9     -3.76
Tracing beam      10     -1.25
Tracing beam      11      1.25
Tracing beam      12      3.76
Tracing beam      13      6.26
Tracing beam      14      8.77
Tracing beam      15     11.27
Tracing beam      16     13.78
Tracing beam      17     16.28
Tracing beam      18     18.79
Tracing beam      19     21.29
Tracing beam      20     23.80

 CPU Time =       0.250    s
