 BELLHOP/BELLHOP3D

 BELLHOP- Tropical Ocean Environment ARR Mode                                    
 frequency =   1706.     Hz

 Dummy parameter NMedia =            1

     Spline approximation to SSP
     Attenuation units: dB/mkHz
     VACUUM

 Depth =    2928.70 m

 Sound speed profile:
   z (m)     alphaR (m/s)   betaR  rho (g/cm^3)  alphaI     betaI

      0.00      1512.47      0.00     1.00       0.0000    0.0000
     73.20      1508.77      0.00     1.00       0.0000    0.0000
    146.40      1513.12      0.00     1.00       0.0000    0.0000
    219.60      1507.93      0.00     1.00       0.0000    0.0000
    292.90      1506.43      0.00     1.00       0.0000    0.0000
    366.10      1506.49      0.00     1.00       0.0000    0.0000
    439.30      1500.62      0.00     1.00       0.0000    0.0000
    512.50      1502.08      0.00     1.00       0.0000    0.0000
    585.70      1497.30      0.00     1.00       0.0000    0.0000
    658.90      1494.42      0.00     1.00       0.0000    0.0000
    732.20      1495.56      0.00     1.00       0.0000    0.0000
    805.40      1493.67      0.00     1.00       0.0000    0.0000
    878.60      1492.69      0.00     1.00       0.0000    0.0000
    951.80      1490.99      0.00     1.00       0.0000    0.0000
   1025.00      1482.21      0.00     1.00       0.0000    0.0000
   1098.20      1479.95      0.00     1.00       0.0000    0.0000
   1171.50      1484.37      0.00     1.00       0.0000    0.0000
   1244.70      1486.98      0.00     1.00       0.0000    0.0000
   1317.90      1483.38      0.00     1.00       0.0000    0.0000
   1391.10      1486.41      0.00     1.00       0.0000    0.0000
   1464.30      1486.69      0.00     1.00       0.0000    0.0000
   1537.50      1486.73      0.00     1.00       0.0000    0.0000
   1610.80      1486.91      0.00     1.00       0.0000    0.0000
   1684.00      1489.21      0.00     1.00       0.0000    0.0000
   1757.20      1491.61      0.00     1.00       0.0000    0.0000
   1830.40      1494.68      0.00     1.00       0.0000    0.0000
   1903.60      1491.67      0.00     1.00       0.0000    0.0000
   1976.80      1495.38      0.00     1.00       0.0000    0.0000
   2050.10      1496.26      0.00     1.00       0.0000    0.0000
   2123.30      1499.43      0.00     1.00       0.0000    0.0000
   2196.50      1498.77      0.00     1.00       0.0000    0.0000
   2269.70      1499.85      0.00     1.00       0.0000    0.0000
   2342.90      1500.95      0.00     1.00       0.0000    0.0000
   2416.10      1499.50      0.00     1.00       0.0000    0.0000
   2489.40      1501.02      0.00     1.00       0.0000    0.0000
   2562.60      1504.54      0.00     1.00       0.0000    0.0000
   2635.80      1500.78      0.00     1.00       0.0000    0.0000
   2709.00      1503.83      0.00     1.00       0.0000    0.0000
   2782.20      1503.85      0.00     1.00       0.0000    0.0000
   2855.40      1507.18      0.00     1.00       0.0000    0.0000
   2928.70      1507.19      0.00     1.00       0.0000    0.0000

                                 ( RMS roughness =   0.00     )
     ACOUSTO-ELASTIC half-space
   3128.70      1600.00      0.00     1.80       0.0000    0.0000

 __________________________________________________________________________

 Number of Source   depths, Sz =            2
 Source   depths, Sz (m)
   65.8000       170.000    


 __________________________________________________________________________

 Number of Receiver depths, Rz =           42
 Receiver depths, Rz (m)
   0.00000       92.1634       184.327       276.490       368.654    
   460.817       552.980       645.144       737.307       829.471    
          ... 
   3778.70    

 Warning in ReadSzRz : Receiver below or too near the bottom bdry has been moved up

 __________________________________________________________________________

 Number of Receiver ranges, Rr =          201
 Receiver ranges, Rr (km)
   0.00000      0.250000      0.500000      0.750000       1.00000    
   1.25000       1.50000       1.75000       2.00000       2.25000    
          ... 
   50.0000    


 Arrivals calculation, ASCII  file output
 Geometric hat beams in Cartesian coordinates
 Point source (cylindrical coordinates)
 Rectilinear receiver grid: Receivers at Rr( : ) x Rz( : )
 __________________________________________________________________________

 Number of beams in elevation   =           37
 Beam take-off angles (degrees)
  -21.7000      -20.4944      -19.2889      -18.0833      -16.8778    
  -15.6722      -14.4667      -13.2611      -12.0556      -10.8500    
          ... 
   21.7000    

 __________________________________________________________________________


 Step length,       deltas =   0.000     m

 Maximum ray depth, Box%z  =   3779.     m
 Maximum ray range, Box%r  =   50.00    km
 No beam shift in effect


 Step length,       deltas =   292.9     m (automatically selected)

 ( Maximum # of arrivals =         2369 )

Tracing beam       1    -21.70

 Geometric hat beams                     
 halfwidth  =    13.374523220926058     
 epsilonOpt =  (  0.0000000000000000     ,  958762.35586758959     )
 EpsMult    =    1.0000000000000000     

Tracing beam       2    -20.49
Tracing beam       3    -19.29
Tracing beam       4    -18.08
Tracing beam       5    -16.88
Tracing beam       6    -15.67
Tracing beam       7    -14.47
Tracing beam       8    -13.26
Tracing beam       9    -12.06
Tracing beam      10    -10.85
Tracing beam      11     -9.64
Tracing beam      12     -8.44
Tracing beam      13     -7.23
Tracing beam      14     -6.03
Tracing beam      15     -4.82
Tracing beam      16     -3.62
Tracing beam      17     -2.41
Tracing beam      18     -1.21
Tracing beam      19      0.00
Tracing beam      20      1.21
Tracing beam      21      2.41
Tracing beam      22      3.62
Tracing beam      23      4.82
Tracing beam      24      6.03
Tracing beam      25      7.23
Tracing beam      26      8.44
Tracing beam      27      9.64
Tracing beam      28     10.85
Tracing beam      29     12.06
Tracing beam      30     13.26
Tracing beam      31     14.47
Tracing beam      32     15.67
Tracing beam      33     16.88
Tracing beam      34     18.08
Tracing beam      35     19.29
Tracing beam      36     20.49
Tracing beam      37     21.70
Tracing beam       1    -21.70
Tracing beam       2    -20.49
Tracing beam       3    -19.29
Tracing beam       4    -18.08
Tracing beam       5    -16.88
Tracing beam       6    -15.67
Tracing beam       7    -14.47
Tracing beam       8    -13.26
Tracing beam       9    -12.06
Tracing beam      10    -10.85
Tracing beam      11     -9.64
Tracing beam      12     -8.44
Tracing beam      13     -7.23
Tracing beam      14     -6.03
Tracing beam      15     -4.82
Tracing beam      16     -3.62
Tracing beam      17     -2.41
Tracing beam      18     -1.21
Tracing beam      19      0.00
Tracing beam      20      1.21
Tracing beam      21      2.41
Tracing beam      22      3.62
Tracing beam      23      4.82
Tracing beam      24      6.03
Tracing beam      25      7.23
Tracing beam      26      8.44
Tracing beam      27      9.64
Tracing beam      28     10.85
Tracing beam      29     12.06
Tracing beam      30     13.26
Tracing beam      31     14.47
Tracing beam      32     15.67
Tracing beam      33     16.88
Tracing beam      34     18.08
Tracing beam      35     19.29
Tracing beam      36     20.49
Tracing beam      37     21.70

 CPU Time =       0.359    s
