 BELLHOP/BELLHOP3D

 BELLHOP- Tropical Ocean Environment RAY Mode                                    
 frequency =   1706.     Hz

 Dummy parameter NMedia =            1

     Spline approximation to SSP
     Attenuation units: dB/mkHz
     VACUUM

 Depth =    2928.70 m

 Sound speed profile:
   z (m)     alphaR (m/s)   betaR  rho (g/cm^3)  alphaI     betaI

      0.00      1512.47      0.00     1.00       0.0000    0.0000
     73.20      1508.77      0.00     1.00       0.0000    0.0000
    146.40      1513.12      0.00     1.00       0.0000    0.0000
    219.60      1507.93      0.00     1.00       0.0000    0.0000
    292.90      1506.43      0.00     1.00       0.0000    0.0000
    366.10      1506.49      0.00     1.00       0.0000    0.0000
    439.30      1500.62      0.00     1.00       0.0000    0.0000
    512.50      1502.08      0.00     1.00       0.0000    0.0000
    585.70      1497.30      0.00     1.00       0.0000    0.0000
    658.90      1494.42      0.00     1.00       0.0000    0.0000
    732.20      1495.56      0.00     1.00       0.0000    0.0000
    805.40      1493.67      0.00     1.00       0.0000    0.0000
    878.60      1492.69      0.00     1.00       0.0000    0.0000
    951.80      1490.99      0.00     1.00       0.0000    0.0000
   1025.00      1482.21      0.00     1.00       0.0000    0.0000
   1098.20      1479.95      0.00     1.00       0.0000    0.0000
   1171.50      1484.37      0.00     1.00       0.0000    0.0000
   1244.70      1486.98      0.00     1.00       0.0000    0.0000
   1317.90      1483.38      0.00     1.00       0.0000    0.0000
   1391.10      1486.41      0.00     1.00       0.0000    0.0000
   1464.30      1486.69      0.00     1.00       0.0000    0.0000
   1537.50      1486.73      0.00     1.00       0.0000    0.0000
   1610.80      1486.91      0.00     1.00       0.0000    0.0000
   1684.00      1489.21      0.00     1.00       0.0000    0.0000
   1757.20      1491.61      0.00     1.00       0.0000    0.0000
   1830.40      1494.68      0.00     1.00       0.0000    0.0000
   1903.60      1491.67      0.00     1.00       0.0000    0.0000
   1976.80      1495.38      0.00     1.00       0.0000    0.0000
   2050.10      1496.26      0.00     1.00       0.0000    0.0000
   2123.30      1499.43      0.00     1.00       0.0000    0.0000
   2196.50      1498.77      0.00     1.00       0.0000    0.0000
   2269.70      1499.85      0.00     1.00       0.0000    0.0000
   2342.90      1500.95      0.00     1.00       0.0000    0.0000
   2416.10      1499.50      0.00     1.00       0.0000    0.0000
   2489.40      1501.02      0.00     1.00       0.0000    0.0000
   2562.60      1504.54      0.00     1.00       0.0000    0.0000
   2635.80      1500.78      0.00     1.00       0.0000    0.0000
   2709.00      1503.83      0.00     1.00       0.0000    0.0000
   2782.20      1503.85      0.00     1.00       0.0000    0.0000
   2855.40      1507.18      0.00     1.00       0.0000    0.0000
   2928.70      1507.19      0.00     1.00       0.0000    0.0000

                                 ( RMS roughness =   0.00     )
     ACOUSTO-ELASTIC half-space
   3128.70      1600.00      0.00     1.80       0.0000    0.0000

 __________________________________________________________________________

 Number of Source   depths, Sz =            3
 Source   depths, Sz (m)
   145.700       226.200       256.500    


 __________________________________________________________________________

 Number of Receiver depths, Rz =           32
 Receiver depths, Rz (m)
   0.00000       121.894       243.787       365.681       487.574    
   609.468       731.361       853.255       975.148       1097.04    
          ... 
   3778.70    

 Warning in ReadSzRz : Receiver below or too near the bottom bdry has been moved up

 __________________________________________________________________________

 Number of Receiver ranges, Rr =          201
 Receiver ranges, Rr (km)
   0.00000      0.231500      0.463000      0.694500      0.926000    
   1.15750       1.38900       1.62050       1.85200       2.08350    
          ... 
   46.3000    


 Ray trace run
 Geometric hat beams in Cartesian coordinates
 Point source (cylindrical coordinates)
 Rectilinear receiver grid: Receivers at Rr( : ) x Rz( : )
 __________________________________________________________________________

 Number of beams in elevation   =           31
 Beam take-off angles (degrees)
  -17.7000      -16.5200      -15.3400      -14.1600      -12.9800    
  -11.8000      -10.6200      -9.44000      -8.26000      -7.08000    
          ... 
   17.7000    

 __________________________________________________________________________


 Step length,       deltas =   0.000     m

 Maximum ray depth, Box%z  =   3779.     m
 Maximum ray range, Box%r  =   50.00    km
 No beam shift in effect


 Step length,       deltas =   292.9     m (automatically selected)

Tracing beam       1    -17.70
Tracing beam       2    -16.52
Tracing beam       3    -15.34
Tracing beam       4    -14.16
Tracing beam       5    -12.98
Tracing beam       6    -11.80
Tracing beam       7    -10.62
Tracing beam       8     -9.44
Tracing beam       9     -8.26
Tracing beam      10     -7.08
Tracing beam      11     -5.90
Tracing beam      12     -4.72
Tracing beam      13     -3.54
Tracing beam      14     -2.36
Tracing beam      15     -1.18
Tracing beam      16      0.00
Tracing beam      17      1.18
Tracing beam      18      2.36
Tracing beam      19      3.54
Tracing beam      20      4.72
Tracing beam      21      5.90
Tracing beam      22      7.08
Tracing beam      23      8.26
Tracing beam      24      9.44
Tracing beam      25     10.62
Tracing beam      26     11.80
Tracing beam      27     12.98
Tracing beam      28     14.16
Tracing beam      29     15.34
Tracing beam      30     16.52
Tracing beam      31     17.70
Tracing beam       1    -17.70
Tracing beam       2    -16.52
Tracing beam       3    -15.34
Tracing beam       4    -14.16
Tracing beam       5    -12.98
Tracing beam       6    -11.80
Tracing beam       7    -10.62
Tracing beam       8     -9.44
Tracing beam       9     -8.26
Tracing beam      10     -7.08
Tracing beam      11     -5.90
Tracing beam      12     -4.72
Tracing beam      13     -3.54
Tracing beam      14     -2.36
Tracing beam      15     -1.18
Tracing beam      16      0.00
Tracing beam      17      1.18
Tracing beam      18      2.36
Tracing beam      19      3.54
Tracing beam      20      4.72
Tracing beam      21      5.90
Tracing beam      22      7.08
Tracing beam      23      8.26
Tracing beam      24      9.44
Tracing beam      25     10.62
Tracing beam      26     11.80
Tracing beam      27     12.98
Tracing beam      28     14.16
Tracing beam      29     15.34
Tracing beam      30     16.52
Tracing beam      31     17.70
Tracing beam       1    -17.70
Tracing beam       2    -16.52
Tracing beam       3    -15.34
Tracing beam       4    -14.16
Tracing beam       5    -12.98
Tracing beam       6    -11.80
Tracing beam       7    -10.62
Tracing beam       8     -9.44
Tracing beam       9     -8.26
Tracing beam      10     -7.08
Tracing beam      11     -5.90
Tracing beam      12     -4.72
Tracing beam      13     -3.54
Tracing beam      14     -2.36
Tracing beam      15     -1.18
Tracing beam      16      0.00
Tracing beam      17      1.18
Tracing beam      18      2.36
Tracing beam      19      3.54
Tracing beam      20      4.72
Tracing beam      21      5.90
Tracing beam      22      7.08
Tracing beam      23      8.26
Tracing beam      24      9.44
Tracing beam      25     10.62
Tracing beam      26     11.80
Tracing beam      27     12.98
Tracing beam      28     14.16
Tracing beam      29     15.34
Tracing beam      30     16.52
Tracing beam      31     17.70

 CPU Time =       0.625E-01s
