 BELLHOP/BELLHOP3D

 BELLHOP- Polar Ocean Environment RAY Mode                                       
 frequency =   936.6     Hz

 Dummy parameter NMedia =            1

     Spline approximation to SSP
     Attenuation units: dB/mkHz
     VACUUM

 Depth =    2385.80 m

 Sound speed profile:
   z (m)     alphaR (m/s)   betaR  rho (g/cm^3)  alphaI     betaI

      0.00      1461.39      0.00     1.00       0.0000    0.0000
     59.60      1460.00      0.00     1.00       0.0000    0.0000
    119.30      1461.84      0.00     1.00       0.0000    0.0000
    178.90      1460.39      0.00     1.00       0.0000    0.0000
    238.60      1460.00      0.00     1.00       0.0000    0.0000
    298.20      1460.00      0.00     1.00       0.0000    0.0000
    357.90      1460.00      0.00     1.00       0.0000    0.0000
    417.50      1460.00      0.00     1.00       0.0000    0.0000
    477.20      1460.00      0.00     1.00       0.0000    0.0000
    536.80      1460.00      0.00     1.00       0.0000    0.0000
    596.50      1460.00      0.00     1.00       0.0000    0.0000
    656.10      1460.00      0.00     1.00       0.0000    0.0000
    715.70      1460.00      0.00     1.00       0.0000    0.0000
    775.40      1460.00      0.00     1.00       0.0000    0.0000
    835.00      1460.00      0.00     1.00       0.0000    0.0000
    894.70      1460.00      0.00     1.00       0.0000    0.0000
    954.30      1460.00      0.00     1.00       0.0000    0.0000
   1014.00      1460.00      0.00     1.00       0.0000    0.0000
   1073.60      1461.06      0.00     1.00       0.0000    0.0000
   1133.30      1460.00      0.00     1.00       0.0000    0.0000
   1192.90      1460.00      0.00     1.00       0.0000    0.0000
   1252.60      1461.27      0.00     1.00       0.0000    0.0000
   1312.20      1463.79      0.00     1.00       0.0000    0.0000
   1371.80      1462.63      0.00     1.00       0.0000    0.0000
   1431.50      1463.50      0.00     1.00       0.0000    0.0000
   1491.10      1461.41      0.00     1.00       0.0000    0.0000
   1550.80      1463.69      0.00     1.00       0.0000    0.0000
   1610.40      1463.41      0.00     1.00       0.0000    0.0000
   1670.10      1465.92      0.00     1.00       0.0000    0.0000
   1729.70      1466.71      0.00     1.00       0.0000    0.0000
   1789.40      1468.61      0.00     1.00       0.0000    0.0000
   1849.00      1463.58      0.00     1.00       0.0000    0.0000
   1908.70      1466.52      0.00     1.00       0.0000    0.0000
   1968.30      1470.07      0.00     1.00       0.0000    0.0000
   2027.90      1466.66      0.00     1.00       0.0000    0.0000
   2087.60      1470.63      0.00     1.00       0.0000    0.0000
   2147.20      1471.77      0.00     1.00       0.0000    0.0000
   2206.90      1470.68      0.00     1.00       0.0000    0.0000
   2266.50      1469.24      0.00     1.00       0.0000    0.0000
   2326.20      1471.84      0.00     1.00       0.0000    0.0000
   2385.80      1474.86      0.00     1.00       0.0000    0.0000

                                 ( RMS roughness =   0.00     )
     ACOUSTO-ELASTIC half-space
   2585.80      1600.00      0.00     1.80       0.0000    0.0000

 __________________________________________________________________________

 Number of Source   depths, Sz =            1
 Source   depths, Sz (m)
   138.700    


 __________________________________________________________________________

 Number of Receiver depths, Rz =           46
 Receiver depths, Rz (m)
   0.00000       71.9067       143.813       215.720       287.627    
   359.533       431.440       503.347       575.253       647.160    
          ... 
   3235.80    

 Warning in ReadSzRz : Receiver below or too near the bottom bdry has been moved up

 __________________________________________________________________________

 Number of Receiver ranges, Rr =          201
 Receiver ranges, Rr (km)
   0.00000      0.237000      0.474000      0.711000      0.948000    
   1.18500       1.42200       1.65900       1.89600       2.13300    
          ... 
   47.4000    


 Ray trace run
 Geometric hat beams in Cartesian coordinates
 Point source (cylindrical coordinates)
 Rectilinear receiver grid: Receivers at Rr( : ) x Rz( : )
 __________________________________________________________________________

 Number of beams in elevation   =           28
 Beam take-off angles (degrees)
  -17.6000      -16.2963      -14.9926      -13.6889      -12.3852    
  -11.0815      -9.77778      -8.47407      -7.17037      -5.86667    
          ... 
   17.6000    

 __________________________________________________________________________


 Step length,       deltas =   0.000     m

 Maximum ray depth, Box%z  =   3236.     m
 Maximum ray range, Box%r  =   50.00    km
 No beam shift in effect


 Step length,       deltas =   238.6     m (automatically selected)

Tracing beam       1    -17.60
Tracing beam       2    -16.30
Tracing beam       3    -14.99
Tracing beam       4    -13.69
Tracing beam       5    -12.39
Tracing beam       6    -11.08
Tracing beam       7     -9.78
Tracing beam       8     -8.47
Tracing beam       9     -7.17
Tracing beam      10     -5.87
Tracing beam      11     -4.56
Tracing beam      12     -3.26
Tracing beam      13     -1.96
Tracing beam      14     -0.65
Tracing beam      15      0.65
Tracing beam      16      1.96
Tracing beam      17      3.26
Tracing beam      18      4.56
Tracing beam      19      5.87
Tracing beam      20      7.17
Tracing beam      21      8.47
Tracing beam      22      9.78
Tracing beam      23     11.08
Tracing beam      24     12.39
Tracing beam      25     13.69
Tracing beam      26     14.99
Tracing beam      27     16.30
Tracing beam      28     17.60

 CPU Time =       0.156E-01s
