 BELLHOP/BELLHOP3D

 BELLHOP- Polar Ocean Environment ARR Mode                                       
 frequency =   936.6     Hz

 Dummy parameter NMedia =            1

     Spline approximation to SSP
     Attenuation units: dB/mkHz
     VACUUM

 Depth =    2385.80 m

 Sound speed profile:
   z (m)     alphaR (m/s)   betaR  rho (g/cm^3)  alphaI     betaI

      0.00      1461.39      0.00     1.00       0.0000    0.0000
     59.60      1460.00      0.00     1.00       0.0000    0.0000
    119.30      1461.84      0.00     1.00       0.0000    0.0000
    178.90      1460.39      0.00     1.00       0.0000    0.0000
    238.60      1460.00      0.00     1.00       0.0000    0.0000
    298.20      1460.00      0.00     1.00       0.0000    0.0000
    357.90      1460.00      0.00     1.00       0.0000    0.0000
    417.50      1460.00      0.00     1.00       0.0000    0.0000
    477.20      1460.00      0.00     1.00       0.0000    0.0000
    536.80      1460.00      0.00     1.00       0.0000    0.0000
    596.50      1460.00      0.00     1.00       0.0000    0.0000
    656.10      1460.00      0.00     1.00       0.0000    0.0000
    715.70      1460.00      0.00     1.00       0.0000    0.0000
    775.40      1460.00      0.00     1.00       0.0000    0.0000
    835.00      1460.00      0.00     1.00       0.0000    0.0000
    894.70      1460.00      0.00     1.00       0.0000    0.0000
    954.30      1460.00      0.00     1.00       0.0000    0.0000
   1014.00      1460.00      0.00     1.00       0.0000    0.0000
   1073.60      1461.06      0.00     1.00       0.0000    0.0000
   1133.30      1460.00      0.00     1.00       0.0000    0.0000
   1192.90      1460.00      0.00     1.00       0.0000    0.0000
   1252.60      1461.27      0.00     1.00       0.0000    0.0000
   1312.20      1463.79      0.00     1.00       0.0000    0.0000
   1371.80      1462.63      0.00     1.00       0.0000    0.0000
   1431.50      1463.50      0.00     1.00       0.0000    0.0000
   1491.10      1461.41      0.00     1.00       0.0000    0.0000
   1550.80      1463.69      0.00     1.00       0.0000    0.0000
   1610.40      1463.41      0.00     1.00       0.0000    0.0000
   1670.10      1465.92      0.00     1.00       0.0000    0.0000
   1729.70      1466.71      0.00     1.00       0.0000    0.0000
   1789.40      1468.61      0.00     1.00       0.0000    0.0000
   1849.00      1463.58      0.00     1.00       0.0000    0.0000
   1908.70      1466.52      0.00     1.00       0.0000    0.0000
   1968.30      1470.07      0.00     1.00       0.0000    0.0000
   2027.90      1466.66      0.00     1.00       0.0000    0.0000
   2087.60      1470.63      0.00     1.00       0.0000    0.0000
   2147.20      1471.77      0.00     1.00       0.0000    0.0000
   2206.90      1470.68      0.00     1.00       0.0000    0.0000
   2266.50      1469.24      0.00     1.00       0.0000    0.0000
   2326.20      1471.84      0.00     1.00       0.0000    0.0000
   2385.80      1474.86      0.00     1.00       0.0000    0.0000

                                 ( RMS roughness =   0.00     )
     ACOUSTO-ELASTIC half-space
   2585.80      1600.00      0.00     1.80       0.0000    0.0000

 __________________________________________________________________________

 Number of Source   depths, Sz =            1
 Source   depths, Sz (m)
   57.5000    


 __________________________________________________________________________

 Number of Receiver depths, Rz =           45
 Receiver depths, Rz (m)
   0.00000       73.5409       147.082       220.623       294.164    
   367.705       441.245       514.786       588.327       661.868    
          ... 
   3235.80    

 Warning in ReadSzRz : Receiver below or too near the bottom bdry has been moved up

 __________________________________________________________________________

 Number of Receiver ranges, Rr =          201
 Receiver ranges, Rr (km)
   0.00000      0.266000      0.532000      0.798000       1.06400    
   1.33000       1.59600       1.86200       2.12800       2.39400    
          ... 
   53.2000    


 Arrivals calculation, ASCII  file output
 Geometric hat beams in Cartesian coordinates
 Point source (cylindrical coordinates)
 Rectilinear receiver grid: Receivers at Rr( : ) x Rz( : )
 __________________________________________________________________________

 Number of beams in elevation   =           20
 Beam take-off angles (degrees)
  -12.3000      -11.0053      -9.71053      -8.41579      -7.12105    
  -5.82632      -4.53158      -3.23684      -1.94211     -0.647368    
          ... 
   12.3000    

 __________________________________________________________________________


 Step length,       deltas =   0.000     m

 Maximum ray depth, Box%z  =   3236.     m
 Maximum ray range, Box%r  =   50.00    km
 No beam shift in effect


 Step length,       deltas =   238.6     m (automatically selected)

 ( Maximum # of arrivals =         2211 )

Tracing beam       1    -12.30

 Geometric hat beams                     
 halfwidth  =    21.956906375819852     
 epsilonOpt =  (  0.0000000000000000     ,  1418555.4814096566     )
 EpsMult    =    1.0000000000000000     

Tracing beam       2    -11.01
Tracing beam       3     -9.71
Tracing beam       4     -8.42
Tracing beam       5     -7.12
Tracing beam       6     -5.83
Tracing beam       7     -4.53
Tracing beam       8     -3.24
Tracing beam       9     -1.94
Tracing beam      10     -0.65
Tracing beam      11      0.65
Tracing beam      12      1.94
Tracing beam      13      3.24
Tracing beam      14      4.53
Tracing beam      15      5.83
Tracing beam      16      7.12
Tracing beam      17      8.42
Tracing beam      18      9.71
Tracing beam      19     11.01
Tracing beam      20     12.30

 CPU Time =       0.141    s
