 BELLHOP/BELLHOP3D

 BELLHOP- Polar Ocean Environment SHD Mode                                       
 frequency =   936.6     Hz

 Dummy parameter NMedia =            1

     Spline approximation to SSP
     Attenuation units: dB/mkHz
     VACUUM

 Depth =    2385.80 m

 Sound speed profile:
   z (m)     alphaR (m/s)   betaR  rho (g/cm^3)  alphaI     betaI

      0.00      1461.39      0.00     1.00       0.0000    0.0000
     59.60      1460.00      0.00     1.00       0.0000    0.0000
    119.30      1461.84      0.00     1.00       0.0000    0.0000
    178.90      1460.39      0.00     1.00       0.0000    0.0000
    238.60      1460.00      0.00     1.00       0.0000    0.0000
    298.20      1460.00      0.00     1.00       0.0000    0.0000
    357.90      1460.00      0.00     1.00       0.0000    0.0000
    417.50      1460.00      0.00     1.00       0.0000    0.0000
    477.20      1460.00      0.00     1.00       0.0000    0.0000
    536.80      1460.00      0.00     1.00       0.0000    0.0000
    596.50      1460.00      0.00     1.00       0.0000    0.0000
    656.10      1460.00      0.00     1.00       0.0000    0.0000
    715.70      1460.00      0.00     1.00       0.0000    0.0000
    775.40      1460.00      0.00     1.00       0.0000    0.0000
    835.00      1460.00      0.00     1.00       0.0000    0.0000
    894.70      1460.00      0.00     1.00       0.0000    0.0000
    954.30      1460.00      0.00     1.00       0.0000    0.0000
   1014.00      1460.00      0.00     1.00       0.0000    0.0000
   1073.60      1461.06      0.00     1.00       0.0000    0.0000
   1133.30      1460.00      0.00     1.00       0.0000    0.0000
   1192.90      1460.00      0.00     1.00       0.0000    0.0000
   1252.60      1461.27      0.00     1.00       0.0000    0.0000
   1312.20      1463.79      0.00     1.00       0.0000    0.0000
   1371.80      1462.63      0.00     1.00       0.0000    0.0000
   1431.50      1463.50      0.00     1.00       0.0000    0.0000
   1491.10      1461.41      0.00     1.00       0.0000    0.0000
   1550.80      1463.69      0.00     1.00       0.0000    0.0000
   1610.40      1463.41      0.00     1.00       0.0000    0.0000
   1670.10      1465.92      0.00     1.00       0.0000    0.0000
   1729.70      1466.71      0.00     1.00       0.0000    0.0000
   1789.40      1468.61      0.00     1.00       0.0000    0.0000
   1849.00      1463.58      0.00     1.00       0.0000    0.0000
   1908.70      1466.52      0.00     1.00       0.0000    0.0000
   1968.30      1470.07      0.00     1.00       0.0000    0.0000
   2027.90      1466.66      0.00     1.00       0.0000    0.0000
   2087.60      1470.63      0.00     1.00       0.0000    0.0000
   2147.20      1471.77      0.00     1.00       0.0000    0.0000
   2206.90      1470.68      0.00     1.00       0.0000    0.0000
   2266.50      1469.24      0.00     1.00       0.0000    0.0000
   2326.20      1471.84      0.00     1.00       0.0000    0.0000
   2385.80      1474.86      0.00     1.00       0.0000    0.0000

                                 ( RMS roughness =   0.00     )
     ACOUSTO-ELASTIC half-space
   2585.80      1600.00      0.00     1.80       0.0000    0.0000

 __________________________________________________________________________

 Number of Source   depths, Sz =            1
 Source   depths, Sz (m)
   73.2000    


 __________________________________________________________________________

 Number of Receiver depths, Rz =           74
 Receiver depths, Rz (m)
   0.00000       44.3260       88.6521       132.978       177.304    
   221.630       265.956       310.282       354.608       398.934    
          ... 
   3235.80    

 Warning in ReadSzRz : Receiver below or too near the bottom bdry has been moved up

 __________________________________________________________________________

 Number of Receiver ranges, Rr =          201
 Receiver ranges, Rr (km)
   0.00000      0.248000      0.496000      0.744000      0.992000    
   1.24000       1.48800       1.73600       1.98400       2.23200    
          ... 
   49.6000    


 Coherent TL calculation
 Geometric hat beams in Cartesian coordinates
 Point source (cylindrical coordinates)
 Rectilinear receiver grid: Receivers at Rr( : ) x Rz( : )
 __________________________________________________________________________

 Number of beams in elevation   =         9291
 Beam take-off angles (degrees)
  -82.0000      -81.9829      -81.9657      -81.9486      -81.9314    
  -81.9143      -81.8971      -81.8800      -81.8628      -81.8457    
          ... 
   77.3000    

 __________________________________________________________________________


 Step length,       deltas =   0.000     m

 Maximum ray depth, Box%z  =   3236.     m
 Maximum ray range, Box%r  =   50.00    km
 No beam shift in effect


 Step length,       deltas =   238.6     m (automatically selected)

Tracing beam       1    -82.00

 Geometric hat beams                     
 halfwidth  =    1658.5036044440565     
 epsilonOpt =  (  0.0000000000000000     ,  8093509215.7613430     )
 EpsMult    =    1.0000000000000000     

Tracing beam     186    -78.83
Tracing beam     371    -75.66
Tracing beam     556    -72.48
Tracing beam     741    -69.31
Tracing beam     926    -66.14
Tracing beam    1111    -62.97
Tracing beam    1296    -59.79
Tracing beam    1481    -56.62
Tracing beam    1666    -53.45
Tracing beam    1851    -50.28
Tracing beam    2036    -47.10
Tracing beam    2221    -43.93
Tracing beam    2406    -40.76
Tracing beam    2591    -37.59
Tracing beam    2776    -34.42
Tracing beam    2961    -31.24
Tracing beam    3146    -28.07
Tracing beam    3331    -24.90
Tracing beam    3516    -21.73
Tracing beam    3701    -18.55
Tracing beam    3886    -15.38
Tracing beam    4071    -12.21
Tracing beam    4256     -9.04
Tracing beam    4441     -5.87
Tracing beam    4626     -2.69
Tracing beam    4811      0.48
Tracing beam    4996      3.65
Tracing beam    5181      6.82
Tracing beam    5366     10.00
Tracing beam    5551     13.17
Tracing beam    5736     16.34
Tracing beam    5921     19.51
Tracing beam    6106     22.69
Tracing beam    6291     25.86
Tracing beam    6476     29.03
Tracing beam    6661     32.20
Tracing beam    6846     35.37
Tracing beam    7031     38.55
Tracing beam    7216     41.72
Tracing beam    7401     44.89
Tracing beam    7586     48.06
Tracing beam    7771     51.24
Tracing beam    7956     54.41
Tracing beam    8141     57.58
Tracing beam    8326     60.75
Tracing beam    8511     63.92
Tracing beam    8696     67.10
Tracing beam    8881     70.27
Tracing beam    9066     73.44
Tracing beam    9251     76.61

 CPU Time =        1.12    s
