 BELLHOP/BELLHOP3D

 BELLHOP- Continental Shelf Environment RAY Mode                                 
 frequency =   1336.     Hz

 Dummy parameter NMedia =            1

     Spline approximation to SSP
     Attenuation units: dB/mkHz
     VACUUM

 Depth =    1012.50 m

 Sound speed profile:
   z (m)     alphaR (m/s)   betaR  rho (g/cm^3)  alphaI     betaI

      0.00      1505.31      0.00     1.00       0.0000    0.0000
     34.90      1503.77      0.00     1.00       0.0000    0.0000
     69.80      1498.72      0.00     1.00       0.0000    0.0000
    104.70      1504.75      0.00     1.00       0.0000    0.0000
    139.70      1503.50      0.00     1.00       0.0000    0.0000
    174.60      1502.50      0.00     1.00       0.0000    0.0000
    209.50      1499.13      0.00     1.00       0.0000    0.0000
    244.40      1495.25      0.00     1.00       0.0000    0.0000
    279.30      1498.81      0.00     1.00       0.0000    0.0000
    314.20      1496.29      0.00     1.00       0.0000    0.0000
    349.10      1495.72      0.00     1.00       0.0000    0.0000
    384.10      1493.98      0.00     1.00       0.0000    0.0000
    419.00      1493.33      0.00     1.00       0.0000    0.0000
    453.90      1492.98      0.00     1.00       0.0000    0.0000
    488.80      1488.03      0.00     1.00       0.0000    0.0000
    523.70      1491.52      0.00     1.00       0.0000    0.0000
    558.60      1488.57      0.00     1.00       0.0000    0.0000
    593.60      1490.37      0.00     1.00       0.0000    0.0000
    628.50      1486.39      0.00     1.00       0.0000    0.0000
    663.40      1485.26      0.00     1.00       0.0000    0.0000
    698.30      1485.33      0.00     1.00       0.0000    0.0000
    733.20      1485.63      0.00     1.00       0.0000    0.0000
    768.10      1483.87      0.00     1.00       0.0000    0.0000
    803.00      1484.60      0.00     1.00       0.0000    0.0000
    838.00      1482.70      0.00     1.00       0.0000    0.0000
    872.90      1482.94      0.00     1.00       0.0000    0.0000
    907.80      1485.92      0.00     1.00       0.0000    0.0000
    942.70      1482.85      0.00     1.00       0.0000    0.0000
    977.60      1482.80      0.00     1.00       0.0000    0.0000
   1012.50      1494.53      0.00     1.00       0.0000    0.0000

                                 ( RMS roughness =   0.00     )
     ACOUSTO-ELASTIC half-space
   1212.50      1600.00      0.00     1.80       0.0000    0.0000

 __________________________________________________________________________

 Number of Source   depths, Sz =            1
 Source   depths, Sz (m)
   88.0000    


 __________________________________________________________________________

 Number of Receiver depths, Rz =           49
 Receiver depths, Rz (m)
   0.00000       38.8021       77.6042       116.406       155.208    
   194.010       232.812       271.615       310.417       349.219    
          ... 
   1862.50    

 Warning in ReadSzRz : Receiver below or too near the bottom bdry has been moved up

 __________________________________________________________________________

 Number of Receiver ranges, Rr =          201
 Receiver ranges, Rr (km)
   0.00000      0.229000      0.458000      0.687000      0.916000    
   1.14500       1.37400       1.60300       1.83200       2.06100    
          ... 
   45.8000    


 Ray trace run
 Geometric hat beams in Cartesian coordinates
 Point source (cylindrical coordinates)
 Rectilinear receiver grid: Receivers at Rr( : ) x Rz( : )
 __________________________________________________________________________

 Number of beams in elevation   =           32
 Beam take-off angles (degrees)
  -15.0000      -14.0323      -13.0645      -12.0968      -11.1290    
  -10.1613      -9.19355      -8.22581      -7.25806      -6.29032    
          ... 
   15.0000    

 __________________________________________________________________________


 Step length,       deltas =   0.000     m

 Maximum ray depth, Box%z  =   1862.     m
 Maximum ray range, Box%r  =   50.00    km
 No beam shift in effect


 Step length,       deltas =   101.2     m (automatically selected)

Tracing beam       1    -15.00
Tracing beam       2    -14.03
Tracing beam       3    -13.06
Tracing beam       4    -12.10
Tracing beam       5    -11.13
Tracing beam       6    -10.16
Tracing beam       7     -9.19
Tracing beam       8     -8.23
Tracing beam       9     -7.26
Tracing beam      10     -6.29
Tracing beam      11     -5.32
Tracing beam      12     -4.35
Tracing beam      13     -3.39
Tracing beam      14     -2.42
Tracing beam      15     -1.45
Tracing beam      16     -0.48
Tracing beam      17      0.48
Tracing beam      18      1.45
Tracing beam      19      2.42
Tracing beam      20      3.39
Tracing beam      21      4.35
Tracing beam      22      5.32
Tracing beam      23      6.29
Tracing beam      24      7.26
Tracing beam      25      8.23
Tracing beam      26      9.19
Tracing beam      27     10.16
Tracing beam      28     11.13
Tracing beam      29     12.10
Tracing beam      30     13.06
Tracing beam      31     14.03
Tracing beam      32     15.00

 CPU Time =       0.625E-01s
