 BELLHOP/BELLHOP3D

 BELLHOP- Continental Shelf Environment ARR Mode                                 
 frequency =   1336.     Hz

 Dummy parameter NMedia =            1

     Spline approximation to SSP
     Attenuation units: dB/mkHz
     VACUUM

 Depth =    1012.50 m

 Sound speed profile:
   z (m)     alphaR (m/s)   betaR  rho (g/cm^3)  alphaI     betaI

      0.00      1505.31      0.00     1.00       0.0000    0.0000
     34.90      1503.77      0.00     1.00       0.0000    0.0000
     69.80      1498.72      0.00     1.00       0.0000    0.0000
    104.70      1504.75      0.00     1.00       0.0000    0.0000
    139.70      1503.50      0.00     1.00       0.0000    0.0000
    174.60      1502.50      0.00     1.00       0.0000    0.0000
    209.50      1499.13      0.00     1.00       0.0000    0.0000
    244.40      1495.25      0.00     1.00       0.0000    0.0000
    279.30      1498.81      0.00     1.00       0.0000    0.0000
    314.20      1496.29      0.00     1.00       0.0000    0.0000
    349.10      1495.72      0.00     1.00       0.0000    0.0000
    384.10      1493.98      0.00     1.00       0.0000    0.0000
    419.00      1493.33      0.00     1.00       0.0000    0.0000
    453.90      1492.98      0.00     1.00       0.0000    0.0000
    488.80      1488.03      0.00     1.00       0.0000    0.0000
    523.70      1491.52      0.00     1.00       0.0000    0.0000
    558.60      1488.57      0.00     1.00       0.0000    0.0000
    593.60      1490.37      0.00     1.00       0.0000    0.0000
    628.50      1486.39      0.00     1.00       0.0000    0.0000
    663.40      1485.26      0.00     1.00       0.0000    0.0000
    698.30      1485.33      0.00     1.00       0.0000    0.0000
    733.20      1485.63      0.00     1.00       0.0000    0.0000
    768.10      1483.87      0.00     1.00       0.0000    0.0000
    803.00      1484.60      0.00     1.00       0.0000    0.0000
    838.00      1482.70      0.00     1.00       0.0000    0.0000
    872.90      1482.94      0.00     1.00       0.0000    0.0000
    907.80      1485.92      0.00     1.00       0.0000    0.0000
    942.70      1482.85      0.00     1.00       0.0000    0.0000
    977.60      1482.80      0.00     1.00       0.0000    0.0000
   1012.50      1494.53      0.00     1.00       0.0000    0.0000

                                 ( RMS roughness =   0.00     )
     ACOUSTO-ELASTIC half-space
   1212.50      1600.00      0.00     1.80       0.0000    0.0000

 __________________________________________________________________________

 Number of Source   depths, Sz =            2
 Source   depths, Sz (m)
   30.8000       111.900    


 __________________________________________________________________________

 Number of Receiver depths, Rz =           44
 Receiver depths, Rz (m)
   0.00000       43.3140       86.6279       129.942       173.256    
   216.570       259.884       303.198       346.512       389.826    
          ... 
   1862.50    

 Warning in ReadSzRz : Receiver below or too near the bottom bdry has been moved up

 __________________________________________________________________________

 Number of Receiver ranges, Rr =          201
 Receiver ranges, Rr (km)
   0.00000      0.283500      0.567000      0.850500       1.13400    
   1.41750       1.70100       1.98450       2.26800       2.55150    
          ... 
   56.7000    


 Arrivals calculation, ASCII  file output
 Geometric hat beams in Cartesian coordinates
 Point source (cylindrical coordinates)
 Rectilinear receiver grid: Receivers at Rr( : ) x Rz( : )
 __________________________________________________________________________

 Number of beams in elevation   =           20
 Beam take-off angles (degrees)
  -11.6000      -10.3789      -9.15789      -7.93684      -6.71579    
  -5.49474      -4.27368      -3.05263      -1.83158     -0.610526    
          ... 
   11.6000    

 __________________________________________________________________________


 Step length,       deltas =   0.000     m

 Maximum ray depth, Box%z  =   1862.     m
 Maximum ray range, Box%r  =   50.00    km
 No beam shift in effect


 Step length,       deltas =   101.2     m (automatically selected)

 ( Maximum # of arrivals =         2261 )

Tracing beam       1    -11.60

 Geometric hat beams                     
 halfwidth  =    16.825099049935453     
 epsilonOpt =  (  0.0000000000000000     ,  1187884.0688469613     )
 EpsMult    =    1.0000000000000000     

Tracing beam       2    -10.38
Tracing beam       3     -9.16
Tracing beam       4     -7.94
Tracing beam       5     -6.72
Tracing beam       6     -5.49
Tracing beam       7     -4.27
Tracing beam       8     -3.05
Tracing beam       9     -1.83
Tracing beam      10     -0.61
Tracing beam      11      0.61
Tracing beam      12      1.83
Tracing beam      13      3.05
Tracing beam      14      4.27
Tracing beam      15      5.49
Tracing beam      16      6.72
Tracing beam      17      7.94
Tracing beam      18      9.16
Tracing beam      19     10.38
Tracing beam      20     11.60
Tracing beam       1    -11.60
Tracing beam       2    -10.38
Tracing beam       3     -9.16
Tracing beam       4     -7.94
Tracing beam       5     -6.72
Tracing beam       6     -5.49
Tracing beam       7     -4.27
Tracing beam       8     -3.05
Tracing beam       9     -1.83
Tracing beam      10     -0.61
Tracing beam      11      0.61
Tracing beam      12      1.83
Tracing beam      13      3.05
Tracing beam      14      4.27
Tracing beam      15      5.49
Tracing beam      16      6.72
Tracing beam      17      7.94
Tracing beam      18      9.16
Tracing beam      19     10.38
Tracing beam      20     11.60

 CPU Time =       0.312    s
