 BELLHOP/BELLHOP3D

 BELLHOP- Continental Shelf Environment SHD Mode                                 
 frequency =   1336.     Hz

 Dummy parameter NMedia =            1

     Spline approximation to SSP
     Attenuation units: dB/mkHz
     VACUUM

 Depth =    1012.50 m

 Sound speed profile:
   z (m)     alphaR (m/s)   betaR  rho (g/cm^3)  alphaI     betaI

      0.00      1505.31      0.00     1.00       0.0000    0.0000
     34.90      1503.77      0.00     1.00       0.0000    0.0000
     69.80      1498.72      0.00     1.00       0.0000    0.0000
    104.70      1504.75      0.00     1.00       0.0000    0.0000
    139.70      1503.50      0.00     1.00       0.0000    0.0000
    174.60      1502.50      0.00     1.00       0.0000    0.0000
    209.50      1499.13      0.00     1.00       0.0000    0.0000
    244.40      1495.25      0.00     1.00       0.0000    0.0000
    279.30      1498.81      0.00     1.00       0.0000    0.0000
    314.20      1496.29      0.00     1.00       0.0000    0.0000
    349.10      1495.72      0.00     1.00       0.0000    0.0000
    384.10      1493.98      0.00     1.00       0.0000    0.0000
    419.00      1493.33      0.00     1.00       0.0000    0.0000
    453.90      1492.98      0.00     1.00       0.0000    0.0000
    488.80      1488.03      0.00     1.00       0.0000    0.0000
    523.70      1491.52      0.00     1.00       0.0000    0.0000
    558.60      1488.57      0.00     1.00       0.0000    0.0000
    593.60      1490.37      0.00     1.00       0.0000    0.0000
    628.50      1486.39      0.00     1.00       0.0000    0.0000
    663.40      1485.26      0.00     1.00       0.0000    0.0000
    698.30      1485.33      0.00     1.00       0.0000    0.0000
    733.20      1485.63      0.00     1.00       0.0000    0.0000
    768.10      1483.87      0.00     1.00       0.0000    0.0000
    803.00      1484.60      0.00     1.00       0.0000    0.0000
    838.00      1482.70      0.00     1.00       0.0000    0.0000
    872.90      1482.94      0.00     1.00       0.0000    0.0000
    907.80      1485.92      0.00     1.00       0.0000    0.0000
    942.70      1482.85      0.00     1.00       0.0000    0.0000
    977.60      1482.80      0.00     1.00       0.0000    0.0000
   1012.50      1494.53      0.00     1.00       0.0000    0.0000

                                 ( RMS roughness =   0.00     )
     ACOUSTO-ELASTIC half-space
   1212.50      1600.00      0.00     1.80       0.0000    0.0000

 __________________________________________________________________________

 Number of Source   depths, Sz =            1
 Source   depths, Sz (m)
   102.400    


 __________________________________________________________________________

 Number of Receiver depths, Rz =           89
 Receiver depths, Rz (m)
   0.00000       21.1648       42.3295       63.4943       84.6591    
   105.824       126.989       148.153       169.318       190.483    
          ... 
   1862.50    

 Warning in ReadSzRz : Receiver below or too near the bottom bdry has been moved up

 __________________________________________________________________________

 Number of Receiver ranges, Rr =          201
 Receiver ranges, Rr (km)
   0.00000      0.267500      0.535000      0.802500       1.07000    
   1.33750       1.60500       1.87250       2.14000       2.40750    
          ... 
   53.5000    


 Coherent TL calculation
 Geometric hat beams in Cartesian coordinates
 Point source (cylindrical coordinates)
 Rectilinear receiver grid: Receivers at Rr( : ) x Rz( : )
 __________________________________________________________________________

 Number of beams in elevation   =        14291
 Beam take-off angles (degrees)
  -75.2000      -75.1888      -75.1776      -75.1663      -75.1551    
  -75.1439      -75.1327      -75.1215      -75.1103      -75.0990    
          ... 
   85.1000    

 __________________________________________________________________________


 Step length,       deltas =   0.000     m

 Maximum ray depth, Box%z  =   1862.     m
 Maximum ray range, Box%r  =   50.00    km
 No beam shift in effect


 Step length,       deltas =   101.2     m (automatically selected)

Tracing beam       1    -75.20

 Geometric hat beams                     
 halfwidth  =    1831.2392950303795     
 epsilonOpt =  (  0.0000000000000000     ,  14071778698.614782     )
 EpsMult    =    1.0000000000000000     

Tracing beam     286    -72.00
Tracing beam     571    -68.81
Tracing beam     856    -65.61
Tracing beam    1141    -62.41
Tracing beam    1426    -59.21
Tracing beam    1711    -56.02
Tracing beam    1996    -52.82
Tracing beam    2281    -49.62
Tracing beam    2566    -46.43
Tracing beam    2851    -43.23
Tracing beam    3136    -40.03
Tracing beam    3421    -36.84
Tracing beam    3706    -33.64
Tracing beam    3991    -30.44
Tracing beam    4276    -27.24
Tracing beam    4561    -24.05
Tracing beam    4846    -20.85
Tracing beam    5131    -17.65
Tracing beam    5416    -14.46
Tracing beam    5701    -11.26
Tracing beam    5986     -8.06
Tracing beam    6271     -4.87
Tracing beam    6556     -1.67
Tracing beam    6841      1.53
Tracing beam    7126      4.73
Tracing beam    7411      7.92
Tracing beam    7696     11.12
Tracing beam    7981     14.32
Tracing beam    8266     17.51
Tracing beam    8551     20.71
Tracing beam    8836     23.91
Tracing beam    9121     27.10
Tracing beam    9406     30.30
Tracing beam    9691     33.50
Tracing beam    9976     36.70
Tracing beam   10261     39.89
Tracing beam   10546     43.09
Tracing beam   10831     46.29
Tracing beam   11116     49.48
Tracing beam   11401     52.68
Tracing beam   11686     55.88
Tracing beam   11971     59.08
Tracing beam   12256     62.27
Tracing beam   12541     65.47
Tracing beam   12826     68.67
Tracing beam   13111     71.86
Tracing beam   13396     75.06
Tracing beam   13681     78.26
Tracing beam   13966     81.45
Tracing beam   14251     84.65

 CPU Time =        1.88    s
