 BELLHOP/BELLHOP3D

 BELLHOP- Mixed Layer Environment RAY Mode                                       
 frequency =   1200.     Hz

 Dummy parameter NMedia =            1

     Spline approximation to SSP
     Attenuation units: dB/mkHz
     VACUUM

 Depth =    1582.00 m

 Sound speed profile:
   z (m)     alphaR (m/s)   betaR  rho (g/cm^3)  alphaI     betaI

      0.00      1509.30      0.00     1.00       0.0000    0.0000
     51.00      1510.30      0.00     1.00       0.0000    0.0000
    102.10      1511.24      0.00     1.00       0.0000    0.0000
    153.10      1507.96      0.00     1.00       0.0000    0.0000
    204.10      1507.22      0.00     1.00       0.0000    0.0000
    255.20      1506.40      0.00     1.00       0.0000    0.0000
    306.20      1504.29      0.00     1.00       0.0000    0.0000
    357.20      1500.71      0.00     1.00       0.0000    0.0000
    408.20      1497.82      0.00     1.00       0.0000    0.0000
    459.30      1497.98      0.00     1.00       0.0000    0.0000
    510.30      1498.76      0.00     1.00       0.0000    0.0000
    561.30      1496.98      0.00     1.00       0.0000    0.0000
    612.40      1495.03      0.00     1.00       0.0000    0.0000
    663.40      1493.00      0.00     1.00       0.0000    0.0000
    714.40      1491.45      0.00     1.00       0.0000    0.0000
    765.50      1491.11      0.00     1.00       0.0000    0.0000
    816.50      1491.77      0.00     1.00       0.0000    0.0000
    867.50      1491.52      0.00     1.00       0.0000    0.0000
    918.60      1489.17      0.00     1.00       0.0000    0.0000
    969.60      1493.09      0.00     1.00       0.0000    0.0000
   1020.60      1487.96      0.00     1.00       0.0000    0.0000
   1071.70      1488.85      0.00     1.00       0.0000    0.0000
   1122.70      1493.12      0.00     1.00       0.0000    0.0000
   1173.70      1489.39      0.00     1.00       0.0000    0.0000
   1224.70      1494.71      0.00     1.00       0.0000    0.0000
   1275.80      1495.43      0.00     1.00       0.0000    0.0000
   1326.80      1499.25      0.00     1.00       0.0000    0.0000
   1377.80      1499.53      0.00     1.00       0.0000    0.0000
   1428.90      1500.37      0.00     1.00       0.0000    0.0000
   1479.90      1502.70      0.00     1.00       0.0000    0.0000
   1530.90      1501.67      0.00     1.00       0.0000    0.0000
   1582.00      1506.24      0.00     1.00       0.0000    0.0000

                                 ( RMS roughness =   0.00     )
     ACOUSTO-ELASTIC half-space
   1782.00      1600.00      0.00     1.80       0.0000    0.0000

 __________________________________________________________________________

 Number of Source   depths, Sz =            3
 Source   depths, Sz (m)
   155.800       218.900       268.900    


 __________________________________________________________________________

 Number of Receiver depths, Rz =           48
 Receiver depths, Rz (m)
   0.00000       51.7447       103.489       155.234       206.979    
   258.723       310.468       362.213       413.957       465.702    
          ... 
   2432.00    

 Warning in ReadSzRz : Receiver below or too near the bottom bdry has been moved up

 __________________________________________________________________________

 Number of Receiver ranges, Rr =          201
 Receiver ranges, Rr (km)
   0.00000      0.289500      0.579000      0.868500       1.15800    
   1.44750       1.73700       2.02650       2.31600       2.60550    
          ... 
   57.9000    


 Ray trace run
 Geometric hat beams in Cartesian coordinates
 Point source (cylindrical coordinates)
 Rectilinear receiver grid: Receivers at Rr( : ) x Rz( : )
 __________________________________________________________________________

 Number of beams in elevation   =           23
 Beam take-off angles (degrees)
  -17.7000      -16.0909      -14.4818      -12.8727      -11.2636    
  -9.65455      -8.04545      -6.43636      -4.82727      -3.21818    
          ... 
   17.7000    

 __________________________________________________________________________


 Step length,       deltas =   0.000     m

 Maximum ray depth, Box%z  =   2432.     m
 Maximum ray range, Box%r  =   50.00    km
 No beam shift in effect


 Step length,       deltas =   158.2     m (automatically selected)

Tracing beam       1    -17.70
Tracing beam       2    -16.09
Tracing beam       3    -14.48
Tracing beam       4    -12.87
Tracing beam       5    -11.26
Tracing beam       6     -9.65
Tracing beam       7     -8.05
Tracing beam       8     -6.44
Tracing beam       9     -4.83
Tracing beam      10     -3.22
Tracing beam      11     -1.61
Tracing beam      12      0.00
Tracing beam      13      1.61
Tracing beam      14      3.22
Tracing beam      15      4.83
Tracing beam      16      6.44
Tracing beam      17      8.05
Tracing beam      18      9.65
Tracing beam      19     11.26
Tracing beam      20     12.87
Tracing beam      21     14.48
Tracing beam      22     16.09
Tracing beam      23     17.70
Tracing beam       1    -17.70
Tracing beam       2    -16.09
Tracing beam       3    -14.48
Tracing beam       4    -12.87
Tracing beam       5    -11.26
Tracing beam       6     -9.65
Tracing beam       7     -8.05
Tracing beam       8     -6.44
Tracing beam       9     -4.83
Tracing beam      10     -3.22
Tracing beam      11     -1.61
Tracing beam      12      0.00
Tracing beam      13      1.61
Tracing beam      14      3.22
Tracing beam      15      4.83
Tracing beam      16      6.44
Tracing beam      17      8.05
Tracing beam      18      9.65
Tracing beam      19     11.26
Tracing beam      20     12.87
Tracing beam      21     14.48
Tracing beam      22     16.09
Tracing beam      23     17.70
Tracing beam       1    -17.70
Tracing beam       2    -16.09
Tracing beam       3    -14.48
Tracing beam       4    -12.87
Tracing beam       5    -11.26
Tracing beam       6     -9.65
Tracing beam       7     -8.05
Tracing beam       8     -6.44
Tracing beam       9     -4.83
Tracing beam      10     -3.22
Tracing beam      11     -1.61
Tracing beam      12      0.00
Tracing beam      13      1.61
Tracing beam      14      3.22
Tracing beam      15      4.83
Tracing beam      16      6.44
Tracing beam      17      8.05
Tracing beam      18      9.65
Tracing beam      19     11.26
Tracing beam      20     12.87
Tracing beam      21     14.48
Tracing beam      22     16.09
Tracing beam      23     17.70

 CPU Time =       0.781E-01s
