 BELLHOP/BELLHOP3D

 BELLHOP- Mixed Layer Environment ARR Mode                                       
 frequency =   1200.     Hz

 Dummy parameter NMedia =            1

     Spline approximation to SSP
     Attenuation units: dB/mkHz
     VACUUM

 Depth =    1582.00 m

 Sound speed profile:
   z (m)     alphaR (m/s)   betaR  rho (g/cm^3)  alphaI     betaI

      0.00      1509.30      0.00     1.00       0.0000    0.0000
     51.00      1510.30      0.00     1.00       0.0000    0.0000
    102.10      1511.24      0.00     1.00       0.0000    0.0000
    153.10      1507.96      0.00     1.00       0.0000    0.0000
    204.10      1507.22      0.00     1.00       0.0000    0.0000
    255.20      1506.40      0.00     1.00       0.0000    0.0000
    306.20      1504.29      0.00     1.00       0.0000    0.0000
    357.20      1500.71      0.00     1.00       0.0000    0.0000
    408.20      1497.82      0.00     1.00       0.0000    0.0000
    459.30      1497.98      0.00     1.00       0.0000    0.0000
    510.30      1498.76      0.00     1.00       0.0000    0.0000
    561.30      1496.98      0.00     1.00       0.0000    0.0000
    612.40      1495.03      0.00     1.00       0.0000    0.0000
    663.40      1493.00      0.00     1.00       0.0000    0.0000
    714.40      1491.45      0.00     1.00       0.0000    0.0000
    765.50      1491.11      0.00     1.00       0.0000    0.0000
    816.50      1491.77      0.00     1.00       0.0000    0.0000
    867.50      1491.52      0.00     1.00       0.0000    0.0000
    918.60      1489.17      0.00     1.00       0.0000    0.0000
    969.60      1493.09      0.00     1.00       0.0000    0.0000
   1020.60      1487.96      0.00     1.00       0.0000    0.0000
   1071.70      1488.85      0.00     1.00       0.0000    0.0000
   1122.70      1493.12      0.00     1.00       0.0000    0.0000
   1173.70      1489.39      0.00     1.00       0.0000    0.0000
   1224.70      1494.71      0.00     1.00       0.0000    0.0000
   1275.80      1495.43      0.00     1.00       0.0000    0.0000
   1326.80      1499.25      0.00     1.00       0.0000    0.0000
   1377.80      1499.53      0.00     1.00       0.0000    0.0000
   1428.90      1500.37      0.00     1.00       0.0000    0.0000
   1479.90      1502.70      0.00     1.00       0.0000    0.0000
   1530.90      1501.67      0.00     1.00       0.0000    0.0000
   1582.00      1506.24      0.00     1.00       0.0000    0.0000

                                 ( RMS roughness =   0.00     )
     ACOUSTO-ELASTIC half-space
   1782.00      1600.00      0.00     1.80       0.0000    0.0000

 __________________________________________________________________________

 Number of Source   depths, Sz =            3
 Source   depths, Sz (m)
   56.9000       181.900       278.900    


 __________________________________________________________________________

 Number of Receiver depths, Rz =           46
 Receiver depths, Rz (m)
   0.00000       54.0444       108.089       162.133       216.178    
   270.222       324.267       378.311       432.356       486.400    
          ... 
   2432.00    

 Warning in ReadSzRz : Receiver below or too near the bottom bdry has been moved up

 __________________________________________________________________________

 Number of Receiver ranges, Rr =          201
 Receiver ranges, Rr (km)
   0.00000      0.289500      0.579000      0.868500       1.15800    
   1.44750       1.73700       2.02650       2.31600       2.60550    
          ... 
   57.9000    


 Arrivals calculation, ASCII  file output
 Geometric hat beams in Cartesian coordinates
 Point source (cylindrical coordinates)
 Rectilinear receiver grid: Receivers at Rr( : ) x Rz( : )
 __________________________________________________________________________

 Number of beams in elevation   =           21
 Beam take-off angles (degrees)
  -12.1000      -10.8900      -9.68000      -8.47000      -7.26000    
  -6.05000      -4.84000      -3.63000      -2.42000      -1.21000    
          ... 
   12.1000    

 __________________________________________________________________________


 Step length,       deltas =   0.000     m

 Maximum ray depth, Box%z  =   2432.     m
 Maximum ray range, Box%r  =   50.00    km
 No beam shift in effect


 Step length,       deltas =   158.2     m (automatically selected)

 ( Maximum # of arrivals =         2163 )

Tracing beam       1    -12.10

 Geometric hat beams                     
 halfwidth  =    18.971769510411644     
 epsilonOpt =  (  0.0000000000000000     ,  1357009.8120730459     )
 EpsMult    =    1.0000000000000000     

Tracing beam       2    -10.89
Tracing beam       3     -9.68
Tracing beam       4     -8.47
Tracing beam       5     -7.26
Tracing beam       6     -6.05
Tracing beam       7     -4.84
Tracing beam       8     -3.63
Tracing beam       9     -2.42
Tracing beam      10     -1.21
Tracing beam      11      0.00
Tracing beam      12      1.21
Tracing beam      13      2.42
Tracing beam      14      3.63
Tracing beam      15      4.84
Tracing beam      16      6.05
Tracing beam      17      7.26
Tracing beam      18      8.47
Tracing beam      19      9.68
Tracing beam      20     10.89
Tracing beam      21     12.10
Tracing beam       1    -12.10
Tracing beam       2    -10.89
Tracing beam       3     -9.68
Tracing beam       4     -8.47
Tracing beam       5     -7.26
Tracing beam       6     -6.05
Tracing beam       7     -4.84
Tracing beam       8     -3.63
Tracing beam       9     -2.42
Tracing beam      10     -1.21
Tracing beam      11      0.00
Tracing beam      12      1.21
Tracing beam      13      2.42
Tracing beam      14      3.63
Tracing beam      15      4.84
Tracing beam      16      6.05
Tracing beam      17      7.26
Tracing beam      18      8.47
Tracing beam      19      9.68
Tracing beam      20     10.89
Tracing beam      21     12.10
Tracing beam       1    -12.10
Tracing beam       2    -10.89
Tracing beam       3     -9.68
Tracing beam       4     -8.47
Tracing beam       5     -7.26
Tracing beam       6     -6.05
Tracing beam       7     -4.84
Tracing beam       8     -3.63
Tracing beam       9     -2.42
Tracing beam      10     -1.21
Tracing beam      11      0.00
Tracing beam      12      1.21
Tracing beam      13      2.42
Tracing beam      14      3.63
Tracing beam      15      4.84
Tracing beam      16      6.05
Tracing beam      17      7.26
Tracing beam      18      8.47
Tracing beam      19      9.68
Tracing beam      20     10.89
Tracing beam      21     12.10

 CPU Time =       0.391    s
