 BELLHOP/BELLHOP3D

 BELLHOP- Deep Ocean Environment SHD Mode                                        
 frequency =   1101.     Hz

 Dummy parameter NMedia =            1

     Spline approximation to SSP
     Attenuation units: dB/mkHz
     VACUUM

 Depth =    5394.10 m

 Sound speed profile:
   z (m)     alphaR (m/s)   betaR  rho (g/cm^3)  alphaI     betaI

      0.00      1503.92      0.00     1.00       0.0000    0.0000
    101.80      1504.07      0.00     1.00       0.0000    0.0000
    203.50      1501.29      0.00     1.00       0.0000    0.0000
    305.30      1498.09      0.00     1.00       0.0000    0.0000
    407.10      1492.79      0.00     1.00       0.0000    0.0000
    508.90      1492.35      0.00     1.00       0.0000    0.0000
    610.60      1488.79      0.00     1.00       0.0000    0.0000
    712.40      1483.97      0.00     1.00       0.0000    0.0000
    814.20      1483.59      0.00     1.00       0.0000    0.0000
    916.00      1483.26      0.00     1.00       0.0000    0.0000
   1017.70      1476.91      0.00     1.00       0.0000    0.0000
   1119.50      1480.41      0.00     1.00       0.0000    0.0000
   1221.30      1478.48      0.00     1.00       0.0000    0.0000
   1323.10      1477.42      0.00     1.00       0.0000    0.0000
   1424.80      1479.57      0.00     1.00       0.0000    0.0000
   1526.60      1479.26      0.00     1.00       0.0000    0.0000
   1628.40      1480.83      0.00     1.00       0.0000    0.0000
   1730.20      1481.77      0.00     1.00       0.0000    0.0000
   1831.90      1483.27      0.00     1.00       0.0000    0.0000
   1933.70      1481.97      0.00     1.00       0.0000    0.0000
   2035.50      1485.02      0.00     1.00       0.0000    0.0000
   2137.30      1484.48      0.00     1.00       0.0000    0.0000
   2239.00      1482.61      0.00     1.00       0.0000    0.0000
   2340.80      1487.54      0.00     1.00       0.0000    0.0000
   2442.60      1485.27      0.00     1.00       0.0000    0.0000
   2544.40      1484.09      0.00     1.00       0.0000    0.0000
   2646.10      1488.37      0.00     1.00       0.0000    0.0000
   2747.90      1489.56      0.00     1.00       0.0000    0.0000
   2849.70      1486.95      0.00     1.00       0.0000    0.0000
   2951.50      1486.80      0.00     1.00       0.0000    0.0000
   3053.20      1487.85      0.00     1.00       0.0000    0.0000
   3155.00      1489.74      0.00     1.00       0.0000    0.0000
   3256.80      1491.14      0.00     1.00       0.0000    0.0000
   3358.60      1490.63      0.00     1.00       0.0000    0.0000
   3460.30      1490.48      0.00     1.00       0.0000    0.0000
   3562.10      1493.13      0.00     1.00       0.0000    0.0000
   3663.90      1490.97      0.00     1.00       0.0000    0.0000
   3765.70      1493.54      0.00     1.00       0.0000    0.0000
   3867.40      1492.12      0.00     1.00       0.0000    0.0000
   3969.20      1493.75      0.00     1.00       0.0000    0.0000
   4071.00      1493.49      0.00     1.00       0.0000    0.0000
   4172.80      1494.13      0.00     1.00       0.0000    0.0000
   4274.50      1494.20      0.00     1.00       0.0000    0.0000
   4376.30      1497.34      0.00     1.00       0.0000    0.0000
   4478.10      1494.78      0.00     1.00       0.0000    0.0000
   4579.90      1495.32      0.00     1.00       0.0000    0.0000
   4681.60      1500.17      0.00     1.00       0.0000    0.0000
   4783.40      1499.01      0.00     1.00       0.0000    0.0000
   4885.20      1494.52      0.00     1.00       0.0000    0.0000
   4987.00      1497.80      0.00     1.00       0.0000    0.0000
   5088.70      1496.49      0.00     1.00       0.0000    0.0000
   5190.50      1498.33      0.00     1.00       0.0000    0.0000
   5292.30      1495.61      0.00     1.00       0.0000    0.0000
   5394.10      1500.66      0.00     1.00       0.0000    0.0000

                                 ( RMS roughness =   0.00     )
     ACOUSTO-ELASTIC half-space
   5594.10      1600.00      0.00     1.80       0.0000    0.0000

 __________________________________________________________________________

 Number of Source   depths, Sz =            1
 Source   depths, Sz (m)
   75.8000    


 __________________________________________________________________________

 Number of Receiver depths, Rz =           80
 Receiver depths, Rz (m)
   0.00000       79.0392       158.078       237.118       316.157    
   395.196       474.235       553.275       632.314       711.353    
          ... 
   6244.10    

 Warning in ReadSzRz : Receiver below or too near the bottom bdry has been moved up

 __________________________________________________________________________

 Number of Receiver ranges, Rr =          201
 Receiver ranges, Rr (km)
   0.00000      0.266500      0.533000      0.799500       1.06600    
   1.33250       1.59900       1.86550       2.13200       2.39850    
          ... 
   53.3000    


 Coherent TL calculation
 Geometric hat beams in Cartesian coordinates
 Point source (cylindrical coordinates)
 Rectilinear receiver grid: Receivers at Rr( : ) x Rz( : )
 __________________________________________________________________________

 Number of beams in elevation   =        11735
 Beam take-off angles (degrees)
  -83.9000      -83.8863      -83.8727      -83.8590      -83.8454    
  -83.8317      -83.8180      -83.8044      -83.7907      -83.7770    
          ... 
   76.4000    

 __________________________________________________________________________


 Step length,       deltas =   0.000     m

 Maximum ray depth, Box%z  =   6244.     m
 Maximum ray range, Box%r  =   50.00    km
 No beam shift in effect


 Step length,       deltas =   539.4     m (automatically selected)

Tracing beam       1    -83.90

 Geometric hat beams                     
 halfwidth  =    1824.4322475688518     
 epsilonOpt =  (  0.0000000000000000     ,  11512064768.775721     )
 EpsMult    =    1.0000000000000000     

Tracing beam     235    -80.70
Tracing beam     469    -77.51
Tracing beam     703    -74.31
Tracing beam     937    -71.11
Tracing beam    1171    -67.92
Tracing beam    1405    -64.72
Tracing beam    1639    -61.52
Tracing beam    1873    -58.33
Tracing beam    2107    -55.13
Tracing beam    2341    -51.93
Tracing beam    2575    -48.74
Tracing beam    2809    -45.54
Tracing beam    3043    -42.34
Tracing beam    3277    -39.15
Tracing beam    3511    -35.95
Tracing beam    3745    -32.75
Tracing beam    3979    -29.56
Tracing beam    4213    -26.36
Tracing beam    4447    -23.16
Tracing beam    4681    -19.97
Tracing beam    4915    -16.77
Tracing beam    5149    -13.57
Tracing beam    5383    -10.38
Tracing beam    5617     -7.18
Tracing beam    5851     -3.98
Tracing beam    6085     -0.79
Tracing beam    6319      2.41
Tracing beam    6553      5.61
Tracing beam    6787      8.80
Tracing beam    7021     12.00
Tracing beam    7255     15.20
Tracing beam    7489     18.39
Tracing beam    7723     21.59
Tracing beam    7957     24.79
Tracing beam    8191     27.98
Tracing beam    8425     31.18
Tracing beam    8659     34.38
Tracing beam    8893     37.57
Tracing beam    9127     40.77
Tracing beam    9361     43.97
Tracing beam    9595     47.17
Tracing beam    9829     50.36
Tracing beam   10063     53.56
Tracing beam   10297     56.76
Tracing beam   10531     59.95
Tracing beam   10765     63.15
Tracing beam   10999     66.35
Tracing beam   11233     69.54
Tracing beam   11467     72.74
Tracing beam   11701     75.94

 CPU Time =        1.67    s
