 BELLHOP/BELLHOP3D

 BELLHOP- Deep Ocean Environment ARR Mode                                        
 frequency =   1101.     Hz

 Dummy parameter NMedia =            1

     Spline approximation to SSP
     Attenuation units: dB/mkHz
     VACUUM

 Depth =    5394.10 m

 Sound speed profile:
   z (m)     alphaR (m/s)   betaR  rho (g/cm^3)  alphaI     betaI

      0.00      1503.92      0.00     1.00       0.0000    0.0000
    101.80      1504.07      0.00     1.00       0.0000    0.0000
    203.50      1501.29      0.00     1.00       0.0000    0.0000
    305.30      1498.09      0.00     1.00       0.0000    0.0000
    407.10      1492.79      0.00     1.00       0.0000    0.0000
    508.90      1492.35      0.00     1.00       0.0000    0.0000
    610.60      1488.79      0.00     1.00       0.0000    0.0000
    712.40      1483.97      0.00     1.00       0.0000    0.0000
    814.20      1483.59      0.00     1.00       0.0000    0.0000
    916.00      1483.26      0.00     1.00       0.0000    0.0000
   1017.70      1476.91      0.00     1.00       0.0000    0.0000
   1119.50      1480.41      0.00     1.00       0.0000    0.0000
   1221.30      1478.48      0.00     1.00       0.0000    0.0000
   1323.10      1477.42      0.00     1.00       0.0000    0.0000
   1424.80      1479.57      0.00     1.00       0.0000    0.0000
   1526.60      1479.26      0.00     1.00       0.0000    0.0000
   1628.40      1480.83      0.00     1.00       0.0000    0.0000
   1730.20      1481.77      0.00     1.00       0.0000    0.0000
   1831.90      1483.27      0.00     1.00       0.0000    0.0000
   1933.70      1481.97      0.00     1.00       0.0000    0.0000
   2035.50      1485.02      0.00     1.00       0.0000    0.0000
   2137.30      1484.48      0.00     1.00       0.0000    0.0000
   2239.00      1482.61      0.00     1.00       0.0000    0.0000
   2340.80      1487.54      0.00     1.00       0.0000    0.0000
   2442.60      1485.27      0.00     1.00       0.0000    0.0000
   2544.40      1484.09      0.00     1.00       0.0000    0.0000
   2646.10      1488.37      0.00     1.00       0.0000    0.0000
   2747.90      1489.56      0.00     1.00       0.0000    0.0000
   2849.70      1486.95      0.00     1.00       0.0000    0.0000
   2951.50      1486.80      0.00     1.00       0.0000    0.0000
   3053.20      1487.85      0.00     1.00       0.0000    0.0000
   3155.00      1489.74      0.00     1.00       0.0000    0.0000
   3256.80      1491.14      0.00     1.00       0.0000    0.0000
   3358.60      1490.63      0.00     1.00       0.0000    0.0000
   3460.30      1490.48      0.00     1.00       0.0000    0.0000
   3562.10      1493.13      0.00     1.00       0.0000    0.0000
   3663.90      1490.97      0.00     1.00       0.0000    0.0000
   3765.70      1493.54      0.00     1.00       0.0000    0.0000
   3867.40      1492.12      0.00     1.00       0.0000    0.0000
   3969.20      1493.75      0.00     1.00       0.0000    0.0000
   4071.00      1493.49      0.00     1.00       0.0000    0.0000
   4172.80      1494.13      0.00     1.00       0.0000    0.0000
   4274.50      1494.20      0.00     1.00       0.0000    0.0000
   4376.30      1497.34      0.00     1.00       0.0000    0.0000
   4478.10      1494.78      0.00     1.00       0.0000    0.0000
   4579.90      1495.32      0.00     1.00       0.0000    0.0000
   4681.60      1500.17      0.00     1.00       0.0000    0.0000
   4783.40      1499.01      0.00     1.00       0.0000    0.0000
   4885.20      1494.52      0.00     1.00       0.0000    0.0000
   4987.00      1497.80      0.00     1.00       0.0000    0.0000
   5088.70      1496.49      0.00     1.00       0.0000    0.0000
   5190.50      1498.33      0.00     1.00       0.0000    0.0000
   5292.30      1495.61      0.00     1.00       0.0000    0.0000
   5394.10      1500.66      0.00     1.00       0.0000    0.0000

                                 ( RMS roughness =   0.00     )
     ACOUSTO-ELASTIC half-space
   5594.10      1600.00      0.00     1.80       0.0000    0.0000

 __________________________________________________________________________

 Number of Source   depths, Sz =            2
 Source   depths, Sz (m)
   148.700       156.700    


 __________________________________________________________________________

 Number of Receiver depths, Rz =           48
 Receiver depths, Rz (m)
   0.00000       132.853       265.706       398.560       531.413    
   664.266       797.119       929.972       1062.83       1195.68    
          ... 
   6244.10    

 Warning in ReadSzRz : Receiver below or too near the bottom bdry has been moved up

 __________________________________________________________________________

 Number of Receiver ranges, Rr =          201
 Receiver ranges, Rr (km)
   0.00000      0.251500      0.503000      0.754500       1.00600    
   1.25750       1.50900       1.76050       2.01200       2.26350    
          ... 
   50.3000    


 Arrivals calculation, ASCII  file output
 Geometric hat beams in Cartesian coordinates
 Point source (cylindrical coordinates)
 Rectilinear receiver grid: Receivers at Rr( : ) x Rz( : )
 __________________________________________________________________________

 Number of beams in elevation   =           28
 Beam take-off angles (degrees)
  -16.7000      -15.4630      -14.2259      -12.9889      -11.7519    
  -10.5148      -9.27778      -8.04074      -6.80370      -5.56667    
          ... 
   16.7000    

 __________________________________________________________________________


 Step length,       deltas =   0.000     m

 Maximum ray depth, Box%z  =   6244.     m
 Maximum ray range, Box%r  =   50.00    km
 No beam shift in effect


 Step length,       deltas =   539.4     m (automatically selected)

 ( Maximum # of arrivals =         2072 )

Tracing beam       1    -16.70

 Geometric hat beams                     
 halfwidth  =    20.126342319046714     
 epsilonOpt =  (  0.0000000000000000     ,  1400965.5455374119     )
 EpsMult    =    1.0000000000000000     

Tracing beam       2    -15.46
Tracing beam       3    -14.23
Tracing beam       4    -12.99
Tracing beam       5    -11.75
Tracing beam       6    -10.51
Tracing beam       7     -9.28
Tracing beam       8     -8.04
Tracing beam       9     -6.80
Tracing beam      10     -5.57
Tracing beam      11     -4.33
Tracing beam      12     -3.09
Tracing beam      13     -1.86
Tracing beam      14     -0.62
Tracing beam      15      0.62
Tracing beam      16      1.86
Tracing beam      17      3.09
Tracing beam      18      4.33
Tracing beam      19      5.57
Tracing beam      20      6.80
Tracing beam      21      8.04
Tracing beam      22      9.28
Tracing beam      23     10.51
Tracing beam      24     11.75
Tracing beam      25     12.99
Tracing beam      26     14.23
Tracing beam      27     15.46
Tracing beam      28     16.70
Tracing beam       1    -16.70
Tracing beam       2    -15.46
Tracing beam       3    -14.23
Tracing beam       4    -12.99
Tracing beam       5    -11.75
Tracing beam       6    -10.51
Tracing beam       7     -9.28
Tracing beam       8     -8.04
Tracing beam       9     -6.80
Tracing beam      10     -5.57
Tracing beam      11     -4.33
Tracing beam      12     -3.09
Tracing beam      13     -1.86
Tracing beam      14     -0.62
Tracing beam      15      0.62
Tracing beam      16      1.86
Tracing beam      17      3.09
Tracing beam      18      4.33
Tracing beam      19      5.57
Tracing beam      20      6.80
Tracing beam      21      8.04
Tracing beam      22      9.28
Tracing beam      23     10.51
Tracing beam      24     11.75
Tracing beam      25     12.99
Tracing beam      26     14.23
Tracing beam      27     15.46
Tracing beam      28     16.70

 CPU Time =       0.203    s
