 BELLHOP/BELLHOP3D

 BELLHOP- Shallow Water Environment SHD Mode                                     
 frequency =   1660.     Hz

 Dummy parameter NMedia =            1

     Spline approximation to SSP
     Attenuation units: dB/mkHz
     VACUUM

 Depth =     570.20 m

 Sound speed profile:
   z (m)     alphaR (m/s)   betaR  rho (g/cm^3)  alphaI     betaI

      0.00      1509.51      0.00     1.00       0.0000    0.0000
     18.40      1510.05      0.00     1.00       0.0000    0.0000
     36.80      1506.09      0.00     1.00       0.0000    0.0000
     55.20      1507.92      0.00     1.00       0.0000    0.0000
     73.60      1504.50      0.00     1.00       0.0000    0.0000
     92.00      1505.54      0.00     1.00       0.0000    0.0000
    110.40      1506.41      0.00     1.00       0.0000    0.0000
    128.80      1508.28      0.00     1.00       0.0000    0.0000
    147.20      1504.28      0.00     1.00       0.0000    0.0000
    165.60      1506.20      0.00     1.00       0.0000    0.0000
    183.90      1506.60      0.00     1.00       0.0000    0.0000
    202.30      1504.49      0.00     1.00       0.0000    0.0000
    220.70      1503.04      0.00     1.00       0.0000    0.0000
    239.10      1505.24      0.00     1.00       0.0000    0.0000
    257.50      1503.17      0.00     1.00       0.0000    0.0000
    275.90      1501.95      0.00     1.00       0.0000    0.0000
    294.30      1502.11      0.00     1.00       0.0000    0.0000
    312.70      1505.37      0.00     1.00       0.0000    0.0000
    331.10      1502.53      0.00     1.00       0.0000    0.0000
    349.50      1501.93      0.00     1.00       0.0000    0.0000
    367.90      1500.24      0.00     1.00       0.0000    0.0000
    386.30      1499.24      0.00     1.00       0.0000    0.0000
    404.70      1494.81      0.00     1.00       0.0000    0.0000
    423.10      1496.81      0.00     1.00       0.0000    0.0000
    441.50      1496.55      0.00     1.00       0.0000    0.0000
    459.90      1493.90      0.00     1.00       0.0000    0.0000
    478.30      1494.44      0.00     1.00       0.0000    0.0000
    496.70      1492.68      0.00     1.00       0.0000    0.0000
    515.10      1495.08      0.00     1.00       0.0000    0.0000
    533.50      1495.86      0.00     1.00       0.0000    0.0000
    551.80      1495.81      0.00     1.00       0.0000    0.0000
    570.20      1494.30      0.00     1.00       0.0000    0.0000

                                 ( RMS roughness =   0.00     )
     ACOUSTO-ELASTIC half-space
    770.20      1600.00      0.00     1.80       0.0000    0.0000

 __________________________________________________________________________

 Number of Source   depths, Sz =            1
 Source   depths, Sz (m)
   186.200    


 __________________________________________________________________________

 Number of Receiver depths, Rz =           61
 Receiver depths, Rz (m)
   0.00000       23.6700       47.3400       71.0100       94.6800    
   118.350       142.020       165.690       189.360       213.030    
          ... 
   1420.20    

 Warning in ReadSzRz : Receiver below or too near the bottom bdry has been moved up

 __________________________________________________________________________

 Number of Receiver ranges, Rr =          201
 Receiver ranges, Rr (km)
   0.00000      0.271500      0.543000      0.814500       1.08600    
   1.35750       1.62900       1.90050       2.17200       2.44350    
          ... 
   54.3000    


 Coherent TL calculation
 Geometric hat beams in Cartesian coordinates
 Point source (cylindrical coordinates)
 Rectilinear receiver grid: Receivers at Rr( : ) x Rz( : )
 __________________________________________________________________________

 Number of beams in elevation   =        18023
 Beam take-off angles (degrees)
  -83.8000      -83.7904      -83.7808      -83.7712      -83.7615    
  -83.7519      -83.7423      -83.7327      -83.7231      -83.7135    
          ... 
   89.5000    

 __________________________________________________________________________


 Step length,       deltas =   0.000     m

 Maximum ray depth, Box%z  =   1420.     m
 Maximum ray range, Box%r  =   50.00    km
 No beam shift in effect


 Step length,       deltas =   57.02     m (automatically selected)

Tracing beam       1    -83.80

 Geometric hat beams                     
 halfwidth  =    1721.5583287915131     
 epsilonOpt =  (  0.0000000000000000     ,  15452429912.228350     )
 EpsMult    =    1.0000000000000000     

Tracing beam     361    -80.34
Tracing beam     721    -76.88
Tracing beam    1081    -73.41
Tracing beam    1441    -69.95
Tracing beam    1801    -66.49
Tracing beam    2161    -63.03
Tracing beam    2521    -59.57
Tracing beam    2881    -56.11
Tracing beam    3241    -52.64
Tracing beam    3601    -49.18
Tracing beam    3961    -45.72
Tracing beam    4321    -42.26
Tracing beam    4681    -38.80
Tracing beam    5041    -35.34
Tracing beam    5401    -31.87
Tracing beam    5761    -28.41
Tracing beam    6121    -24.95
Tracing beam    6481    -21.49
Tracing beam    6841    -18.03
Tracing beam    7201    -14.56
Tracing beam    7561    -11.10
Tracing beam    7921     -7.64
Tracing beam    8281     -4.18
Tracing beam    8641     -0.72
Tracing beam    9001      2.74
Tracing beam    9361      6.21
Tracing beam    9721      9.67
Tracing beam   10081     13.13
Tracing beam   10441     16.59
Tracing beam   10801     20.05
Tracing beam   11161     23.51
Tracing beam   11521     26.98
Tracing beam   11881     30.44
Tracing beam   12241     33.90
Tracing beam   12601     37.36
Tracing beam   12961     40.82
Tracing beam   13321     44.29
Tracing beam   13681     47.75
Tracing beam   14041     51.21
Tracing beam   14401     54.67
Tracing beam   14761     58.13
Tracing beam   15121     61.59
Tracing beam   15481     65.06
Tracing beam   15841     68.52
Tracing beam   16201     71.98
Tracing beam   16561     75.44
Tracing beam   16921     78.90
Tracing beam   17281     82.36
Tracing beam   17641     85.83
Tracing beam   18001     89.29

 CPU Time =        3.00    s
