 BELLHOP/BELLHOP3D

 BELLHOP- Shallow Water Environment RAY Mode                                     
 frequency =   1660.     Hz

 Dummy parameter NMedia =            1

     Spline approximation to SSP
     Attenuation units: dB/mkHz
     VACUUM

 Depth =     570.20 m

 Sound speed profile:
   z (m)     alphaR (m/s)   betaR  rho (g/cm^3)  alphaI     betaI

      0.00      1509.51      0.00     1.00       0.0000    0.0000
     18.40      1510.05      0.00     1.00       0.0000    0.0000
     36.80      1506.09      0.00     1.00       0.0000    0.0000
     55.20      1507.92      0.00     1.00       0.0000    0.0000
     73.60      1504.50      0.00     1.00       0.0000    0.0000
     92.00      1505.54      0.00     1.00       0.0000    0.0000
    110.40      1506.41      0.00     1.00       0.0000    0.0000
    128.80      1508.28      0.00     1.00       0.0000    0.0000
    147.20      1504.28      0.00     1.00       0.0000    0.0000
    165.60      1506.20      0.00     1.00       0.0000    0.0000
    183.90      1506.60      0.00     1.00       0.0000    0.0000
    202.30      1504.49      0.00     1.00       0.0000    0.0000
    220.70      1503.04      0.00     1.00       0.0000    0.0000
    239.10      1505.24      0.00     1.00       0.0000    0.0000
    257.50      1503.17      0.00     1.00       0.0000    0.0000
    275.90      1501.95      0.00     1.00       0.0000    0.0000
    294.30      1502.11      0.00     1.00       0.0000    0.0000
    312.70      1505.37      0.00     1.00       0.0000    0.0000
    331.10      1502.53      0.00     1.00       0.0000    0.0000
    349.50      1501.93      0.00     1.00       0.0000    0.0000
    367.90      1500.24      0.00     1.00       0.0000    0.0000
    386.30      1499.24      0.00     1.00       0.0000    0.0000
    404.70      1494.81      0.00     1.00       0.0000    0.0000
    423.10      1496.81      0.00     1.00       0.0000    0.0000
    441.50      1496.55      0.00     1.00       0.0000    0.0000
    459.90      1493.90      0.00     1.00       0.0000    0.0000
    478.30      1494.44      0.00     1.00       0.0000    0.0000
    496.70      1492.68      0.00     1.00       0.0000    0.0000
    515.10      1495.08      0.00     1.00       0.0000    0.0000
    533.50      1495.86      0.00     1.00       0.0000    0.0000
    551.80      1495.81      0.00     1.00       0.0000    0.0000
    570.20      1494.30      0.00     1.00       0.0000    0.0000

                                 ( RMS roughness =   0.00     )
     ACOUSTO-ELASTIC half-space
    770.20      1600.00      0.00     1.80       0.0000    0.0000

 __________________________________________________________________________

 Number of Source   depths, Sz =            1
 Source   depths, Sz (m)
   73.2000    


 __________________________________________________________________________

 Number of Receiver depths, Rz =           32
 Receiver depths, Rz (m)
   0.00000       45.8129       91.6258       137.439       183.252    
   229.064       274.877       320.690       366.503       412.316    
          ... 
   1420.20    

 Warning in ReadSzRz : Receiver below or too near the bottom bdry has been moved up

 __________________________________________________________________________

 Number of Receiver ranges, Rr =          201
 Receiver ranges, Rr (km)
   0.00000      0.254500      0.509000      0.763500       1.01800    
   1.27250       1.52700       1.78150       2.03600       2.29050    
          ... 
   50.9000    


 Ray trace run
 Geometric hat beams in Cartesian coordinates
 Point source (cylindrical coordinates)
 Rectilinear receiver grid: Receivers at Rr( : ) x Rz( : )
 __________________________________________________________________________

 Number of beams in elevation   =           23
 Beam take-off angles (degrees)
  -13.8000      -12.5455      -11.2909      -10.0364      -8.78182    
  -7.52727      -6.27273      -5.01818      -3.76364      -2.50909    
          ... 
   13.8000    

 __________________________________________________________________________


 Step length,       deltas =   0.000     m

 Maximum ray depth, Box%z  =   1420.     m
 Maximum ray range, Box%r  =   50.00    km
 No beam shift in effect


 Step length,       deltas =   57.02     m (automatically selected)

Tracing beam       1    -13.80
Tracing beam       2    -12.55
Tracing beam       3    -11.29
Tracing beam       4    -10.04
Tracing beam       5     -8.78
Tracing beam       6     -7.53
Tracing beam       7     -6.27
Tracing beam       8     -5.02
Tracing beam       9     -3.76
Tracing beam      10     -2.51
Tracing beam      11     -1.25
Tracing beam      12      0.00
Tracing beam      13      1.25
Tracing beam      14      2.51
Tracing beam      15      3.76
Tracing beam      16      5.02
Tracing beam      17      6.27
Tracing beam      18      7.53
Tracing beam      19      8.78
Tracing beam      20     10.04
Tracing beam      21     11.29
Tracing beam      22     12.55
Tracing beam      23     13.80

 CPU Time =       0.469E-01s
