 BELLHOP/BELLHOP3D

 BELLHOP- Shallow Water Environment ARR Mode                                     
 frequency =   1660.     Hz

 Dummy parameter NMedia =            1

     Spline approximation to SSP
     Attenuation units: dB/mkHz
     VACUUM

 Depth =     570.20 m

 Sound speed profile:
   z (m)     alphaR (m/s)   betaR  rho (g/cm^3)  alphaI     betaI

      0.00      1509.51      0.00     1.00       0.0000    0.0000
     18.40      1510.05      0.00     1.00       0.0000    0.0000
     36.80      1506.09      0.00     1.00       0.0000    0.0000
     55.20      1507.92      0.00     1.00       0.0000    0.0000
     73.60      1504.50      0.00     1.00       0.0000    0.0000
     92.00      1505.54      0.00     1.00       0.0000    0.0000
    110.40      1506.41      0.00     1.00       0.0000    0.0000
    128.80      1508.28      0.00     1.00       0.0000    0.0000
    147.20      1504.28      0.00     1.00       0.0000    0.0000
    165.60      1506.20      0.00     1.00       0.0000    0.0000
    183.90      1506.60      0.00     1.00       0.0000    0.0000
    202.30      1504.49      0.00     1.00       0.0000    0.0000
    220.70      1503.04      0.00     1.00       0.0000    0.0000
    239.10      1505.24      0.00     1.00       0.0000    0.0000
    257.50      1503.17      0.00     1.00       0.0000    0.0000
    275.90      1501.95      0.00     1.00       0.0000    0.0000
    294.30      1502.11      0.00     1.00       0.0000    0.0000
    312.70      1505.37      0.00     1.00       0.0000    0.0000
    331.10      1502.53      0.00     1.00       0.0000    0.0000
    349.50      1501.93      0.00     1.00       0.0000    0.0000
    367.90      1500.24      0.00     1.00       0.0000    0.0000
    386.30      1499.24      0.00     1.00       0.0000    0.0000
    404.70      1494.81      0.00     1.00       0.0000    0.0000
    423.10      1496.81      0.00     1.00       0.0000    0.0000
    441.50      1496.55      0.00     1.00       0.0000    0.0000
    459.90      1493.90      0.00     1.00       0.0000    0.0000
    478.30      1494.44      0.00     1.00       0.0000    0.0000
    496.70      1492.68      0.00     1.00       0.0000    0.0000
    515.10      1495.08      0.00     1.00       0.0000    0.0000
    533.50      1495.86      0.00     1.00       0.0000    0.0000
    551.80      1495.81      0.00     1.00       0.0000    0.0000
    570.20      1494.30      0.00     1.00       0.0000    0.0000

                                 ( RMS roughness =   0.00     )
     ACOUSTO-ELASTIC half-space
    770.20      1600.00      0.00     1.80       0.0000    0.0000

 __________________________________________________________________________

 Number of Source   depths, Sz =            1
 Source   depths, Sz (m)
   64.8000    


 __________________________________________________________________________

 Number of Receiver depths, Rz =           45
 Receiver depths, Rz (m)
   0.00000       32.2773       64.5545       96.8318       129.109    
   161.386       193.664       225.941       258.218       290.495    
          ... 
   1420.20    

 Warning in ReadSzRz : Receiver below or too near the bottom bdry has been moved up

 __________________________________________________________________________

 Number of Receiver ranges, Rr =          201
 Receiver ranges, Rr (km)
   0.00000      0.245500      0.491000      0.736500      0.982000    
   1.22750       1.47300       1.71850       1.96400       2.20950    
          ... 
   49.1000    


 Arrivals calculation, ASCII  file output
 Geometric hat beams in Cartesian coordinates
 Point source (cylindrical coordinates)
 Rectilinear receiver grid: Receivers at Rr( : ) x Rz( : )
 __________________________________________________________________________

 Number of beams in elevation   =           34
 Beam take-off angles (degrees)
  -19.3000      -18.1303      -16.9606      -15.7909      -14.6212    
  -13.4515      -12.2818      -11.1121      -9.94242      -8.77273    
          ... 
   19.3000    

 __________________________________________________________________________


 Step length,       deltas =   0.000     m

 Maximum ray depth, Box%z  =   1420.     m
 Maximum ray range, Box%r  =   50.00    km
 No beam shift in effect


 Step length,       deltas =   57.02     m (automatically selected)

 ( Maximum # of arrivals =         2211 )

Tracing beam       1    -19.30

 Geometric hat beams                     
 halfwidth  =    14.151478250236650     
 epsilonOpt =  (  0.0000000000000000     ,  1044135.6287015239     )
 EpsMult    =    1.0000000000000000     

Tracing beam       2    -18.13
Tracing beam       3    -16.96
Tracing beam       4    -15.79
Tracing beam       5    -14.62
Tracing beam       6    -13.45
Tracing beam       7    -12.28
Tracing beam       8    -11.11
Tracing beam       9     -9.94
Tracing beam      10     -8.77
Tracing beam      11     -7.60
Tracing beam      12     -6.43
Tracing beam      13     -5.26
Tracing beam      14     -4.09
Tracing beam      15     -2.92
Tracing beam      16     -1.75
Tracing beam      17     -0.58
Tracing beam      18      0.58
Tracing beam      19      1.75
Tracing beam      20      2.92
Tracing beam      21      4.09
Tracing beam      22      5.26
Tracing beam      23      6.43
Tracing beam      24      7.60
Tracing beam      25      8.77
Tracing beam      26      9.94
Tracing beam      27     11.11
Tracing beam      28     12.28
Tracing beam      29     13.45
Tracing beam      30     14.62
Tracing beam      31     15.79
Tracing beam      32     16.96
Tracing beam      33     18.13
Tracing beam      34     19.30

 CPU Time =       0.375    s
