 BELLHOP/BELLHOP3D

 BELLHOP- Tropical Ocean Environment SHD Mode                                    
 frequency =   1369.     Hz

 Dummy parameter NMedia =            1

     Spline approximation to SSP
     Attenuation units: dB/mkHz
     VACUUM

 Depth =    3182.20 m

 Sound speed profile:
   z (m)     alphaR (m/s)   betaR  rho (g/cm^3)  alphaI     betaI

      0.00      1519.76      0.00     1.00       0.0000    0.0000
     93.60      1512.93      0.00     1.00       0.0000    0.0000
    187.20      1519.14      0.00     1.00       0.0000    0.0000
    280.80      1509.40      0.00     1.00       0.0000    0.0000
    374.40      1506.10      0.00     1.00       0.0000    0.0000
    468.00      1502.42      0.00     1.00       0.0000    0.0000
    561.60      1500.52      0.00     1.00       0.0000    0.0000
    655.20      1500.55      0.00     1.00       0.0000    0.0000
    748.80      1497.54      0.00     1.00       0.0000    0.0000
    842.40      1492.09      0.00     1.00       0.0000    0.0000
    936.00      1494.98      0.00     1.00       0.0000    0.0000
   1029.60      1485.98      0.00     1.00       0.0000    0.0000
   1123.10      1486.36      0.00     1.00       0.0000    0.0000
   1216.70      1485.29      0.00     1.00       0.0000    0.0000
   1310.30      1486.08      0.00     1.00       0.0000    0.0000
   1403.90      1487.88      0.00     1.00       0.0000    0.0000
   1497.50      1487.52      0.00     1.00       0.0000    0.0000
   1591.10      1491.00      0.00     1.00       0.0000    0.0000
   1684.70      1488.82      0.00     1.00       0.0000    0.0000
   1778.30      1487.47      0.00     1.00       0.0000    0.0000
   1871.90      1489.12      0.00     1.00       0.0000    0.0000
   1965.50      1489.90      0.00     1.00       0.0000    0.0000
   2059.10      1492.04      0.00     1.00       0.0000    0.0000
   2152.70      1493.44      0.00     1.00       0.0000    0.0000
   2246.30      1493.88      0.00     1.00       0.0000    0.0000
   2339.90      1495.17      0.00     1.00       0.0000    0.0000
   2433.50      1494.78      0.00     1.00       0.0000    0.0000
   2527.10      1495.51      0.00     1.00       0.0000    0.0000
   2620.70      1499.14      0.00     1.00       0.0000    0.0000
   2714.30      1499.00      0.00     1.00       0.0000    0.0000
   2807.90      1498.49      0.00     1.00       0.0000    0.0000
   2901.50      1499.93      0.00     1.00       0.0000    0.0000
   2995.10      1496.35      0.00     1.00       0.0000    0.0000
   3088.70      1498.68      0.00     1.00       0.0000    0.0000
   3182.20      1499.95      0.00     1.00       0.0000    0.0000

                                 ( RMS roughness =   0.00     )
     ACOUSTO-ELASTIC half-space
   3382.20      1600.00      0.00     1.80       0.0000    0.0000

 __________________________________________________________________________

 Number of Source   depths, Sz =            1
 Source   depths, Sz (m)
   78.1000    


 __________________________________________________________________________

 Number of Receiver depths, Rz =           95
 Receiver depths, Rz (m)
   0.00000       42.8957       85.7915       128.687       171.583    
   214.479       257.374       300.270       343.166       386.062    
          ... 
   4032.20    

 Warning in ReadSzRz : Receiver below or too near the bottom bdry has been moved up

 __________________________________________________________________________

 Number of Receiver ranges, Rr =          201
 Receiver ranges, Rr (km)
   0.00000      0.255500      0.511000      0.766500       1.02200    
   1.27750       1.53300       1.78850       2.04400       2.29950    
          ... 
   51.1000    


 Coherent TL calculation
 Geometric hat beams in Cartesian coordinates
 Point source (cylindrical coordinates)
 Rectilinear receiver grid: Receivers at Rr( : ) x Rz( : )
 __________________________________________________________________________

 Number of beams in elevation   =        13989
 Beam take-off angles (degrees)
  -81.0000      -80.9883      -80.9767      -80.9650      -80.9534    
  -80.9417      -80.9301      -80.9184      -80.9068      -80.8951    
          ... 
   82.0000    

 __________________________________________________________________________


 Step length,       deltas =   0.000     m

 Maximum ray depth, Box%z  =   4032.     m
 Maximum ray range, Box%r  =   50.00    km
 No beam shift in effect


 Step length,       deltas =   318.2     m (automatically selected)

Tracing beam       1    -81.00

 Geometric hat beams                     
 halfwidth  =    1728.7755383319404     
 epsilonOpt =  (  0.0000000000000000     ,  12851892575.697224     )
 EpsMult    =    1.0000000000000000     

Tracing beam     280    -77.75
Tracing beam     559    -74.50
Tracing beam     838    -71.25
Tracing beam    1117    -68.00
Tracing beam    1396    -64.74
Tracing beam    1675    -61.49
Tracing beam    1954    -58.24
Tracing beam    2233    -54.99
Tracing beam    2512    -51.74
Tracing beam    2791    -48.49
Tracing beam    3070    -45.24
Tracing beam    3349    -41.99
Tracing beam    3628    -38.74
Tracing beam    3907    -35.48
Tracing beam    4186    -32.23
Tracing beam    4465    -28.98
Tracing beam    4744    -25.73
Tracing beam    5023    -22.48
Tracing beam    5302    -19.23
Tracing beam    5581    -15.98
Tracing beam    5860    -12.73
Tracing beam    6139     -9.47
Tracing beam    6418     -6.22
Tracing beam    6697     -2.97
Tracing beam    6976      0.28
Tracing beam    7255      3.53
Tracing beam    7534      6.78
Tracing beam    7813     10.03
Tracing beam    8092     13.28
Tracing beam    8371     16.53
Tracing beam    8650     19.79
Tracing beam    8929     23.04
Tracing beam    9208     26.29
Tracing beam    9487     29.54
Tracing beam    9766     32.79
Tracing beam   10045     36.04
Tracing beam   10324     39.29
Tracing beam   10603     42.54
Tracing beam   10882     45.79
Tracing beam   11161     49.05
Tracing beam   11440     52.30
Tracing beam   11719     55.55
Tracing beam   11998     58.80
Tracing beam   12277     62.05
Tracing beam   12556     65.30
Tracing beam   12835     68.55
Tracing beam   13114     71.80
Tracing beam   13393     75.05
Tracing beam   13672     78.31
Tracing beam   13951     81.56

 CPU Time =        1.61    s
