 BELLHOP/BELLHOP3D

 BELLHOP- Tropical Ocean Environment ARR Mode                                    
 frequency =   1369.     Hz

 Dummy parameter NMedia =            1

     Spline approximation to SSP
     Attenuation units: dB/mkHz
     VACUUM

 Depth =    3182.20 m

 Sound speed profile:
   z (m)     alphaR (m/s)   betaR  rho (g/cm^3)  alphaI     betaI

      0.00      1519.76      0.00     1.00       0.0000    0.0000
     93.60      1512.93      0.00     1.00       0.0000    0.0000
    187.20      1519.14      0.00     1.00       0.0000    0.0000
    280.80      1509.40      0.00     1.00       0.0000    0.0000
    374.40      1506.10      0.00     1.00       0.0000    0.0000
    468.00      1502.42      0.00     1.00       0.0000    0.0000
    561.60      1500.52      0.00     1.00       0.0000    0.0000
    655.20      1500.55      0.00     1.00       0.0000    0.0000
    748.80      1497.54      0.00     1.00       0.0000    0.0000
    842.40      1492.09      0.00     1.00       0.0000    0.0000
    936.00      1494.98      0.00     1.00       0.0000    0.0000
   1029.60      1485.98      0.00     1.00       0.0000    0.0000
   1123.10      1486.36      0.00     1.00       0.0000    0.0000
   1216.70      1485.29      0.00     1.00       0.0000    0.0000
   1310.30      1486.08      0.00     1.00       0.0000    0.0000
   1403.90      1487.88      0.00     1.00       0.0000    0.0000
   1497.50      1487.52      0.00     1.00       0.0000    0.0000
   1591.10      1491.00      0.00     1.00       0.0000    0.0000
   1684.70      1488.82      0.00     1.00       0.0000    0.0000
   1778.30      1487.47      0.00     1.00       0.0000    0.0000
   1871.90      1489.12      0.00     1.00       0.0000    0.0000
   1965.50      1489.90      0.00     1.00       0.0000    0.0000
   2059.10      1492.04      0.00     1.00       0.0000    0.0000
   2152.70      1493.44      0.00     1.00       0.0000    0.0000
   2246.30      1493.88      0.00     1.00       0.0000    0.0000
   2339.90      1495.17      0.00     1.00       0.0000    0.0000
   2433.50      1494.78      0.00     1.00       0.0000    0.0000
   2527.10      1495.51      0.00     1.00       0.0000    0.0000
   2620.70      1499.14      0.00     1.00       0.0000    0.0000
   2714.30      1499.00      0.00     1.00       0.0000    0.0000
   2807.90      1498.49      0.00     1.00       0.0000    0.0000
   2901.50      1499.93      0.00     1.00       0.0000    0.0000
   2995.10      1496.35      0.00     1.00       0.0000    0.0000
   3088.70      1498.68      0.00     1.00       0.0000    0.0000
   3182.20      1499.95      0.00     1.00       0.0000    0.0000

                                 ( RMS roughness =   0.00     )
     ACOUSTO-ELASTIC half-space
   3382.20      1600.00      0.00     1.80       0.0000    0.0000

 __________________________________________________________________________

 Number of Source   depths, Sz =            3
 Source   depths, Sz (m)
   162.800       165.700       204.900    


 __________________________________________________________________________

 Number of Receiver depths, Rz =           34
 Receiver depths, Rz (m)
   0.00000       122.188       244.376       366.564       488.751    
   610.939       733.127       855.315       977.503       1099.69    
          ... 
   4032.20    

 Warning in ReadSzRz : Receiver below or too near the bottom bdry has been moved up

 __________________________________________________________________________

 Number of Receiver ranges, Rr =          201
 Receiver ranges, Rr (km)
   0.00000      0.254000      0.508000      0.762000       1.01600    
   1.27000       1.52400       1.77800       2.03200       2.28600    
          ... 
   50.8000    


 Arrivals calculation, ASCII  file output
 Geometric hat beams in Cartesian coordinates
 Point source (cylindrical coordinates)
 Rectilinear receiver grid: Receivers at Rr( : ) x Rz( : )
 __________________________________________________________________________

 Number of beams in elevation   =           26
 Beam take-off angles (degrees)
  -12.6000      -11.5920      -10.5840      -9.57600      -8.56800    
  -7.56000      -6.55200      -5.54400      -4.53600      -3.52800    
          ... 
   12.6000    

 __________________________________________________________________________


 Step length,       deltas =   0.000     m

 Maximum ray depth, Box%z  =   4032.     m
 Maximum ray range, Box%r  =   50.00    km
 No beam shift in effect


 Step length,       deltas =   318.2     m (automatically selected)

 ( Maximum # of arrivals =         2926 )

Tracing beam       1    -12.60

 Geometric hat beams                     
 halfwidth  =    20.075538858818263     
 epsilonOpt =  (  0.0000000000000000     ,  1733102.6715753344     )
 EpsMult    =    1.0000000000000000     

Tracing beam       2    -11.59
Tracing beam       3    -10.58
Tracing beam       4     -9.58
Tracing beam       5     -8.57
Tracing beam       6     -7.56
Tracing beam       7     -6.55
Tracing beam       8     -5.54
Tracing beam       9     -4.54
Tracing beam      10     -3.53
Tracing beam      11     -2.52
Tracing beam      12     -1.51
Tracing beam      13     -0.50
Tracing beam      14      0.50
Tracing beam      15      1.51
Tracing beam      16      2.52
Tracing beam      17      3.53
Tracing beam      18      4.54
Tracing beam      19      5.54
Tracing beam      20      6.55
Tracing beam      21      7.56
Tracing beam      22      8.57
Tracing beam      23      9.58
Tracing beam      24     10.58
Tracing beam      25     11.59
Tracing beam      26     12.60
Tracing beam       1    -12.60
Tracing beam       2    -11.59
Tracing beam       3    -10.58
Tracing beam       4     -9.58
Tracing beam       5     -8.57
Tracing beam       6     -7.56
Tracing beam       7     -6.55
Tracing beam       8     -5.54
Tracing beam       9     -4.54
Tracing beam      10     -3.53
Tracing beam      11     -2.52
Tracing beam      12     -1.51
Tracing beam      13     -0.50
Tracing beam      14      0.50
Tracing beam      15      1.51
Tracing beam      16      2.52
Tracing beam      17      3.53
Tracing beam      18      4.54
Tracing beam      19      5.54
Tracing beam      20      6.55
Tracing beam      21      7.56
Tracing beam      22      8.57
Tracing beam      23      9.58
Tracing beam      24     10.58
Tracing beam      25     11.59
Tracing beam      26     12.60
Tracing beam       1    -12.60
Tracing beam       2    -11.59
Tracing beam       3    -10.58
Tracing beam       4     -9.58
Tracing beam       5     -8.57
Tracing beam       6     -7.56
Tracing beam       7     -6.55
Tracing beam       8     -5.54
Tracing beam       9     -4.54
Tracing beam      10     -3.53
Tracing beam      11     -2.52
Tracing beam      12     -1.51
Tracing beam      13     -0.50
Tracing beam      14      0.50
Tracing beam      15      1.51
Tracing beam      16      2.52
Tracing beam      17      3.53
Tracing beam      18      4.54
Tracing beam      19      5.54
Tracing beam      20      6.55
Tracing beam      21      7.56
Tracing beam      22      8.57
Tracing beam      23      9.58
Tracing beam      24     10.58
Tracing beam      25     11.59
Tracing beam      26     12.60

 CPU Time =       0.141    s
