 BELLHOP/BELLHOP3D

 BELLHOP- Tropical Ocean Environment RAY Mode                                    
 frequency =   1369.     Hz

 Dummy parameter NMedia =            1

     Spline approximation to SSP
     Attenuation units: dB/mkHz
     VACUUM

 Depth =    3182.20 m

 Sound speed profile:
   z (m)     alphaR (m/s)   betaR  rho (g/cm^3)  alphaI     betaI

      0.00      1519.76      0.00     1.00       0.0000    0.0000
     93.60      1512.93      0.00     1.00       0.0000    0.0000
    187.20      1519.14      0.00     1.00       0.0000    0.0000
    280.80      1509.40      0.00     1.00       0.0000    0.0000
    374.40      1506.10      0.00     1.00       0.0000    0.0000
    468.00      1502.42      0.00     1.00       0.0000    0.0000
    561.60      1500.52      0.00     1.00       0.0000    0.0000
    655.20      1500.55      0.00     1.00       0.0000    0.0000
    748.80      1497.54      0.00     1.00       0.0000    0.0000
    842.40      1492.09      0.00     1.00       0.0000    0.0000
    936.00      1494.98      0.00     1.00       0.0000    0.0000
   1029.60      1485.98      0.00     1.00       0.0000    0.0000
   1123.10      1486.36      0.00     1.00       0.0000    0.0000
   1216.70      1485.29      0.00     1.00       0.0000    0.0000
   1310.30      1486.08      0.00     1.00       0.0000    0.0000
   1403.90      1487.88      0.00     1.00       0.0000    0.0000
   1497.50      1487.52      0.00     1.00       0.0000    0.0000
   1591.10      1491.00      0.00     1.00       0.0000    0.0000
   1684.70      1488.82      0.00     1.00       0.0000    0.0000
   1778.30      1487.47      0.00     1.00       0.0000    0.0000
   1871.90      1489.12      0.00     1.00       0.0000    0.0000
   1965.50      1489.90      0.00     1.00       0.0000    0.0000
   2059.10      1492.04      0.00     1.00       0.0000    0.0000
   2152.70      1493.44      0.00     1.00       0.0000    0.0000
   2246.30      1493.88      0.00     1.00       0.0000    0.0000
   2339.90      1495.17      0.00     1.00       0.0000    0.0000
   2433.50      1494.78      0.00     1.00       0.0000    0.0000
   2527.10      1495.51      0.00     1.00       0.0000    0.0000
   2620.70      1499.14      0.00     1.00       0.0000    0.0000
   2714.30      1499.00      0.00     1.00       0.0000    0.0000
   2807.90      1498.49      0.00     1.00       0.0000    0.0000
   2901.50      1499.93      0.00     1.00       0.0000    0.0000
   2995.10      1496.35      0.00     1.00       0.0000    0.0000
   3088.70      1498.68      0.00     1.00       0.0000    0.0000
   3182.20      1499.95      0.00     1.00       0.0000    0.0000

                                 ( RMS roughness =   0.00     )
     ACOUSTO-ELASTIC half-space
   3382.20      1600.00      0.00     1.80       0.0000    0.0000

 __________________________________________________________________________

 Number of Source   depths, Sz =            2
 Source   depths, Sz (m)
   182.000       263.500    


 __________________________________________________________________________

 Number of Receiver depths, Rz =           40
 Receiver depths, Rz (m)
   0.00000       103.390       206.779       310.169       413.559    
   516.949       620.338       723.728       827.118       930.508    
          ... 
   4032.20    

 Warning in ReadSzRz : Receiver below or too near the bottom bdry has been moved up

 __________________________________________________________________________

 Number of Receiver ranges, Rr =          201
 Receiver ranges, Rr (km)
   0.00000      0.217500      0.435000      0.652500      0.870000    
   1.08750       1.30500       1.52250       1.74000       1.95750    
          ... 
   43.5000    


 Ray trace run
 Geometric hat beams in Cartesian coordinates
 Point source (cylindrical coordinates)
 Rectilinear receiver grid: Receivers at Rr( : ) x Rz( : )
 __________________________________________________________________________

 Number of beams in elevation   =           37
 Beam take-off angles (degrees)
  -24.3000      -22.9500      -21.6000      -20.2500      -18.9000    
  -17.5500      -16.2000      -14.8500      -13.5000      -12.1500    
          ... 
   24.3000    

 __________________________________________________________________________


 Step length,       deltas =   0.000     m

 Maximum ray depth, Box%z  =   4032.     m
 Maximum ray range, Box%r  =   50.00    km
 No beam shift in effect


 Step length,       deltas =   318.2     m (automatically selected)

Tracing beam       1    -24.30
Tracing beam       2    -22.95
Tracing beam       3    -21.60
Tracing beam       4    -20.25
Tracing beam       5    -18.90
Tracing beam       6    -17.55
Tracing beam       7    -16.20
Tracing beam       8    -14.85
Tracing beam       9    -13.50
Tracing beam      10    -12.15
Tracing beam      11    -10.80
Tracing beam      12     -9.45
Tracing beam      13     -8.10
Tracing beam      14     -6.75
Tracing beam      15     -5.40
Tracing beam      16     -4.05
Tracing beam      17     -2.70
Tracing beam      18     -1.35
Tracing beam      19      0.00
Tracing beam      20      1.35
Tracing beam      21      2.70
Tracing beam      22      4.05
Tracing beam      23      5.40
Tracing beam      24      6.75
Tracing beam      25      8.10
Tracing beam      26      9.45
Tracing beam      27     10.80
Tracing beam      28     12.15
Tracing beam      29     13.50
Tracing beam      30     14.85
Tracing beam      31     16.20
Tracing beam      32     17.55
Tracing beam      33     18.90
Tracing beam      34     20.25
Tracing beam      35     21.60
Tracing beam      36     22.95
Tracing beam      37     24.30
Tracing beam       1    -24.30
Tracing beam       2    -22.95
Tracing beam       3    -21.60
Tracing beam       4    -20.25
Tracing beam       5    -18.90
Tracing beam       6    -17.55
Tracing beam       7    -16.20
Tracing beam       8    -14.85
Tracing beam       9    -13.50
Tracing beam      10    -12.15
Tracing beam      11    -10.80
Tracing beam      12     -9.45
Tracing beam      13     -8.10
Tracing beam      14     -6.75
Tracing beam      15     -5.40
Tracing beam      16     -4.05
Tracing beam      17     -2.70
Tracing beam      18     -1.35
Tracing beam      19      0.00
Tracing beam      20      1.35
Tracing beam      21      2.70
Tracing beam      22      4.05
Tracing beam      23      5.40
Tracing beam      24      6.75
Tracing beam      25      8.10
Tracing beam      26      9.45
Tracing beam      27     10.80
Tracing beam      28     12.15
Tracing beam      29     13.50
Tracing beam      30     14.85
Tracing beam      31     16.20
Tracing beam      32     17.55
Tracing beam      33     18.90
Tracing beam      34     20.25
Tracing beam      35     21.60
Tracing beam      36     22.95
Tracing beam      37     24.30

 CPU Time =       0.469E-01s
