 BELLHOP/BELLHOP3D

 BELLHOP- Polar Ocean Environment RAY Mode                                       
 frequency =   731.0     Hz

 Dummy parameter NMedia =            1

     Spline approximation to SSP
     Attenuation units: dB/mkHz
     VACUUM

 Depth =    2672.40 m

 Sound speed profile:
   z (m)     alphaR (m/s)   betaR  rho (g/cm^3)  alphaI     betaI

      0.00      1468.51      0.00     1.00       0.0000    0.0000
     68.50      1463.85      0.00     1.00       0.0000    0.0000
    137.00      1468.12      0.00     1.00       0.0000    0.0000
    205.60      1466.10      0.00     1.00       0.0000    0.0000
    274.10      1464.11      0.00     1.00       0.0000    0.0000
    342.60      1463.19      0.00     1.00       0.0000    0.0000
    411.10      1465.26      0.00     1.00       0.0000    0.0000
    479.70      1460.00      0.00     1.00       0.0000    0.0000
    548.20      1460.00      0.00     1.00       0.0000    0.0000
    616.70      1460.00      0.00     1.00       0.0000    0.0000
    685.20      1460.00      0.00     1.00       0.0000    0.0000
    753.80      1460.00      0.00     1.00       0.0000    0.0000
    822.30      1460.00      0.00     1.00       0.0000    0.0000
    890.80      1460.00      0.00     1.00       0.0000    0.0000
    959.30      1460.00      0.00     1.00       0.0000    0.0000
   1027.90      1460.00      0.00     1.00       0.0000    0.0000
   1096.40      1460.00      0.00     1.00       0.0000    0.0000
   1164.90      1460.00      0.00     1.00       0.0000    0.0000
   1233.40      1460.00      0.00     1.00       0.0000    0.0000
   1301.90      1460.00      0.00     1.00       0.0000    0.0000
   1370.50      1460.00      0.00     1.00       0.0000    0.0000
   1439.00      1460.00      0.00     1.00       0.0000    0.0000
   1507.50      1460.00      0.00     1.00       0.0000    0.0000
   1576.00      1460.00      0.00     1.00       0.0000    0.0000
   1644.60      1460.98      0.00     1.00       0.0000    0.0000
   1713.10      1464.66      0.00     1.00       0.0000    0.0000
   1781.60      1465.24      0.00     1.00       0.0000    0.0000
   1850.10      1465.37      0.00     1.00       0.0000    0.0000
   1918.70      1467.00      0.00     1.00       0.0000    0.0000
   1987.20      1465.43      0.00     1.00       0.0000    0.0000
   2055.70      1466.94      0.00     1.00       0.0000    0.0000
   2124.20      1469.60      0.00     1.00       0.0000    0.0000
   2192.80      1468.63      0.00     1.00       0.0000    0.0000
   2261.30      1471.30      0.00     1.00       0.0000    0.0000
   2329.80      1470.25      0.00     1.00       0.0000    0.0000
   2398.30      1470.67      0.00     1.00       0.0000    0.0000
   2466.90      1475.25      0.00     1.00       0.0000    0.0000
   2535.40      1476.69      0.00     1.00       0.0000    0.0000
   2603.90      1475.21      0.00     1.00       0.0000    0.0000
   2672.40      1474.88      0.00     1.00       0.0000    0.0000

                                 ( RMS roughness =   0.00     )
     ACOUSTO-ELASTIC half-space
   2872.40      1600.00      0.00     1.80       0.0000    0.0000

 __________________________________________________________________________

 Number of Source   depths, Sz =            3
 Source   depths, Sz (m)
   44.6000       234.900       287.300    


 __________________________________________________________________________

 Number of Receiver depths, Rz =           41
 Receiver depths, Rz (m)
   0.00000       88.0600       176.120       264.180       352.240    
   440.300       528.360       616.420       704.480       792.540    
          ... 
   3522.40    

 Warning in ReadSzRz : Receiver below or too near the bottom bdry has been moved up

 __________________________________________________________________________

 Number of Receiver ranges, Rr =          201
 Receiver ranges, Rr (km)
   0.00000      0.275000      0.550000      0.825000       1.10000    
   1.37500       1.65000       1.92500       2.20000       2.47500    
          ... 
   55.0000    


 Ray trace run
 Geometric hat beams in Cartesian coordinates
 Point source (cylindrical coordinates)
 Rectilinear receiver grid: Receivers at Rr( : ) x Rz( : )
 __________________________________________________________________________

 Number of beams in elevation   =           25
 Beam take-off angles (degrees)
  -19.0000      -17.4167      -15.8333      -14.2500      -12.6667    
  -11.0833      -9.50000      -7.91667      -6.33333      -4.75000    
          ... 
   19.0000    

 __________________________________________________________________________


 Step length,       deltas =   0.000     m

 Maximum ray depth, Box%z  =   3522.     m
 Maximum ray range, Box%r  =   50.00    km
 No beam shift in effect


 Step length,       deltas =   267.2     m (automatically selected)

Tracing beam       1    -19.00
Tracing beam       2    -17.42
Tracing beam       3    -15.83
Tracing beam       4    -14.25
Tracing beam       5    -12.67
Tracing beam       6    -11.08
Tracing beam       7     -9.50
Tracing beam       8     -7.92
Tracing beam       9     -6.33
Tracing beam      10     -4.75
Tracing beam      11     -3.17
Tracing beam      12     -1.58
Tracing beam      13      0.00
Tracing beam      14      1.58
Tracing beam      15      3.17
Tracing beam      16      4.75
Tracing beam      17      6.33
Tracing beam      18      7.92
Tracing beam      19      9.50
Tracing beam      20     11.08
Tracing beam      21     12.67
Tracing beam      22     14.25
Tracing beam      23     15.83
Tracing beam      24     17.42
Tracing beam      25     19.00
Tracing beam       1    -19.00
Tracing beam       2    -17.42
Tracing beam       3    -15.83
Tracing beam       4    -14.25
Tracing beam       5    -12.67
Tracing beam       6    -11.08
Tracing beam       7     -9.50
Tracing beam       8     -7.92
Tracing beam       9     -6.33
Tracing beam      10     -4.75
Tracing beam      11     -3.17
Tracing beam      12     -1.58
Tracing beam      13      0.00
Tracing beam      14      1.58
Tracing beam      15      3.17
Tracing beam      16      4.75
Tracing beam      17      6.33
Tracing beam      18      7.92
Tracing beam      19      9.50
Tracing beam      20     11.08
Tracing beam      21     12.67
Tracing beam      22     14.25
Tracing beam      23     15.83
Tracing beam      24     17.42
Tracing beam      25     19.00
Tracing beam       1    -19.00
Tracing beam       2    -17.42
Tracing beam       3    -15.83
Tracing beam       4    -14.25
Tracing beam       5    -12.67
Tracing beam       6    -11.08
Tracing beam       7     -9.50
Tracing beam       8     -7.92
Tracing beam       9     -6.33
Tracing beam      10     -4.75
Tracing beam      11     -3.17
Tracing beam      12     -1.58
Tracing beam      13      0.00
Tracing beam      14      1.58
Tracing beam      15      3.17
Tracing beam      16      4.75
Tracing beam      17      6.33
Tracing beam      18      7.92
Tracing beam      19      9.50
Tracing beam      20     11.08
Tracing beam      21     12.67
Tracing beam      22     14.25
Tracing beam      23     15.83
Tracing beam      24     17.42
Tracing beam      25     19.00

 CPU Time =       0.469E-01s
