 BELLHOP/BELLHOP3D

 BELLHOP- Polar Ocean Environment SHD Mode                                       
 frequency =   731.0     Hz

 Dummy parameter NMedia =            1

     Spline approximation to SSP
     Attenuation units: dB/mkHz
     VACUUM

 Depth =    2672.40 m

 Sound speed profile:
   z (m)     alphaR (m/s)   betaR  rho (g/cm^3)  alphaI     betaI

      0.00      1468.51      0.00     1.00       0.0000    0.0000
     68.50      1463.85      0.00     1.00       0.0000    0.0000
    137.00      1468.12      0.00     1.00       0.0000    0.0000
    205.60      1466.10      0.00     1.00       0.0000    0.0000
    274.10      1464.11      0.00     1.00       0.0000    0.0000
    342.60      1463.19      0.00     1.00       0.0000    0.0000
    411.10      1465.26      0.00     1.00       0.0000    0.0000
    479.70      1460.00      0.00     1.00       0.0000    0.0000
    548.20      1460.00      0.00     1.00       0.0000    0.0000
    616.70      1460.00      0.00     1.00       0.0000    0.0000
    685.20      1460.00      0.00     1.00       0.0000    0.0000
    753.80      1460.00      0.00     1.00       0.0000    0.0000
    822.30      1460.00      0.00     1.00       0.0000    0.0000
    890.80      1460.00      0.00     1.00       0.0000    0.0000
    959.30      1460.00      0.00     1.00       0.0000    0.0000
   1027.90      1460.00      0.00     1.00       0.0000    0.0000
   1096.40      1460.00      0.00     1.00       0.0000    0.0000
   1164.90      1460.00      0.00     1.00       0.0000    0.0000
   1233.40      1460.00      0.00     1.00       0.0000    0.0000
   1301.90      1460.00      0.00     1.00       0.0000    0.0000
   1370.50      1460.00      0.00     1.00       0.0000    0.0000
   1439.00      1460.00      0.00     1.00       0.0000    0.0000
   1507.50      1460.00      0.00     1.00       0.0000    0.0000
   1576.00      1460.00      0.00     1.00       0.0000    0.0000
   1644.60      1460.98      0.00     1.00       0.0000    0.0000
   1713.10      1464.66      0.00     1.00       0.0000    0.0000
   1781.60      1465.24      0.00     1.00       0.0000    0.0000
   1850.10      1465.37      0.00     1.00       0.0000    0.0000
   1918.70      1467.00      0.00     1.00       0.0000    0.0000
   1987.20      1465.43      0.00     1.00       0.0000    0.0000
   2055.70      1466.94      0.00     1.00       0.0000    0.0000
   2124.20      1469.60      0.00     1.00       0.0000    0.0000
   2192.80      1468.63      0.00     1.00       0.0000    0.0000
   2261.30      1471.30      0.00     1.00       0.0000    0.0000
   2329.80      1470.25      0.00     1.00       0.0000    0.0000
   2398.30      1470.67      0.00     1.00       0.0000    0.0000
   2466.90      1475.25      0.00     1.00       0.0000    0.0000
   2535.40      1476.69      0.00     1.00       0.0000    0.0000
   2603.90      1475.21      0.00     1.00       0.0000    0.0000
   2672.40      1474.88      0.00     1.00       0.0000    0.0000

                                 ( RMS roughness =   0.00     )
     ACOUSTO-ELASTIC half-space
   2872.40      1600.00      0.00     1.80       0.0000    0.0000

 __________________________________________________________________________

 Number of Source   depths, Sz =            1
 Source   depths, Sz (m)
   96.7000    


 __________________________________________________________________________

 Number of Receiver depths, Rz =           96
 Receiver depths, Rz (m)
   0.00000       37.0779       74.1558       111.234       148.312    
   185.389       222.467       259.545       296.623       333.701    
          ... 
   3522.40    

 Warning in ReadSzRz : Receiver below or too near the bottom bdry has been moved up

 __________________________________________________________________________

 Number of Receiver ranges, Rr =          201
 Receiver ranges, Rr (km)
   0.00000      0.282000      0.564000      0.846000       1.12800    
   1.41000       1.69200       1.97400       2.25600       2.53800    
          ... 
   56.4000    


 Coherent TL calculation
 Geometric hat beams in Cartesian coordinates
 Point source (cylindrical coordinates)
 Rectilinear receiver grid: Receivers at Rr( : ) x Rz( : )
 __________________________________________________________________________

 Number of beams in elevation   =         8245
 Beam take-off angles (degrees)
  -83.6000      -83.5798      -83.5595      -83.5393      -83.5191    
  -83.4988      -83.4786      -83.4584      -83.4381      -83.4179    
          ... 
   83.2000    

 __________________________________________________________________________


 Step length,       deltas =   0.000     m

 Maximum ray depth, Box%z  =   3522.     m
 Maximum ray range, Box%r  =   50.00    km
 No beam shift in effect


 Step length,       deltas =   267.2     m (automatically selected)

Tracing beam       1    -83.60

 Geometric hat beams                     
 halfwidth  =    1807.4125288888597     
 epsilonOpt =  (  0.0000000000000000     ,  7502082341.4432240     )
 EpsMult    =    1.0000000000000000     

Tracing beam     165    -80.28
Tracing beam     329    -76.96
Tracing beam     493    -73.65
Tracing beam     657    -70.33
Tracing beam     821    -67.01
Tracing beam     985    -63.69
Tracing beam    1149    -60.37
Tracing beam    1313    -57.05
Tracing beam    1477    -53.74
Tracing beam    1641    -50.42
Tracing beam    1805    -47.10
Tracing beam    1969    -43.78
Tracing beam    2133    -40.46
Tracing beam    2297    -37.15
Tracing beam    2461    -33.83
Tracing beam    2625    -30.51
Tracing beam    2789    -27.19
Tracing beam    2953    -23.87
Tracing beam    3117    -20.55
Tracing beam    3281    -17.24
Tracing beam    3445    -13.92
Tracing beam    3609    -10.60
Tracing beam    3773     -7.28
Tracing beam    3937     -3.96
Tracing beam    4101     -0.65
Tracing beam    4265      2.67
Tracing beam    4429      5.99
Tracing beam    4593      9.31
Tracing beam    4757     12.63
Tracing beam    4921     15.95
Tracing beam    5085     19.26
Tracing beam    5249     22.58
Tracing beam    5413     25.90
Tracing beam    5577     29.22
Tracing beam    5741     32.54
Tracing beam    5905     35.86
Tracing beam    6069     39.17
Tracing beam    6233     42.49
Tracing beam    6397     45.81
Tracing beam    6561     49.13
Tracing beam    6725     52.45
Tracing beam    6889     55.76
Tracing beam    7053     59.08
Tracing beam    7217     62.40
Tracing beam    7381     65.72
Tracing beam    7545     69.04
Tracing beam    7709     72.36
Tracing beam    7873     75.67
Tracing beam    8037     78.99
Tracing beam    8201     82.31

 CPU Time =       0.969    s
