 BELLHOP/BELLHOP3D

 BELLHOP- Continental Shelf Environment ARR Mode                                 
 frequency =   1374.     Hz

 Dummy parameter NMedia =            1

     Spline approximation to SSP
     Attenuation units: dB/mkHz
     VACUUM

 Depth =    1085.70 m

 Sound speed profile:
   z (m)     alphaR (m/s)   betaR  rho (g/cm^3)  alphaI     betaI

      0.00      1495.12      0.00     1.00       0.0000    0.0000
     43.40      1496.49      0.00     1.00       0.0000    0.0000
     86.90      1493.83      0.00     1.00       0.0000    0.0000
    130.30      1497.44      0.00     1.00       0.0000    0.0000
    173.70      1495.68      0.00     1.00       0.0000    0.0000
    217.10      1497.99      0.00     1.00       0.0000    0.0000
    260.60      1490.56      0.00     1.00       0.0000    0.0000
    304.00      1488.03      0.00     1.00       0.0000    0.0000
    347.40      1490.02      0.00     1.00       0.0000    0.0000
    390.90      1487.52      0.00     1.00       0.0000    0.0000
    434.30      1487.16      0.00     1.00       0.0000    0.0000
    477.70      1486.24      0.00     1.00       0.0000    0.0000
    521.10      1486.03      0.00     1.00       0.0000    0.0000
    564.60      1480.67      0.00     1.00       0.0000    0.0000
    608.00      1481.00      0.00     1.00       0.0000    0.0000
    651.40      1481.47      0.00     1.00       0.0000    0.0000
    694.90      1481.07      0.00     1.00       0.0000    0.0000
    738.30      1482.39      0.00     1.00       0.0000    0.0000
    781.70      1479.82      0.00     1.00       0.0000    0.0000
    825.10      1477.70      0.00     1.00       0.0000    0.0000
    868.60      1475.95      0.00     1.00       0.0000    0.0000
    912.00      1476.06      0.00     1.00       0.0000    0.0000
    955.40      1475.75      0.00     1.00       0.0000    0.0000
    998.80      1477.47      0.00     1.00       0.0000    0.0000
   1042.30      1491.13      0.00     1.00       0.0000    0.0000
   1085.70      1489.93      0.00     1.00       0.0000    0.0000

                                 ( RMS roughness =   0.00     )
     ACOUSTO-ELASTIC half-space
   1285.70      1600.00      0.00     1.80       0.0000    0.0000

 __________________________________________________________________________

 Number of Source   depths, Sz =            1
 Source   depths, Sz (m)
   170.200    


 __________________________________________________________________________

 Number of Receiver depths, Rz =           43
 Receiver depths, Rz (m)
   0.00000       46.0881       92.1762       138.264       184.352    
   230.440       276.529       322.617       368.705       414.793    
          ... 
   1935.70    

 Warning in ReadSzRz : Receiver below or too near the bottom bdry has been moved up

 __________________________________________________________________________

 Number of Receiver ranges, Rr =          201
 Receiver ranges, Rr (km)
   0.00000      0.230500      0.461000      0.691500      0.922000    
   1.15250       1.38300       1.61350       1.84400       2.07450    
          ... 
   46.1000    


 Arrivals calculation, ASCII  file output
 Geometric hat beams in Cartesian coordinates
 Point source (cylindrical coordinates)
 Rectilinear receiver grid: Receivers at Rr( : ) x Rz( : )
 __________________________________________________________________________

 Number of beams in elevation   =           34
 Beam take-off angles (degrees)
  -16.0000      -15.0303      -14.0606      -13.0909      -12.1212    
  -11.1515      -10.1818      -9.21212      -8.24242      -7.27273    
          ... 
   16.0000    

 __________________________________________________________________________


 Step length,       deltas =   0.000     m

 Maximum ray depth, Box%z  =   1936.     m
 Maximum ray range, Box%r  =   50.00    km
 No beam shift in effect


 Step length,       deltas =   108.6     m (automatically selected)

 ( Maximum # of arrivals =         2314 )

Tracing beam       1    -16.00

 Geometric hat beams                     
 halfwidth  =    20.474643594910454     
 epsilonOpt =  (  0.0000000000000000     ,  1809412.9638488863     )
 EpsMult    =    1.0000000000000000     

Tracing beam       2    -15.03
Tracing beam       3    -14.06
Tracing beam       4    -13.09
Tracing beam       5    -12.12
Tracing beam       6    -11.15
Tracing beam       7    -10.18
Tracing beam       8     -9.21
Tracing beam       9     -8.24
Tracing beam      10     -7.27
Tracing beam      11     -6.30
Tracing beam      12     -5.33
Tracing beam      13     -4.36
Tracing beam      14     -3.39
Tracing beam      15     -2.42
Tracing beam      16     -1.45
Tracing beam      17     -0.48
Tracing beam      18      0.48
Tracing beam      19      1.45
Tracing beam      20      2.42
Tracing beam      21      3.39
Tracing beam      22      4.36
Tracing beam      23      5.33
Tracing beam      24      6.30
Tracing beam      25      7.27
Tracing beam      26      8.24
Tracing beam      27      9.21
Tracing beam      28     10.18
Tracing beam      29     11.15
Tracing beam      30     12.12
Tracing beam      31     13.09
Tracing beam      32     14.06
Tracing beam      33     15.03
Tracing beam      34     16.00

 CPU Time =       0.234    s
