 BELLHOP/BELLHOP3D

 BELLHOP- Continental Shelf Environment SHD Mode                                 
 frequency =   1374.     Hz

 Dummy parameter NMedia =            1

     Spline approximation to SSP
     Attenuation units: dB/mkHz
     VACUUM

 Depth =    1085.70 m

 Sound speed profile:
   z (m)     alphaR (m/s)   betaR  rho (g/cm^3)  alphaI     betaI

      0.00      1495.12      0.00     1.00       0.0000    0.0000
     43.40      1496.49      0.00     1.00       0.0000    0.0000
     86.90      1493.83      0.00     1.00       0.0000    0.0000
    130.30      1497.44      0.00     1.00       0.0000    0.0000
    173.70      1495.68      0.00     1.00       0.0000    0.0000
    217.10      1497.99      0.00     1.00       0.0000    0.0000
    260.60      1490.56      0.00     1.00       0.0000    0.0000
    304.00      1488.03      0.00     1.00       0.0000    0.0000
    347.40      1490.02      0.00     1.00       0.0000    0.0000
    390.90      1487.52      0.00     1.00       0.0000    0.0000
    434.30      1487.16      0.00     1.00       0.0000    0.0000
    477.70      1486.24      0.00     1.00       0.0000    0.0000
    521.10      1486.03      0.00     1.00       0.0000    0.0000
    564.60      1480.67      0.00     1.00       0.0000    0.0000
    608.00      1481.00      0.00     1.00       0.0000    0.0000
    651.40      1481.47      0.00     1.00       0.0000    0.0000
    694.90      1481.07      0.00     1.00       0.0000    0.0000
    738.30      1482.39      0.00     1.00       0.0000    0.0000
    781.70      1479.82      0.00     1.00       0.0000    0.0000
    825.10      1477.70      0.00     1.00       0.0000    0.0000
    868.60      1475.95      0.00     1.00       0.0000    0.0000
    912.00      1476.06      0.00     1.00       0.0000    0.0000
    955.40      1475.75      0.00     1.00       0.0000    0.0000
    998.80      1477.47      0.00     1.00       0.0000    0.0000
   1042.30      1491.13      0.00     1.00       0.0000    0.0000
   1085.70      1489.93      0.00     1.00       0.0000    0.0000

                                 ( RMS roughness =   0.00     )
     ACOUSTO-ELASTIC half-space
   1285.70      1600.00      0.00     1.80       0.0000    0.0000

 __________________________________________________________________________

 Number of Source   depths, Sz =            1
 Source   depths, Sz (m)
   135.800    


 __________________________________________________________________________

 Number of Receiver depths, Rz =           87
 Receiver depths, Rz (m)
   0.00000       22.5081       45.0163       67.5244       90.0326    
   112.541       135.049       157.557       180.065       202.573    
          ... 
   1935.70    

 Warning in ReadSzRz : Receiver below or too near the bottom bdry has been moved up

 __________________________________________________________________________

 Number of Receiver ranges, Rr =          201
 Receiver ranges, Rr (km)
   0.00000      0.269500      0.539000      0.808500       1.07800    
   1.34750       1.61700       1.88650       2.15600       2.42550    
          ... 
   53.9000    


 Coherent TL calculation
 Geometric hat beams in Cartesian coordinates
 Point source (cylindrical coordinates)
 Rectilinear receiver grid: Receivers at Rr( : ) x Rz( : )
 __________________________________________________________________________

 Number of beams in elevation   =        14810
 Beam take-off angles (degrees)
  -72.1000      -72.0898      -72.0795      -72.0693      -72.0591    
  -72.0488      -72.0386      -72.0283      -72.0181      -72.0079    
          ... 
   79.5000    

 __________________________________________________________________________


 Step length,       deltas =   0.000     m

 Maximum ray depth, Box%z  =   1936.     m
 Maximum ray range, Box%r  =   50.00    km
 No beam shift in effect


 Step length,       deltas =   108.6     m (automatically selected)

Tracing beam       1    -72.10

 Geometric hat beams                     
 halfwidth  =    1941.7425082263721     
 epsilonOpt =  (  0.0000000000000000     ,  16273773705.514677     )
 EpsMult    =    1.0000000000000000     

Tracing beam     297    -69.07
Tracing beam     593    -66.04
Tracing beam     889    -63.01
Tracing beam    1185    -59.98
Tracing beam    1481    -56.95
Tracing beam    1777    -53.92
Tracing beam    2073    -50.89
Tracing beam    2369    -47.86
Tracing beam    2665    -44.83
Tracing beam    2961    -41.80
Tracing beam    3257    -38.77
Tracing beam    3553    -35.74
Tracing beam    3849    -32.71
Tracing beam    4145    -29.68
Tracing beam    4441    -26.65
Tracing beam    4737    -23.62
Tracing beam    5033    -20.59
Tracing beam    5329    -17.56
Tracing beam    5625    -14.53
Tracing beam    5921    -11.50
Tracing beam    6217     -8.47
Tracing beam    6513     -5.44
Tracing beam    6809     -2.41
Tracing beam    7105      0.62
Tracing beam    7401      3.65
Tracing beam    7697      6.68
Tracing beam    7993      9.71
Tracing beam    8289     12.74
Tracing beam    8585     15.77
Tracing beam    8881     18.80
Tracing beam    9177     21.83
Tracing beam    9473     24.87
Tracing beam    9769     27.90
Tracing beam   10065     30.93
Tracing beam   10361     33.96
Tracing beam   10657     36.99
Tracing beam   10953     40.02
Tracing beam   11249     43.05
Tracing beam   11545     46.08
Tracing beam   11841     49.11
Tracing beam   12137     52.14
Tracing beam   12433     55.17
Tracing beam   12729     58.20
Tracing beam   13025     61.23
Tracing beam   13321     64.26
Tracing beam   13617     67.29
Tracing beam   13913     70.32
Tracing beam   14209     73.35
Tracing beam   14505     76.38
Tracing beam   14801     79.41

 CPU Time =        1.73    s
