 BELLHOP/BELLHOP3D

 BELLHOP- Continental Shelf Environment RAY Mode                                 
 frequency =   1374.     Hz

 Dummy parameter NMedia =            1

     Spline approximation to SSP
     Attenuation units: dB/mkHz
     VACUUM

 Depth =    1085.70 m

 Sound speed profile:
   z (m)     alphaR (m/s)   betaR  rho (g/cm^3)  alphaI     betaI

      0.00      1495.12      0.00     1.00       0.0000    0.0000
     43.40      1496.49      0.00     1.00       0.0000    0.0000
     86.90      1493.83      0.00     1.00       0.0000    0.0000
    130.30      1497.44      0.00     1.00       0.0000    0.0000
    173.70      1495.68      0.00     1.00       0.0000    0.0000
    217.10      1497.99      0.00     1.00       0.0000    0.0000
    260.60      1490.56      0.00     1.00       0.0000    0.0000
    304.00      1488.03      0.00     1.00       0.0000    0.0000
    347.40      1490.02      0.00     1.00       0.0000    0.0000
    390.90      1487.52      0.00     1.00       0.0000    0.0000
    434.30      1487.16      0.00     1.00       0.0000    0.0000
    477.70      1486.24      0.00     1.00       0.0000    0.0000
    521.10      1486.03      0.00     1.00       0.0000    0.0000
    564.60      1480.67      0.00     1.00       0.0000    0.0000
    608.00      1481.00      0.00     1.00       0.0000    0.0000
    651.40      1481.47      0.00     1.00       0.0000    0.0000
    694.90      1481.07      0.00     1.00       0.0000    0.0000
    738.30      1482.39      0.00     1.00       0.0000    0.0000
    781.70      1479.82      0.00     1.00       0.0000    0.0000
    825.10      1477.70      0.00     1.00       0.0000    0.0000
    868.60      1475.95      0.00     1.00       0.0000    0.0000
    912.00      1476.06      0.00     1.00       0.0000    0.0000
    955.40      1475.75      0.00     1.00       0.0000    0.0000
    998.80      1477.47      0.00     1.00       0.0000    0.0000
   1042.30      1491.13      0.00     1.00       0.0000    0.0000
   1085.70      1489.93      0.00     1.00       0.0000    0.0000

                                 ( RMS roughness =   0.00     )
     ACOUSTO-ELASTIC half-space
   1285.70      1600.00      0.00     1.80       0.0000    0.0000

 __________________________________________________________________________

 Number of Source   depths, Sz =            3
 Source   depths, Sz (m)
   86.2000       171.700       171.800    


 __________________________________________________________________________

 Number of Receiver depths, Rz =           36
 Receiver depths, Rz (m)
   0.00000       55.3057       110.611       165.917       221.223    
   276.529       331.834       387.140       442.446       497.751    
          ... 
   1935.70    

 Warning in ReadSzRz : Receiver below or too near the bottom bdry has been moved up

 __________________________________________________________________________

 Number of Receiver ranges, Rr =          201
 Receiver ranges, Rr (km)
   0.00000      0.284000      0.568000      0.852000       1.13600    
   1.42000       1.70400       1.98800       2.27200       2.55600    
          ... 
   56.8000    


 Ray trace run
 Geometric hat beams in Cartesian coordinates
 Point source (cylindrical coordinates)
 Rectilinear receiver grid: Receivers at Rr( : ) x Rz( : )
 __________________________________________________________________________

 Number of beams in elevation   =           36
 Beam take-off angles (degrees)
  -18.3000      -17.2543      -16.2086      -15.1629      -14.1171    
  -13.0714      -12.0257      -10.9800      -9.93429      -8.88857    
          ... 
   18.3000    

 __________________________________________________________________________


 Step length,       deltas =   0.000     m

 Maximum ray depth, Box%z  =   1936.     m
 Maximum ray range, Box%r  =   50.00    km
 No beam shift in effect


 Step length,       deltas =   108.6     m (automatically selected)

Tracing beam       1    -18.30
Tracing beam       2    -17.25
Tracing beam       3    -16.21
Tracing beam       4    -15.16
Tracing beam       5    -14.12
Tracing beam       6    -13.07
Tracing beam       7    -12.03
Tracing beam       8    -10.98
Tracing beam       9     -9.93
Tracing beam      10     -8.89
Tracing beam      11     -7.84
Tracing beam      12     -6.80
Tracing beam      13     -5.75
Tracing beam      14     -4.71
Tracing beam      15     -3.66
Tracing beam      16     -2.61
Tracing beam      17     -1.57
Tracing beam      18     -0.52
Tracing beam      19      0.52
Tracing beam      20      1.57
Tracing beam      21      2.61
Tracing beam      22      3.66
Tracing beam      23      4.71
Tracing beam      24      5.75
Tracing beam      25      6.80
Tracing beam      26      7.84
Tracing beam      27      8.89
Tracing beam      28      9.93
Tracing beam      29     10.98
Tracing beam      30     12.03
Tracing beam      31     13.07
Tracing beam      32     14.12
Tracing beam      33     15.16
Tracing beam      34     16.21
Tracing beam      35     17.25
Tracing beam      36     18.30
Tracing beam       1    -18.30
Tracing beam       2    -17.25
Tracing beam       3    -16.21
Tracing beam       4    -15.16
Tracing beam       5    -14.12
Tracing beam       6    -13.07
Tracing beam       7    -12.03
Tracing beam       8    -10.98
Tracing beam       9     -9.93
Tracing beam      10     -8.89
Tracing beam      11     -7.84
Tracing beam      12     -6.80
Tracing beam      13     -5.75
Tracing beam      14     -4.71
Tracing beam      15     -3.66
Tracing beam      16     -2.61
Tracing beam      17     -1.57
Tracing beam      18     -0.52
Tracing beam      19      0.52
Tracing beam      20      1.57
Tracing beam      21      2.61
Tracing beam      22      3.66
Tracing beam      23      4.71
Tracing beam      24      5.75
Tracing beam      25      6.80
Tracing beam      26      7.84
Tracing beam      27      8.89
Tracing beam      28      9.93
Tracing beam      29     10.98
Tracing beam      30     12.03
Tracing beam      31     13.07
Tracing beam      32     14.12
Tracing beam      33     15.16
Tracing beam      34     16.21
Tracing beam      35     17.25
Tracing beam      36     18.30
Tracing beam       1    -18.30
Tracing beam       2    -17.25
Tracing beam       3    -16.21
Tracing beam       4    -15.16
Tracing beam       5    -14.12
Tracing beam       6    -13.07
Tracing beam       7    -12.03
Tracing beam       8    -10.98
Tracing beam       9     -9.93
Tracing beam      10     -8.89
Tracing beam      11     -7.84
Tracing beam      12     -6.80
Tracing beam      13     -5.75
Tracing beam      14     -4.71
Tracing beam      15     -3.66
Tracing beam      16     -2.61
Tracing beam      17     -1.57
Tracing beam      18     -0.52
Tracing beam      19      0.52
Tracing beam      20      1.57
Tracing beam      21      2.61
Tracing beam      22      3.66
Tracing beam      23      4.71
Tracing beam      24      5.75
Tracing beam      25      6.80
Tracing beam      26      7.84
Tracing beam      27      8.89
Tracing beam      28      9.93
Tracing beam      29     10.98
Tracing beam      30     12.03
Tracing beam      31     13.07
Tracing beam      32     14.12
Tracing beam      33     15.16
Tracing beam      34     16.21
Tracing beam      35     17.25
Tracing beam      36     18.30

 CPU Time =       0.141    s
