 BELLHOP/BELLHOP3D

 BELLHOP- Mixed Layer Environment SHD Mode                                       
 frequency =   1367.     Hz

 Dummy parameter NMedia =            1

     Spline approximation to SSP
     Attenuation units: dB/mkHz
     VACUUM

 Depth =    1482.70 m

 Sound speed profile:
   z (m)     alphaR (m/s)   betaR  rho (g/cm^3)  alphaI     betaI

      0.00      1513.44      0.00     1.00       0.0000    0.0000
     42.40      1512.64      0.00     1.00       0.0000    0.0000
     84.70      1510.34      0.00     1.00       0.0000    0.0000
    127.10      1511.23      0.00     1.00       0.0000    0.0000
    169.50      1512.05      0.00     1.00       0.0000    0.0000
    211.80      1509.46      0.00     1.00       0.0000    0.0000
    254.20      1505.42      0.00     1.00       0.0000    0.0000
    296.50      1505.92      0.00     1.00       0.0000    0.0000
    338.90      1507.52      0.00     1.00       0.0000    0.0000
    381.30      1502.93      0.00     1.00       0.0000    0.0000
    423.60      1499.33      0.00     1.00       0.0000    0.0000
    466.00      1501.92      0.00     1.00       0.0000    0.0000
    508.40      1497.98      0.00     1.00       0.0000    0.0000
    550.70      1498.44      0.00     1.00       0.0000    0.0000
    593.10      1496.69      0.00     1.00       0.0000    0.0000
    635.40      1498.50      0.00     1.00       0.0000    0.0000
    677.80      1494.59      0.00     1.00       0.0000    0.0000
    720.20      1492.22      0.00     1.00       0.0000    0.0000
    762.50      1492.42      0.00     1.00       0.0000    0.0000
    804.90      1490.56      0.00     1.00       0.0000    0.0000
    847.30      1491.48      0.00     1.00       0.0000    0.0000
    889.60      1493.94      0.00     1.00       0.0000    0.0000
    932.00      1492.76      0.00     1.00       0.0000    0.0000
    974.30      1493.66      0.00     1.00       0.0000    0.0000
   1016.70      1488.38      0.00     1.00       0.0000    0.0000
   1059.10      1489.19      0.00     1.00       0.0000    0.0000
   1101.40      1488.78      0.00     1.00       0.0000    0.0000
   1143.80      1491.99      0.00     1.00       0.0000    0.0000
   1186.20      1492.70      0.00     1.00       0.0000    0.0000
   1228.50      1495.37      0.00     1.00       0.0000    0.0000
   1270.90      1493.83      0.00     1.00       0.0000    0.0000
   1313.20      1496.90      0.00     1.00       0.0000    0.0000
   1355.60      1495.76      0.00     1.00       0.0000    0.0000
   1398.00      1499.94      0.00     1.00       0.0000    0.0000
   1440.30      1501.75      0.00     1.00       0.0000    0.0000
   1482.70      1499.61      0.00     1.00       0.0000    0.0000

                                 ( RMS roughness =   0.00     )
     ACOUSTO-ELASTIC half-space
   1682.70      1600.00      0.00     1.80       0.0000    0.0000

 __________________________________________________________________________

 Number of Source   depths, Sz =            1
 Source   depths, Sz (m)
   73.1000    


 __________________________________________________________________________

 Number of Receiver depths, Rz =           81
 Receiver depths, Rz (m)
   0.00000       29.1587       58.3175       87.4762       116.635    
   145.794       174.952       204.111       233.270       262.429    
          ... 
   2332.70    

 Warning in ReadSzRz : Receiver below or too near the bottom bdry has been moved up

 __________________________________________________________________________

 Number of Receiver ranges, Rr =          201
 Receiver ranges, Rr (km)
   0.00000      0.272500      0.545000      0.817500       1.09000    
   1.36250       1.63500       1.90750       2.18000       2.45250    
          ... 
   54.5000    


 Coherent TL calculation
 Geometric hat beams in Cartesian coordinates
 Point source (cylindrical coordinates)
 Rectilinear receiver grid: Receivers at Rr( : ) x Rz( : )
 __________________________________________________________________________

 Number of beams in elevation   =        14901
 Beam take-off angles (degrees)
  -77.1000      -77.0899      -77.0798      -77.0696      -77.0595    
  -77.0494      -77.0393      -77.0292      -77.0190      -77.0089    
          ... 
   73.7000    

 __________________________________________________________________________


 Step length,       deltas =   0.000     m

 Maximum ray depth, Box%z  =   2333.     m
 Maximum ray range, Box%r  =   50.00    km
 No beam shift in effect


 Step length,       deltas =   148.3     m (automatically selected)

Tracing beam       1    -77.10

 Geometric hat beams                     
 halfwidth  =    1991.3404449603051     
 epsilonOpt =  (  0.0000000000000000     ,  17031040632.021030     )
 EpsMult    =    1.0000000000000000     

Tracing beam     299    -74.08
Tracing beam     597    -71.07
Tracing beam     895    -68.05
Tracing beam    1193    -65.04
Tracing beam    1491    -62.02
Tracing beam    1789    -59.00
Tracing beam    2087    -55.99
Tracing beam    2385    -52.97
Tracing beam    2683    -49.96
Tracing beam    2981    -46.94
Tracing beam    3279    -43.92
Tracing beam    3577    -40.91
Tracing beam    3875    -37.89
Tracing beam    4173    -34.88
Tracing beam    4471    -31.86
Tracing beam    4769    -28.84
Tracing beam    5067    -25.83
Tracing beam    5365    -22.81
Tracing beam    5663    -19.80
Tracing beam    5961    -16.78
Tracing beam    6259    -13.76
Tracing beam    6557    -10.75
Tracing beam    6855     -7.73
Tracing beam    7153     -4.72
Tracing beam    7451     -1.70
Tracing beam    7749      1.32
Tracing beam    8047      4.33
Tracing beam    8345      7.35
Tracing beam    8643     10.36
Tracing beam    8941     13.38
Tracing beam    9239     16.40
Tracing beam    9537     19.41
Tracing beam    9835     22.43
Tracing beam   10133     25.44
Tracing beam   10431     28.46
Tracing beam   10729     31.48
Tracing beam   11027     34.49
Tracing beam   11325     37.51
Tracing beam   11623     40.52
Tracing beam   11921     43.54
Tracing beam   12219     46.56
Tracing beam   12517     49.57
Tracing beam   12815     52.59
Tracing beam   13113     55.60
Tracing beam   13411     58.62
Tracing beam   13709     61.64
Tracing beam   14007     64.65
Tracing beam   14305     67.67
Tracing beam   14603     70.68
Tracing beam   14901     73.70

 CPU Time =        1.97    s
