 BELLHOP/BELLHOP3D

 BELLHOP- Deep Ocean Environment SHD Mode                                        
 frequency =   1100.     Hz

 Dummy parameter NMedia =            1

     Spline approximation to SSP
     Attenuation units: dB/mkHz
     VACUUM

 Depth =    5209.90 m

 Sound speed profile:
   z (m)     alphaR (m/s)   betaR  rho (g/cm^3)  alphaI     betaI

      0.00      1502.34      0.00     1.00       0.0000    0.0000
    100.20      1504.38      0.00     1.00       0.0000    0.0000
    200.40      1502.66      0.00     1.00       0.0000    0.0000
    300.60      1494.72      0.00     1.00       0.0000    0.0000
    400.80      1493.02      0.00     1.00       0.0000    0.0000
    501.00      1493.38      0.00     1.00       0.0000    0.0000
    601.10      1491.33      0.00     1.00       0.0000    0.0000
    701.30      1488.50      0.00     1.00       0.0000    0.0000
    801.50      1484.68      0.00     1.00       0.0000    0.0000
    901.70      1486.94      0.00     1.00       0.0000    0.0000
   1001.90      1486.82      0.00     1.00       0.0000    0.0000
   1102.10      1486.39      0.00     1.00       0.0000    0.0000
   1202.30      1482.11      0.00     1.00       0.0000    0.0000
   1302.50      1486.58      0.00     1.00       0.0000    0.0000
   1402.70      1487.81      0.00     1.00       0.0000    0.0000
   1502.90      1486.70      0.00     1.00       0.0000    0.0000
   1603.00      1488.29      0.00     1.00       0.0000    0.0000
   1703.20      1487.78      0.00     1.00       0.0000    0.0000
   1803.40      1487.79      0.00     1.00       0.0000    0.0000
   1903.60      1491.89      0.00     1.00       0.0000    0.0000
   2003.80      1490.49      0.00     1.00       0.0000    0.0000
   2104.00      1489.04      0.00     1.00       0.0000    0.0000
   2204.20      1489.18      0.00     1.00       0.0000    0.0000
   2304.40      1490.49      0.00     1.00       0.0000    0.0000
   2404.60      1491.03      0.00     1.00       0.0000    0.0000
   2504.80      1493.08      0.00     1.00       0.0000    0.0000
   2604.90      1494.12      0.00     1.00       0.0000    0.0000
   2705.10      1494.66      0.00     1.00       0.0000    0.0000
   2805.30      1493.35      0.00     1.00       0.0000    0.0000
   2905.50      1496.39      0.00     1.00       0.0000    0.0000
   3005.70      1497.39      0.00     1.00       0.0000    0.0000
   3105.90      1495.70      0.00     1.00       0.0000    0.0000
   3206.10      1495.08      0.00     1.00       0.0000    0.0000
   3306.30      1497.32      0.00     1.00       0.0000    0.0000
   3406.50      1500.94      0.00     1.00       0.0000    0.0000
   3506.70      1496.65      0.00     1.00       0.0000    0.0000
   3606.90      1497.99      0.00     1.00       0.0000    0.0000
   3707.00      1499.41      0.00     1.00       0.0000    0.0000
   3807.20      1500.67      0.00     1.00       0.0000    0.0000
   3907.40      1497.42      0.00     1.00       0.0000    0.0000
   4007.60      1502.89      0.00     1.00       0.0000    0.0000
   4107.80      1503.41      0.00     1.00       0.0000    0.0000
   4208.00      1501.37      0.00     1.00       0.0000    0.0000
   4308.20      1506.61      0.00     1.00       0.0000    0.0000
   4408.40      1504.93      0.00     1.00       0.0000    0.0000
   4508.60      1505.39      0.00     1.00       0.0000    0.0000
   4608.80      1505.95      0.00     1.00       0.0000    0.0000
   4708.90      1506.44      0.00     1.00       0.0000    0.0000
   4809.10      1505.21      0.00     1.00       0.0000    0.0000
   4909.30      1505.60      0.00     1.00       0.0000    0.0000
   5009.50      1504.91      0.00     1.00       0.0000    0.0000
   5109.70      1505.99      0.00     1.00       0.0000    0.0000
   5209.90      1506.93      0.00     1.00       0.0000    0.0000

                                 ( RMS roughness =   0.00     )
     ACOUSTO-ELASTIC half-space
   5409.90      1600.00      0.00     1.80       0.0000    0.0000

 __________________________________________________________________________

 Number of Source   depths, Sz =            1
 Source   depths, Sz (m)
   92.7000    


 __________________________________________________________________________

 Number of Receiver depths, Rz =           97
 Receiver depths, Rz (m)
   0.00000       63.1240       126.248       189.372       252.496    
   315.620       378.744       441.868       504.992       568.116    
          ... 
   6059.90    

 Warning in ReadSzRz : Receiver below or too near the bottom bdry has been moved up

 __________________________________________________________________________

 Number of Receiver ranges, Rr =          201
 Receiver ranges, Rr (km)
   0.00000      0.260000      0.520000      0.780000       1.04000    
   1.30000       1.56000       1.82000       2.08000       2.34000    
          ... 
   52.0000    


 Coherent TL calculation
 Geometric hat beams in Cartesian coordinates
 Point source (cylindrical coordinates)
 Rectilinear receiver grid: Receivers at Rr( : ) x Rz( : )
 __________________________________________________________________________

 Number of beams in elevation   =        11442
 Beam take-off angles (degrees)
  -73.6000      -73.5873      -73.5746      -73.5619      -73.5492    
  -73.5365      -73.5239      -73.5112      -73.4985      -73.4858    
          ... 
   71.6000    

 __________________________________________________________________________


 Step length,       deltas =   0.000     m

 Maximum ray depth, Box%z  =   6060.     m
 Maximum ray range, Box%r  =   50.00    km
 No beam shift in effect


 Step length,       deltas =   521.0     m (automatically selected)

Tracing beam       1    -73.60

 Geometric hat beams                     
 halfwidth  =    1964.8178431768920     
 epsilonOpt =  (  0.0000000000000000     ,  13343387556.401299     )
 EpsMult    =    1.0000000000000000     

Tracing beam     229    -70.71
Tracing beam     457    -67.81
Tracing beam     685    -64.92
Tracing beam     913    -62.03
Tracing beam    1141    -59.13
Tracing beam    1369    -56.24
Tracing beam    1597    -53.34
Tracing beam    1825    -50.45
Tracing beam    2053    -47.56
Tracing beam    2281    -44.66
Tracing beam    2509    -41.77
Tracing beam    2737    -38.88
Tracing beam    2965    -35.98
Tracing beam    3193    -33.09
Tracing beam    3421    -30.20
Tracing beam    3649    -27.30
Tracing beam    3877    -24.41
Tracing beam    4105    -21.52
Tracing beam    4333    -18.62
Tracing beam    4561    -15.73
Tracing beam    4789    -12.83
Tracing beam    5017     -9.94
Tracing beam    5245     -7.05
Tracing beam    5473     -4.15
Tracing beam    5701     -1.26
Tracing beam    5929      1.63
Tracing beam    6157      4.53
Tracing beam    6385      7.42
Tracing beam    6613     10.31
Tracing beam    6841     13.21
Tracing beam    7069     16.10
Tracing beam    7297     18.99
Tracing beam    7525     21.89
Tracing beam    7753     24.78
Tracing beam    7981     27.68
Tracing beam    8209     30.57
Tracing beam    8437     33.46
Tracing beam    8665     36.36
Tracing beam    8893     39.25
Tracing beam    9121     42.14
Tracing beam    9349     45.04
Tracing beam    9577     47.93
Tracing beam    9805     50.82
Tracing beam   10033     53.72
Tracing beam   10261     56.61
Tracing beam   10489     59.51
Tracing beam   10717     62.40
Tracing beam   10945     65.29
Tracing beam   11173     68.19
Tracing beam   11401     71.08

 CPU Time =        1.55    s
