 BELLHOP/BELLHOP3D

 BELLHOP- Deep Ocean Environment RAY Mode                                        
 frequency =   1100.     Hz

 Dummy parameter NMedia =            1

     Spline approximation to SSP
     Attenuation units: dB/mkHz
     VACUUM

 Depth =    5209.90 m

 Sound speed profile:
   z (m)     alphaR (m/s)   betaR  rho (g/cm^3)  alphaI     betaI

      0.00      1502.34      0.00     1.00       0.0000    0.0000
    100.20      1504.38      0.00     1.00       0.0000    0.0000
    200.40      1502.66      0.00     1.00       0.0000    0.0000
    300.60      1494.72      0.00     1.00       0.0000    0.0000
    400.80      1493.02      0.00     1.00       0.0000    0.0000
    501.00      1493.38      0.00     1.00       0.0000    0.0000
    601.10      1491.33      0.00     1.00       0.0000    0.0000
    701.30      1488.50      0.00     1.00       0.0000    0.0000
    801.50      1484.68      0.00     1.00       0.0000    0.0000
    901.70      1486.94      0.00     1.00       0.0000    0.0000
   1001.90      1486.82      0.00     1.00       0.0000    0.0000
   1102.10      1486.39      0.00     1.00       0.0000    0.0000
   1202.30      1482.11      0.00     1.00       0.0000    0.0000
   1302.50      1486.58      0.00     1.00       0.0000    0.0000
   1402.70      1487.81      0.00     1.00       0.0000    0.0000
   1502.90      1486.70      0.00     1.00       0.0000    0.0000
   1603.00      1488.29      0.00     1.00       0.0000    0.0000
   1703.20      1487.78      0.00     1.00       0.0000    0.0000
   1803.40      1487.79      0.00     1.00       0.0000    0.0000
   1903.60      1491.89      0.00     1.00       0.0000    0.0000
   2003.80      1490.49      0.00     1.00       0.0000    0.0000
   2104.00      1489.04      0.00     1.00       0.0000    0.0000
   2204.20      1489.18      0.00     1.00       0.0000    0.0000
   2304.40      1490.49      0.00     1.00       0.0000    0.0000
   2404.60      1491.03      0.00     1.00       0.0000    0.0000
   2504.80      1493.08      0.00     1.00       0.0000    0.0000
   2604.90      1494.12      0.00     1.00       0.0000    0.0000
   2705.10      1494.66      0.00     1.00       0.0000    0.0000
   2805.30      1493.35      0.00     1.00       0.0000    0.0000
   2905.50      1496.39      0.00     1.00       0.0000    0.0000
   3005.70      1497.39      0.00     1.00       0.0000    0.0000
   3105.90      1495.70      0.00     1.00       0.0000    0.0000
   3206.10      1495.08      0.00     1.00       0.0000    0.0000
   3306.30      1497.32      0.00     1.00       0.0000    0.0000
   3406.50      1500.94      0.00     1.00       0.0000    0.0000
   3506.70      1496.65      0.00     1.00       0.0000    0.0000
   3606.90      1497.99      0.00     1.00       0.0000    0.0000
   3707.00      1499.41      0.00     1.00       0.0000    0.0000
   3807.20      1500.67      0.00     1.00       0.0000    0.0000
   3907.40      1497.42      0.00     1.00       0.0000    0.0000
   4007.60      1502.89      0.00     1.00       0.0000    0.0000
   4107.80      1503.41      0.00     1.00       0.0000    0.0000
   4208.00      1501.37      0.00     1.00       0.0000    0.0000
   4308.20      1506.61      0.00     1.00       0.0000    0.0000
   4408.40      1504.93      0.00     1.00       0.0000    0.0000
   4508.60      1505.39      0.00     1.00       0.0000    0.0000
   4608.80      1505.95      0.00     1.00       0.0000    0.0000
   4708.90      1506.44      0.00     1.00       0.0000    0.0000
   4809.10      1505.21      0.00     1.00       0.0000    0.0000
   4909.30      1505.60      0.00     1.00       0.0000    0.0000
   5009.50      1504.91      0.00     1.00       0.0000    0.0000
   5109.70      1505.99      0.00     1.00       0.0000    0.0000
   5209.90      1506.93      0.00     1.00       0.0000    0.0000

                                 ( RMS roughness =   0.00     )
     ACOUSTO-ELASTIC half-space
   5409.90      1600.00      0.00     1.80       0.0000    0.0000

 __________________________________________________________________________

 Number of Source   depths, Sz =            3
 Source   depths, Sz (m)
   112.100       151.400       176.800    


 __________________________________________________________________________

 Number of Receiver depths, Rz =           41
 Receiver depths, Rz (m)
   0.00000       151.497       302.995       454.492       605.990    
   757.487       908.985       1060.48       1211.98       1363.48    
          ... 
   6059.90    

 Warning in ReadSzRz : Receiver below or too near the bottom bdry has been moved up

 __________________________________________________________________________

 Number of Receiver ranges, Rr =          201
 Receiver ranges, Rr (km)
   0.00000      0.291000      0.582000      0.873000       1.16400    
   1.45500       1.74600       2.03700       2.32800       2.61900    
          ... 
   58.2000    


 Ray trace run
 Geometric hat beams in Cartesian coordinates
 Point source (cylindrical coordinates)
 Rectilinear receiver grid: Receivers at Rr( : ) x Rz( : )
 __________________________________________________________________________

 Number of beams in elevation   =           21
 Beam take-off angles (degrees)
  -11.5000      -10.3500      -9.20000      -8.05000      -6.90000    
  -5.75000      -4.60000      -3.45000      -2.30000      -1.15000    
          ... 
   11.5000    

 __________________________________________________________________________


 Step length,       deltas =   0.000     m

 Maximum ray depth, Box%z  =   6060.     m
 Maximum ray range, Box%r  =   50.00    km
 No beam shift in effect


 Step length,       deltas =   521.0     m (automatically selected)

Tracing beam       1    -11.50
Tracing beam       2    -10.35
Tracing beam       3     -9.20
Tracing beam       4     -8.05
Tracing beam       5     -6.90
Tracing beam       6     -5.75
Tracing beam       7     -4.60
Tracing beam       8     -3.45
Tracing beam       9     -2.30
Tracing beam      10     -1.15
Tracing beam      11      0.00
Tracing beam      12      1.15
Tracing beam      13      2.30
Tracing beam      14      3.45
Tracing beam      15      4.60
Tracing beam      16      5.75
Tracing beam      17      6.90
Tracing beam      18      8.05
Tracing beam      19      9.20
Tracing beam      20     10.35
Tracing beam      21     11.50
Tracing beam       1    -11.50
Tracing beam       2    -10.35
Tracing beam       3     -9.20
Tracing beam       4     -8.05
Tracing beam       5     -6.90
Tracing beam       6     -5.75
Tracing beam       7     -4.60
Tracing beam       8     -3.45
Tracing beam       9     -2.30
Tracing beam      10     -1.15
Tracing beam      11      0.00
Tracing beam      12      1.15
Tracing beam      13      2.30
Tracing beam      14      3.45
Tracing beam      15      4.60
Tracing beam      16      5.75
Tracing beam      17      6.90
Tracing beam      18      8.05
Tracing beam      19      9.20
Tracing beam      20     10.35
Tracing beam      21     11.50
Tracing beam       1    -11.50
Tracing beam       2    -10.35
Tracing beam       3     -9.20
Tracing beam       4     -8.05
Tracing beam       5     -6.90
Tracing beam       6     -5.75
Tracing beam       7     -4.60
Tracing beam       8     -3.45
Tracing beam       9     -2.30
Tracing beam      10     -1.15
Tracing beam      11      0.00
Tracing beam      12      1.15
Tracing beam      13      2.30
Tracing beam      14      3.45
Tracing beam      15      4.60
Tracing beam      16      5.75
Tracing beam      17      6.90
Tracing beam      18      8.05
Tracing beam      19      9.20
Tracing beam      20     10.35
Tracing beam      21     11.50

 CPU Time =       0.156E-01s
