 BELLHOP/BELLHOP3D

 BELLHOP- Shallow Water Environment RAY Mode                                     
 frequency =   2356.     Hz

 Dummy parameter NMedia =            1

     Spline approximation to SSP
     Attenuation units: dB/mkHz
     VACUUM

 Depth =     498.90 m

 Sound speed profile:
   z (m)     alphaR (m/s)   betaR  rho (g/cm^3)  alphaI     betaI

      0.00      1502.32      0.00     1.00       0.0000    0.0000
     20.00      1502.66      0.00     1.00       0.0000    0.0000
     39.90      1498.10      0.00     1.00       0.0000    0.0000
     59.90      1499.32      0.00     1.00       0.0000    0.0000
     79.80      1496.86      0.00     1.00       0.0000    0.0000
     99.80      1498.08      0.00     1.00       0.0000    0.0000
    119.70      1502.12      0.00     1.00       0.0000    0.0000
    139.70      1500.20      0.00     1.00       0.0000    0.0000
    159.70      1498.67      0.00     1.00       0.0000    0.0000
    179.60      1499.92      0.00     1.00       0.0000    0.0000
    199.60      1498.75      0.00     1.00       0.0000    0.0000
    219.50      1496.06      0.00     1.00       0.0000    0.0000
    239.50      1494.41      0.00     1.00       0.0000    0.0000
    259.40      1495.29      0.00     1.00       0.0000    0.0000
    279.40      1497.32      0.00     1.00       0.0000    0.0000
    299.40      1496.10      0.00     1.00       0.0000    0.0000
    319.30      1492.06      0.00     1.00       0.0000    0.0000
    339.30      1491.33      0.00     1.00       0.0000    0.0000
    359.20      1494.35      0.00     1.00       0.0000    0.0000
    379.20      1490.11      0.00     1.00       0.0000    0.0000
    399.10      1491.96      0.00     1.00       0.0000    0.0000
    419.10      1489.66      0.00     1.00       0.0000    0.0000
    439.10      1492.42      0.00     1.00       0.0000    0.0000
    459.00      1488.26      0.00     1.00       0.0000    0.0000
    479.00      1490.57      0.00     1.00       0.0000    0.0000
    498.90      1488.58      0.00     1.00       0.0000    0.0000

                                 ( RMS roughness =   0.00     )
     ACOUSTO-ELASTIC half-space
    698.90      1600.00      0.00     1.80       0.0000    0.0000

 __________________________________________________________________________

 Number of Source   depths, Sz =            2
 Source   depths, Sz (m)
   111.100       181.500    


 __________________________________________________________________________

 Number of Receiver depths, Rz =           33
 Receiver depths, Rz (m)
   0.00000       42.1531       84.3063       126.459       168.613    
   210.766       252.919       295.072       337.225       379.378    
          ... 
   1348.90    

 Warning in ReadSzRz : Receiver below or too near the bottom bdry has been moved up

 __________________________________________________________________________

 Number of Receiver ranges, Rr =          201
 Receiver ranges, Rr (km)
   0.00000      0.276000      0.552000      0.828000       1.10400    
   1.38000       1.65600       1.93200       2.20800       2.48400    
          ... 
   55.2000    


 Ray trace run
 Geometric hat beams in Cartesian coordinates
 Point source (cylindrical coordinates)
 Rectilinear receiver grid: Receivers at Rr( : ) x Rz( : )
 __________________________________________________________________________

 Number of beams in elevation   =           25
 Beam take-off angles (degrees)
  -16.0000      -14.6667      -13.3333      -12.0000      -10.6667    
  -9.33333      -8.00000      -6.66667      -5.33333      -4.00000    
          ... 
   16.0000    

 __________________________________________________________________________


 Step length,       deltas =   0.000     m

 Maximum ray depth, Box%z  =   1349.     m
 Maximum ray range, Box%r  =   50.00    km
 No beam shift in effect


 Step length,       deltas =   49.89     m (automatically selected)

Tracing beam       1    -16.00
Tracing beam       2    -14.67
Tracing beam       3    -13.33
Tracing beam       4    -12.00
Tracing beam       5    -10.67
Tracing beam       6     -9.33
Tracing beam       7     -8.00
Tracing beam       8     -6.67
Tracing beam       9     -5.33
Tracing beam      10     -4.00
Tracing beam      11     -2.67
Tracing beam      12     -1.33
Tracing beam      13      0.00
Tracing beam      14      1.33
Tracing beam      15      2.67
Tracing beam      16      4.00
Tracing beam      17      5.33
Tracing beam      18      6.67
Tracing beam      19      8.00
Tracing beam      20      9.33
Tracing beam      21     10.67
Tracing beam      22     12.00
Tracing beam      23     13.33
Tracing beam      24     14.67
Tracing beam      25     16.00
Tracing beam       1    -16.00
Tracing beam       2    -14.67
Tracing beam       3    -13.33
Tracing beam       4    -12.00
Tracing beam       5    -10.67
Tracing beam       6     -9.33
Tracing beam       7     -8.00
Tracing beam       8     -6.67
Tracing beam       9     -5.33
Tracing beam      10     -4.00
Tracing beam      11     -2.67
Tracing beam      12     -1.33
Tracing beam      13      0.00
Tracing beam      14      1.33
Tracing beam      15      2.67
Tracing beam      16      4.00
Tracing beam      17      5.33
Tracing beam      18      6.67
Tracing beam      19      8.00
Tracing beam      20      9.33
Tracing beam      21     10.67
Tracing beam      22     12.00
Tracing beam      23     13.33
Tracing beam      24     14.67
Tracing beam      25     16.00

 CPU Time =       0.125    s
