 BELLHOP/BELLHOP3D

 BELLHOP- Shallow Water Environment ARR Mode                                     
 frequency =   2356.     Hz

 Dummy parameter NMedia =            1

     Spline approximation to SSP
     Attenuation units: dB/mkHz
     VACUUM

 Depth =     498.90 m

 Sound speed profile:
   z (m)     alphaR (m/s)   betaR  rho (g/cm^3)  alphaI     betaI

      0.00      1502.32      0.00     1.00       0.0000    0.0000
     20.00      1502.66      0.00     1.00       0.0000    0.0000
     39.90      1498.10      0.00     1.00       0.0000    0.0000
     59.90      1499.32      0.00     1.00       0.0000    0.0000
     79.80      1496.86      0.00     1.00       0.0000    0.0000
     99.80      1498.08      0.00     1.00       0.0000    0.0000
    119.70      1502.12      0.00     1.00       0.0000    0.0000
    139.70      1500.20      0.00     1.00       0.0000    0.0000
    159.70      1498.67      0.00     1.00       0.0000    0.0000
    179.60      1499.92      0.00     1.00       0.0000    0.0000
    199.60      1498.75      0.00     1.00       0.0000    0.0000
    219.50      1496.06      0.00     1.00       0.0000    0.0000
    239.50      1494.41      0.00     1.00       0.0000    0.0000
    259.40      1495.29      0.00     1.00       0.0000    0.0000
    279.40      1497.32      0.00     1.00       0.0000    0.0000
    299.40      1496.10      0.00     1.00       0.0000    0.0000
    319.30      1492.06      0.00     1.00       0.0000    0.0000
    339.30      1491.33      0.00     1.00       0.0000    0.0000
    359.20      1494.35      0.00     1.00       0.0000    0.0000
    379.20      1490.11      0.00     1.00       0.0000    0.0000
    399.10      1491.96      0.00     1.00       0.0000    0.0000
    419.10      1489.66      0.00     1.00       0.0000    0.0000
    439.10      1492.42      0.00     1.00       0.0000    0.0000
    459.00      1488.26      0.00     1.00       0.0000    0.0000
    479.00      1490.57      0.00     1.00       0.0000    0.0000
    498.90      1488.58      0.00     1.00       0.0000    0.0000

                                 ( RMS roughness =   0.00     )
     ACOUSTO-ELASTIC half-space
    698.90      1600.00      0.00     1.80       0.0000    0.0000

 __________________________________________________________________________

 Number of Source   depths, Sz =            2
 Source   depths, Sz (m)
   82.5000       135.500    


 __________________________________________________________________________

 Number of Receiver depths, Rz =           42
 Receiver depths, Rz (m)
   0.00000       32.9000       65.8000       98.7000       131.600    
   164.500       197.400       230.300       263.200       296.100    
          ... 
   1348.90    

 Warning in ReadSzRz : Receiver below or too near the bottom bdry has been moved up

 __________________________________________________________________________

 Number of Receiver ranges, Rr =          201
 Receiver ranges, Rr (km)
   0.00000      0.274500      0.549000      0.823500       1.09800    
   1.37250       1.64700       1.92150       2.19600       2.47050    
          ... 
   54.9000    


 Arrivals calculation, ASCII  file output
 Geometric hat beams in Cartesian coordinates
 Point source (cylindrical coordinates)
 Rectilinear receiver grid: Receivers at Rr( : ) x Rz( : )
 __________________________________________________________________________

 Number of beams in elevation   =           38
 Beam take-off angles (degrees)
  -24.2000      -22.8919      -21.5838      -20.2757      -18.9676    
  -17.6595      -16.3514      -15.0432      -13.7351      -12.4270    
          ... 
   24.2000    

 __________________________________________________________________________


 Step length,       deltas =   0.000     m

 Maximum ray depth, Box%z  =   1349.     m
 Maximum ray range, Box%r  =   50.00    km
 No beam shift in effect


 Step length,       deltas =   49.89     m (automatically selected)

 ( Maximum # of arrivals =         2369 )

Tracing beam       1    -24.20

 Geometric hat beams                     
 halfwidth  =    8.8586869449153571     
 epsilonOpt =  (  0.0000000000000000     ,  580726.56136176293     )
 EpsMult    =    1.0000000000000000     

Tracing beam       2    -22.89
Tracing beam       3    -21.58
Tracing beam       4    -20.28
Tracing beam       5    -18.97
Tracing beam       6    -17.66
Tracing beam       7    -16.35
Tracing beam       8    -15.04
Tracing beam       9    -13.74
Tracing beam      10    -12.43
Tracing beam      11    -11.12
Tracing beam      12     -9.81
Tracing beam      13     -8.50
Tracing beam      14     -7.19
Tracing beam      15     -5.89
Tracing beam      16     -4.58
Tracing beam      17     -3.27
Tracing beam      18     -1.96
Tracing beam      19     -0.65
Tracing beam      20      0.65
Tracing beam      21      1.96
Tracing beam      22      3.27
Tracing beam      23      4.58
Tracing beam      24      5.89
Tracing beam      25      7.19
Tracing beam      26      8.50
Tracing beam      27      9.81
Tracing beam      28     11.12
Tracing beam      29     12.43
Tracing beam      30     13.74
Tracing beam      31     15.04
Tracing beam      32     16.35
Tracing beam      33     17.66
Tracing beam      34     18.97
Tracing beam      35     20.28
Tracing beam      36     21.58
Tracing beam      37     22.89
Tracing beam      38     24.20
Tracing beam       1    -24.20
Tracing beam       2    -22.89
Tracing beam       3    -21.58
Tracing beam       4    -20.28
Tracing beam       5    -18.97
Tracing beam       6    -17.66
Tracing beam       7    -16.35
Tracing beam       8    -15.04
Tracing beam       9    -13.74
Tracing beam      10    -12.43
Tracing beam      11    -11.12
Tracing beam      12     -9.81
Tracing beam      13     -8.50
Tracing beam      14     -7.19
Tracing beam      15     -5.89
Tracing beam      16     -4.58
Tracing beam      17     -3.27
Tracing beam      18     -1.96
Tracing beam      19     -0.65
Tracing beam      20      0.65
Tracing beam      21      1.96
Tracing beam      22      3.27
Tracing beam      23      4.58
Tracing beam      24      5.89
Tracing beam      25      7.19
Tracing beam      26      8.50
Tracing beam      27      9.81
Tracing beam      28     11.12
Tracing beam      29     12.43
Tracing beam      30     13.74
Tracing beam      31     15.04
Tracing beam      32     16.35
Tracing beam      33     17.66
Tracing beam      34     18.97
Tracing beam      35     20.28
Tracing beam      36     21.58
Tracing beam      37     22.89
Tracing beam      38     24.20

 CPU Time =       0.688    s
