 BELLHOP/BELLHOP3D

 BELLHOP- Shallow Water Environment SHD Mode                                     
 frequency =   2356.     Hz

 Dummy parameter NMedia =            1

     Spline approximation to SSP
     Attenuation units: dB/mkHz
     VACUUM

 Depth =     498.90 m

 Sound speed profile:
   z (m)     alphaR (m/s)   betaR  rho (g/cm^3)  alphaI     betaI

      0.00      1502.32      0.00     1.00       0.0000    0.0000
     20.00      1502.66      0.00     1.00       0.0000    0.0000
     39.90      1498.10      0.00     1.00       0.0000    0.0000
     59.90      1499.32      0.00     1.00       0.0000    0.0000
     79.80      1496.86      0.00     1.00       0.0000    0.0000
     99.80      1498.08      0.00     1.00       0.0000    0.0000
    119.70      1502.12      0.00     1.00       0.0000    0.0000
    139.70      1500.20      0.00     1.00       0.0000    0.0000
    159.70      1498.67      0.00     1.00       0.0000    0.0000
    179.60      1499.92      0.00     1.00       0.0000    0.0000
    199.60      1498.75      0.00     1.00       0.0000    0.0000
    219.50      1496.06      0.00     1.00       0.0000    0.0000
    239.50      1494.41      0.00     1.00       0.0000    0.0000
    259.40      1495.29      0.00     1.00       0.0000    0.0000
    279.40      1497.32      0.00     1.00       0.0000    0.0000
    299.40      1496.10      0.00     1.00       0.0000    0.0000
    319.30      1492.06      0.00     1.00       0.0000    0.0000
    339.30      1491.33      0.00     1.00       0.0000    0.0000
    359.20      1494.35      0.00     1.00       0.0000    0.0000
    379.20      1490.11      0.00     1.00       0.0000    0.0000
    399.10      1491.96      0.00     1.00       0.0000    0.0000
    419.10      1489.66      0.00     1.00       0.0000    0.0000
    439.10      1492.42      0.00     1.00       0.0000    0.0000
    459.00      1488.26      0.00     1.00       0.0000    0.0000
    479.00      1490.57      0.00     1.00       0.0000    0.0000
    498.90      1488.58      0.00     1.00       0.0000    0.0000

                                 ( RMS roughness =   0.00     )
     ACOUSTO-ELASTIC half-space
    698.90      1600.00      0.00     1.80       0.0000    0.0000

 __________________________________________________________________________

 Number of Source   depths, Sz =            1
 Source   depths, Sz (m)
   122.000    


 __________________________________________________________________________

 Number of Receiver depths, Rz =           84
 Receiver depths, Rz (m)
   0.00000       16.2518       32.5036       48.7554       65.0072    
   81.2590       97.5108       113.763       130.014       146.266    
          ... 
   1348.90    

 Warning in ReadSzRz : Receiver below or too near the bottom bdry has been moved up

 __________________________________________________________________________

 Number of Receiver ranges, Rr =          201
 Receiver ranges, Rr (km)
   0.00000      0.268000      0.536000      0.804000       1.07200    
   1.34000       1.60800       1.87600       2.14400       2.41200    
          ... 
   53.6000    


 Coherent TL calculation
 Geometric hat beams in Cartesian coordinates
 Point source (cylindrical coordinates)
 Rectilinear receiver grid: Receivers at Rr( : ) x Rz( : )
 __________________________________________________________________________

 Number of beams in elevation   =        25250
 Beam take-off angles (degrees)
  -72.6000      -72.5941      -72.5881      -72.5822      -72.5763    
  -72.5703      -72.5644      -72.5585      -72.5525      -72.5466    
          ... 
   77.2000    

 __________________________________________________________________________


 Step length,       deltas =   0.000     m

 Maximum ray depth, Box%z  =   1349.     m
 Maximum ray range, Box%r  =   50.00    km
 No beam shift in effect


 Step length,       deltas =   49.89     m (automatically selected)

Tracing beam       1    -72.60

 Geometric hat beams                     
 halfwidth  =    1960.4305452072474     
 epsilonOpt =  (  0.0000000000000000     ,  28440413240.617546     )
 EpsMult    =    1.0000000000000000     

Tracing beam     506    -69.60
Tracing beam    1011    -66.61
Tracing beam    1516    -63.61
Tracing beam    2021    -60.62
Tracing beam    2526    -57.62
Tracing beam    3031    -54.62
Tracing beam    3536    -51.63
Tracing beam    4041    -48.63
Tracing beam    4546    -45.63
Tracing beam    5051    -42.64
Tracing beam    5556    -39.64
Tracing beam    6061    -36.65
Tracing beam    6566    -33.65
Tracing beam    7071    -30.65
Tracing beam    7576    -27.66
Tracing beam    8081    -24.66
Tracing beam    8586    -21.67
Tracing beam    9091    -18.67
Tracing beam    9596    -15.67
Tracing beam   10101    -12.68
Tracing beam   10606     -9.68
Tracing beam   11111     -6.69
Tracing beam   11616     -3.69
Tracing beam   12121     -0.69
Tracing beam   12626      2.30
Tracing beam   13131      5.30
Tracing beam   13636      8.30
Tracing beam   14141     11.29
Tracing beam   14646     14.29
Tracing beam   15151     17.28
Tracing beam   15656     20.28
Tracing beam   16161     23.28
Tracing beam   16666     26.27
Tracing beam   17171     29.27
Tracing beam   17676     32.26
Tracing beam   18181     35.26
Tracing beam   18686     38.26
Tracing beam   19191     41.25
Tracing beam   19696     44.25
Tracing beam   20201     47.24
Tracing beam   20706     50.24
Tracing beam   21211     53.24
Tracing beam   21716     56.23
Tracing beam   22221     59.23
Tracing beam   22726     62.23
Tracing beam   23231     65.22
Tracing beam   23736     68.22
Tracing beam   24241     71.21
Tracing beam   24746     74.21

 CPU Time =        4.23    s
