 BELLHOP/BELLHOP3D

 BELLHOP- Tropical Ocean Environment RAY Mode                                    
 frequency =   1756.     Hz

 Dummy parameter NMedia =            1

     Spline approximation to SSP
     Attenuation units: dB/mkHz
     VACUUM

 Depth =    2942.80 m

 Sound speed profile:
   z (m)     alphaR (m/s)   betaR  rho (g/cm^3)  alphaI     betaI

      0.00      1512.82      0.00     1.00       0.0000    0.0000
     79.50      1507.62      0.00     1.00       0.0000    0.0000
    159.10      1508.10      0.00     1.00       0.0000    0.0000
    238.60      1507.15      0.00     1.00       0.0000    0.0000
    318.10      1504.29      0.00     1.00       0.0000    0.0000
    397.70      1501.24      0.00     1.00       0.0000    0.0000
    477.20      1500.27      0.00     1.00       0.0000    0.0000
    556.70      1494.74      0.00     1.00       0.0000    0.0000
    636.30      1493.65      0.00     1.00       0.0000    0.0000
    715.80      1493.16      0.00     1.00       0.0000    0.0000
    795.30      1490.87      0.00     1.00       0.0000    0.0000
    874.90      1490.16      0.00     1.00       0.0000    0.0000
    954.40      1489.97      0.00     1.00       0.0000    0.0000
   1034.00      1485.15      0.00     1.00       0.0000    0.0000
   1113.50      1484.80      0.00     1.00       0.0000    0.0000
   1193.00      1482.82      0.00     1.00       0.0000    0.0000
   1272.60      1485.70      0.00     1.00       0.0000    0.0000
   1352.10      1488.17      0.00     1.00       0.0000    0.0000
   1431.60      1489.40      0.00     1.00       0.0000    0.0000
   1511.20      1490.31      0.00     1.00       0.0000    0.0000
   1590.70      1491.56      0.00     1.00       0.0000    0.0000
   1670.20      1490.91      0.00     1.00       0.0000    0.0000
   1749.80      1491.95      0.00     1.00       0.0000    0.0000
   1829.30      1490.87      0.00     1.00       0.0000    0.0000
   1908.80      1489.95      0.00     1.00       0.0000    0.0000
   1988.40      1491.91      0.00     1.00       0.0000    0.0000
   2067.90      1493.81      0.00     1.00       0.0000    0.0000
   2147.40      1493.65      0.00     1.00       0.0000    0.0000
   2227.00      1496.08      0.00     1.00       0.0000    0.0000
   2306.50      1496.65      0.00     1.00       0.0000    0.0000
   2386.00      1499.58      0.00     1.00       0.0000    0.0000
   2465.60      1497.54      0.00     1.00       0.0000    0.0000
   2545.10      1500.03      0.00     1.00       0.0000    0.0000
   2624.70      1500.02      0.00     1.00       0.0000    0.0000
   2704.20      1499.96      0.00     1.00       0.0000    0.0000
   2783.70      1501.21      0.00     1.00       0.0000    0.0000
   2863.30      1500.05      0.00     1.00       0.0000    0.0000
   2942.80      1505.08      0.00     1.00       0.0000    0.0000

                                 ( RMS roughness =   0.00     )
     ACOUSTO-ELASTIC half-space
   3142.80      1600.00      0.00     1.80       0.0000    0.0000

 __________________________________________________________________________

 Number of Source   depths, Sz =            3
 Source   depths, Sz (m)
   40.8000       119.700       244.500    


 __________________________________________________________________________

 Number of Receiver depths, Rz =           37
 Receiver depths, Rz (m)
   0.00000       105.356       210.711       316.067       421.422    
   526.778       632.133       737.489       842.844       948.200    
          ... 
   3792.80    

 Warning in ReadSzRz : Receiver below or too near the bottom bdry has been moved up

 __________________________________________________________________________

 Number of Receiver ranges, Rr =          201
 Receiver ranges, Rr (km)
   0.00000      0.295500      0.591000      0.886500       1.18200    
   1.47750       1.77300       2.06850       2.36400       2.65950    
          ... 
   59.1000    


 Ray trace run
 Geometric hat beams in Cartesian coordinates
 Point source (cylindrical coordinates)
 Rectilinear receiver grid: Receivers at Rr( : ) x Rz( : )
 __________________________________________________________________________

 Number of beams in elevation   =           36
 Beam take-off angles (degrees)
  -17.1000      -16.1229      -15.1457      -14.1686      -13.1914    
  -12.2143      -11.2371      -10.2600      -9.28286      -8.30571    
          ... 
   17.1000    

 __________________________________________________________________________


 Step length,       deltas =   0.000     m

 Maximum ray depth, Box%z  =   3793.     m
 Maximum ray range, Box%r  =   50.00    km
 No beam shift in effect


 Step length,       deltas =   294.3     m (automatically selected)

Tracing beam       1    -17.10
Tracing beam       2    -16.12
Tracing beam       3    -15.15
Tracing beam       4    -14.17
Tracing beam       5    -13.19
Tracing beam       6    -12.21
Tracing beam       7    -11.24
Tracing beam       8    -10.26
Tracing beam       9     -9.28
Tracing beam      10     -8.31
Tracing beam      11     -7.33
Tracing beam      12     -6.35
Tracing beam      13     -5.37
Tracing beam      14     -4.40
Tracing beam      15     -3.42
Tracing beam      16     -2.44
Tracing beam      17     -1.47
Tracing beam      18     -0.49
Tracing beam      19      0.49
Tracing beam      20      1.47
Tracing beam      21      2.44
Tracing beam      22      3.42
Tracing beam      23      4.40
Tracing beam      24      5.37
Tracing beam      25      6.35
Tracing beam      26      7.33
Tracing beam      27      8.31
Tracing beam      28      9.28
Tracing beam      29     10.26
Tracing beam      30     11.24
Tracing beam      31     12.21
Tracing beam      32     13.19
Tracing beam      33     14.17
Tracing beam      34     15.15
Tracing beam      35     16.12
Tracing beam      36     17.10
Tracing beam       1    -17.10
Tracing beam       2    -16.12
Tracing beam       3    -15.15
Tracing beam       4    -14.17
Tracing beam       5    -13.19
Tracing beam       6    -12.21
Tracing beam       7    -11.24
Tracing beam       8    -10.26
Tracing beam       9     -9.28
Tracing beam      10     -8.31
Tracing beam      11     -7.33
Tracing beam      12     -6.35
Tracing beam      13     -5.37
Tracing beam      14     -4.40
Tracing beam      15     -3.42
Tracing beam      16     -2.44
Tracing beam      17     -1.47
Tracing beam      18     -0.49
Tracing beam      19      0.49
Tracing beam      20      1.47
Tracing beam      21      2.44
Tracing beam      22      3.42
Tracing beam      23      4.40
Tracing beam      24      5.37
Tracing beam      25      6.35
Tracing beam      26      7.33
Tracing beam      27      8.31
Tracing beam      28      9.28
Tracing beam      29     10.26
Tracing beam      30     11.24
Tracing beam      31     12.21
Tracing beam      32     13.19
Tracing beam      33     14.17
Tracing beam      34     15.15
Tracing beam      35     16.12
Tracing beam      36     17.10
Tracing beam       1    -17.10
Tracing beam       2    -16.12
Tracing beam       3    -15.15
Tracing beam       4    -14.17
Tracing beam       5    -13.19
Tracing beam       6    -12.21
Tracing beam       7    -11.24
Tracing beam       8    -10.26
Tracing beam       9     -9.28
Tracing beam      10     -8.31
Tracing beam      11     -7.33
Tracing beam      12     -6.35
Tracing beam      13     -5.37
Tracing beam      14     -4.40
Tracing beam      15     -3.42
Tracing beam      16     -2.44
Tracing beam      17     -1.47
Tracing beam      18     -0.49
Tracing beam      19      0.49
Tracing beam      20      1.47
Tracing beam      21      2.44
Tracing beam      22      3.42
Tracing beam      23      4.40
Tracing beam      24      5.37
Tracing beam      25      6.35
Tracing beam      26      7.33
Tracing beam      27      8.31
Tracing beam      28      9.28
Tracing beam      29     10.26
Tracing beam      30     11.24
Tracing beam      31     12.21
Tracing beam      32     13.19
Tracing beam      33     14.17
Tracing beam      34     15.15
Tracing beam      35     16.12
Tracing beam      36     17.10

 CPU Time =       0.625E-01s
