 BELLHOP/BELLHOP3D

 BELLHOP- Tropical Ocean Environment SHD Mode                                    
 frequency =   1756.     Hz

 Dummy parameter NMedia =            1

     Spline approximation to SSP
     Attenuation units: dB/mkHz
     VACUUM

 Depth =    2942.80 m

 Sound speed profile:
   z (m)     alphaR (m/s)   betaR  rho (g/cm^3)  alphaI     betaI

      0.00      1512.82      0.00     1.00       0.0000    0.0000
     79.50      1507.62      0.00     1.00       0.0000    0.0000
    159.10      1508.10      0.00     1.00       0.0000    0.0000
    238.60      1507.15      0.00     1.00       0.0000    0.0000
    318.10      1504.29      0.00     1.00       0.0000    0.0000
    397.70      1501.24      0.00     1.00       0.0000    0.0000
    477.20      1500.27      0.00     1.00       0.0000    0.0000
    556.70      1494.74      0.00     1.00       0.0000    0.0000
    636.30      1493.65      0.00     1.00       0.0000    0.0000
    715.80      1493.16      0.00     1.00       0.0000    0.0000
    795.30      1490.87      0.00     1.00       0.0000    0.0000
    874.90      1490.16      0.00     1.00       0.0000    0.0000
    954.40      1489.97      0.00     1.00       0.0000    0.0000
   1034.00      1485.15      0.00     1.00       0.0000    0.0000
   1113.50      1484.80      0.00     1.00       0.0000    0.0000
   1193.00      1482.82      0.00     1.00       0.0000    0.0000
   1272.60      1485.70      0.00     1.00       0.0000    0.0000
   1352.10      1488.17      0.00     1.00       0.0000    0.0000
   1431.60      1489.40      0.00     1.00       0.0000    0.0000
   1511.20      1490.31      0.00     1.00       0.0000    0.0000
   1590.70      1491.56      0.00     1.00       0.0000    0.0000
   1670.20      1490.91      0.00     1.00       0.0000    0.0000
   1749.80      1491.95      0.00     1.00       0.0000    0.0000
   1829.30      1490.87      0.00     1.00       0.0000    0.0000
   1908.80      1489.95      0.00     1.00       0.0000    0.0000
   1988.40      1491.91      0.00     1.00       0.0000    0.0000
   2067.90      1493.81      0.00     1.00       0.0000    0.0000
   2147.40      1493.65      0.00     1.00       0.0000    0.0000
   2227.00      1496.08      0.00     1.00       0.0000    0.0000
   2306.50      1496.65      0.00     1.00       0.0000    0.0000
   2386.00      1499.58      0.00     1.00       0.0000    0.0000
   2465.60      1497.54      0.00     1.00       0.0000    0.0000
   2545.10      1500.03      0.00     1.00       0.0000    0.0000
   2624.70      1500.02      0.00     1.00       0.0000    0.0000
   2704.20      1499.96      0.00     1.00       0.0000    0.0000
   2783.70      1501.21      0.00     1.00       0.0000    0.0000
   2863.30      1500.05      0.00     1.00       0.0000    0.0000
   2942.80      1505.08      0.00     1.00       0.0000    0.0000

                                 ( RMS roughness =   0.00     )
     ACOUSTO-ELASTIC half-space
   3142.80      1600.00      0.00     1.80       0.0000    0.0000

 __________________________________________________________________________

 Number of Source   depths, Sz =            1
 Source   depths, Sz (m)
   168.400    


 __________________________________________________________________________

 Number of Receiver depths, Rz =           63
 Receiver depths, Rz (m)
   0.00000       61.1742       122.348       183.523       244.697    
   305.871       367.045       428.219       489.394       550.568    
          ... 
   3792.80    

 Warning in ReadSzRz : Receiver below or too near the bottom bdry has been moved up

 __________________________________________________________________________

 Number of Receiver ranges, Rr =          201
 Receiver ranges, Rr (km)
   0.00000      0.227500      0.455000      0.682500      0.910000    
   1.13750       1.36500       1.59250       1.82000       2.04750    
          ... 
   45.5000    


 Coherent TL calculation
 Geometric hat beams in Cartesian coordinates
 Point source (cylindrical coordinates)
 Rectilinear receiver grid: Receivers at Rr( : ) x Rz( : )
 __________________________________________________________________________

 Number of beams in elevation   =        15979
 Beam take-off angles (degrees)
  -79.4000      -79.3903      -79.3806      -79.3709      -79.3611    
  -79.3514      -79.3417      -79.3320      -79.3223      -79.3126    
          ... 
   75.8000    

 __________________________________________________________________________


 Step length,       deltas =   0.000     m

 Maximum ray depth, Box%z  =   3793.     m
 Maximum ray range, Box%r  =   50.00    km
 No beam shift in effect


 Step length,       deltas =   294.3     m (automatically selected)

Tracing beam       1    -79.40

 Geometric hat beams                     
 halfwidth  =    1612.5601383452572     
 epsilonOpt =  (  0.0000000000000000     ,  14345187344.188581     )
 EpsMult    =    1.0000000000000000     

Tracing beam     320    -76.30
Tracing beam     639    -73.20
Tracing beam     958    -70.10
Tracing beam    1277    -67.01
Tracing beam    1596    -63.91
Tracing beam    1915    -60.81
Tracing beam    2234    -57.71
Tracing beam    2553    -54.61
Tracing beam    2872    -51.51
Tracing beam    3191    -48.41
Tracing beam    3510    -45.32
Tracing beam    3829    -42.22
Tracing beam    4148    -39.12
Tracing beam    4467    -36.02
Tracing beam    4786    -32.92
Tracing beam    5105    -29.82
Tracing beam    5424    -26.72
Tracing beam    5743    -23.63
Tracing beam    6062    -20.53
Tracing beam    6381    -17.43
Tracing beam    6700    -14.33
Tracing beam    7019    -11.23
Tracing beam    7338     -8.13
Tracing beam    7657     -5.03
Tracing beam    7976     -1.94
Tracing beam    8295      1.16
Tracing beam    8614      4.26
Tracing beam    8933      7.36
Tracing beam    9252     10.46
Tracing beam    9571     13.56
Tracing beam    9890     16.66
Tracing beam   10209     19.75
Tracing beam   10528     22.85
Tracing beam   10847     25.95
Tracing beam   11166     29.05
Tracing beam   11485     32.15
Tracing beam   11804     35.25
Tracing beam   12123     38.35
Tracing beam   12442     41.44
Tracing beam   12761     44.54
Tracing beam   13080     47.64
Tracing beam   13399     50.74
Tracing beam   13718     53.84
Tracing beam   14037     56.94
Tracing beam   14356     60.04
Tracing beam   14675     63.13
Tracing beam   14994     66.23
Tracing beam   15313     69.33
Tracing beam   15632     72.43
Tracing beam   15951     75.53

 CPU Time =        2.00    s
