 BELLHOP/BELLHOP3D

 BELLHOP- Tropical Ocean Environment ARR Mode                                    
 frequency =   1756.     Hz

 Dummy parameter NMedia =            1

     Spline approximation to SSP
     Attenuation units: dB/mkHz
     VACUUM

 Depth =    2942.80 m

 Sound speed profile:
   z (m)     alphaR (m/s)   betaR  rho (g/cm^3)  alphaI     betaI

      0.00      1512.82      0.00     1.00       0.0000    0.0000
     79.50      1507.62      0.00     1.00       0.0000    0.0000
    159.10      1508.10      0.00     1.00       0.0000    0.0000
    238.60      1507.15      0.00     1.00       0.0000    0.0000
    318.10      1504.29      0.00     1.00       0.0000    0.0000
    397.70      1501.24      0.00     1.00       0.0000    0.0000
    477.20      1500.27      0.00     1.00       0.0000    0.0000
    556.70      1494.74      0.00     1.00       0.0000    0.0000
    636.30      1493.65      0.00     1.00       0.0000    0.0000
    715.80      1493.16      0.00     1.00       0.0000    0.0000
    795.30      1490.87      0.00     1.00       0.0000    0.0000
    874.90      1490.16      0.00     1.00       0.0000    0.0000
    954.40      1489.97      0.00     1.00       0.0000    0.0000
   1034.00      1485.15      0.00     1.00       0.0000    0.0000
   1113.50      1484.80      0.00     1.00       0.0000    0.0000
   1193.00      1482.82      0.00     1.00       0.0000    0.0000
   1272.60      1485.70      0.00     1.00       0.0000    0.0000
   1352.10      1488.17      0.00     1.00       0.0000    0.0000
   1431.60      1489.40      0.00     1.00       0.0000    0.0000
   1511.20      1490.31      0.00     1.00       0.0000    0.0000
   1590.70      1491.56      0.00     1.00       0.0000    0.0000
   1670.20      1490.91      0.00     1.00       0.0000    0.0000
   1749.80      1491.95      0.00     1.00       0.0000    0.0000
   1829.30      1490.87      0.00     1.00       0.0000    0.0000
   1908.80      1489.95      0.00     1.00       0.0000    0.0000
   1988.40      1491.91      0.00     1.00       0.0000    0.0000
   2067.90      1493.81      0.00     1.00       0.0000    0.0000
   2147.40      1493.65      0.00     1.00       0.0000    0.0000
   2227.00      1496.08      0.00     1.00       0.0000    0.0000
   2306.50      1496.65      0.00     1.00       0.0000    0.0000
   2386.00      1499.58      0.00     1.00       0.0000    0.0000
   2465.60      1497.54      0.00     1.00       0.0000    0.0000
   2545.10      1500.03      0.00     1.00       0.0000    0.0000
   2624.70      1500.02      0.00     1.00       0.0000    0.0000
   2704.20      1499.96      0.00     1.00       0.0000    0.0000
   2783.70      1501.21      0.00     1.00       0.0000    0.0000
   2863.30      1500.05      0.00     1.00       0.0000    0.0000
   2942.80      1505.08      0.00     1.00       0.0000    0.0000

                                 ( RMS roughness =   0.00     )
     ACOUSTO-ELASTIC half-space
   3142.80      1600.00      0.00     1.80       0.0000    0.0000

 __________________________________________________________________________

 Number of Source   depths, Sz =            3
 Source   depths, Sz (m)
   119.000       251.200       299.000    


 __________________________________________________________________________

 Number of Receiver depths, Rz =           31
 Receiver depths, Rz (m)
   0.00000       126.427       252.853       379.280       505.707    
   632.133       758.560       884.987       1011.41       1137.84    
          ... 
   3792.80    

 Warning in ReadSzRz : Receiver below or too near the bottom bdry has been moved up

 __________________________________________________________________________

 Number of Receiver ranges, Rr =          201
 Receiver ranges, Rr (km)
   0.00000      0.230000      0.460000      0.690000      0.920000    
   1.15000       1.38000       1.61000       1.84000       2.07000    
          ... 
   46.0000    


 Arrivals calculation, ASCII  file output
 Geometric hat beams in Cartesian coordinates
 Point source (cylindrical coordinates)
 Rectilinear receiver grid: Receivers at Rr( : ) x Rz( : )
 __________________________________________________________________________

 Number of beams in elevation   =           21
 Beam take-off angles (degrees)
  -15.7000      -14.1300      -12.5600      -10.9900      -9.42000    
  -7.85000      -6.28000      -4.71000      -3.14000      -1.57000    
          ... 
   15.7000    

 __________________________________________________________________________


 Step length,       deltas =   0.000     m

 Maximum ray depth, Box%z  =   3793.     m
 Maximum ray range, Box%r  =   50.00    km
 No beam shift in effect


 Step length,       deltas =   294.3     m (automatically selected)

 ( Maximum # of arrivals =         3209 )

Tracing beam       1    -15.70

 Geometric hat beams                     
 halfwidth  =    9.9738464433213938     
 epsilonOpt =  (  0.0000000000000000     ,  548781.84998489195     )
 EpsMult    =    1.0000000000000000     

Tracing beam       2    -14.13
Tracing beam       3    -12.56
Tracing beam       4    -10.99
Tracing beam       5     -9.42
Tracing beam       6     -7.85
Tracing beam       7     -6.28
Tracing beam       8     -4.71
Tracing beam       9     -3.14
Tracing beam      10     -1.57
Tracing beam      11      0.00
Tracing beam      12      1.57
Tracing beam      13      3.14
Tracing beam      14      4.71
Tracing beam      15      6.28
Tracing beam      16      7.85
Tracing beam      17      9.42
Tracing beam      18     10.99
Tracing beam      19     12.56
Tracing beam      20     14.13
Tracing beam      21     15.70
Tracing beam       1    -15.70
Tracing beam       2    -14.13
Tracing beam       3    -12.56
Tracing beam       4    -10.99
Tracing beam       5     -9.42
Tracing beam       6     -7.85
Tracing beam       7     -6.28
Tracing beam       8     -4.71
Tracing beam       9     -3.14
Tracing beam      10     -1.57
Tracing beam      11      0.00
Tracing beam      12      1.57
Tracing beam      13      3.14
Tracing beam      14      4.71
Tracing beam      15      6.28
Tracing beam      16      7.85
Tracing beam      17      9.42
Tracing beam      18     10.99
Tracing beam      19     12.56
Tracing beam      20     14.13
Tracing beam      21     15.70
Tracing beam       1    -15.70
Tracing beam       2    -14.13
Tracing beam       3    -12.56
Tracing beam       4    -10.99
Tracing beam       5     -9.42
Tracing beam       6     -7.85
Tracing beam       7     -6.28
Tracing beam       8     -4.71
Tracing beam       9     -3.14
Tracing beam      10     -1.57
Tracing beam      11      0.00
Tracing beam      12      1.57
Tracing beam      13      3.14
Tracing beam      14      4.71
Tracing beam      15      6.28
Tracing beam      16      7.85
Tracing beam      17      9.42
Tracing beam      18     10.99
Tracing beam      19     12.56
Tracing beam      20     14.13
Tracing beam      21     15.70

 CPU Time =       0.250    s
