 BELLHOP/BELLHOP3D

 BELLHOP- Polar Ocean Environment RAY Mode                                       
 frequency =   862.3     Hz

 Dummy parameter NMedia =            1

     Spline approximation to SSP
     Attenuation units: dB/mkHz
     VACUUM

 Depth =    2556.60 m

 Sound speed profile:
   z (m)     alphaR (m/s)   betaR  rho (g/cm^3)  alphaI     betaI

      0.00      1463.44      0.00     1.00       0.0000    0.0000
     60.90      1463.99      0.00     1.00       0.0000    0.0000
    121.70      1464.69      0.00     1.00       0.0000    0.0000
    182.60      1460.95      0.00     1.00       0.0000    0.0000
    243.50      1460.00      0.00     1.00       0.0000    0.0000
    304.40      1460.00      0.00     1.00       0.0000    0.0000
    365.20      1460.00      0.00     1.00       0.0000    0.0000
    426.10      1460.00      0.00     1.00       0.0000    0.0000
    487.00      1460.00      0.00     1.00       0.0000    0.0000
    547.90      1460.00      0.00     1.00       0.0000    0.0000
    608.70      1460.00      0.00     1.00       0.0000    0.0000
    669.60      1460.00      0.00     1.00       0.0000    0.0000
    730.50      1460.00      0.00     1.00       0.0000    0.0000
    791.30      1460.00      0.00     1.00       0.0000    0.0000
    852.20      1460.00      0.00     1.00       0.0000    0.0000
    913.10      1460.00      0.00     1.00       0.0000    0.0000
    974.00      1460.00      0.00     1.00       0.0000    0.0000
   1034.80      1460.00      0.00     1.00       0.0000    0.0000
   1095.70      1460.00      0.00     1.00       0.0000    0.0000
   1156.60      1460.00      0.00     1.00       0.0000    0.0000
   1217.40      1460.00      0.00     1.00       0.0000    0.0000
   1278.30      1460.00      0.00     1.00       0.0000    0.0000
   1339.20      1460.00      0.00     1.00       0.0000    0.0000
   1400.10      1460.80      0.00     1.00       0.0000    0.0000
   1460.90      1462.14      0.00     1.00       0.0000    0.0000
   1521.80      1462.77      0.00     1.00       0.0000    0.0000
   1582.70      1466.68      0.00     1.00       0.0000    0.0000
   1643.60      1466.16      0.00     1.00       0.0000    0.0000
   1704.40      1465.41      0.00     1.00       0.0000    0.0000
   1765.30      1466.49      0.00     1.00       0.0000    0.0000
   1826.20      1469.88      0.00     1.00       0.0000    0.0000
   1887.00      1469.47      0.00     1.00       0.0000    0.0000
   1947.90      1467.27      0.00     1.00       0.0000    0.0000
   2008.80      1471.48      0.00     1.00       0.0000    0.0000
   2069.70      1472.86      0.00     1.00       0.0000    0.0000
   2130.50      1474.36      0.00     1.00       0.0000    0.0000
   2191.40      1472.27      0.00     1.00       0.0000    0.0000
   2252.30      1473.10      0.00     1.00       0.0000    0.0000
   2313.10      1473.34      0.00     1.00       0.0000    0.0000
   2374.00      1476.16      0.00     1.00       0.0000    0.0000
   2434.90      1477.73      0.00     1.00       0.0000    0.0000
   2495.80      1476.80      0.00     1.00       0.0000    0.0000
   2556.60      1478.30      0.00     1.00       0.0000    0.0000

                                 ( RMS roughness =   0.00     )
     ACOUSTO-ELASTIC half-space
   2756.60      1600.00      0.00     1.80       0.0000    0.0000

 __________________________________________________________________________

 Number of Source   depths, Sz =            1
 Source   depths, Sz (m)
   114.400    


 __________________________________________________________________________

 Number of Receiver depths, Rz =           46
 Receiver depths, Rz (m)
   0.00000       75.7022       151.404       227.107       302.809    
   378.511       454.213       529.916       605.618       681.320    
          ... 
   3406.60    

 Warning in ReadSzRz : Receiver below or too near the bottom bdry has been moved up

 __________________________________________________________________________

 Number of Receiver ranges, Rr =          201
 Receiver ranges, Rr (km)
   0.00000      0.267000      0.534000      0.801000       1.06800    
   1.33500       1.60200       1.86900       2.13600       2.40300    
          ... 
   53.4000    


 Ray trace run
 Geometric hat beams in Cartesian coordinates
 Point source (cylindrical coordinates)
 Rectilinear receiver grid: Receivers at Rr( : ) x Rz( : )
 __________________________________________________________________________

 Number of beams in elevation   =           35
 Beam take-off angles (degrees)
  -16.6000      -15.6235      -14.6471      -13.6706      -12.6941    
  -11.7176      -10.7412      -9.76471      -8.78824      -7.81176    
          ... 
   16.6000    

 __________________________________________________________________________


 Step length,       deltas =   0.000     m

 Maximum ray depth, Box%z  =   3407.     m
 Maximum ray range, Box%r  =   50.00    km
 No beam shift in effect


 Step length,       deltas =   255.7     m (automatically selected)

Tracing beam       1    -16.60
Tracing beam       2    -15.62
Tracing beam       3    -14.65
Tracing beam       4    -13.67
Tracing beam       5    -12.69
Tracing beam       6    -11.72
Tracing beam       7    -10.74
Tracing beam       8     -9.76
Tracing beam       9     -8.79
Tracing beam      10     -7.81
Tracing beam      11     -6.84
Tracing beam      12     -5.86
Tracing beam      13     -4.88
Tracing beam      14     -3.91
Tracing beam      15     -2.93
Tracing beam      16     -1.95
Tracing beam      17     -0.98
Tracing beam      18      0.00
Tracing beam      19      0.98
Tracing beam      20      1.95
Tracing beam      21      2.93
Tracing beam      22      3.91
Tracing beam      23      4.88
Tracing beam      24      5.86
Tracing beam      25      6.84
Tracing beam      26      7.81
Tracing beam      27      8.79
Tracing beam      28      9.76
Tracing beam      29     10.74
Tracing beam      30     11.72
Tracing beam      31     12.69
Tracing beam      32     13.67
Tracing beam      33     14.65
Tracing beam      34     15.62
Tracing beam      35     16.60

 CPU Time =       0.156E-01s
