 BELLHOP/BELLHOP3D

 BELLHOP- Polar Ocean Environment SHD Mode                                       
 frequency =   862.3     Hz

 Dummy parameter NMedia =            1

     Spline approximation to SSP
     Attenuation units: dB/mkHz
     VACUUM

 Depth =    2556.60 m

 Sound speed profile:
   z (m)     alphaR (m/s)   betaR  rho (g/cm^3)  alphaI     betaI

      0.00      1463.44      0.00     1.00       0.0000    0.0000
     60.90      1463.99      0.00     1.00       0.0000    0.0000
    121.70      1464.69      0.00     1.00       0.0000    0.0000
    182.60      1460.95      0.00     1.00       0.0000    0.0000
    243.50      1460.00      0.00     1.00       0.0000    0.0000
    304.40      1460.00      0.00     1.00       0.0000    0.0000
    365.20      1460.00      0.00     1.00       0.0000    0.0000
    426.10      1460.00      0.00     1.00       0.0000    0.0000
    487.00      1460.00      0.00     1.00       0.0000    0.0000
    547.90      1460.00      0.00     1.00       0.0000    0.0000
    608.70      1460.00      0.00     1.00       0.0000    0.0000
    669.60      1460.00      0.00     1.00       0.0000    0.0000
    730.50      1460.00      0.00     1.00       0.0000    0.0000
    791.30      1460.00      0.00     1.00       0.0000    0.0000
    852.20      1460.00      0.00     1.00       0.0000    0.0000
    913.10      1460.00      0.00     1.00       0.0000    0.0000
    974.00      1460.00      0.00     1.00       0.0000    0.0000
   1034.80      1460.00      0.00     1.00       0.0000    0.0000
   1095.70      1460.00      0.00     1.00       0.0000    0.0000
   1156.60      1460.00      0.00     1.00       0.0000    0.0000
   1217.40      1460.00      0.00     1.00       0.0000    0.0000
   1278.30      1460.00      0.00     1.00       0.0000    0.0000
   1339.20      1460.00      0.00     1.00       0.0000    0.0000
   1400.10      1460.80      0.00     1.00       0.0000    0.0000
   1460.90      1462.14      0.00     1.00       0.0000    0.0000
   1521.80      1462.77      0.00     1.00       0.0000    0.0000
   1582.70      1466.68      0.00     1.00       0.0000    0.0000
   1643.60      1466.16      0.00     1.00       0.0000    0.0000
   1704.40      1465.41      0.00     1.00       0.0000    0.0000
   1765.30      1466.49      0.00     1.00       0.0000    0.0000
   1826.20      1469.88      0.00     1.00       0.0000    0.0000
   1887.00      1469.47      0.00     1.00       0.0000    0.0000
   1947.90      1467.27      0.00     1.00       0.0000    0.0000
   2008.80      1471.48      0.00     1.00       0.0000    0.0000
   2069.70      1472.86      0.00     1.00       0.0000    0.0000
   2130.50      1474.36      0.00     1.00       0.0000    0.0000
   2191.40      1472.27      0.00     1.00       0.0000    0.0000
   2252.30      1473.10      0.00     1.00       0.0000    0.0000
   2313.10      1473.34      0.00     1.00       0.0000    0.0000
   2374.00      1476.16      0.00     1.00       0.0000    0.0000
   2434.90      1477.73      0.00     1.00       0.0000    0.0000
   2495.80      1476.80      0.00     1.00       0.0000    0.0000
   2556.60      1478.30      0.00     1.00       0.0000    0.0000

                                 ( RMS roughness =   0.00     )
     ACOUSTO-ELASTIC half-space
   2756.60      1600.00      0.00     1.80       0.0000    0.0000

 __________________________________________________________________________

 Number of Source   depths, Sz =            1
 Source   depths, Sz (m)
   148.600    


 __________________________________________________________________________

 Number of Receiver depths, Rz =           67
 Receiver depths, Rz (m)
   0.00000       51.6152       103.230       154.845       206.461    
   258.076       309.691       361.306       412.921       464.536    
          ... 
   3406.60    

 Warning in ReadSzRz : Receiver below or too near the bottom bdry has been moved up

 __________________________________________________________________________

 Number of Receiver ranges, Rr =          201
 Receiver ranges, Rr (km)
   0.00000      0.294500      0.589000      0.883500       1.17800    
   1.47250       1.76700       2.06150       2.35600       2.65050    
          ... 
   58.9000    


 Coherent TL calculation
 Geometric hat beams in Cartesian coordinates
 Point source (cylindrical coordinates)
 Rectilinear receiver grid: Receivers at Rr( : ) x Rz( : )
 __________________________________________________________________________

 Number of beams in elevation   =        10157
 Beam take-off angles (degrees)
  -73.3000      -73.2848      -73.2696      -73.2544      -73.2391    
  -73.2239      -73.2087      -73.1935      -73.1783      -73.1631    
          ... 
   81.2000    

 __________________________________________________________________________


 Step length,       deltas =   0.000     m

 Maximum ray depth, Box%z  =   3407.     m
 Maximum ray range, Box%r  =   50.00    km
 No beam shift in effect


 Step length,       deltas =   255.7     m (automatically selected)

Tracing beam       1    -73.30

 Geometric hat beams                     
 halfwidth  =    2034.2806439108710     
 epsilonOpt =  (  0.0000000000000000     ,  11210629309.770180     )
 EpsMult    =    1.0000000000000000     

Tracing beam     204    -70.21
Tracing beam     407    -67.12
Tracing beam     610    -64.04
Tracing beam     813    -60.95
Tracing beam    1016    -57.86
Tracing beam    1219    -54.77
Tracing beam    1422    -51.68
Tracing beam    1625    -48.59
Tracing beam    1828    -45.51
Tracing beam    2031    -42.42
Tracing beam    2234    -39.33
Tracing beam    2437    -36.24
Tracing beam    2640    -33.15
Tracing beam    2843    -30.07
Tracing beam    3046    -26.98
Tracing beam    3249    -23.89
Tracing beam    3452    -20.80
Tracing beam    3655    -17.71
Tracing beam    3858    -14.62
Tracing beam    4061    -11.54
Tracing beam    4264     -8.45
Tracing beam    4467     -5.36
Tracing beam    4670     -2.27
Tracing beam    4873      0.82
Tracing beam    5076      3.90
Tracing beam    5279      6.99
Tracing beam    5482     10.08
Tracing beam    5685     13.17
Tracing beam    5888     16.26
Tracing beam    6091     19.35
Tracing beam    6294     22.43
Tracing beam    6497     25.52
Tracing beam    6700     28.61
Tracing beam    6903     31.70
Tracing beam    7106     34.79
Tracing beam    7309     37.87
Tracing beam    7512     40.96
Tracing beam    7715     44.05
Tracing beam    7918     47.14
Tracing beam    8121     50.23
Tracing beam    8324     53.32
Tracing beam    8527     56.40
Tracing beam    8730     59.49
Tracing beam    8933     62.58
Tracing beam    9136     65.67
Tracing beam    9339     68.76
Tracing beam    9542     71.84
Tracing beam    9745     74.93
Tracing beam    9948     78.02
Tracing beam   10151     81.11

 CPU Time =        1.20    s
