 BELLHOP/BELLHOP3D

 BELLHOP- Polar Ocean Environment ARR Mode                                       
 frequency =   862.3     Hz

 Dummy parameter NMedia =            1

     Spline approximation to SSP
     Attenuation units: dB/mkHz
     VACUUM

 Depth =    2556.60 m

 Sound speed profile:
   z (m)     alphaR (m/s)   betaR  rho (g/cm^3)  alphaI     betaI

      0.00      1463.44      0.00     1.00       0.0000    0.0000
     60.90      1463.99      0.00     1.00       0.0000    0.0000
    121.70      1464.69      0.00     1.00       0.0000    0.0000
    182.60      1460.95      0.00     1.00       0.0000    0.0000
    243.50      1460.00      0.00     1.00       0.0000    0.0000
    304.40      1460.00      0.00     1.00       0.0000    0.0000
    365.20      1460.00      0.00     1.00       0.0000    0.0000
    426.10      1460.00      0.00     1.00       0.0000    0.0000
    487.00      1460.00      0.00     1.00       0.0000    0.0000
    547.90      1460.00      0.00     1.00       0.0000    0.0000
    608.70      1460.00      0.00     1.00       0.0000    0.0000
    669.60      1460.00      0.00     1.00       0.0000    0.0000
    730.50      1460.00      0.00     1.00       0.0000    0.0000
    791.30      1460.00      0.00     1.00       0.0000    0.0000
    852.20      1460.00      0.00     1.00       0.0000    0.0000
    913.10      1460.00      0.00     1.00       0.0000    0.0000
    974.00      1460.00      0.00     1.00       0.0000    0.0000
   1034.80      1460.00      0.00     1.00       0.0000    0.0000
   1095.70      1460.00      0.00     1.00       0.0000    0.0000
   1156.60      1460.00      0.00     1.00       0.0000    0.0000
   1217.40      1460.00      0.00     1.00       0.0000    0.0000
   1278.30      1460.00      0.00     1.00       0.0000    0.0000
   1339.20      1460.00      0.00     1.00       0.0000    0.0000
   1400.10      1460.80      0.00     1.00       0.0000    0.0000
   1460.90      1462.14      0.00     1.00       0.0000    0.0000
   1521.80      1462.77      0.00     1.00       0.0000    0.0000
   1582.70      1466.68      0.00     1.00       0.0000    0.0000
   1643.60      1466.16      0.00     1.00       0.0000    0.0000
   1704.40      1465.41      0.00     1.00       0.0000    0.0000
   1765.30      1466.49      0.00     1.00       0.0000    0.0000
   1826.20      1469.88      0.00     1.00       0.0000    0.0000
   1887.00      1469.47      0.00     1.00       0.0000    0.0000
   1947.90      1467.27      0.00     1.00       0.0000    0.0000
   2008.80      1471.48      0.00     1.00       0.0000    0.0000
   2069.70      1472.86      0.00     1.00       0.0000    0.0000
   2130.50      1474.36      0.00     1.00       0.0000    0.0000
   2191.40      1472.27      0.00     1.00       0.0000    0.0000
   2252.30      1473.10      0.00     1.00       0.0000    0.0000
   2313.10      1473.34      0.00     1.00       0.0000    0.0000
   2374.00      1476.16      0.00     1.00       0.0000    0.0000
   2434.90      1477.73      0.00     1.00       0.0000    0.0000
   2495.80      1476.80      0.00     1.00       0.0000    0.0000
   2556.60      1478.30      0.00     1.00       0.0000    0.0000

                                 ( RMS roughness =   0.00     )
     ACOUSTO-ELASTIC half-space
   2756.60      1600.00      0.00     1.80       0.0000    0.0000

 __________________________________________________________________________

 Number of Source   depths, Sz =            3
 Source   depths, Sz (m)
   62.4000       99.1000       148.100    


 __________________________________________________________________________

 Number of Receiver depths, Rz =           47
 Receiver depths, Rz (m)
   0.00000       74.0565       148.113       222.170       296.226    
   370.283       444.339       518.396       592.452       666.509    
          ... 
   3406.60    

 Warning in ReadSzRz : Receiver below or too near the bottom bdry has been moved up

 __________________________________________________________________________

 Number of Receiver ranges, Rr =          201
 Receiver ranges, Rr (km)
   0.00000      0.262000      0.524000      0.786000       1.04800    
   1.31000       1.57200       1.83400       2.09600       2.35800    
          ... 
   52.4000    


 Arrivals calculation, ASCII  file output
 Geometric hat beams in Cartesian coordinates
 Point source (cylindrical coordinates)
 Rectilinear receiver grid: Receivers at Rr( : ) x Rz( : )
 __________________________________________________________________________

 Number of beams in elevation   =           39
 Beam take-off angles (degrees)
  -23.7000      -22.4526      -21.2053      -19.9579      -18.7105    
  -17.4632      -16.2158      -14.9684      -13.7211      -12.4737    
          ... 
   23.7000    

 __________________________________________________________________________


 Step length,       deltas =   0.000     m

 Maximum ray depth, Box%z  =   3407.     m
 Maximum ray range, Box%r  =   50.00    km
 No beam shift in effect


 Step length,       deltas =   255.7     m (automatically selected)

 ( Maximum # of arrivals =         2117 )

Tracing beam       1    -23.70

 Geometric hat beams                     
 halfwidth  =    24.824046559883293     
 epsilonOpt =  (  0.0000000000000000     ,  1669373.1076794786     )
 EpsMult    =    1.0000000000000000     

Tracing beam       2    -22.45
Tracing beam       3    -21.21
Tracing beam       4    -19.96
Tracing beam       5    -18.71
Tracing beam       6    -17.46
Tracing beam       7    -16.22
Tracing beam       8    -14.97
Tracing beam       9    -13.72
Tracing beam      10    -12.47
Tracing beam      11    -11.23
Tracing beam      12     -9.98
Tracing beam      13     -8.73
Tracing beam      14     -7.48
Tracing beam      15     -6.24
Tracing beam      16     -4.99
Tracing beam      17     -3.74
Tracing beam      18     -2.49
Tracing beam      19     -1.25
Tracing beam      20      0.00
Tracing beam      21      1.25
Tracing beam      22      2.49
Tracing beam      23      3.74
Tracing beam      24      4.99
Tracing beam      25      6.24
Tracing beam      26      7.48
Tracing beam      27      8.73
Tracing beam      28      9.98
Tracing beam      29     11.23
Tracing beam      30     12.47
Tracing beam      31     13.72
Tracing beam      32     14.97
Tracing beam      33     16.22
Tracing beam      34     17.46
Tracing beam      35     18.71
Tracing beam      36     19.96
Tracing beam      37     21.21
Tracing beam      38     22.45
Tracing beam      39     23.70
Tracing beam       1    -23.70
Tracing beam       2    -22.45
Tracing beam       3    -21.21
Tracing beam       4    -19.96
Tracing beam       5    -18.71
Tracing beam       6    -17.46
Tracing beam       7    -16.22
Tracing beam       8    -14.97
Tracing beam       9    -13.72
Tracing beam      10    -12.47
Tracing beam      11    -11.23
Tracing beam      12     -9.98
Tracing beam      13     -8.73
Tracing beam      14     -7.48
Tracing beam      15     -6.24
Tracing beam      16     -4.99
Tracing beam      17     -3.74
Tracing beam      18     -2.49
Tracing beam      19     -1.25
Tracing beam      20      0.00
Tracing beam      21      1.25
Tracing beam      22      2.49
Tracing beam      23      3.74
Tracing beam      24      4.99
Tracing beam      25      6.24
Tracing beam      26      7.48
Tracing beam      27      8.73
Tracing beam      28      9.98
Tracing beam      29     11.23
Tracing beam      30     12.47
Tracing beam      31     13.72
Tracing beam      32     14.97
Tracing beam      33     16.22
Tracing beam      34     17.46
Tracing beam      35     18.71
Tracing beam      36     19.96
Tracing beam      37     21.21
Tracing beam      38     22.45
Tracing beam      39     23.70
Tracing beam       1    -23.70
Tracing beam       2    -22.45
Tracing beam       3    -21.21
Tracing beam       4    -19.96
Tracing beam       5    -18.71
Tracing beam       6    -17.46
Tracing beam       7    -16.22
Tracing beam       8    -14.97
Tracing beam       9    -13.72
Tracing beam      10    -12.47
Tracing beam      11    -11.23
Tracing beam      12     -9.98
Tracing beam      13     -8.73
Tracing beam      14     -7.48
Tracing beam      15     -6.24
Tracing beam      16     -4.99
Tracing beam      17     -3.74
Tracing beam      18     -2.49
Tracing beam      19     -1.25
Tracing beam      20      0.00
Tracing beam      21      1.25
Tracing beam      22      2.49
Tracing beam      23      3.74
Tracing beam      24      4.99
Tracing beam      25      6.24
Tracing beam      26      7.48
Tracing beam      27      8.73
Tracing beam      28      9.98
Tracing beam      29     11.23
Tracing beam      30     12.47
Tracing beam      31     13.72
Tracing beam      32     14.97
Tracing beam      33     16.22
Tracing beam      34     17.46
Tracing beam      35     18.71
Tracing beam      36     19.96
Tracing beam      37     21.21
Tracing beam      38     22.45
Tracing beam      39     23.70

 CPU Time =       0.453    s
