 BELLHOP/BELLHOP3D
 
 BELLHOP- Realistic Ocean Environment B2                                        
  
 frequency =  0.1487E+05 Hz

 Dummy parameter NMedia =            1
 
     C-linear approximation to SSP
     Attenuation units: dB/wavelength
     VACUUM
 
 Depth =    5000.00 m
 
 Sound speed profile:
      z         alphaR      betaR     rho        alphaI     betaI
     (m)         (m/s)      (m/s)   (g/cm^3)      (m/s)     (m/s)

      0.00      1523.02      0.00     1.00       0.0000    0.0000
    208.33      1509.71      0.00     1.00       0.0000    0.0000
    416.67      1489.39      0.00     1.00       0.0000    0.0000
    625.00      1484.40      0.00     1.00       0.0000    0.0000
    833.33      1490.33      0.00     1.00       0.0000    0.0000
   1041.67      1491.20      0.00     1.00       0.0000    0.0000
   1250.00      1491.68      0.00     1.00       0.0000    0.0000
   1458.33      1492.63      0.00     1.00       0.0000    0.0000
   1666.67      1493.93      0.00     1.00       0.0000    0.0000
   1875.00      1495.25      0.00     1.00       0.0000    0.0000
   2083.33      1494.94      0.00     1.00       0.0000    0.0000
   2291.67      1496.86      0.00     1.00       0.0000    0.0000
   2500.00      1498.43      0.00     1.00       0.0000    0.0000
   2708.33      1498.60      0.00     1.00       0.0000    0.0000
   2916.67      1499.90      0.00     1.00       0.0000    0.0000
   3125.00      1500.21      0.00     1.00       0.0000    0.0000
   3333.33      1501.40      0.00     1.00       0.0000    0.0000
   3541.67      1503.75      0.00     1.00       0.0000    0.0000
   3750.00      1504.24      0.00     1.00       0.0000    0.0000
   3958.33      1504.89      0.00     1.00       0.0000    0.0000
   4166.67      1505.44      0.00     1.00       0.0000    0.0000
   4375.00      1506.26      0.00     1.00       0.0000    0.0000
   4583.33      1508.52      0.00     1.00       0.0000    0.0000
   4791.67      1508.72      0.00     1.00       0.0000    0.0000
   5000.00      1509.88      0.00     1.00       0.0000    0.0000
 
                                 ( RMS roughness =  0.500E+04 )
     Perfectly RIGID
 
 __________________________________________________________________________
 
    Number of Source   z-coordinates, Sz =            1
    Source   z-coordinates, Sz (m)
                0.300000    
 
 
 __________________________________________________________________________
 
    Number of Receiver z-coordinates, Rz =            1
    Receiver z-coordinates, Rz (m)
                 143.400    
 
 
 __________________________________________________________________________
 
    Number of Receiver r-coordinates, Rr =          101
    Receiver r-coordinates, Rr (km)
                 0.00000       1.24700       2.49400       3.74100    
   4.98800       6.23500       7.48200       8.72900       9.97600    
   11.2230    
          ... 
   124.700    
 
 
 Arrivals calculation, ASCII  file output
 Geometric hat beams in Cartesian coordinates
 Point source (cylindrical coordinates)
 Rectilinear receiver grid: Receivers at Rr( : ) x Rz( : )
 __________________________________________________________________________
 
    Number of beams in elevation   =          101
    Beam take-off angles (degrees)
  -20.0000      -19.6000      -19.2000      -18.8000      -18.4000    
  -18.0000      -17.6000      -17.2000      -16.8000      -16.4000    
          ... 
   20.0000    
 
 __________________________________________________________________________
 
 
 Step length,       deltas =   0.000     m
 
 Maximum ray depth, Box%z  =   17.20     m
 Maximum ray range, Box%r  =   101.0    km
 No beam shift in effect
 
 
 Step length,       deltas =   500.0     m (automatically selected)
 
 ( Maximum # of arrivals =       198019 )
 
Tracing beam       1    -20.00
 
 Geometric hat beams                     
 halfwidth  =    4.66870906860889     
 epsilonOpt =  (0.000000000000000E+000,1018496.62374120)
 EpsMult    =    1.00000000000000     
 

 CPU Time =        0.00    us

 CPU Time =        0.00    us
Tracing beam       3    -19.20

 CPU Time =        0.00    us

 CPU Time =        0.00    us
Tracing beam       5    -18.40

 CPU Time =        0.00    us

 CPU Time =        0.00    us
Tracing beam       7    -17.60

 CPU Time =        0.00    us

 CPU Time =        0.00    us
Tracing beam       9    -16.80

 CPU Time =        0.00    us

 CPU Time =        0.00    us
Tracing beam      11    -16.00

 CPU Time =        0.00    us

 CPU Time =        0.00    us
Tracing beam      13    -15.20

 CPU Time =        0.00    us

 CPU Time =        0.00    us
Tracing beam      15    -14.40

 CPU Time =        0.00    us

 CPU Time =        0.00    us
Tracing beam      17    -13.60

 CPU Time =        0.00    us

 CPU Time =        0.00    us
Tracing beam      19    -12.80

 CPU Time =        0.00    us

 CPU Time =        0.00    us
Tracing beam      21    -12.00

 CPU Time =        0.00    us

 CPU Time =        0.00    us
Tracing beam      23    -11.20

 CPU Time =        0.00    us

 CPU Time =        0.00    us
Tracing beam      25    -10.40

 CPU Time =        0.00    us

 CPU Time =        0.00    us
Tracing beam      27     -9.60

 CPU Time =        0.00    us

 CPU Time =        0.00    us
Tracing beam      29     -8.80

 CPU Time =        0.00    us

 CPU Time =        0.00    us
Tracing beam      31     -8.00

 CPU Time =        0.00    us

 CPU Time =        0.00    us
Tracing beam      33     -7.20

 CPU Time =        0.00    us

 CPU Time =        0.00    us
Tracing beam      35     -6.40

 CPU Time =        0.00    us

 CPU Time =        0.00    us
Tracing beam      37     -5.60

 CPU Time =        0.00    us

 CPU Time =        0.00    us
Tracing beam      39     -4.80

 CPU Time =        0.00    us

 CPU Time =        0.00    us
Tracing beam      41     -4.00

 CPU Time =        0.00    us

 CPU Time =        0.00    us
Tracing beam      43     -3.20

 CPU Time =        0.00    us

 CPU Time =        0.00    us
Tracing beam      45     -2.40

 CPU Time =        0.00    us

 CPU Time =        0.00    us
Tracing beam      47     -1.60

 CPU Time =        0.00    us

 CPU Time =        0.00    us
Tracing beam      49     -0.80

 CPU Time =        0.00    us

 CPU Time =        0.00    us
Tracing beam      51      0.00

 CPU Time =        0.00    us

 CPU Time =        0.00    us
Tracing beam      53      0.80

 CPU Time =        0.00    us

 CPU Time =        0.00    us
Tracing beam      55      1.60

 CPU Time =        0.00    us

 CPU Time =        0.00    us
Tracing beam      57      2.40

 CPU Time =        0.00    us

 CPU Time =        0.00    us
Tracing beam      59      3.20

 CPU Time =        0.00    us

 CPU Time =        0.00    us
Tracing beam      61      4.00

 CPU Time =        0.00    us

 CPU Time =        0.00    us
Tracing beam      63      4.80

 CPU Time =        0.00    us

 CPU Time =        0.00    us
Tracing beam      65      5.60

 CPU Time =        0.00    us

 CPU Time =        0.00    us
Tracing beam      67      6.40

 CPU Time =        0.00    us

 CPU Time =        0.00    us
Tracing beam      69      7.20

 CPU Time =        0.00    us

 CPU Time =        0.00    us
Tracing beam      71      8.00

 CPU Time =        0.00    us

 CPU Time =        0.00    us
Tracing beam      73      8.80

 CPU Time =        0.00    us

 CPU Time =        0.00    us
Tracing beam      75      9.60

 CPU Time =        0.00    us

 CPU Time =        0.00    us
Tracing beam      77     10.40

 CPU Time =        0.00    us

 CPU Time =        0.00    us
Tracing beam      79     11.20

 CPU Time =        0.00    us

 CPU Time =        0.00    us
Tracing beam      81     12.00

 CPU Time =        0.00    us

 CPU Time =        0.00    us
Tracing beam      83     12.80

 CPU Time =        0.00    us

 CPU Time =        0.00    us
Tracing beam      85     13.60

 CPU Time =        0.00    us

 CPU Time =        0.00    us
Tracing beam      87     14.40

 CPU Time =        0.00    us

 CPU Time =        0.00    us
Tracing beam      89     15.20

 CPU Time =        0.00    us

 CPU Time =        0.00    us
Tracing beam      91     16.00

 CPU Time =        0.00    us

 CPU Time =        0.00    us
Tracing beam      93     16.80

 CPU Time =        0.00    us

 CPU Time =        0.00    us
Tracing beam      95     17.60

 CPU Time =        0.00    us

 CPU Time =        0.00    us
Tracing beam      97     18.40

 CPU Time =        0.00    us

 CPU Time =        0.00    us
Tracing beam      99     19.20

 CPU Time =        0.00    us

 CPU Time =        0.00    us
Tracing beam     101     20.00

 CPU Time =        0.00    us

 CPU Time =        0.00    s
