 BELLHOP/BELLHOP3D
 
 BELLHOP- Realistic Ocean Environment B8                                        
  
 frequency =   225.4     Hz

 Dummy parameter NMedia =            1
 
     C-linear approximation to SSP
     Attenuation units: dB/wavelength
     VACUUM
 
 Depth =    5000.00 m
 
 Sound speed profile:
      z         alphaR      betaR     rho        alphaI     betaI
     (m)         (m/s)      (m/s)   (g/cm^3)      (m/s)     (m/s)

      0.00      1536.49      0.00     1.00       0.0000    0.0000
    208.33      1520.20      0.00     1.00       0.0000    0.0000
    416.67      1501.11      0.00     1.00       0.0000    0.0000
    625.00      1490.29      0.00     1.00       0.0000    0.0000
    833.33      1494.52      0.00     1.00       0.0000    0.0000
   1041.67      1498.49      0.00     1.00       0.0000    0.0000
   1250.00      1498.41      0.00     1.00       0.0000    0.0000
   1458.33      1500.47      0.00     1.00       0.0000    0.0000
   1666.67      1500.94      0.00     1.00       0.0000    0.0000
   1875.00      1500.78      0.00     1.00       0.0000    0.0000
   2083.33      1502.13      0.00     1.00       0.0000    0.0000
   2291.67      1502.90      0.00     1.00       0.0000    0.0000
   2500.00      1504.55      0.00     1.00       0.0000    0.0000
   2708.33      1506.99      0.00     1.00       0.0000    0.0000
   2916.67      1507.82      0.00     1.00       0.0000    0.0000
   3125.00      1507.84      0.00     1.00       0.0000    0.0000
   3333.33      1508.34      0.00     1.00       0.0000    0.0000
   3541.67      1509.63      0.00     1.00       0.0000    0.0000
   3750.00      1510.55      0.00     1.00       0.0000    0.0000
   3958.33      1511.97      0.00     1.00       0.0000    0.0000
   4166.67      1512.91      0.00     1.00       0.0000    0.0000
   4375.00      1515.07      0.00     1.00       0.0000    0.0000
   4583.33      1516.20      0.00     1.00       0.0000    0.0000
   4791.67      1516.59      0.00     1.00       0.0000    0.0000
   5000.00      1517.70      0.00     1.00       0.0000    0.0000
 
                                 ( RMS roughness =   0.00     )
     ACOUSTO-ELASTIC half-space
