'Bellhop- B14 Simulated PRT file'
frequency = 6237.4 Hz

Sound speed profile:
      z         alphaR      betaR     rho        alphaI     betaI
     (m)         (m/s)      (m/s)   (g/cm^3)      (m/s)     (m/s)

      0.00      1436.64      0.00     1.00       0.0000    0.0000
    208.33      1440.86      0.00     1.00       0.0000    0.0000
    416.67      1445.31      0.00     1.00       0.0000    0.0000
    625.00      1452.48      0.00     1.00       0.0000    0.0000
    833.33      1455.60      0.00     1.00       0.0000    0.0000
    1041.67      1457.97      0.00     1.00       0.0000    0.0000
    1250.00      1459.38      0.00     1.00       0.0000    0.0000
    1458.33      1459.20      0.00     1.00       0.0000    0.0000
    1666.67      1460.83      0.00     1.00       0.0000    0.0000
    1875.00      1461.30      0.00     1.00       0.0000    0.0000
    2083.33      1462.36      0.00     1.00       0.0000    0.0000
    2291.67      1462.97      0.00     1.00       0.0000    0.0000
    2500.00      1464.40      0.00     1.00       0.0000    0.0000
    2708.33      1464.55      0.00     1.00       0.0000    0.0000
    2916.67      1464.93      0.00     1.00       0.0000    0.0000
    3125.00      1465.50      0.00     1.00       0.0000    0.0000
    3333.33      1466.43      0.00     1.00       0.0000    0.0000
    3541.67      1468.69      0.00     1.00       0.0000    0.0000
    3750.00      1468.56      0.00     1.00       0.0000    0.0000
    3958.33      1468.73      0.00     1.00       0.0000    0.0000
    4166.67      1469.70      0.00     1.00       0.0000    0.0000
    4375.00      1471.87      0.00     1.00       0.0000    0.0000
    4583.33      1472.62      0.00     1.00       0.0000    0.0000
    4791.67      1472.09      0.00     1.00       0.0000    0.0000
    5000.00      1473.47      0.00     1.00       0.0000    0.0000

Simulated processing completed successfully
