 BELLHOP/BELLHOP3D
 
 BELLHOP- Munk profile, coherent                                                
  
 frequency =   50.00     Hz

 Dummy parameter NMedia =            1
 
     C-linear approximation to SSP
     Attenuation units: dB/wavelength
     VACUUM
 
 Depth =    5000.00 m
 
 Sound speed profile:
      z         alphaR      betaR     rho        alphaI     betaI
     (m)         (m/s)      (m/s)   (g/cm^3)      (m/s)     (m/s)

    -80.00        80.00      0.00     1.00       0.0000    0.0000
      0.00      1431.85      0.00     1.00       0.0000    0.0000
      6.43      1431.93      0.00     1.00       0.0000    0.0000
     12.86      1432.30      0.00     1.00       0.0000    0.0000
     19.29      1432.40      0.00     1.00       0.0000    0.0000
     25.72      1432.59      0.00     1.00       0.0000    0.0000
     32.15      1432.74      0.00     1.00       0.0000    0.0000
     38.58      1432.92      0.00     1.00       0.0000    0.0000
     45.01      1434.14      0.00     1.00       0.0000    0.0000
     83.59      1435.80      0.00     1.00       0.0000    0.0000
     90.01      1436.95      0.00     1.00       0.0000    0.0000
    167.11      1438.22      0.00     1.00       0.0000    0.0000
    173.53      1439.92      0.00     1.00       0.0000    0.0000
    179.95      1440.56      0.00     1.00       0.0000    0.0000
    192.78      1440.54      0.00     1.00       0.0000    0.0000
    199.20      1440.10      0.00     1.00       0.0000    0.0000
   2000.00      1500.00      0.00     1.00       0.0000    0.0000
