 BELLHOP/BELLHOP3D

 BELLHOP- SVF SHD Mode Environment                                               
 frequency =   1000.     Hz

 Dummy parameter NMedia =            1

     Spline approximation to SSP
     Attenuation units: dB/mkHz
     VACUUM

 Depth =    2000.00 m

 Sound speed profile:
   z (m)     alphaR (m/s)   betaR  rho (g/cm^3)  alphaI     betaI

      0.00      1500.00      0.00     1.00       0.0000    0.0000
    100.00      1495.00      0.00     1.00       0.0000    0.0000
    200.00      1490.00      0.00     1.00       0.0000    0.0000
    300.00      1485.00      0.00     1.00       0.0000    0.0000
    400.00      1480.00      0.00     1.00       0.0000    0.0000
    500.00      1475.00      0.00     1.00       0.0000    0.0000
    600.00      1470.00      0.00     1.00       0.0000    0.0000
    700.00      1468.00      0.00     1.00       0.0000    0.0000
    800.00      1467.00      0.00     1.00       0.0000    0.0000
    900.00      1468.00      0.00     1.00       0.0000    0.0000
   1000.00      1470.00      0.00     1.00       0.0000    0.0000
   1100.00      1473.00      0.00     1.00       0.0000    0.0000
   1200.00      1476.00      0.00     1.00       0.0000    0.0000
   1300.00      1480.00      0.00     1.00       0.0000    0.0000
   1400.00      1484.00      0.00     1.00       0.0000    0.0000
   1500.00      1488.00      0.00     1.00       0.0000    0.0000
   1600.00      1492.00      0.00     1.00       0.0000    0.0000
   1700.00      1496.00      0.00     1.00       0.0000    0.0000
   1800.00      1500.00      0.00     1.00       0.0000    0.0000
   1900.00      1504.00      0.00     1.00       0.0000    0.0000
   2000.00      1508.00      0.00     1.00       0.0000    0.0000

                                 ( RMS roughness =   0.00     )
     ACOUSTO-ELASTIC half-space
   2000.00      1600.00      0.00     1.50       0.0000    0.0000

 __________________________________________________________________________

 Number of Source   depths, Sz =            1
 Source   depths, Sz (m)
   100.000    


 __________________________________________________________________________

 Number of Receiver depths, Rz =           81
 Receiver depths, Rz (m)
   0.00000       25.0000       50.0000       75.0000       100.000    
   125.000       150.000       175.000       200.000       225.000    
          ... 
   2000.00    


 __________________________________________________________________________

 Number of Receiver ranges, Rr =          201
 Receiver ranges, Rr (km)
   0.00000      0.250000      0.500000      0.750000       1.00000    
   1.25000       1.50000       1.75000       2.00000       2.25000    
          ... 
   50.0000    


 Coherent TL calculation
 Geometric hat beams in Cartesian coordinates
 Point source (cylindrical coordinates)
 Rectilinear receiver grid: Receivers at Rr( : ) x Rz( : )
 __________________________________________________________________________

 Number of beams in elevation   =        10000
 Beam take-off angles (degrees)
  -80.0000      -79.9840      -79.9680      -79.9520      -79.9360    
  -79.9200      -79.9040      -79.8880      -79.8720      -79.8560    
          ... 
   80.0000    

 __________________________________________________________________________


 Step length,       deltas =   0.000     m

 Maximum ray depth, Box%z  =   2200.     m
 Maximum ray range, Box%r  =   55.00    km
 No beam shift in effect


 Step length,       deltas =   200.0     m (automatically selected)

Tracing beam       1    -80.00

 Geometric hat beams                     
 halfwidth  =    1703.9252478189571     
 epsilonOpt =  (  0.0000000000000000     ,  9121178374.2039146     )
 EpsMult    =    1.0000000000000000     

Tracing beam     201    -76.80
Tracing beam     401    -73.60
Tracing beam     601    -70.40
Tracing beam     801    -67.20
Tracing beam    1001    -64.00
Tracing beam    1201    -60.80
Tracing beam    1401    -57.60
Tracing beam    1601    -54.40
Tracing beam    1801    -51.20
Tracing beam    2001    -48.00
Tracing beam    2201    -44.80
Tracing beam    2401    -41.60
Tracing beam    2601    -38.40
Tracing beam    2801    -35.20
Tracing beam    3001    -32.00
Tracing beam    3201    -28.79
Tracing beam    3401    -25.59
Tracing beam    3601    -22.39
Tracing beam    3801    -19.19
Tracing beam    4001    -15.99
Tracing beam    4201    -12.79
Tracing beam    4401     -9.59
Tracing beam    4601     -6.39
Tracing beam    4801     -3.19
Tracing beam    5001      0.01
Tracing beam    5201      3.21
Tracing beam    5401      6.41
Tracing beam    5601      9.61
Tracing beam    5801     12.81
Tracing beam    6001     16.01
Tracing beam    6201     19.21
Tracing beam    6401     22.41
Tracing beam    6601     25.61
Tracing beam    6801     28.81
Tracing beam    7001     32.01
Tracing beam    7201     35.21
Tracing beam    7401     38.41
Tracing beam    7601     41.61
Tracing beam    7801     44.81
Tracing beam    8001     48.01
Tracing beam    8201     51.21
Tracing beam    8401     54.41
Tracing beam    8601     57.61
Tracing beam    8801     60.81
Tracing beam    9001     64.01
Tracing beam    9201     67.21
Tracing beam    9401     70.42
Tracing beam    9601     73.62
Tracing beam    9801     76.82

 CPU Time =       0.922    s
