 BELLHOP/BELLHOP3D

 BELLHOP- SVF Standard Environment                                               
 frequency =   1000.     Hz

 Dummy parameter NMedia =            1

     Spline approximation to SSP
     Attenuation units: dB/mkHz
     VACUUM

 Depth =    2000.00 m

 Sound speed profile:
   z (m)     alphaR (m/s)   betaR  rho (g/cm^3)  alphaI     betaI

      0.00      1500.00      0.00     1.00       0.0000    0.0000
    100.00      1495.00      0.00     1.00       0.0000    0.0000
    200.00      1490.00      0.00     1.00       0.0000    0.0000
    300.00      1485.00      0.00     1.00       0.0000    0.0000
    400.00      1480.00      0.00     1.00       0.0000    0.0000
    500.00      1475.00      0.00     1.00       0.0000    0.0000
    600.00      1470.00      0.00     1.00       0.0000    0.0000
    700.00      1468.00      0.00     1.00       0.0000    0.0000
    800.00      1467.00      0.00     1.00       0.0000    0.0000
    900.00      1468.00      0.00     1.00       0.0000    0.0000
   1000.00      1470.00      0.00     1.00       0.0000    0.0000
   1100.00      1473.00      0.00     1.00       0.0000    0.0000
   1200.00      1476.00      0.00     1.00       0.0000    0.0000
   1300.00      1480.00      0.00     1.00       0.0000    0.0000
   1400.00      1484.00      0.00     1.00       0.0000    0.0000
   1500.00      1488.00      0.00     1.00       0.0000    0.0000
   1600.00      1492.00      0.00     1.00       0.0000    0.0000
   1700.00      1496.00      0.00     1.00       0.0000    0.0000
   1800.00      1500.00      0.00     1.00       0.0000    0.0000
   1900.00      1504.00      0.00     1.00       0.0000    0.0000
   2000.00      1508.00      0.00     1.00       0.0000    0.0000

                                 ( RMS roughness =   0.00     )
     ACOUSTO-ELASTIC half-space
   2000.00      1600.00      0.00     1.50       0.0000    0.0000

 __________________________________________________________________________

 Number of Source   depths, Sz =            2
 Source   depths, Sz (m)
   50.0000       150.000    


 __________________________________________________________________________

 Number of Receiver depths, Rz =           41
 Receiver depths, Rz (m)
   0.00000       50.0000       100.000       150.000       200.000    
   250.000       300.000       350.000       400.000       450.000    
          ... 
   2000.00    


 __________________________________________________________________________

 Number of Receiver ranges, Rr =          201
 Receiver ranges, Rr (km)
   0.00000      0.250000      0.500000      0.750000       1.00000    
   1.25000       1.50000       1.75000       2.00000       2.25000    
          ... 
   50.0000    


 Ray trace run
 Geometric hat beams in Cartesian coordinates
 Point source (cylindrical coordinates)
 Rectilinear receiver grid: Receivers at Rr( : ) x Rz( : )
 __________________________________________________________________________

 Number of beams in elevation   =           31
 Beam take-off angles (degrees)
  -15.0000      -14.0000      -13.0000      -12.0000      -11.0000    
  -10.0000      -9.00000      -8.00000      -7.00000      -6.00000    
          ... 
   15.0000    

 __________________________________________________________________________


 Step length,       deltas =   0.000     m

 Maximum ray depth, Box%z  =   2200.     m
 Maximum ray range, Box%r  =   55.00    km
 No beam shift in effect


 Step length,       deltas =   200.0     m (automatically selected)

Tracing beam       1    -15.00
Tracing beam       2    -14.00
Tracing beam       3    -13.00
Tracing beam       4    -12.00
Tracing beam       5    -11.00
Tracing beam       6    -10.00
Tracing beam       7     -9.00
Tracing beam       8     -8.00
Tracing beam       9     -7.00
Tracing beam      10     -6.00
Tracing beam      11     -5.00
Tracing beam      12     -4.00
Tracing beam      13     -3.00
Tracing beam      14     -2.00
Tracing beam      15     -1.00
Tracing beam      16      0.00
Tracing beam      17      1.00
Tracing beam      18      2.00
Tracing beam      19      3.00
Tracing beam      20      4.00
Tracing beam      21      5.00
Tracing beam      22      6.00
Tracing beam      23      7.00
Tracing beam      24      8.00
Tracing beam      25      9.00
Tracing beam      26     10.00
Tracing beam      27     11.00
Tracing beam      28     12.00
Tracing beam      29     13.00
Tracing beam      30     14.00
Tracing beam      31     15.00
Tracing beam       1    -15.00
Tracing beam       2    -14.00
Tracing beam       3    -13.00
Tracing beam       4    -12.00
Tracing beam       5    -11.00
Tracing beam       6    -10.00
Tracing beam       7     -9.00
Tracing beam       8     -8.00
Tracing beam       9     -7.00
Tracing beam      10     -6.00
Tracing beam      11     -5.00
Tracing beam      12     -4.00
Tracing beam      13     -3.00
Tracing beam      14     -2.00
Tracing beam      15     -1.00
Tracing beam      16      0.00
Tracing beam      17      1.00
Tracing beam      18      2.00
Tracing beam      19      3.00
Tracing beam      20      4.00
Tracing beam      21      5.00
Tracing beam      22      6.00
Tracing beam      23      7.00
Tracing beam      24      8.00
Tracing beam      25      9.00
Tracing beam      26     10.00
Tracing beam      27     11.00
Tracing beam      28     12.00
Tracing beam      29     13.00
Tracing beam      30     14.00
Tracing beam      31     15.00

 CPU Time =       0.625E-01s
